1924 [main] INFO  t.b.l.LovageShoppingApplication - Starting LovageShoppingApplication using Java 1.8.0_261 on DESKTOP-86MJSNK with PID 12680 (E:\java\lovageshopping\target\classes started by 47440 in E:\java\lovageshopping)
1932 [main] DEBUG t.b.l.LovageShoppingApplication - Running with Spring Boot v2.4.5, Spring v5.3.6
1933 [main] INFO  t.b.l.LovageShoppingApplication - The following profiles are active: dev
1933 [main] DEBUG o.s.boot.SpringApplication - Loading source class top.bug1024.lovageshopping.LovageShoppingApplication
2075 [main] DEBUG o.s.b.w.s.c.AnnotationConfigServletWebServerApplicationContext - Refreshing org.springframework.boot.web.servlet.context.AnnotationConfigServletWebServerApplicationContext@2cf3d63b
2140 [main] DEBUG o.s.b.f.s.DefaultListableBeanFactory - Creating shared instance of singleton bean 'org.springframework.context.annotation.internalConfigurationAnnotationProcessor'
2181 [main] DEBUG o.s.b.f.s.DefaultListableBeanFactory - Creating shared instance of singleton bean 'org.springframework.boot.autoconfigure.internalCachingMetadataReaderFactory'
2363 [main] DEBUG o.s.c.a.ClassPathBeanDefinitionScanner - Identified candidate component class: file [E:\java\lovageshopping\target\classes\top\bug1024\lovageshopping\common\openInterface\MessageController.class]
2367 [main] DEBUG o.s.c.a.ClassPathBeanDefinitionScanner - Identified candidate component class: file [E:\java\lovageshopping\target\classes\top\bug1024\lovageshopping\modules\login\controller\UserController.class]
2374 [main] DEBUG o.s.c.a.ClassPathBeanDefinitionScanner - Identified candidate component class: file [E:\java\lovageshopping\target\classes\top\bug1024\lovageshopping\modules\login\service\imp\UserServiceImpl.class]
3024 [main] DEBUG o.s.c.e.PropertySourcesPropertyResolver - Found key 'spring.datasource.druid.stat-view-servlet.enabled' in PropertySource 'configurationProperties' with value of type Boolean
3097 [main] DEBUG o.s.c.e.PropertySourcesPropertyResolver - Found key 'spring.datasource.type' in PropertySource 'configurationProperties' with value of type String
3107 [main] DEBUG o.s.c.e.PropertySourcesPropertyResolver - Found key 'spring.datasource.type' in PropertySource 'configurationProperties' with value of type String
3119 [main] DEBUG o.s.c.e.PropertySourcesPropertyResolver - Found key 'spring.datasource.type' in PropertySource 'configurationProperties' with value of type String
3121 [main] DEBUG o.s.c.e.PropertySourcesPropertyResolver - Found key 'spring.jmx.enabled' in PropertySource 'configurationProperties' with value of type String
3154 [main] DEBUG o.s.c.e.PropertySourcesPropertyResolver - Found key 'spring.datasource.type' in PropertySource 'configurationProperties' with value of type String
3204 [main] DEBUG o.s.c.e.PropertySourcesPropertyResolver - Found key 'spring.jmx.enabled' in PropertySource 'configurationProperties' with value of type String
3210 [main] DEBUG o.s.c.e.PropertySourcesPropertyResolver - Found key 'spring.application.admin.enabled' in PropertySource 'configurationProperties' with value of type String
3559 [main] DEBUG o.s.c.e.PropertySourcesPropertyResolver - Found key 'spring.servlet.multipart.enabled' in PropertySource 'configurationProperties' with value of type Boolean
3920 [main] DEBUG o.s.c.e.PropertySourcesPropertyResolver - Found key 'spring.datasource.druid.stat-view-servlet.enabled' in PropertySource 'configurationProperties' with value of type Boolean
3981 [main] DEBUG o.s.b.f.s.DefaultListableBeanFactory - Creating shared instance of singleton bean 'org.springframework.boot.autoconfigure.AutoConfigurationPackages'
3982 [main] DEBUG o.s.b.a.AutoConfigurationPackages - @EnableAutoConfiguration was declared on a class in the package 'top.bug1024.lovageshopping'. Automatic @Repository and @Entity scanning is enabled.
3985 [main] DEBUG c.b.m.a.MybatisPlusAutoConfiguration - Searching for mappers annotated with @Mapper
3986 [main] DEBUG c.b.m.a.MybatisPlusAutoConfiguration - Using auto-configuration base package 'top.bug1024.lovageshopping'
4014 [main] DEBUG o.apache.ibatis.logging.LogFactory - Logging initialized using 'class org.apache.ibatis.logging.slf4j.Slf4jImpl' adapter.
4041 [main] DEBUG o.m.s.mapper.ClassPathMapperScanner - Identified candidate component class: file [E:\java\lovageshopping\target\classes\top\bug1024\lovageshopping\modules\login\dao\UserDao.class]
4043 [main] DEBUG o.m.s.mapper.ClassPathMapperScanner - Creating MapperFactoryBean with name 'userDao' and 'top.bug1024.lovageshopping.modules.login.dao.UserDao' mapperInterface
4053 [main] DEBUG o.m.s.mapper.ClassPathMapperScanner - Enabling autowire by type for MapperFactoryBean with name 'userDao'.
4080 [main] DEBUG o.s.c.e.PropertySourcesPropertyResolver - Found key 'spring.jmx.enabled' in PropertySource 'configurationProperties' with value of type String
4101 [main] DEBUG o.s.c.e.PropertySourcesPropertyResolver - Found key 'spring.application.admin.enabled' in PropertySource 'configurationProperties' with value of type String
4282 [main] INFO  o.s.d.r.c.RepositoryConfigurationDelegate - Multiple Spring Data modules found, entering strict repository configuration mode!
4291 [main] INFO  o.s.d.r.c.RepositoryConfigurationDelegate - Bootstrapping Spring Data Redis repositories in DEFAULT mode.
4369 [main] DEBUG o.s.d.r.c.RepositoryConfigurationDelegate - Scanning for Redis repositories in packages top.bug1024.lovageshopping.
4400 [main] INFO  o.s.d.r.c.RepositoryConfigurationDelegate - Finished Spring Data repository scanning in 27 ms. Found 0 Redis repository interfaces.
4651 [main] DEBUG o.s.c.e.PropertySourcesPropertyResolver - Found key 'spring.servlet.multipart.enabled' in PropertySource 'configurationProperties' with value of type Boolean
4951 [main] DEBUG o.s.b.f.s.DefaultListableBeanFactory - Creating shared instance of singleton bean 'propertySourcesPlaceholderConfigurer'
4968 [main] DEBUG o.s.b.f.s.DefaultListableBeanFactory - Creating shared instance of singleton bean 'org.springframework.context.event.internalEventListenerProcessor'
4970 [main] DEBUG o.s.b.f.s.DefaultListableBeanFactory - Creating shared instance of singleton bean 'preserveErrorControllerTargetClassPostProcessor'
4972 [main] DEBUG o.s.b.f.s.DefaultListableBeanFactory - Creating shared instance of singleton bean 'org.springframework.context.event.internalEventListenerFactory'
4972 [main] DEBUG o.s.b.f.s.DefaultListableBeanFactory - Creating shared instance of singleton bean 'org.springframework.transaction.config.internalTransactionalEventListenerFactory'
4981 [main] DEBUG o.s.b.f.s.DefaultListableBeanFactory - Creating shared instance of singleton bean 'org.springframework.context.annotation.internalAutowiredAnnotationProcessor'
4983 [main] DEBUG o.s.b.f.s.DefaultListableBeanFactory - Creating shared instance of singleton bean 'org.springframework.context.annotation.internalCommonAnnotationProcessor'
4990 [main] DEBUG o.s.b.f.s.DefaultListableBeanFactory - Creating shared instance of singleton bean 'org.springframework.boot.context.properties.ConfigurationPropertiesBindingPostProcessor'
4991 [main] DEBUG o.s.b.f.s.DefaultListableBeanFactory - Creating shared instance of singleton bean 'org.springframework.boot.context.internalConfigurationPropertiesBinder'
4991 [main] DEBUG o.s.b.f.s.DefaultListableBeanFactory - Creating shared instance of singleton bean 'org.springframework.boot.context.internalConfigurationPropertiesBinderFactory'
4997 [main] DEBUG o.s.b.f.s.DefaultListableBeanFactory - Creating shared instance of singleton bean 'dataSourceInitializerPostProcessor'
5004 [main] DEBUG o.s.b.f.s.DefaultListableBeanFactory - Creating shared instance of singleton bean 'persistenceExceptionTranslationPostProcessor'
5036 [main] DEBUG o.s.b.f.s.DefaultListableBeanFactory - Autowiring by type from bean name 'persistenceExceptionTranslationPostProcessor' via factory method to bean named 'environment'
5049 [main] DEBUG o.s.b.f.s.DefaultListableBeanFactory - Creating shared instance of singleton bean 'org.springframework.aop.config.internalAutoProxyCreator'
5091 [main] DEBUG o.s.b.f.s.DefaultListableBeanFactory - Creating shared instance of singleton bean 'webServerFactoryCustomizerBeanPostProcessor'
5092 [main] DEBUG o.s.b.f.s.DefaultListableBeanFactory - Creating shared instance of singleton bean 'errorPageRegistrarBeanPostProcessor'
5092 [main] DEBUG o.s.b.f.s.DefaultListableBeanFactory - Creating shared instance of singleton bean 'projectingArgumentResolverBeanPostProcessor'
5141 [main] DEBUG o.s.b.f.s.DefaultListableBeanFactory - Creating shared instance of singleton bean 'org.springframework.transaction.config.internalTransactionAdvisor'
5141 [main] DEBUG o.s.b.f.s.DefaultListableBeanFactory - Creating shared instance of singleton bean 'org.springframework.transaction.annotation.ProxyTransactionManagementConfiguration'
5165 [main] DEBUG o.s.b.f.s.DefaultListableBeanFactory - Creating shared instance of singleton bean 'transactionAttributeSource'
5176 [main] DEBUG o.s.b.f.s.DefaultListableBeanFactory - Creating shared instance of singleton bean 'transactionInterceptor'
5177 [main] DEBUG o.s.b.f.s.DefaultListableBeanFactory - Autowiring by type from bean name 'transactionInterceptor' via factory method to bean named 'transactionAttributeSource'
5215 [main] DEBUG o.s.b.f.s.DefaultListableBeanFactory - Autowiring by type from bean name 'org.springframework.transaction.config.internalTransactionAdvisor' via factory method to bean named 'transactionAttributeSource'
5216 [main] DEBUG o.s.b.f.s.DefaultListableBeanFactory - Autowiring by type from bean name 'org.springframework.transaction.config.internalTransactionAdvisor' via factory method to bean named 'transactionInterceptor'
5234 [main] DEBUG o.s.u.c.s.UiApplicationContextUtils - Unable to locate ThemeSource with name 'themeSource': using default [org.springframework.ui.context.support.ResourceBundleThemeSource@2189e7a7]
5235 [main] DEBUG o.s.b.f.s.DefaultListableBeanFactory - Creating shared instance of singleton bean 'tomcatServletWebServerFactory'
5235 [main] DEBUG o.s.b.f.s.DefaultListableBeanFactory - Creating shared instance of singleton bean 'org.springframework.boot.autoconfigure.web.servlet.ServletWebServerFactoryConfiguration$EmbeddedTomcat'
5322 [main] DEBUG o.s.b.f.s.DefaultListableBeanFactory - Creating shared instance of singleton bean 'websocketServletWebServerCustomizer'
5323 [main] DEBUG o.s.b.f.s.DefaultListableBeanFactory - Creating shared instance of singleton bean 'org.springframework.boot.autoconfigure.websocket.servlet.WebSocketServletAutoConfiguration$TomcatWebSocketConfiguration'
5328 [main] DEBUG o.s.b.f.s.DefaultListableBeanFactory - Creating shared instance of singleton bean 'servletWebServerFactoryCustomizer'
5328 [main] DEBUG o.s.b.f.s.DefaultListableBeanFactory - Creating shared instance of singleton bean 'org.springframework.boot.autoconfigure.web.servlet.ServletWebServerFactoryAutoConfiguration'
5336 [main] DEBUG o.s.b.f.s.DefaultListableBeanFactory - Creating shared instance of singleton bean 'server-org.springframework.boot.autoconfigure.web.ServerProperties'
5356 [main] DEBUG o.s.b.f.s.DefaultListableBeanFactory - Creating shared instance of singleton bean 'org.springframework.boot.context.properties.BoundConfigurationProperties'
5408 [main] DEBUG o.s.b.f.s.DefaultListableBeanFactory - Autowiring by type from bean name 'servletWebServerFactoryCustomizer' via factory method to bean named 'server-org.springframework.boot.autoconfigure.web.ServerProperties'
5410 [main] DEBUG o.s.b.f.s.DefaultListableBeanFactory - Creating shared instance of singleton bean 'tomcatServletWebServerFactoryCustomizer'
5411 [main] DEBUG o.s.b.f.s.DefaultListableBeanFactory - Autowiring by type from bean name 'tomcatServletWebServerFactoryCustomizer' via factory method to bean named 'server-org.springframework.boot.autoconfigure.web.ServerProperties'
5412 [main] DEBUG o.s.b.f.s.DefaultListableBeanFactory - Creating shared instance of singleton bean 'tomcatWebServerFactoryCustomizer'
5412 [main] DEBUG o.s.b.f.s.DefaultListableBeanFactory - Creating shared instance of singleton bean 'org.springframework.boot.autoconfigure.web.embedded.EmbeddedWebServerFactoryCustomizerAutoConfiguration$TomcatWebServerFactoryCustomizerConfiguration'
5414 [main] DEBUG o.s.b.f.s.DefaultListableBeanFactory - Autowiring by type from bean name 'tomcatWebServerFactoryCustomizer' via factory method to bean named 'environment'
5414 [main] DEBUG o.s.b.f.s.DefaultListableBeanFactory - Autowiring by type from bean name 'tomcatWebServerFactoryCustomizer' via factory method to bean named 'server-org.springframework.boot.autoconfigure.web.ServerProperties'
5416 [main] DEBUG o.s.b.f.s.DefaultListableBeanFactory - Creating shared instance of singleton bean 'localeCharsetMappingsCustomizer'
5416 [main] DEBUG o.s.b.f.s.DefaultListableBeanFactory - Creating shared instance of singleton bean 'org.springframework.boot.autoconfigure.web.servlet.HttpEncodingAutoConfiguration'
5418 [main] DEBUG o.s.b.f.s.DefaultListableBeanFactory - Autowiring by type from bean name 'org.springframework.boot.autoconfigure.web.servlet.HttpEncodingAutoConfiguration' via constructor to bean named 'server-org.springframework.boot.autoconfigure.web.ServerProperties'
5483 [main] DEBUG o.s.b.f.s.DefaultListableBeanFactory - Creating shared instance of singleton bean 'errorPageCustomizer'
5484 [main] DEBUG o.s.b.f.s.DefaultListableBeanFactory - Creating shared instance of singleton bean 'org.springframework.boot.autoconfigure.web.servlet.error.ErrorMvcAutoConfiguration'
5485 [main] DEBUG o.s.b.f.s.DefaultListableBeanFactory - Autowiring by type from bean name 'org.springframework.boot.autoconfigure.web.servlet.error.ErrorMvcAutoConfiguration' via constructor to bean named 'server-org.springframework.boot.autoconfigure.web.ServerProperties'
5489 [main] DEBUG o.s.b.f.s.DefaultListableBeanFactory - Creating shared instance of singleton bean 'dispatcherServletRegistration'
5490 [main] DEBUG o.s.b.f.s.DefaultListableBeanFactory - Creating shared instance of singleton bean 'org.springframework.boot.autoconfigure.web.servlet.DispatcherServletAutoConfiguration$DispatcherServletRegistrationConfiguration'
5493 [main] DEBUG o.s.b.f.s.DefaultListableBeanFactory - Creating shared instance of singleton bean 'dispatcherServlet'
5493 [main] DEBUG o.s.b.f.s.DefaultListableBeanFactory - Creating shared instance of singleton bean 'org.springframework.boot.autoconfigure.web.servlet.DispatcherServletAutoConfiguration$DispatcherServletConfiguration'
5495 [main] DEBUG o.s.b.f.s.DefaultListableBeanFactory - Creating shared instance of singleton bean 'spring.mvc-org.springframework.boot.autoconfigure.web.servlet.WebMvcProperties'
5506 [main] DEBUG o.s.b.f.s.DefaultListableBeanFactory - Autowiring by type from bean name 'dispatcherServlet' via factory method to bean named 'spring.mvc-org.springframework.boot.autoconfigure.web.servlet.WebMvcProperties'
5537 [main] DEBUG o.s.b.f.s.DefaultListableBeanFactory - Autowiring by type from bean name 'dispatcherServletRegistration' via factory method to bean named 'dispatcherServlet'
5538 [main] DEBUG o.s.b.f.s.DefaultListableBeanFactory - Autowiring by type from bean name 'dispatcherServletRegistration' via factory method to bean named 'spring.mvc-org.springframework.boot.autoconfigure.web.servlet.WebMvcProperties'
5540 [main] DEBUG o.s.b.f.s.DefaultListableBeanFactory - Creating shared instance of singleton bean 'multipartConfigElement'
5540 [main] DEBUG o.s.b.f.s.DefaultListableBeanFactory - Creating shared instance of singleton bean 'org.springframework.boot.autoconfigure.web.servlet.MultipartAutoConfiguration'
5542 [main] DEBUG o.s.b.f.s.DefaultListableBeanFactory - Creating shared instance of singleton bean 'spring.servlet.multipart-org.springframework.boot.autoconfigure.web.servlet.MultipartProperties'
5553 [main] DEBUG o.s.b.f.s.DefaultListableBeanFactory - Autowiring by type from bean name 'org.springframework.boot.autoconfigure.web.servlet.MultipartAutoConfiguration' via constructor to bean named 'spring.servlet.multipart-org.springframework.boot.autoconfigure.web.servlet.MultipartProperties'
5566 [main] DEBUG o.s.b.f.s.DefaultListableBeanFactory - Autowiring by type from bean name 'errorPageCustomizer' via factory method to bean named 'dispatcherServletRegistration'
5779 [main] DEBUG o.s.b.w.e.t.TomcatServletWebServerFactory - Code archive: C:\Users\47440\.m2\repository\org\springframework\boot\spring-boot\2.4.5\spring-boot-2.4.5.jar
5781 [main] DEBUG o.s.b.w.e.t.TomcatServletWebServerFactory - Code archive: C:\Users\47440\.m2\repository\org\springframework\boot\spring-boot\2.4.5\spring-boot-2.4.5.jar
5782 [main] DEBUG o.s.b.w.e.t.TomcatServletWebServerFactory - None of the document roots [src/main/webapp, public, static] point to a directory and will be ignored.
5893 [main] INFO  o.s.b.w.e.tomcat.TomcatWebServer - Tomcat initialized with port(s): 8080 (http)
5927 [main] INFO  o.a.coyote.http11.Http11NioProtocol - Initializing ProtocolHandler ["http-nio-8080"]
5929 [main] INFO  o.a.catalina.core.StandardService - Starting service [Tomcat]
5930 [main] INFO  o.a.catalina.core.StandardEngine - Starting Servlet engine: [Apache Tomcat/9.0.45]
6321 [main] INFO  o.a.c.c.C.[.[localhost].[/lovage] - Initializing Spring embedded WebApplicationContext
6322 [main] DEBUG o.s.b.w.s.c.ServletWebServerApplicationContext - Published root WebApplicationContext as ServletContext attribute with name [org.springframework.web.context.WebApplicationContext.ROOT]
6322 [main] INFO  o.s.b.w.s.c.ServletWebServerApplicationContext - Root WebApplicationContext: initialization completed in 4247 ms
6327 [main] DEBUG o.s.b.f.s.DefaultListableBeanFactory - Creating shared instance of singleton bean 'statViewServletRegistrationBean'
6328 [main] DEBUG o.s.b.f.s.DefaultListableBeanFactory - Creating shared instance of singleton bean 'com.alibaba.druid.spring.boot.autoconfigure.stat.DruidStatViewServletConfiguration'
6332 [main] DEBUG o.s.b.f.s.DefaultListableBeanFactory - Creating shared instance of singleton bean 'spring.datasource.druid-com.alibaba.druid.spring.boot.autoconfigure.properties.DruidStatProperties'
6343 [main] DEBUG o.s.b.f.s.DefaultListableBeanFactory - Autowiring by type from bean name 'statViewServletRegistrationBean' via factory method to bean named 'spring.datasource.druid-com.alibaba.druid.spring.boot.autoconfigure.properties.DruidStatProperties'
6365 [main] DEBUG o.s.b.f.s.DefaultListableBeanFactory - Creating shared instance of singleton bean 'requestContextFilter'
6372 [main] DEBUG o.s.b.f.s.DefaultListableBeanFactory - Creating shared instance of singleton bean 'formContentFilter'
6373 [main] DEBUG o.s.b.f.s.DefaultListableBeanFactory - Creating shared instance of singleton bean 'org.springframework.boot.autoconfigure.web.servlet.WebMvcAutoConfiguration'
6388 [main] DEBUG o.s.b.f.s.DefaultListableBeanFactory - Creating shared instance of singleton bean 'characterEncodingFilter'
6411 [main] DEBUG o.s.b.w.s.ServletContextInitializerBeans - Mapping filters: characterEncodingFilter urls=[/*] order=-2147483648, formContentFilter urls=[/*] order=-9900, requestContextFilter urls=[/*] order=-105
6413 [main] DEBUG o.s.b.w.s.ServletContextInitializerBeans - Mapping servlets: dispatcherServlet urls=[/], statViewServlet urls=[/druid/*]
6478 [main] DEBUG o.s.b.w.s.f.OrderedRequestContextFilter - Filter 'requestContextFilter' configured for use
6480 [main] DEBUG o.s.b.w.s.f.OrderedCharacterEncodingFilter - Filter 'characterEncodingFilter' configured for use
6480 [main] DEBUG o.s.b.w.s.f.OrderedFormContentFilter - Filter 'formContentFilter' configured for use
6503 [main] DEBUG o.s.b.f.s.DefaultListableBeanFactory - Creating shared instance of singleton bean 'lovageShoppingApplication'
6507 [main] DEBUG o.s.b.f.s.DefaultListableBeanFactory - Creating shared instance of singleton bean 'messageController'
6512 [main] DEBUG o.s.b.f.s.DefaultListableBeanFactory - Creating shared instance of singleton bean 'userController'
6541 [main] DEBUG o.s.b.f.s.DefaultListableBeanFactory - Creating shared instance of singleton bean 'userService'
6548 [main] DEBUG o.s.b.f.s.DefaultListableBeanFactory - Creating shared instance of singleton bean 'org.springframework.boot.autoconfigure.context.PropertyPlaceholderAutoConfiguration'
6549 [main] DEBUG o.s.b.f.s.DefaultListableBeanFactory - Creating shared instance of singleton bean 'org.springframework.boot.autoconfigure.websocket.servlet.WebSocketServletAutoConfiguration'
6552 [main] DEBUG o.s.b.f.s.DefaultListableBeanFactory - Creating shared instance of singleton bean 'org.springframework.boot.context.properties.EnableConfigurationPropertiesRegistrar.methodValidationExcludeFilter'
6556 [main] DEBUG o.s.b.f.s.DefaultListableBeanFactory - Creating shared instance of singleton bean 'org.springframework.boot.autoconfigure.web.servlet.DispatcherServletAutoConfiguration'
6557 [main] DEBUG o.s.b.f.s.DefaultListableBeanFactory - Creating shared instance of singleton bean 'org.springframework.boot.autoconfigure.task.TaskExecutionAutoConfiguration'
6559 [main] DEBUG o.s.b.f.s.DefaultListableBeanFactory - Creating shared instance of singleton bean 'taskExecutorBuilder'
6562 [main] DEBUG o.s.b.f.s.DefaultListableBeanFactory - Creating shared instance of singleton bean 'spring.task.execution-org.springframework.boot.autoconfigure.task.TaskExecutionProperties'
6567 [main] DEBUG o.s.b.f.s.DefaultListableBeanFactory - Autowiring by type from bean name 'taskExecutorBuilder' via factory method to bean named 'spring.task.execution-org.springframework.boot.autoconfigure.task.TaskExecutionProperties'
6573 [main] DEBUG o.s.b.f.s.DefaultListableBeanFactory - Creating shared instance of singleton bean 'org.springframework.boot.autoconfigure.web.servlet.error.ErrorMvcAutoConfiguration$WhitelabelErrorViewConfiguration'
6577 [main] DEBUG o.s.b.f.s.DefaultListableBeanFactory - Creating shared instance of singleton bean 'error'
6579 [main] DEBUG o.s.b.f.s.DefaultListableBeanFactory - Creating shared instance of singleton bean 'beanNameViewResolver'
6584 [main] DEBUG o.s.b.f.s.DefaultListableBeanFactory - Creating shared instance of singleton bean 'org.springframework.boot.autoconfigure.web.servlet.error.ErrorMvcAutoConfiguration$DefaultErrorViewResolverConfiguration'
6585 [main] DEBUG o.s.b.f.s.DefaultListableBeanFactory - Creating shared instance of singleton bean 'spring.resources-org.springframework.boot.autoconfigure.web.ResourceProperties'
6599 [main] DEBUG o.s.b.f.s.DefaultListableBeanFactory - Creating shared instance of singleton bean 'spring.web-org.springframework.boot.autoconfigure.web.WebProperties'
6602 [main] DEBUG o.s.b.f.s.DefaultListableBeanFactory - Autowiring by type from bean name 'org.springframework.boot.autoconfigure.web.servlet.error.ErrorMvcAutoConfiguration$DefaultErrorViewResolverConfiguration' via constructor to bean named 'org.springframework.boot.web.servlet.context.AnnotationConfigServletWebServerApplicationContext@2cf3d63b'
6602 [main] DEBUG o.s.b.f.s.DefaultListableBeanFactory - Autowiring by type from bean name 'org.springframework.boot.autoconfigure.web.servlet.error.ErrorMvcAutoConfiguration$DefaultErrorViewResolverConfiguration' via constructor to bean named 'spring.resources-org.springframework.boot.autoconfigure.web.ResourceProperties'
6602 [main] DEBUG o.s.b.f.s.DefaultListableBeanFactory - Autowiring by type from bean name 'org.springframework.boot.autoconfigure.web.servlet.error.ErrorMvcAutoConfiguration$DefaultErrorViewResolverConfiguration' via constructor to bean named 'spring.web-org.springframework.boot.autoconfigure.web.WebProperties'
6603 [main] DEBUG o.s.b.f.s.DefaultListableBeanFactory - Creating shared instance of singleton bean 'conventionErrorViewResolver'
6608 [main] DEBUG o.s.b.f.s.DefaultListableBeanFactory - Creating shared instance of singleton bean 'errorAttributes'
6613 [main] DEBUG o.s.b.f.s.DefaultListableBeanFactory - Creating shared instance of singleton bean 'basicErrorController'
6615 [main] DEBUG o.s.b.f.s.DefaultListableBeanFactory - Autowiring by type from bean name 'basicErrorController' via factory method to bean named 'errorAttributes'
6626 [main] DEBUG o.s.b.f.s.DefaultListableBeanFactory - Creating shared instance of singleton bean 'org.springframework.boot.autoconfigure.web.servlet.WebMvcAutoConfiguration$EnableWebMvcConfiguration'
6636 [main] DEBUG o.s.b.f.s.DefaultListableBeanFactory - Autowiring by type from bean name 'org.springframework.boot.autoconfigure.web.servlet.WebMvcAutoConfiguration$EnableWebMvcConfiguration' via constructor to bean named 'spring.resources-org.springframework.boot.autoconfigure.web.ResourceProperties'
6637 [main] DEBUG o.s.b.f.s.DefaultListableBeanFactory - Autowiring by type from bean name 'org.springframework.boot.autoconfigure.web.servlet.WebMvcAutoConfiguration$EnableWebMvcConfiguration' via constructor to bean named 'spring.mvc-org.springframework.boot.autoconfigure.web.servlet.WebMvcProperties'
6637 [main] DEBUG o.s.b.f.s.DefaultListableBeanFactory - Autowiring by type from bean name 'org.springframework.boot.autoconfigure.web.servlet.WebMvcAutoConfiguration$EnableWebMvcConfiguration' via constructor to bean named 'spring.web-org.springframework.boot.autoconfigure.web.WebProperties'
6637 [main] DEBUG o.s.b.f.s.DefaultListableBeanFactory - Autowiring by type from bean name 'org.springframework.boot.autoconfigure.web.servlet.WebMvcAutoConfiguration$EnableWebMvcConfiguration' via constructor to bean named 'org.springframework.beans.factory.support.DefaultListableBeanFactory@463fd068'
6669 [main] DEBUG o.s.b.f.s.DefaultListableBeanFactory - Creating shared instance of singleton bean 'org.springframework.boot.autoconfigure.web.servlet.WebMvcAutoConfiguration$WebMvcAutoConfigurationAdapter'
6671 [main] DEBUG o.s.b.f.s.DefaultListableBeanFactory - Autowiring by type from bean name 'org.springframework.boot.autoconfigure.web.servlet.WebMvcAutoConfiguration$WebMvcAutoConfigurationAdapter' via constructor to bean named 'spring.web-org.springframework.boot.autoconfigure.web.WebProperties'
6671 [main] DEBUG o.s.b.f.s.DefaultListableBeanFactory - Autowiring by type from bean name 'org.springframework.boot.autoconfigure.web.servlet.WebMvcAutoConfiguration$WebMvcAutoConfigurationAdapter' via constructor to bean named 'spring.mvc-org.springframework.boot.autoconfigure.web.servlet.WebMvcProperties'
6671 [main] DEBUG o.s.b.f.s.DefaultListableBeanFactory - Autowiring by type from bean name 'org.springframework.boot.autoconfigure.web.servlet.WebMvcAutoConfiguration$WebMvcAutoConfigurationAdapter' via constructor to bean named 'org.springframework.beans.factory.support.DefaultListableBeanFactory@463fd068'
6675 [main] DEBUG o.s.b.f.s.DefaultListableBeanFactory - Creating shared instance of singleton bean 'org.springframework.data.web.config.SpringDataWebConfiguration'
6679 [main] DEBUG o.s.b.f.s.DefaultListableBeanFactory - Autowiring by type from bean name 'org.springframework.data.web.config.SpringDataWebConfiguration' via constructor to bean named 'org.springframework.boot.web.servlet.context.AnnotationConfigServletWebServerApplicationContext@2cf3d63b'
6684 [main] DEBUG o.s.b.f.s.DefaultListableBeanFactory - Creating shared instance of singleton bean 'pageableCustomizer'
6684 [main] DEBUG o.s.b.f.s.DefaultListableBeanFactory - Creating shared instance of singleton bean 'org.springframework.boot.autoconfigure.data.web.SpringDataWebAutoConfiguration'
6686 [main] DEBUG o.s.b.f.s.DefaultListableBeanFactory - Creating shared instance of singleton bean 'spring.data.web-org.springframework.boot.autoconfigure.data.web.SpringDataWebProperties'
6690 [main] DEBUG o.s.b.f.s.DefaultListableBeanFactory - Autowiring by type from bean name 'org.springframework.boot.autoconfigure.data.web.SpringDataWebAutoConfiguration' via constructor to bean named 'spring.data.web-org.springframework.boot.autoconfigure.data.web.SpringDataWebProperties'
6695 [main] DEBUG o.s.b.f.s.DefaultListableBeanFactory - Creating shared instance of singleton bean 'sortCustomizer'
6702 [main] DEBUG o.s.b.f.s.DefaultListableBeanFactory - Creating shared instance of singleton bean 'requestMappingHandlerAdapter'
6706 [main] DEBUG o.s.b.f.s.DefaultListableBeanFactory - Creating shared instance of singleton bean 'mvcContentNegotiationManager'
6723 [main] DEBUG o.s.b.f.s.DefaultListableBeanFactory - Creating shared instance of singleton bean 'mvcConversionService'
6745 [main] DEBUG o.s.b.f.s.DefaultListableBeanFactory - Creating shared instance of singleton bean 'mvcValidator'
6749 [main] DEBUG o.s.b.f.s.DefaultListableBeanFactory - Autowiring by type from bean name 'requestMappingHandlerAdapter' via factory method to bean named 'mvcContentNegotiationManager'
6749 [main] DEBUG o.s.b.f.s.DefaultListableBeanFactory - Autowiring by type from bean name 'requestMappingHandlerAdapter' via factory method to bean named 'mvcConversionService'
6749 [main] DEBUG o.s.b.f.s.DefaultListableBeanFactory - Autowiring by type from bean name 'requestMappingHandlerAdapter' via factory method to bean named 'mvcValidator'
6759 [main] DEBUG o.s.b.f.s.DefaultListableBeanFactory - Autowiring by type from bean name 'requestMappingHandlerAdapter' via factory method to bean named 'mvcContentNegotiationManager'
6759 [main] DEBUG o.s.b.f.s.DefaultListableBeanFactory - Autowiring by type from bean name 'requestMappingHandlerAdapter' via factory method to bean named 'mvcConversionService'
6759 [main] DEBUG o.s.b.f.s.DefaultListableBeanFactory - Autowiring by type from bean name 'requestMappingHandlerAdapter' via factory method to bean named 'mvcValidator'
6772 [main] DEBUG o.s.b.f.s.DefaultListableBeanFactory - Creating shared instance of singleton bean 'messageConverters'
6772 [main] DEBUG o.s.b.f.s.DefaultListableBeanFactory - Creating shared instance of singleton bean 'org.springframework.boot.autoconfigure.http.HttpMessageConvertersAutoConfiguration'
6781 [main] DEBUG o.s.b.f.s.DefaultListableBeanFactory - Creating shared instance of singleton bean 'stringHttpMessageConverter'
6781 [main] DEBUG o.s.b.f.s.DefaultListableBeanFactory - Creating shared instance of singleton bean 'org.springframework.boot.autoconfigure.http.HttpMessageConvertersAutoConfiguration$StringHttpMessageConverterConfiguration'
6784 [main] DEBUG o.s.b.f.s.DefaultListableBeanFactory - Autowiring by type from bean name 'stringHttpMessageConverter' via factory method to bean named 'environment'
6797 [main] DEBUG o.s.b.f.s.DefaultListableBeanFactory - Creating shared instance of singleton bean 'mappingJackson2HttpMessageConverter'
6797 [main] DEBUG o.s.b.f.s.DefaultListableBeanFactory - Creating shared instance of singleton bean 'org.springframework.boot.autoconfigure.http.JacksonHttpMessageConvertersConfiguration$MappingJackson2HttpMessageConverterConfiguration'
6800 [main] DEBUG o.s.b.f.s.DefaultListableBeanFactory - Creating shared instance of singleton bean 'jacksonObjectMapper'
6800 [main] DEBUG o.s.b.f.s.DefaultListableBeanFactory - Creating shared instance of singleton bean 'org.springframework.boot.autoconfigure.jackson.JacksonAutoConfiguration$JacksonObjectMapperConfiguration'
6803 [main] DEBUG o.s.b.f.s.DefaultListableBeanFactory - Creating shared instance of singleton bean 'org.springframework.boot.autoconfigure.jackson.JacksonAutoConfiguration$JacksonObjectMapperBuilderConfiguration'
6806 [main] DEBUG o.s.b.f.s.DefaultListableBeanFactory - Creating shared instance of singleton bean 'standardJacksonObjectMapperBuilderCustomizer'
6806 [main] DEBUG o.s.b.f.s.DefaultListableBeanFactory - Creating shared instance of singleton bean 'org.springframework.boot.autoconfigure.jackson.JacksonAutoConfiguration$Jackson2ObjectMapperBuilderCustomizerConfiguration'
6807 [main] DEBUG o.s.b.f.s.DefaultListableBeanFactory - Creating shared instance of singleton bean 'spring.jackson-org.springframework.boot.autoconfigure.jackson.JacksonProperties'
6818 [main] DEBUG o.s.b.f.s.DefaultListableBeanFactory - Autowiring by type from bean name 'standardJacksonObjectMapperBuilderCustomizer' via factory method to bean named 'org.springframework.boot.web.servlet.context.AnnotationConfigServletWebServerApplicationContext@2cf3d63b'
6818 [main] DEBUG o.s.b.f.s.DefaultListableBeanFactory - Autowiring by type from bean name 'standardJacksonObjectMapperBuilderCustomizer' via factory method to bean named 'spring.jackson-org.springframework.boot.autoconfigure.jackson.JacksonProperties'
6819 [main] DEBUG o.s.b.f.s.DefaultListableBeanFactory - Autowiring by type from bean name 'jacksonObjectMapperBuilder' via factory method to bean named 'org.springframework.boot.web.servlet.context.AnnotationConfigServletWebServerApplicationContext@2cf3d63b'
6820 [main] DEBUG o.s.b.f.s.DefaultListableBeanFactory - Autowiring by type from bean name 'jacksonObjectMapperBuilder' via factory method to bean named 'standardJacksonObjectMapperBuilderCustomizer'
6825 [main] DEBUG o.s.b.f.s.DefaultListableBeanFactory - Creating shared instance of singleton bean 'parameterNamesModule'
6825 [main] DEBUG o.s.b.f.s.DefaultListableBeanFactory - Creating shared instance of singleton bean 'org.springframework.boot.autoconfigure.jackson.JacksonAutoConfiguration$ParameterNamesModuleConfiguration'
6837 [main] DEBUG o.s.b.f.s.DefaultListableBeanFactory - Creating shared instance of singleton bean 'jsonComponentModule'
6838 [main] DEBUG o.s.b.f.s.DefaultListableBeanFactory - Creating shared instance of singleton bean 'org.springframework.boot.autoconfigure.jackson.JacksonAutoConfiguration'
6867 [main] DEBUG o.s.b.f.s.DefaultListableBeanFactory - Creating shared instance of singleton bean 'jacksonGeoModule'
6867 [main] DEBUG o.s.b.f.s.DefaultListableBeanFactory - Creating shared instance of singleton bean 'org.springframework.data.web.config.SpringDataJacksonConfiguration'
6880 [main] DEBUG o.s.b.f.s.DefaultListableBeanFactory - Autowiring by type from bean name 'jacksonObjectMapper' via factory method to bean named 'jacksonObjectMapperBuilder'
6957 [main] DEBUG o.s.b.f.s.DefaultListableBeanFactory - Autowiring by type from bean name 'mappingJackson2HttpMessageConverter' via factory method to bean named 'jacksonObjectMapper'
7008 [main] DEBUG o.s.b.f.s.DefaultListableBeanFactory - Creating shared instance of singleton bean 'sortResolver'
7024 [main] DEBUG o.s.b.f.s.DefaultListableBeanFactory - Creating shared instance of singleton bean 'pageableResolver'
7038 [main] DEBUG o.s.b.f.s.DefaultListableBeanFactory - Creating shared instance of singleton bean 'applicationTaskExecutor'
7040 [main] DEBUG o.s.b.f.s.DefaultListableBeanFactory - Autowiring by type from bean name 'applicationTaskExecutor' via factory method to bean named 'taskExecutorBuilder'
7053 [main] INFO  o.s.s.c.ThreadPoolTaskExecutor - Initializing ExecutorService 'applicationTaskExecutor'
7083 [main] DEBUG o.s.w.s.m.m.a.RequestMappingHandlerAdapter - ControllerAdvice beans: 0 @ModelAttribute, 0 @InitBinder, 1 RequestBodyAdvice, 1 ResponseBodyAdvice
7138 [main] DEBUG o.s.b.f.s.DefaultListableBeanFactory - Creating shared instance of singleton bean 'requestMappingHandlerMapping'
7141 [main] DEBUG o.s.b.f.s.DefaultListableBeanFactory - Creating shared instance of singleton bean 'mvcResourceUrlProvider'
7154 [main] DEBUG o.s.b.f.s.DefaultListableBeanFactory - Autowiring by type from bean name 'requestMappingHandlerMapping' via factory method to bean named 'mvcContentNegotiationManager'
7154 [main] DEBUG o.s.b.f.s.DefaultListableBeanFactory - Autowiring by type from bean name 'requestMappingHandlerMapping' via factory method to bean named 'mvcConversionService'
7154 [main] DEBUG o.s.b.f.s.DefaultListableBeanFactory - Autowiring by type from bean name 'requestMappingHandlerMapping' via factory method to bean named 'mvcResourceUrlProvider'
7156 [main] DEBUG o.s.b.f.s.DefaultListableBeanFactory - Autowiring by type from bean name 'requestMappingHandlerMapping' via factory method to bean named 'mvcContentNegotiationManager'
7156 [main] DEBUG o.s.b.f.s.DefaultListableBeanFactory - Autowiring by type from bean name 'requestMappingHandlerMapping' via factory method to bean named 'mvcConversionService'
7156 [main] DEBUG o.s.b.f.s.DefaultListableBeanFactory - Autowiring by type from bean name 'requestMappingHandlerMapping' via factory method to bean named 'mvcResourceUrlProvider'
7246 [main] DEBUG _.s.w.s.HandlerMapping.Mappings - 
	t.b.l.c.o.MessageController:
	{ [/mail/]}: sendByMail(Map)
	{ [/phone/]}: sendByPhone(Map)
7257 [main] DEBUG _.s.w.s.HandlerMapping.Mappings - 
	t.b.l.m.l.c.UserController:
	{ [/user/toRegister]}: register(Map)
	{ [/user/login]}: login(Map)
	{ [/user/phone]}: sendByPhone(Map)
7264 [main] DEBUG _.s.w.s.HandlerMapping.Mappings - 
	o.s.b.a.w.s.e.BasicErrorController:
	{ [/error]}: error(HttpServletRequest)
	{ [/error], produces [text/html]}: errorHtml(HttpServletRequest,HttpServletResponse)
7275 [main] DEBUG o.s.w.s.m.m.a.RequestMappingHandlerMapping - 7 mappings in 'requestMappingHandlerMapping'
7282 [main] DEBUG o.s.b.f.s.DefaultListableBeanFactory - Creating shared instance of singleton bean 'welcomePageHandlerMapping'
7283 [main] DEBUG o.s.b.f.s.DefaultListableBeanFactory - Autowiring by type from bean name 'welcomePageHandlerMapping' via factory method to bean named 'org.springframework.boot.web.servlet.context.AnnotationConfigServletWebServerApplicationContext@2cf3d63b'
7285 [main] DEBUG o.s.b.f.s.DefaultListableBeanFactory - Autowiring by type from bean name 'welcomePageHandlerMapping' via factory method to bean named 'mvcConversionService'
7285 [main] DEBUG o.s.b.f.s.DefaultListableBeanFactory - Autowiring by type from bean name 'welcomePageHandlerMapping' via factory method to bean named 'mvcResourceUrlProvider'
7308 [main] DEBUG o.s.b.f.s.DefaultListableBeanFactory - Creating shared instance of singleton bean 'localeResolver'
7314 [main] DEBUG o.s.b.f.s.DefaultListableBeanFactory - Creating shared instance of singleton bean 'themeResolver'
7319 [main] DEBUG o.s.b.f.s.DefaultListableBeanFactory - Creating shared instance of singleton bean 'flashMapManager'
7326 [main] DEBUG o.s.b.f.s.DefaultListableBeanFactory - Creating shared instance of singleton bean 'mvcPatternParser'
7328 [main] DEBUG o.s.b.f.s.DefaultListableBeanFactory - Creating shared instance of singleton bean 'mvcUrlPathHelper'
7330 [main] DEBUG o.s.b.f.s.DefaultListableBeanFactory - Creating shared instance of singleton bean 'mvcPathMatcher'
7333 [main] DEBUG o.s.b.f.s.DefaultListableBeanFactory - Creating shared instance of singleton bean 'viewControllerHandlerMapping'
7335 [main] DEBUG o.s.b.f.s.DefaultListableBeanFactory - Autowiring by type from bean name 'viewControllerHandlerMapping' via factory method to bean named 'mvcConversionService'
7335 [main] DEBUG o.s.b.f.s.DefaultListableBeanFactory - Autowiring by type from bean name 'viewControllerHandlerMapping' via factory method to bean named 'mvcResourceUrlProvider'
7337 [main] DEBUG o.s.b.f.s.DefaultListableBeanFactory - Creating shared instance of singleton bean 'beanNameHandlerMapping'
7339 [main] DEBUG o.s.b.f.s.DefaultListableBeanFactory - Autowiring by type from bean name 'beanNameHandlerMapping' via factory method to bean named 'mvcConversionService'
7339 [main] DEBUG o.s.b.f.s.DefaultListableBeanFactory - Autowiring by type from bean name 'beanNameHandlerMapping' via factory method to bean named 'mvcResourceUrlProvider'
7348 [main] DEBUG _.s.w.s.HandlerMapping.Mappings - 'beanNameHandlerMapping' {}
7355 [main] DEBUG o.s.b.f.s.DefaultListableBeanFactory - Creating shared instance of singleton bean 'routerFunctionMapping'
7358 [main] DEBUG o.s.b.f.s.DefaultListableBeanFactory - Autowiring by type from bean name 'routerFunctionMapping' via factory method to bean named 'mvcConversionService'
7358 [main] DEBUG o.s.b.f.s.DefaultListableBeanFactory - Autowiring by type from bean name 'routerFunctionMapping' via factory method to bean named 'mvcResourceUrlProvider'
7377 [main] DEBUG o.s.b.f.s.DefaultListableBeanFactory - Creating shared instance of singleton bean 'resourceHandlerMapping'
7379 [main] DEBUG o.s.b.f.s.DefaultListableBeanFactory - Autowiring by type from bean name 'resourceHandlerMapping' via factory method to bean named 'mvcContentNegotiationManager'
7381 [main] DEBUG o.s.b.f.s.DefaultListableBeanFactory - Autowiring by type from bean name 'resourceHandlerMapping' via factory method to bean named 'mvcConversionService'
7381 [main] DEBUG o.s.b.f.s.DefaultListableBeanFactory - Autowiring by type from bean name 'resourceHandlerMapping' via factory method to bean named 'mvcResourceUrlProvider'
7417 [main] DEBUG _.s.w.s.HandlerMapping.Mappings - 'resourceHandlerMapping' {/webjars/**=ResourceHttpRequestHandler [Classpath [META-INF/resources/webjars/]], /**=ResourceHttpRequestHandler [Classpath [META-INF/resources/], Classpath [resources/], Classpath [static/], Classpath [public/], ServletContext [/]]}
7421 [main] DEBUG o.s.b.f.s.DefaultListableBeanFactory - Creating shared instance of singleton bean 'defaultServletHandlerMapping'
7422 [main] DEBUG o.s.b.f.s.DefaultListableBeanFactory - Creating shared instance of singleton bean 'handlerFunctionAdapter'
7425 [main] DEBUG o.s.b.f.s.DefaultListableBeanFactory - Creating shared instance of singleton bean 'mvcUriComponentsContributor'
7427 [main] DEBUG o.s.b.f.s.DefaultListableBeanFactory - Autowiring by type from bean name 'mvcUriComponentsContributor' via factory method to bean named 'mvcConversionService'
7427 [main] DEBUG o.s.b.f.s.DefaultListableBeanFactory - Autowiring by type from bean name 'mvcUriComponentsContributor' via factory method to bean named 'requestMappingHandlerAdapter'
7433 [main] DEBUG o.s.b.f.s.DefaultListableBeanFactory - Creating shared instance of singleton bean 'httpRequestHandlerAdapter'
7435 [main] DEBUG o.s.b.f.s.DefaultListableBeanFactory - Creating shared instance of singleton bean 'simpleControllerHandlerAdapter'
7435 [main] DEBUG o.s.b.f.s.DefaultListableBeanFactory - Creating shared instance of singleton bean 'handlerExceptionResolver'
7436 [main] DEBUG o.s.b.f.s.DefaultListableBeanFactory - Autowiring by type from bean name 'handlerExceptionResolver' via factory method to bean named 'mvcContentNegotiationManager'
7447 [main] DEBUG o.s.w.s.m.m.a.ExceptionHandlerExceptionResolver - ControllerAdvice beans: 0 @ExceptionHandler, 1 ResponseBodyAdvice
7454 [main] DEBUG o.s.b.f.s.DefaultListableBeanFactory - Creating shared instance of singleton bean 'mvcViewResolver'
7455 [main] DEBUG o.s.b.f.s.DefaultListableBeanFactory - Autowiring by type from bean name 'mvcViewResolver' via factory method to bean named 'mvcContentNegotiationManager'
7459 [main] DEBUG o.s.b.f.s.DefaultListableBeanFactory - Creating shared instance of singleton bean 'viewNameTranslator'
7462 [main] DEBUG o.s.b.f.s.DefaultListableBeanFactory - Creating shared instance of singleton bean 'defaultViewResolver'
7478 [main] DEBUG o.s.b.f.s.DefaultListableBeanFactory - Creating shared instance of singleton bean 'viewResolver'
7479 [main] DEBUG o.s.b.f.s.DefaultListableBeanFactory - Autowiring by type from bean name 'viewResolver' via factory method to bean named 'org.springframework.beans.factory.support.DefaultListableBeanFactory@463fd068'
7485 [main] DEBUG o.s.b.f.s.DefaultListableBeanFactory - Creating shared instance of singleton bean 'freeMarkerViewResolver'
7486 [main] DEBUG o.s.b.f.s.DefaultListableBeanFactory - Creating shared instance of singleton bean 'org.springframework.boot.autoconfigure.freemarker.FreeMarkerServletWebConfiguration'
7490 [main] DEBUG o.s.b.f.s.DefaultListableBeanFactory - Creating shared instance of singleton bean 'spring.freemarker-org.springframework.boot.autoconfigure.freemarker.FreeMarkerProperties'
7505 [main] DEBUG o.s.b.f.s.DefaultListableBeanFactory - Autowiring by type from bean name 'org.springframework.boot.autoconfigure.freemarker.FreeMarkerServletWebConfiguration' via constructor to bean named 'spring.freemarker-org.springframework.boot.autoconfigure.freemarker.FreeMarkerProperties'
7520 [main] DEBUG o.s.b.f.s.DefaultListableBeanFactory - Creating shared instance of singleton bean 'com.alibaba.druid.spring.boot.autoconfigure.stat.DruidFilterConfiguration'
7568 [main] DEBUG o.s.b.f.s.DefaultListableBeanFactory - Creating shared instance of singleton bean 'com.alibaba.druid.spring.boot.autoconfigure.DruidDataSourceAutoConfigure'
7570 [main] DEBUG o.s.b.f.s.DefaultListableBeanFactory - Creating shared instance of singleton bean 'dataSource'
7602 [main] INFO  c.a.d.s.b.a.DruidDataSourceAutoConfigure - Init DruidDataSource
7879 [main] DEBUG o.s.b.f.s.DefaultListableBeanFactory - Creating shared instance of singleton bean 'spring.datasource-org.springframework.boot.autoconfigure.jdbc.DataSourceProperties'
3032 [main] INFO  t.b.l.LovageShoppingApplication - Starting LovageShoppingApplication using Java 1.8.0_261 on DESKTOP-86MJSNK with PID 15348 (E:\java\lovageshopping\target\classes started by 47440 in E:\java\lovageshopping)
3040 [main] DEBUG t.b.l.LovageShoppingApplication - Running with Spring Boot v2.4.5, Spring v5.3.6
3041 [main] INFO  t.b.l.LovageShoppingApplication - The following profiles are active: dev
3041 [main] DEBUG o.s.boot.SpringApplication - Loading source class top.bug1024.lovageshopping.LovageShoppingApplication
3194 [main] DEBUG o.s.b.w.s.c.AnnotationConfigServletWebServerApplicationContext - Refreshing org.springframework.boot.web.servlet.context.AnnotationConfigServletWebServerApplicationContext@67389cb8
3266 [main] DEBUG o.s.b.f.s.DefaultListableBeanFactory - Creating shared instance of singleton bean 'org.springframework.context.annotation.internalConfigurationAnnotationProcessor'
3307 [main] DEBUG o.s.b.f.s.DefaultListableBeanFactory - Creating shared instance of singleton bean 'org.springframework.boot.autoconfigure.internalCachingMetadataReaderFactory'
3642 [main] DEBUG o.s.c.a.ClassPathBeanDefinitionScanner - Identified candidate component class: file [E:\java\lovageshopping\target\classes\top\bug1024\lovageshopping\common\openInterface\MessageController.class]
3648 [main] DEBUG o.s.c.a.ClassPathBeanDefinitionScanner - Identified candidate component class: file [E:\java\lovageshopping\target\classes\top\bug1024\lovageshopping\modules\login\controller\UserController.class]
3659 [main] DEBUG o.s.c.a.ClassPathBeanDefinitionScanner - Identified candidate component class: file [E:\java\lovageshopping\target\classes\top\bug1024\lovageshopping\modules\login\service\imp\UserServiceImpl.class]
12456 [main] INFO  c.a.druid.pool.DruidDataSource - {dataSource-1} inited
12482 [main] DEBUG o.s.b.f.s.DefaultListableBeanFactory - Creating shared instance of singleton bean 'org.springframework.boot.autoconfigure.jdbc.DataSourceInitializerInvoker'
12485 [main] DEBUG o.s.b.f.s.DefaultListableBeanFactory - Autowiring by type from bean name 'org.springframework.boot.autoconfigure.jdbc.DataSourceInitializerInvoker' via constructor to bean named 'spring.datasource-org.springframework.boot.autoconfigure.jdbc.DataSourceProperties'
12486 [main] DEBUG o.s.b.f.s.DefaultListableBeanFactory - Autowiring by type from bean name 'org.springframework.boot.autoconfigure.jdbc.DataSourceInitializerInvoker' via constructor to bean named 'org.springframework.boot.web.servlet.context.AnnotationConfigServletWebServerApplicationContext@2cf3d63b'
12494 [main] DEBUG o.s.b.f.s.DefaultListableBeanFactory - Creating shared instance of singleton bean 'org.springframework.boot.autoconfigure.jdbc.metadata.DataSourcePoolMetadataProvidersConfiguration$HikariPoolDataSourceMetadataProviderConfiguration'
12496 [main] DEBUG o.s.b.f.s.DefaultListableBeanFactory - Creating shared instance of singleton bean 'hikariPoolDataSourceMetadataProvider'
12497 [main] DEBUG o.s.b.f.s.DefaultListableBeanFactory - Creating shared instance of singleton bean 'org.springframework.boot.autoconfigure.jdbc.metadata.DataSourcePoolMetadataProvidersConfiguration'
12497 [main] DEBUG o.s.b.f.s.DefaultListableBeanFactory - Creating shared instance of singleton bean 'org.springframework.boot.autoconfigure.jdbc.DataSourceInitializationConfiguration'
12498 [main] DEBUG o.s.b.f.s.DefaultListableBeanFactory - Creating shared instance of singleton bean 'org.springframework.boot.autoconfigure.jdbc.DataSourceAutoConfiguration'
12499 [main] DEBUG o.s.b.f.s.DefaultListableBeanFactory - Creating shared instance of singleton bean 'com.baomidou.mybatisplus.autoconfigure.MybatisPlusAutoConfiguration$MapperScannerRegistrarNotFoundConfiguration'
12500 [main] DEBUG c.b.m.a.MybatisPlusAutoConfiguration - No org.mybatis.spring.mapper.MapperFactoryBean found.
12501 [main] DEBUG o.s.b.f.s.DefaultListableBeanFactory - Creating shared instance of singleton bean 'userDao'
12514 [main] DEBUG o.s.b.f.s.DefaultListableBeanFactory - Creating shared instance of singleton bean 'sqlSessionFactory'
12514 [main] DEBUG o.s.b.f.s.DefaultListableBeanFactory - Creating shared instance of singleton bean 'com.baomidou.mybatisplus.autoconfigure.MybatisPlusAutoConfiguration'
12516 [main] DEBUG o.s.c.LocalVariableTableParameterNameDiscoverer - Cannot find '.class' file for class [class com.baomidou.mybatisplus.autoconfigure.MybatisPlusAutoConfiguration$$EnhancerBySpringCGLIB$$40e37ff7] - unable to determine constructor/method parameter names
12519 [main] DEBUG o.s.b.f.s.DefaultListableBeanFactory - Creating shared instance of singleton bean 'mybatis-plus-com.baomidou.mybatisplus.autoconfigure.MybatisPlusProperties'
12825 [main] DEBUG o.s.b.f.s.DefaultListableBeanFactory - Autowiring by type from bean name 'com.baomidou.mybatisplus.autoconfigure.MybatisPlusAutoConfiguration' via constructor to bean named 'mybatis-plus-com.baomidou.mybatisplus.autoconfigure.MybatisPlusProperties'
12825 [main] DEBUG o.s.b.f.s.DefaultListableBeanFactory - Autowiring by type from bean name 'com.baomidou.mybatisplus.autoconfigure.MybatisPlusAutoConfiguration' via constructor to bean named 'org.springframework.boot.web.servlet.context.AnnotationConfigServletWebServerApplicationContext@2cf3d63b'
4351 [main] DEBUG o.s.c.e.PropertySourcesPropertyResolver - Found key 'spring.datasource.druid.stat-view-servlet.enabled' in PropertySource 'configurationProperties' with value of type Boolean
12835 [main] DEBUG o.s.b.f.s.DefaultListableBeanFactory - Autowiring by type from bean name 'sqlSessionFactory' via factory method to bean named 'dataSource'
4437 [main] DEBUG o.s.c.e.PropertySourcesPropertyResolver - Found key 'spring.datasource.type' in PropertySource 'configurationProperties' with value of type String
4454 [main] DEBUG o.s.c.e.PropertySourcesPropertyResolver - Found key 'spring.datasource.type' in PropertySource 'configurationProperties' with value of type String
4464 [main] DEBUG o.s.c.e.PropertySourcesPropertyResolver - Found key 'spring.datasource.type' in PropertySource 'configurationProperties' with value of type String
4465 [main] DEBUG o.s.c.e.PropertySourcesPropertyResolver - Found key 'spring.jmx.enabled' in PropertySource 'configurationProperties' with value of type String
4500 [main] DEBUG o.s.c.e.PropertySourcesPropertyResolver - Found key 'spring.datasource.type' in PropertySource 'configurationProperties' with value of type String
4552 [main] DEBUG o.s.c.e.PropertySourcesPropertyResolver - Found key 'spring.jmx.enabled' in PropertySource 'configurationProperties' with value of type String
4557 [main] DEBUG o.s.c.e.PropertySourcesPropertyResolver - Found key 'spring.application.admin.enabled' in PropertySource 'configurationProperties' with value of type String
13201 [main] DEBUG c.b.m.core.MybatisConfiguration - addMappedStatement: top.bug1024.lovageshopping.modules.login.dao.UserDao.getUserByMail
13203 [main] DEBUG c.b.m.core.MybatisConfiguration - addMappedStatement: top.bug1024.lovageshopping.modules.login.dao.UserDao.getUserById
13205 [main] DEBUG c.b.m.core.MybatisConfiguration - addMappedStatement: top.bug1024.lovageshopping.modules.login.dao.UserDao.getUserByPhone
13295 [main] WARN  c.b.m.core.metadata.TableInfoHelper - Warn: Could not find @TableId in Class: top.bug1024.lovageshopping.modules.login.entity.User.
13352 [main] DEBUG c.b.m.core.MybatisConfiguration - addMappedStatement: top.bug1024.lovageshopping.modules.login.dao.UserDao.insert
13409 [main] DEBUG c.b.m.core.MybatisConfiguration - addMappedStatement: top.bug1024.lovageshopping.modules.login.dao.UserDao.delete
13438 [main] DEBUG c.b.m.core.MybatisConfiguration - addMappedStatement: top.bug1024.lovageshopping.modules.login.dao.UserDao.deleteByMap
13466 [main] DEBUG c.b.m.core.MybatisConfiguration - addMappedStatement: top.bug1024.lovageshopping.modules.login.dao.UserDao.deleteById
13485 [main] DEBUG c.b.m.core.MybatisConfiguration - addMappedStatement: top.bug1024.lovageshopping.modules.login.dao.UserDao.deleteBatchIds
13529 [main] DEBUG c.b.m.core.MybatisConfiguration - addMappedStatement: top.bug1024.lovageshopping.modules.login.dao.UserDao.update
13542 [main] DEBUG c.b.m.core.MybatisConfiguration - addMappedStatement: top.bug1024.lovageshopping.modules.login.dao.UserDao.updateById
13543 [main] DEBUG c.b.m.core.MybatisConfiguration - addMappedStatement: top.bug1024.lovageshopping.modules.login.dao.UserDao.selectById
13549 [main] DEBUG c.b.m.core.MybatisConfiguration - addMappedStatement: top.bug1024.lovageshopping.modules.login.dao.UserDao.selectBatchIds
13555 [main] DEBUG c.b.m.core.MybatisConfiguration - addMappedStatement: top.bug1024.lovageshopping.modules.login.dao.UserDao.selectByMap
13566 [main] DEBUG c.b.m.core.MybatisConfiguration - addMappedStatement: top.bug1024.lovageshopping.modules.login.dao.UserDao.selectOne
5102 [main] DEBUG o.s.c.e.PropertySourcesPropertyResolver - Found key 'spring.servlet.multipart.enabled' in PropertySource 'configurationProperties' with value of type Boolean
13584 [main] DEBUG c.b.m.core.MybatisConfiguration - addMappedStatement: top.bug1024.lovageshopping.modules.login.dao.UserDao.selectCount
13596 [main] DEBUG c.b.m.core.MybatisConfiguration - addMappedStatement: top.bug1024.lovageshopping.modules.login.dao.UserDao.selectMaps
13608 [main] DEBUG c.b.m.core.MybatisConfiguration - addMappedStatement: top.bug1024.lovageshopping.modules.login.dao.UserDao.selectMapsPage
13621 [main] DEBUG c.b.m.core.MybatisConfiguration - addMappedStatement: top.bug1024.lovageshopping.modules.login.dao.UserDao.selectObjs
13632 [main] DEBUG c.b.m.core.MybatisConfiguration - addMappedStatement: top.bug1024.lovageshopping.modules.login.dao.UserDao.selectList
13642 [main] DEBUG c.b.m.core.MybatisConfiguration - addMappedStatement: top.bug1024.lovageshopping.modules.login.dao.UserDao.selectPage
13645 [main] DEBUG c.b.m.e.s.MybatisSqlSessionFactoryBean - Parsed mapper file: 'file [E:\java\lovageshopping\target\classes\mapper\UserMapper.xml]'
13652 [main] DEBUG o.s.b.f.s.DefaultListableBeanFactory - Creating shared instance of singleton bean 'sqlSessionTemplate'
13653 [main] DEBUG o.s.b.f.s.DefaultListableBeanFactory - Autowiring by type from bean name 'sqlSessionTemplate' via factory method to bean named 'sqlSessionFactory'
13667 [main] DEBUG o.s.b.f.s.DefaultListableBeanFactory - Creating shared instance of singleton bean 'org.springframework.boot.autoconfigure.jmx.JmxAutoConfiguration'
13668 [main] DEBUG o.s.b.f.s.DefaultListableBeanFactory - Autowiring by type from bean name 'org.springframework.boot.autoconfigure.jmx.JmxAutoConfiguration' via constructor to bean named 'environment'
13669 [main] DEBUG o.s.b.f.s.DefaultListableBeanFactory - Creating shared instance of singleton bean 'mbeanExporter'
13670 [main] DEBUG o.s.b.f.s.DefaultListableBeanFactory - Creating shared instance of singleton bean 'objectNamingStrategy'
13676 [main] DEBUG o.s.b.f.s.DefaultListableBeanFactory - Autowiring by type from bean name 'mbeanExporter' via factory method to bean named 'objectNamingStrategy'
13676 [main] DEBUG o.s.b.f.s.DefaultListableBeanFactory - Autowiring by type from bean name 'mbeanExporter' via factory method to bean named 'org.springframework.beans.factory.support.DefaultListableBeanFactory@463fd068'
13689 [main] DEBUG o.s.b.f.s.DefaultListableBeanFactory - Creating shared instance of singleton bean 'mbeanServer'
13699 [main] DEBUG o.s.jmx.support.JmxUtils - Found MBeanServer: com.sun.jmx.mbeanserver.JmxMBeanServer@76fb509a
13730 [main] DEBUG o.s.b.f.s.DefaultListableBeanFactory - Creating shared instance of singleton bean 'org.springframework.boot.autoconfigure.admin.SpringApplicationAdminJmxAutoConfiguration'
13730 [main] DEBUG o.s.b.f.s.DefaultListableBeanFactory - Creating shared instance of singleton bean 'springApplicationAdminRegistrar'
13732 [main] DEBUG o.s.b.f.s.DefaultListableBeanFactory - Autowiring by type from bean name 'springApplicationAdminRegistrar' via factory method to bean named 'environment'
13736 [main] DEBUG o.s.b.a.SpringApplicationAdminMXBeanRegistrar$SpringApplicationAdmin - Application Admin MBean registered with name 'org.springframework.boot:type=Admin,name=SpringApplication'
13738 [main] DEBUG o.s.b.f.s.DefaultListableBeanFactory - Creating shared instance of singleton bean 'org.springframework.boot.autoconfigure.aop.AopAutoConfiguration$ClassProxyingConfiguration'
13739 [main] DEBUG o.s.b.f.s.DefaultListableBeanFactory - Autowiring by type from bean name 'org.springframework.boot.autoconfigure.aop.AopAutoConfiguration$ClassProxyingConfiguration' via constructor to bean named 'org.springframework.beans.factory.support.DefaultListableBeanFactory@463fd068'
13740 [main] DEBUG o.s.b.f.s.DefaultListableBeanFactory - Creating shared instance of singleton bean 'org.springframework.boot.autoconfigure.aop.AopAutoConfiguration'
13741 [main] DEBUG o.s.b.f.s.DefaultListableBeanFactory - Creating shared instance of singleton bean 'org.springframework.boot.autoconfigure.availability.ApplicationAvailabilityAutoConfiguration'
13742 [main] DEBUG o.s.b.f.s.DefaultListableBeanFactory - Creating shared instance of singleton bean 'applicationAvailability'
13747 [main] DEBUG o.s.b.f.s.DefaultListableBeanFactory - Creating shared instance of singleton bean 'org.springframework.boot.autoconfigure.data.redis.LettuceConnectionConfiguration'
13748 [main] DEBUG o.s.b.f.s.DefaultListableBeanFactory - Creating shared instance of singleton bean 'spring.redis-org.springframework.boot.autoconfigure.data.redis.RedisProperties'
13771 [main] DEBUG o.s.b.f.s.DefaultListableBeanFactory - Autowiring by type from bean name 'org.springframework.boot.autoconfigure.data.redis.LettuceConnectionConfiguration' via constructor to bean named 'spring.redis-org.springframework.boot.autoconfigure.data.redis.RedisProperties'
13773 [main] DEBUG o.s.b.f.s.DefaultListableBeanFactory - Creating shared instance of singleton bean 'lettuceClientResources'
13780 [main] DEBUG i.n.u.i.l.InternalLoggerFactory - Using SLF4J as the default logging framework
13785 [main] DEBUG i.l.c.r.DefaultClientResources - -Dio.netty.eventLoopThreads: 8
13828 [main] DEBUG i.l.c.r.DefaultEventLoopGroupProvider - Creating executor io.netty.util.concurrent.DefaultEventExecutorGroup
13887 [main] DEBUG i.n.u.i.InternalThreadLocalMap - -Dio.netty.threadLocalMap.stringBuilder.initialSize: 1024
13887 [main] DEBUG i.n.u.i.InternalThreadLocalMap - -Dio.netty.threadLocalMap.stringBuilder.maxSize: 4096
13902 [main] DEBUG io.netty.util.ResourceLeakDetector - -Dio.netty.leakDetection.level: simple
13903 [main] DEBUG io.netty.util.ResourceLeakDetector - -Dio.netty.leakDetection.targetRecords: 4
13910 [main] DEBUG i.n.u.ResourceLeakDetectorFactory - Loaded default ResourceLeakDetector: io.netty.util.ResourceLeakDetector@4aa21f9d
13916 [main] DEBUG i.n.util.internal.PlatformDependent - Platform: Windows
13920 [main] DEBUG i.n.u.internal.PlatformDependent0 - -Dio.netty.noUnsafe: false
13920 [main] DEBUG i.n.u.internal.PlatformDependent0 - Java version: 8
13922 [main] DEBUG i.n.u.internal.PlatformDependent0 - sun.misc.Unsafe.theUnsafe: available
13924 [main] DEBUG i.n.u.internal.PlatformDependent0 - sun.misc.Unsafe.copyMemory: available
13925 [main] DEBUG i.n.u.internal.PlatformDependent0 - java.nio.Buffer.address: available
13927 [main] DEBUG i.n.u.internal.PlatformDependent0 - direct buffer constructor: available
13929 [main] DEBUG i.n.u.internal.PlatformDependent0 - java.nio.Bits.unaligned: available, true
13929 [main] DEBUG i.n.u.internal.PlatformDependent0 - jdk.internal.misc.Unsafe.allocateUninitializedArray(int): unavailable prior to Java9
13929 [main] DEBUG i.n.u.internal.PlatformDependent0 - java.nio.DirectByteBuffer.<init>(long, int): available
13929 [main] DEBUG i.n.util.internal.PlatformDependent - sun.misc.Unsafe: available
13931 [main] DEBUG i.n.util.internal.PlatformDependent - -Dio.netty.tmpdir: C:\Users\47440\AppData\Local\Temp (java.io.tmpdir)
13931 [main] DEBUG i.n.util.internal.PlatformDependent - -Dio.netty.bitMode: 64 (sun.arch.data.model)
13933 [main] DEBUG i.n.util.internal.PlatformDependent - -Dio.netty.maxDirectMemory: 3784310784 bytes
13933 [main] DEBUG i.n.util.internal.PlatformDependent - -Dio.netty.uninitializedArrayAllocationThreshold: -1
13935 [main] DEBUG io.netty.util.internal.CleanerJava6 - java.nio.ByteBuffer.cleaner(): available
13935 [main] DEBUG i.n.util.internal.PlatformDependent - -Dio.netty.noPreferDirect: false
13940 [main] DEBUG i.n.util.internal.PlatformDependent - org.jctools-core.MpscChunkedArrayQueue: available
13992 [main] DEBUG reactor.util.Loggers - Using Slf4j logging framework
5516 [main] DEBUG o.s.c.e.PropertySourcesPropertyResolver - Found key 'spring.datasource.druid.stat-view-servlet.enabled' in PropertySource 'configurationProperties' with value of type Boolean
5565 [main] DEBUG o.s.b.f.s.DefaultListableBeanFactory - Creating shared instance of singleton bean 'org.springframework.boot.autoconfigure.AutoConfigurationPackages'
5566 [main] DEBUG o.s.b.a.AutoConfigurationPackages - @EnableAutoConfiguration was declared on a class in the package 'top.bug1024.lovageshopping'. Automatic @Repository and @Entity scanning is enabled.
5567 [main] DEBUG c.b.m.a.MybatisPlusAutoConfiguration - Searching for mappers annotated with @Mapper
5568 [main] DEBUG c.b.m.a.MybatisPlusAutoConfiguration - Using auto-configuration base package 'top.bug1024.lovageshopping'
14064 [main] DEBUG i.l.c.r.DefaultClientResources - LatencyUtils/HdrUtils are not available, metrics are disabled
5589 [main] DEBUG o.apache.ibatis.logging.LogFactory - Logging initialized using 'class org.apache.ibatis.logging.slf4j.Slf4jImpl' adapter.
14070 [main] DEBUG o.s.b.f.s.DefaultListableBeanFactory - Creating shared instance of singleton bean 'redisConnectionFactory'
14071 [main] DEBUG o.s.b.f.s.DefaultListableBeanFactory - Autowiring by type from bean name 'redisConnectionFactory' via factory method to bean named 'lettuceClientResources'
5605 [main] DEBUG o.m.s.mapper.ClassPathMapperScanner - Identified candidate component class: file [E:\java\lovageshopping\target\classes\top\bug1024\lovageshopping\modules\login\dao\UserDao.class]
5607 [main] DEBUG o.m.s.mapper.ClassPathMapperScanner - Creating MapperFactoryBean with name 'userDao' and 'top.bug1024.lovageshopping.modules.login.dao.UserDao' mapperInterface
5612 [main] DEBUG o.m.s.mapper.ClassPathMapperScanner - Enabling autowire by type for MapperFactoryBean with name 'userDao'.
5633 [main] DEBUG o.s.c.e.PropertySourcesPropertyResolver - Found key 'spring.jmx.enabled' in PropertySource 'configurationProperties' with value of type String
5647 [main] DEBUG o.s.c.e.PropertySourcesPropertyResolver - Found key 'spring.application.admin.enabled' in PropertySource 'configurationProperties' with value of type String
5790 [main] INFO  o.s.d.r.c.RepositoryConfigurationDelegate - Multiple Spring Data modules found, entering strict repository configuration mode!
5797 [main] INFO  o.s.d.r.c.RepositoryConfigurationDelegate - Bootstrapping Spring Data Redis repositories in DEFAULT mode.
14287 [main] DEBUG o.s.b.f.s.DefaultListableBeanFactory - Creating shared instance of singleton bean 'org.springframework.boot.autoconfigure.data.redis.RedisAutoConfiguration'
14290 [main] DEBUG o.s.b.f.s.DefaultListableBeanFactory - Creating shared instance of singleton bean 'redisTemplate'
14291 [main] DEBUG o.s.b.f.s.DefaultListableBeanFactory - Autowiring by type from bean name 'redisTemplate' via factory method to bean named 'redisConnectionFactory'
5861 [main] DEBUG o.s.d.r.c.RepositoryConfigurationDelegate - Scanning for Redis repositories in packages top.bug1024.lovageshopping.
5918 [main] INFO  o.s.d.r.c.RepositoryConfigurationDelegate - Finished Spring Data repository scanning in 40 ms. Found 0 Redis repository interfaces.
14485 [main] DEBUG o.s.data.convert.CustomConversions - Adding converter from class java.lang.String to class [B as writing converter.
14486 [main] DEBUG o.s.data.convert.CustomConversions - Adding converter from class [B to class java.lang.String as reading converter.
14487 [main] DEBUG o.s.data.convert.CustomConversions - Adding converter from class java.lang.Number to class [B as writing converter.
14487 [main] DEBUG o.s.data.convert.CustomConversions - Adding converter from class [B to class java.lang.Number as reading converter.
14487 [main] DEBUG o.s.data.convert.CustomConversions - Adding converter from class java.lang.Enum to class [B as writing converter.
14487 [main] DEBUG o.s.data.convert.CustomConversions - Adding converter from class [B to class java.lang.Enum as reading converter.
14488 [main] DEBUG o.s.data.convert.CustomConversions - Adding converter from class java.lang.Boolean to class [B as writing converter.
14488 [main] DEBUG o.s.data.convert.CustomConversions - Adding converter from class [B to class java.lang.Boolean as reading converter.
14488 [main] DEBUG o.s.data.convert.CustomConversions - Adding converter from class java.util.Date to class [B as writing converter.
14488 [main] DEBUG o.s.data.convert.CustomConversions - Adding converter from class [B to class java.util.Date as reading converter.
14488 [main] DEBUG o.s.data.convert.CustomConversions - Adding converter from class java.util.UUID to class [B as writing converter.
14488 [main] DEBUG o.s.data.convert.CustomConversions - Adding converter from class [B to class java.util.UUID as reading converter.
14488 [main] DEBUG o.s.data.convert.CustomConversions - Adding converter from class java.time.LocalDateTime to class [B as writing converter.
14490 [main] DEBUG o.s.data.convert.CustomConversions - Adding converter from class [B to class java.time.LocalDateTime as reading converter.
14493 [main] DEBUG o.s.data.convert.CustomConversions - Adding converter from class java.time.LocalDate to class [B as writing converter.
14496 [main] DEBUG o.s.data.convert.CustomConversions - Adding converter from class [B to class java.time.LocalDate as reading converter.
14504 [main] DEBUG o.s.data.convert.CustomConversions - Adding converter from class java.time.LocalTime to class [B as writing converter.
14507 [main] DEBUG o.s.data.convert.CustomConversions - Adding converter from class [B to class java.time.LocalTime as reading converter.
14514 [main] DEBUG o.s.data.convert.CustomConversions - Adding converter from class java.time.ZonedDateTime to class [B as writing converter.
14515 [main] DEBUG o.s.data.convert.CustomConversions - Adding converter from class [B to class java.time.ZonedDateTime as reading converter.
14516 [main] DEBUG o.s.data.convert.CustomConversions - Adding converter from class java.time.Instant to class [B as writing converter.
14516 [main] DEBUG o.s.data.convert.CustomConversions - Adding converter from class [B to class java.time.Instant as reading converter.
14516 [main] DEBUG o.s.data.convert.CustomConversions - Adding converter from class java.time.ZoneId to class [B as writing converter.
14520 [main] DEBUG o.s.data.convert.CustomConversions - Adding converter from class [B to class java.time.ZoneId as reading converter.
14520 [main] DEBUG o.s.data.convert.CustomConversions - Adding converter from class java.time.Period to class [B as writing converter.
14520 [main] DEBUG o.s.data.convert.CustomConversions - Adding converter from class [B to class java.time.Period as reading converter.
14521 [main] DEBUG o.s.data.convert.CustomConversions - Adding converter from class java.time.Duration to class [B as writing converter.
14521 [main] DEBUG o.s.data.convert.CustomConversions - Adding converter from class [B to class java.time.Duration as reading converter.
14521 [main] DEBUG o.s.data.convert.CustomConversions - Adding converter from class java.util.Date to class java.time.LocalDateTime as reading converter.
14521 [main] DEBUG o.s.data.convert.CustomConversions - Adding converter from class java.time.LocalDateTime to class java.util.Date as writing converter.
14522 [main] DEBUG o.s.data.convert.CustomConversions - Adding converter from class java.util.Date to class java.time.LocalDate as reading converter.
14522 [main] DEBUG o.s.data.convert.CustomConversions - Adding converter from class java.time.LocalDate to class java.util.Date as writing converter.
14522 [main] DEBUG o.s.data.convert.CustomConversions - Adding converter from class java.util.Date to class java.time.LocalTime as reading converter.
14522 [main] DEBUG o.s.data.convert.CustomConversions - Adding converter from class java.time.LocalTime to class java.util.Date as writing converter.
14522 [main] DEBUG o.s.data.convert.CustomConversions - Adding converter from class java.util.Date to class java.time.Instant as reading converter.
14522 [main] DEBUG o.s.data.convert.CustomConversions - Adding converter from class java.time.Instant to class java.util.Date as writing converter.
14524 [main] DEBUG o.s.data.convert.CustomConversions - Adding converter from class java.time.LocalDateTime to class java.time.Instant as reading converter.
14524 [main] DEBUG o.s.data.convert.CustomConversions - Adding converter from class java.time.Instant to class java.time.LocalDateTime as reading converter.
14524 [main] DEBUG o.s.data.convert.CustomConversions - Adding converter from class java.time.ZoneId to class java.lang.String as writing converter.
14524 [main] DEBUG o.s.data.convert.CustomConversions - Adding converter from class java.lang.String to class java.time.ZoneId as reading converter.
14525 [main] DEBUG o.s.data.convert.CustomConversions - Adding converter from class java.time.Duration to class java.lang.String as writing converter.
14525 [main] DEBUG o.s.data.convert.CustomConversions - Adding converter from class java.lang.String to class java.time.Duration as reading converter.
14525 [main] DEBUG o.s.data.convert.CustomConversions - Adding converter from class java.time.Period to class java.lang.String as writing converter.
14526 [main] DEBUG o.s.data.convert.CustomConversions - Adding converter from class java.lang.String to class java.time.Period as reading converter.
14526 [main] DEBUG o.s.data.convert.CustomConversions - Adding converter from class java.lang.String to class java.time.LocalDate as reading converter.
14526 [main] DEBUG o.s.data.convert.CustomConversions - Adding converter from class java.lang.String to class java.time.LocalDateTime as reading converter.
14526 [main] DEBUG o.s.data.convert.CustomConversions - Adding converter from class java.lang.String to class java.time.Instant as reading converter.
14539 [main] DEBUG o.s.data.convert.CustomConversions - Adding converter from class java.lang.String to class [B as writing converter.
14539 [main] DEBUG o.s.data.convert.CustomConversions - Adding converter from class [B to class java.lang.String as reading converter.
14539 [main] DEBUG o.s.data.convert.CustomConversions - Adding converter from class java.lang.Number to class [B as writing converter.
14540 [main] DEBUG o.s.data.convert.CustomConversions - Adding converter from class [B to class java.lang.Number as reading converter.
14540 [main] DEBUG o.s.data.convert.CustomConversions - Adding converter from class java.lang.Enum to class [B as writing converter.
14540 [main] DEBUG o.s.data.convert.CustomConversions - Adding converter from class [B to class java.lang.Enum as reading converter.
14541 [main] DEBUG o.s.data.convert.CustomConversions - Adding converter from class java.lang.Boolean to class [B as writing converter.
14555 [main] DEBUG o.s.data.convert.CustomConversions - Adding converter from class [B to class java.lang.Boolean as reading converter.
14556 [main] DEBUG o.s.data.convert.CustomConversions - Adding converter from class java.util.Date to class [B as writing converter.
14556 [main] DEBUG o.s.data.convert.CustomConversions - Adding converter from class [B to class java.util.Date as reading converter.
14557 [main] DEBUG o.s.data.convert.CustomConversions - Adding converter from class java.util.UUID to class [B as writing converter.
14557 [main] DEBUG o.s.data.convert.CustomConversions - Adding converter from class [B to class java.util.UUID as reading converter.
14557 [main] DEBUG o.s.data.convert.CustomConversions - Adding converter from class java.time.LocalDateTime to class [B as writing converter.
14557 [main] DEBUG o.s.data.convert.CustomConversions - Adding converter from class [B to class java.time.LocalDateTime as reading converter.
14557 [main] DEBUG o.s.data.convert.CustomConversions - Adding converter from class java.time.LocalDate to class [B as writing converter.
14558 [main] DEBUG o.s.data.convert.CustomConversions - Adding converter from class [B to class java.time.LocalDate as reading converter.
14558 [main] DEBUG o.s.data.convert.CustomConversions - Adding converter from class java.time.LocalTime to class [B as writing converter.
14559 [main] DEBUG o.s.data.convert.CustomConversions - Adding converter from class [B to class java.time.LocalTime as reading converter.
14559 [main] DEBUG o.s.data.convert.CustomConversions - Adding converter from class java.time.ZonedDateTime to class [B as writing converter.
14559 [main] DEBUG o.s.data.convert.CustomConversions - Adding converter from class [B to class java.time.ZonedDateTime as reading converter.
14559 [main] DEBUG o.s.data.convert.CustomConversions - Adding converter from class java.time.Instant to class [B as writing converter.
14559 [main] DEBUG o.s.data.convert.CustomConversions - Adding converter from class [B to class java.time.Instant as reading converter.
14560 [main] DEBUG o.s.data.convert.CustomConversions - Adding converter from class java.time.ZoneId to class [B as writing converter.
14560 [main] DEBUG o.s.data.convert.CustomConversions - Adding converter from class [B to class java.time.ZoneId as reading converter.
14560 [main] DEBUG o.s.data.convert.CustomConversions - Adding converter from class java.time.Period to class [B as writing converter.
14560 [main] DEBUG o.s.data.convert.CustomConversions - Adding converter from class [B to class java.time.Period as reading converter.
14560 [main] DEBUG o.s.data.convert.CustomConversions - Adding converter from class java.time.Duration to class [B as writing converter.
14560 [main] DEBUG o.s.data.convert.CustomConversions - Adding converter from class [B to class java.time.Duration as reading converter.
14560 [main] DEBUG o.s.data.convert.CustomConversions - Adding converter from class java.util.Date to class java.time.LocalDateTime as reading converter.
14560 [main] DEBUG o.s.data.convert.CustomConversions - Adding converter from class java.time.LocalDateTime to class java.util.Date as writing converter.
14561 [main] DEBUG o.s.data.convert.CustomConversions - Adding converter from class java.util.Date to class java.time.LocalDate as reading converter.
14561 [main] DEBUG o.s.data.convert.CustomConversions - Adding converter from class java.time.LocalDate to class java.util.Date as writing converter.
14561 [main] DEBUG o.s.data.convert.CustomConversions - Adding converter from class java.util.Date to class java.time.LocalTime as reading converter.
14561 [main] DEBUG o.s.data.convert.CustomConversions - Adding converter from class java.time.LocalTime to class java.util.Date as writing converter.
14562 [main] DEBUG o.s.data.convert.CustomConversions - Adding converter from class java.util.Date to class java.time.Instant as reading converter.
14562 [main] DEBUG o.s.data.convert.CustomConversions - Adding converter from class java.time.Instant to class java.util.Date as writing converter.
14563 [main] DEBUG o.s.data.convert.CustomConversions - Adding converter from class java.time.LocalDateTime to class java.time.Instant as reading converter.
14565 [main] DEBUG o.s.data.convert.CustomConversions - Adding converter from class java.time.Instant to class java.time.LocalDateTime as reading converter.
14567 [main] DEBUG o.s.data.convert.CustomConversions - Adding converter from class java.time.ZoneId to class java.lang.String as writing converter.
14567 [main] DEBUG o.s.data.convert.CustomConversions - Adding converter from class java.lang.String to class java.time.ZoneId as reading converter.
14567 [main] DEBUG o.s.data.convert.CustomConversions - Adding converter from class java.time.Duration to class java.lang.String as writing converter.
14567 [main] DEBUG o.s.data.convert.CustomConversions - Adding converter from class java.lang.String to class java.time.Duration as reading converter.
14567 [main] DEBUG o.s.data.convert.CustomConversions - Adding converter from class java.time.Period to class java.lang.String as writing converter.
14569 [main] DEBUG o.s.data.convert.CustomConversions - Adding converter from class java.lang.String to class java.time.Period as reading converter.
14569 [main] DEBUG o.s.data.convert.CustomConversions - Adding converter from class java.lang.String to class java.time.LocalDate as reading converter.
14569 [main] DEBUG o.s.data.convert.CustomConversions - Adding converter from class java.lang.String to class java.time.LocalDateTime as reading converter.
14569 [main] DEBUG o.s.data.convert.CustomConversions - Adding converter from class java.lang.String to class java.time.Instant as reading converter.
14630 [main] DEBUG o.s.data.convert.CustomConversions - Adding converter from class java.lang.String to class [B as writing converter.
14630 [main] DEBUG o.s.data.convert.CustomConversions - Adding converter from class [B to class java.lang.String as reading converter.
14631 [main] DEBUG o.s.data.convert.CustomConversions - Adding converter from class java.lang.Number to class [B as writing converter.
14631 [main] DEBUG o.s.data.convert.CustomConversions - Adding converter from class [B to class java.lang.Number as reading converter.
14631 [main] DEBUG o.s.data.convert.CustomConversions - Adding converter from class java.lang.Enum to class [B as writing converter.
14631 [main] DEBUG o.s.data.convert.CustomConversions - Adding converter from class [B to class java.lang.Enum as reading converter.
14631 [main] DEBUG o.s.data.convert.CustomConversions - Adding converter from class java.lang.Boolean to class [B as writing converter.
14631 [main] DEBUG o.s.data.convert.CustomConversions - Adding converter from class [B to class java.lang.Boolean as reading converter.
14631 [main] DEBUG o.s.data.convert.CustomConversions - Adding converter from class java.util.Date to class [B as writing converter.
14631 [main] DEBUG o.s.data.convert.CustomConversions - Adding converter from class [B to class java.util.Date as reading converter.
14632 [main] DEBUG o.s.data.convert.CustomConversions - Adding converter from class java.util.UUID to class [B as writing converter.
14632 [main] DEBUG o.s.data.convert.CustomConversions - Adding converter from class [B to class java.util.UUID as reading converter.
14632 [main] DEBUG o.s.data.convert.CustomConversions - Adding converter from class java.time.LocalDateTime to class [B as writing converter.
14632 [main] DEBUG o.s.data.convert.CustomConversions - Adding converter from class [B to class java.time.LocalDateTime as reading converter.
14632 [main] DEBUG o.s.data.convert.CustomConversions - Adding converter from class java.time.LocalDate to class [B as writing converter.
14632 [main] DEBUG o.s.data.convert.CustomConversions - Adding converter from class [B to class java.time.LocalDate as reading converter.
14632 [main] DEBUG o.s.data.convert.CustomConversions - Adding converter from class java.time.LocalTime to class [B as writing converter.
14632 [main] DEBUG o.s.data.convert.CustomConversions - Adding converter from class [B to class java.time.LocalTime as reading converter.
14632 [main] DEBUG o.s.data.convert.CustomConversions - Adding converter from class java.time.ZonedDateTime to class [B as writing converter.
14632 [main] DEBUG o.s.data.convert.CustomConversions - Adding converter from class [B to class java.time.ZonedDateTime as reading converter.
14633 [main] DEBUG o.s.data.convert.CustomConversions - Adding converter from class java.time.Instant to class [B as writing converter.
14633 [main] DEBUG o.s.data.convert.CustomConversions - Adding converter from class [B to class java.time.Instant as reading converter.
14633 [main] DEBUG o.s.data.convert.CustomConversions - Adding converter from class java.time.ZoneId to class [B as writing converter.
14633 [main] DEBUG o.s.data.convert.CustomConversions - Adding converter from class [B to class java.time.ZoneId as reading converter.
14633 [main] DEBUG o.s.data.convert.CustomConversions - Adding converter from class java.time.Period to class [B as writing converter.
14633 [main] DEBUG o.s.data.convert.CustomConversions - Adding converter from class [B to class java.time.Period as reading converter.
14634 [main] DEBUG o.s.data.convert.CustomConversions - Adding converter from class java.time.Duration to class [B as writing converter.
14634 [main] DEBUG o.s.data.convert.CustomConversions - Adding converter from class [B to class java.time.Duration as reading converter.
14634 [main] DEBUG o.s.data.convert.CustomConversions - Adding converter from class java.util.Date to class java.time.LocalDateTime as reading converter.
14634 [main] DEBUG o.s.data.convert.CustomConversions - Adding converter from class java.time.LocalDateTime to class java.util.Date as writing converter.
14634 [main] DEBUG o.s.data.convert.CustomConversions - Adding converter from class java.util.Date to class java.time.LocalDate as reading converter.
14636 [main] DEBUG o.s.data.convert.CustomConversions - Adding converter from class java.time.LocalDate to class java.util.Date as writing converter.
14636 [main] DEBUG o.s.data.convert.CustomConversions - Adding converter from class java.util.Date to class java.time.LocalTime as reading converter.
14636 [main] DEBUG o.s.data.convert.CustomConversions - Adding converter from class java.time.LocalTime to class java.util.Date as writing converter.
14636 [main] DEBUG o.s.data.convert.CustomConversions - Adding converter from class java.util.Date to class java.time.Instant as reading converter.
14636 [main] DEBUG o.s.data.convert.CustomConversions - Adding converter from class java.time.Instant to class java.util.Date as writing converter.
14636 [main] DEBUG o.s.data.convert.CustomConversions - Adding converter from class java.time.LocalDateTime to class java.time.Instant as reading converter.
14636 [main] DEBUG o.s.data.convert.CustomConversions - Adding converter from class java.time.Instant to class java.time.LocalDateTime as reading converter.
14636 [main] DEBUG o.s.data.convert.CustomConversions - Adding converter from class java.time.ZoneId to class java.lang.String as writing converter.
14636 [main] DEBUG o.s.data.convert.CustomConversions - Adding converter from class java.lang.String to class java.time.ZoneId as reading converter.
14636 [main] DEBUG o.s.data.convert.CustomConversions - Adding converter from class java.time.Duration to class java.lang.String as writing converter.
14636 [main] DEBUG o.s.data.convert.CustomConversions - Adding converter from class java.lang.String to class java.time.Duration as reading converter.
14636 [main] DEBUG o.s.data.convert.CustomConversions - Adding converter from class java.time.Period to class java.lang.String as writing converter.
14636 [main] DEBUG o.s.data.convert.CustomConversions - Adding converter from class java.lang.String to class java.time.Period as reading converter.
14636 [main] DEBUG o.s.data.convert.CustomConversions - Adding converter from class java.lang.String to class java.time.LocalDate as reading converter.
14636 [main] DEBUG o.s.data.convert.CustomConversions - Adding converter from class java.lang.String to class java.time.LocalDateTime as reading converter.
14637 [main] DEBUG o.s.data.convert.CustomConversions - Adding converter from class java.lang.String to class java.time.Instant as reading converter.
14657 [main] DEBUG o.s.data.convert.CustomConversions - Adding converter from class java.lang.String to class [B as writing converter.
14657 [main] DEBUG o.s.data.convert.CustomConversions - Adding converter from class [B to class java.lang.String as reading converter.
14657 [main] DEBUG o.s.data.convert.CustomConversions - Adding converter from class java.lang.Number to class [B as writing converter.
14657 [main] DEBUG o.s.data.convert.CustomConversions - Adding converter from class [B to class java.lang.Number as reading converter.
14657 [main] DEBUG o.s.data.convert.CustomConversions - Adding converter from class java.lang.Enum to class [B as writing converter.
14657 [main] DEBUG o.s.data.convert.CustomConversions - Adding converter from class [B to class java.lang.Enum as reading converter.
14659 [main] DEBUG o.s.data.convert.CustomConversions - Adding converter from class java.lang.Boolean to class [B as writing converter.
14659 [main] DEBUG o.s.data.convert.CustomConversions - Adding converter from class [B to class java.lang.Boolean as reading converter.
14659 [main] DEBUG o.s.data.convert.CustomConversions - Adding converter from class java.util.Date to class [B as writing converter.
14659 [main] DEBUG o.s.data.convert.CustomConversions - Adding converter from class [B to class java.util.Date as reading converter.
14659 [main] DEBUG o.s.data.convert.CustomConversions - Adding converter from class java.util.UUID to class [B as writing converter.
14659 [main] DEBUG o.s.data.convert.CustomConversions - Adding converter from class [B to class java.util.UUID as reading converter.
14659 [main] DEBUG o.s.data.convert.CustomConversions - Adding converter from class java.time.LocalDateTime to class [B as writing converter.
14661 [main] DEBUG o.s.data.convert.CustomConversions - Adding converter from class [B to class java.time.LocalDateTime as reading converter.
14661 [main] DEBUG o.s.data.convert.CustomConversions - Adding converter from class java.time.LocalDate to class [B as writing converter.
14661 [main] DEBUG o.s.data.convert.CustomConversions - Adding converter from class [B to class java.time.LocalDate as reading converter.
14662 [main] DEBUG o.s.data.convert.CustomConversions - Adding converter from class java.time.LocalTime to class [B as writing converter.
14663 [main] DEBUG o.s.data.convert.CustomConversions - Adding converter from class [B to class java.time.LocalTime as reading converter.
14663 [main] DEBUG o.s.data.convert.CustomConversions - Adding converter from class java.time.ZonedDateTime to class [B as writing converter.
14663 [main] DEBUG o.s.data.convert.CustomConversions - Adding converter from class [B to class java.time.ZonedDateTime as reading converter.
14663 [main] DEBUG o.s.data.convert.CustomConversions - Adding converter from class java.time.Instant to class [B as writing converter.
14663 [main] DEBUG o.s.data.convert.CustomConversions - Adding converter from class [B to class java.time.Instant as reading converter.
14663 [main] DEBUG o.s.data.convert.CustomConversions - Adding converter from class java.time.ZoneId to class [B as writing converter.
14663 [main] DEBUG o.s.data.convert.CustomConversions - Adding converter from class [B to class java.time.ZoneId as reading converter.
14663 [main] DEBUG o.s.data.convert.CustomConversions - Adding converter from class java.time.Period to class [B as writing converter.
14663 [main] DEBUG o.s.data.convert.CustomConversions - Adding converter from class [B to class java.time.Period as reading converter.
14663 [main] DEBUG o.s.data.convert.CustomConversions - Adding converter from class java.time.Duration to class [B as writing converter.
14663 [main] DEBUG o.s.data.convert.CustomConversions - Adding converter from class [B to class java.time.Duration as reading converter.
14663 [main] DEBUG o.s.data.convert.CustomConversions - Adding converter from class java.util.Date to class java.time.LocalDateTime as reading converter.
14663 [main] DEBUG o.s.data.convert.CustomConversions - Adding converter from class java.time.LocalDateTime to class java.util.Date as writing converter.
14663 [main] DEBUG o.s.data.convert.CustomConversions - Adding converter from class java.util.Date to class java.time.LocalDate as reading converter.
14664 [main] DEBUG o.s.data.convert.CustomConversions - Adding converter from class java.time.LocalDate to class java.util.Date as writing converter.
14664 [main] DEBUG o.s.data.convert.CustomConversions - Adding converter from class java.util.Date to class java.time.LocalTime as reading converter.
14664 [main] DEBUG o.s.data.convert.CustomConversions - Adding converter from class java.time.LocalTime to class java.util.Date as writing converter.
14664 [main] DEBUG o.s.data.convert.CustomConversions - Adding converter from class java.util.Date to class java.time.Instant as reading converter.
14664 [main] DEBUG o.s.data.convert.CustomConversions - Adding converter from class java.time.Instant to class java.util.Date as writing converter.
14664 [main] DEBUG o.s.data.convert.CustomConversions - Adding converter from class java.time.LocalDateTime to class java.time.Instant as reading converter.
14665 [main] DEBUG o.s.data.convert.CustomConversions - Adding converter from class java.time.Instant to class java.time.LocalDateTime as reading converter.
14665 [main] DEBUG o.s.data.convert.CustomConversions - Adding converter from class java.time.ZoneId to class java.lang.String as writing converter.
14665 [main] DEBUG o.s.data.convert.CustomConversions - Adding converter from class java.lang.String to class java.time.ZoneId as reading converter.
14666 [main] DEBUG o.s.data.convert.CustomConversions - Adding converter from class java.time.Duration to class java.lang.String as writing converter.
14666 [main] DEBUG o.s.data.convert.CustomConversions - Adding converter from class java.lang.String to class java.time.Duration as reading converter.
14666 [main] DEBUG o.s.data.convert.CustomConversions - Adding converter from class java.time.Period to class java.lang.String as writing converter.
14666 [main] DEBUG o.s.data.convert.CustomConversions - Adding converter from class java.lang.String to class java.time.Period as reading converter.
14666 [main] DEBUG o.s.data.convert.CustomConversions - Adding converter from class java.lang.String to class java.time.LocalDate as reading converter.
14666 [main] DEBUG o.s.data.convert.CustomConversions - Adding converter from class java.lang.String to class java.time.LocalDateTime as reading converter.
14666 [main] DEBUG o.s.data.convert.CustomConversions - Adding converter from class java.lang.String to class java.time.Instant as reading converter.
14681 [main] DEBUG o.s.data.convert.CustomConversions - Adding converter from class java.lang.String to class [B as writing converter.
14682 [main] DEBUG o.s.data.convert.CustomConversions - Adding converter from class [B to class java.lang.String as reading converter.
14682 [main] DEBUG o.s.data.convert.CustomConversions - Adding converter from class java.lang.Number to class [B as writing converter.
14682 [main] DEBUG o.s.data.convert.CustomConversions - Adding converter from class [B to class java.lang.Number as reading converter.
14683 [main] DEBUG o.s.data.convert.CustomConversions - Adding converter from class java.lang.Enum to class [B as writing converter.
14686 [main] DEBUG o.s.data.convert.CustomConversions - Adding converter from class [B to class java.lang.Enum as reading converter.
14686 [main] DEBUG o.s.data.convert.CustomConversions - Adding converter from class java.lang.Boolean to class [B as writing converter.
14686 [main] DEBUG o.s.data.convert.CustomConversions - Adding converter from class [B to class java.lang.Boolean as reading converter.
14686 [main] DEBUG o.s.data.convert.CustomConversions - Adding converter from class java.util.Date to class [B as writing converter.
14687 [main] DEBUG o.s.data.convert.CustomConversions - Adding converter from class [B to class java.util.Date as reading converter.
14688 [main] DEBUG o.s.data.convert.CustomConversions - Adding converter from class java.util.UUID to class [B as writing converter.
14688 [main] DEBUG o.s.data.convert.CustomConversions - Adding converter from class [B to class java.util.UUID as reading converter.
14688 [main] DEBUG o.s.data.convert.CustomConversions - Adding converter from class java.time.LocalDateTime to class [B as writing converter.
14688 [main] DEBUG o.s.data.convert.CustomConversions - Adding converter from class [B to class java.time.LocalDateTime as reading converter.
14688 [main] DEBUG o.s.data.convert.CustomConversions - Adding converter from class java.time.LocalDate to class [B as writing converter.
14688 [main] DEBUG o.s.data.convert.CustomConversions - Adding converter from class [B to class java.time.LocalDate as reading converter.
14688 [main] DEBUG o.s.data.convert.CustomConversions - Adding converter from class java.time.LocalTime to class [B as writing converter.
14688 [main] DEBUG o.s.data.convert.CustomConversions - Adding converter from class [B to class java.time.LocalTime as reading converter.
14688 [main] DEBUG o.s.data.convert.CustomConversions - Adding converter from class java.time.ZonedDateTime to class [B as writing converter.
14688 [main] DEBUG o.s.data.convert.CustomConversions - Adding converter from class [B to class java.time.ZonedDateTime as reading converter.
14688 [main] DEBUG o.s.data.convert.CustomConversions - Adding converter from class java.time.Instant to class [B as writing converter.
14688 [main] DEBUG o.s.data.convert.CustomConversions - Adding converter from class [B to class java.time.Instant as reading converter.
14688 [main] DEBUG o.s.data.convert.CustomConversions - Adding converter from class java.time.ZoneId to class [B as writing converter.
14694 [main] DEBUG o.s.data.convert.CustomConversions - Adding converter from class [B to class java.time.ZoneId as reading converter.
14694 [main] DEBUG o.s.data.convert.CustomConversions - Adding converter from class java.time.Period to class [B as writing converter.
14694 [main] DEBUG o.s.data.convert.CustomConversions - Adding converter from class [B to class java.time.Period as reading converter.
14701 [main] DEBUG o.s.data.convert.CustomConversions - Adding converter from class java.time.Duration to class [B as writing converter.
14701 [main] DEBUG o.s.data.convert.CustomConversions - Adding converter from class [B to class java.time.Duration as reading converter.
14701 [main] DEBUG o.s.data.convert.CustomConversions - Adding converter from class java.util.Date to class java.time.LocalDateTime as reading converter.
14701 [main] DEBUG o.s.data.convert.CustomConversions - Adding converter from class java.time.LocalDateTime to class java.util.Date as writing converter.
14701 [main] DEBUG o.s.data.convert.CustomConversions - Adding converter from class java.util.Date to class java.time.LocalDate as reading converter.
14701 [main] DEBUG o.s.data.convert.CustomConversions - Adding converter from class java.time.LocalDate to class java.util.Date as writing converter.
14703 [main] DEBUG o.s.data.convert.CustomConversions - Adding converter from class java.util.Date to class java.time.LocalTime as reading converter.
14712 [main] DEBUG o.s.data.convert.CustomConversions - Adding converter from class java.time.LocalTime to class java.util.Date as writing converter.
14712 [main] DEBUG o.s.data.convert.CustomConversions - Adding converter from class java.util.Date to class java.time.Instant as reading converter.
14713 [main] DEBUG o.s.data.convert.CustomConversions - Adding converter from class java.time.Instant to class java.util.Date as writing converter.
14713 [main] DEBUG o.s.data.convert.CustomConversions - Adding converter from class java.time.LocalDateTime to class java.time.Instant as reading converter.
14713 [main] DEBUG o.s.data.convert.CustomConversions - Adding converter from class java.time.Instant to class java.time.LocalDateTime as reading converter.
14713 [main] DEBUG o.s.data.convert.CustomConversions - Adding converter from class java.time.ZoneId to class java.lang.String as writing converter.
14713 [main] DEBUG o.s.data.convert.CustomConversions - Adding converter from class java.lang.String to class java.time.ZoneId as reading converter.
14714 [main] DEBUG o.s.data.convert.CustomConversions - Adding converter from class java.time.Duration to class java.lang.String as writing converter.
14714 [main] DEBUG o.s.data.convert.CustomConversions - Adding converter from class java.lang.String to class java.time.Duration as reading converter.
14714 [main] DEBUG o.s.data.convert.CustomConversions - Adding converter from class java.time.Period to class java.lang.String as writing converter.
14714 [main] DEBUG o.s.data.convert.CustomConversions - Adding converter from class java.lang.String to class java.time.Period as reading converter.
14715 [main] DEBUG o.s.data.convert.CustomConversions - Adding converter from class java.lang.String to class java.time.LocalDate as reading converter.
14715 [main] DEBUG o.s.data.convert.CustomConversions - Adding converter from class java.lang.String to class java.time.LocalDateTime as reading converter.
14715 [main] DEBUG o.s.data.convert.CustomConversions - Adding converter from class java.lang.String to class java.time.Instant as reading converter.
14782 [main] DEBUG o.s.b.f.s.DefaultListableBeanFactory - Creating shared instance of singleton bean 'stringRedisTemplate'
14782 [main] DEBUG o.s.b.f.s.DefaultListableBeanFactory - Autowiring by type from bean name 'stringRedisTemplate' via factory method to bean named 'redisConnectionFactory'
14789 [main] DEBUG o.s.b.f.s.DefaultListableBeanFactory - Creating shared instance of singleton bean 'org.springframework.boot.autoconfigure.context.ConfigurationPropertiesAutoConfiguration'
14791 [main] DEBUG o.s.b.f.s.DefaultListableBeanFactory - Creating shared instance of singleton bean 'org.springframework.boot.autoconfigure.context.LifecycleAutoConfiguration'
14792 [main] DEBUG o.s.b.f.s.DefaultListableBeanFactory - Creating shared instance of singleton bean 'lifecycleProcessor'
14793 [main] DEBUG o.s.b.f.s.DefaultListableBeanFactory - Creating shared instance of singleton bean 'spring.lifecycle-org.springframework.boot.autoconfigure.context.LifecycleProperties'
14795 [main] DEBUG o.s.b.f.s.DefaultListableBeanFactory - Autowiring by type from bean name 'lifecycleProcessor' via factory method to bean named 'spring.lifecycle-org.springframework.boot.autoconfigure.context.LifecycleProperties'
14798 [main] DEBUG o.s.b.f.s.DefaultListableBeanFactory - Creating shared instance of singleton bean 'org.springframework.boot.autoconfigure.dao.PersistenceExceptionTranslationAutoConfiguration'
14799 [main] DEBUG o.s.b.f.s.DefaultListableBeanFactory - Creating shared instance of singleton bean 'org.springframework.boot.autoconfigure.data.redis.RedisReactiveAutoConfiguration'
14799 [main] DEBUG o.s.b.f.s.DefaultListableBeanFactory - Creating shared instance of singleton bean 'reactiveRedisTemplate'
14801 [main] DEBUG o.s.b.f.s.DefaultListableBeanFactory - Autowiring by type from bean name 'reactiveRedisTemplate' via factory method to bean named 'redisConnectionFactory'
14801 [main] DEBUG o.s.b.f.s.DefaultListableBeanFactory - Autowiring by type from bean name 'reactiveRedisTemplate' via factory method to bean named 'org.springframework.boot.web.servlet.context.AnnotationConfigServletWebServerApplicationContext@2cf3d63b'
14920 [main] DEBUG o.s.b.f.s.DefaultListableBeanFactory - Creating shared instance of singleton bean 'reactiveStringRedisTemplate'
14927 [main] DEBUG o.s.b.f.s.DefaultListableBeanFactory - Autowiring by type from bean name 'reactiveStringRedisTemplate' via factory method to bean named 'redisConnectionFactory'
14937 [main] DEBUG o.s.b.f.s.DefaultListableBeanFactory - Creating shared instance of singleton bean 'org.springframework.boot.autoconfigure.data.redis.RedisRepositoriesAutoConfiguration'
14939 [main] DEBUG o.s.b.f.s.DefaultListableBeanFactory - Creating shared instance of singleton bean 'keyValueMappingContext'
6521 [main] DEBUG o.s.c.e.PropertySourcesPropertyResolver - Found key 'spring.servlet.multipart.enabled' in PropertySource 'configurationProperties' with value of type Boolean
15004 [main] DEBUG o.s.b.f.s.DefaultListableBeanFactory - Creating shared instance of singleton bean 'redisCustomConversions'
15008 [main] DEBUG o.s.data.convert.CustomConversions - Adding converter from class java.lang.String to class [B as writing converter.
15008 [main] DEBUG o.s.data.convert.CustomConversions - Adding converter from class [B to class java.lang.String as reading converter.
15008 [main] DEBUG o.s.data.convert.CustomConversions - Adding converter from class java.lang.Number to class [B as writing converter.
15008 [main] DEBUG o.s.data.convert.CustomConversions - Adding converter from class [B to class java.lang.Number as reading converter.
15008 [main] DEBUG o.s.data.convert.CustomConversions - Adding converter from class java.lang.Enum to class [B as writing converter.
15008 [main] DEBUG o.s.data.convert.CustomConversions - Adding converter from class [B to class java.lang.Enum as reading converter.
15009 [main] DEBUG o.s.data.convert.CustomConversions - Adding converter from class java.lang.Boolean to class [B as writing converter.
15009 [main] DEBUG o.s.data.convert.CustomConversions - Adding converter from class [B to class java.lang.Boolean as reading converter.
15009 [main] DEBUG o.s.data.convert.CustomConversions - Adding converter from class java.util.Date to class [B as writing converter.
15009 [main] DEBUG o.s.data.convert.CustomConversions - Adding converter from class [B to class java.util.Date as reading converter.
15009 [main] DEBUG o.s.data.convert.CustomConversions - Adding converter from class java.util.UUID to class [B as writing converter.
15009 [main] DEBUG o.s.data.convert.CustomConversions - Adding converter from class [B to class java.util.UUID as reading converter.
15010 [main] DEBUG o.s.data.convert.CustomConversions - Adding converter from class java.time.LocalDateTime to class [B as writing converter.
15010 [main] DEBUG o.s.data.convert.CustomConversions - Adding converter from class [B to class java.time.LocalDateTime as reading converter.
15010 [main] DEBUG o.s.data.convert.CustomConversions - Adding converter from class java.time.LocalDate to class [B as writing converter.
15010 [main] DEBUG o.s.data.convert.CustomConversions - Adding converter from class [B to class java.time.LocalDate as reading converter.
15010 [main] DEBUG o.s.data.convert.CustomConversions - Adding converter from class java.time.LocalTime to class [B as writing converter.
15010 [main] DEBUG o.s.data.convert.CustomConversions - Adding converter from class [B to class java.time.LocalTime as reading converter.
15010 [main] DEBUG o.s.data.convert.CustomConversions - Adding converter from class java.time.ZonedDateTime to class [B as writing converter.
15011 [main] DEBUG o.s.data.convert.CustomConversions - Adding converter from class [B to class java.time.ZonedDateTime as reading converter.
15011 [main] DEBUG o.s.data.convert.CustomConversions - Adding converter from class java.time.Instant to class [B as writing converter.
15014 [main] DEBUG o.s.data.convert.CustomConversions - Adding converter from class [B to class java.time.Instant as reading converter.
15015 [main] DEBUG o.s.data.convert.CustomConversions - Adding converter from class java.time.ZoneId to class [B as writing converter.
15015 [main] DEBUG o.s.data.convert.CustomConversions - Adding converter from class [B to class java.time.ZoneId as reading converter.
15015 [main] DEBUG o.s.data.convert.CustomConversions - Adding converter from class java.time.Period to class [B as writing converter.
15015 [main] DEBUG o.s.data.convert.CustomConversions - Adding converter from class [B to class java.time.Period as reading converter.
15015 [main] DEBUG o.s.data.convert.CustomConversions - Adding converter from class java.time.Duration to class [B as writing converter.
15016 [main] DEBUG o.s.data.convert.CustomConversions - Adding converter from class [B to class java.time.Duration as reading converter.
15016 [main] DEBUG o.s.data.convert.CustomConversions - Adding converter from class java.util.Date to class java.time.LocalDateTime as reading converter.
15016 [main] DEBUG o.s.data.convert.CustomConversions - Adding converter from class java.time.LocalDateTime to class java.util.Date as writing converter.
15016 [main] DEBUG o.s.data.convert.CustomConversions - Adding converter from class java.util.Date to class java.time.LocalDate as reading converter.
15016 [main] DEBUG o.s.data.convert.CustomConversions - Adding converter from class java.time.LocalDate to class java.util.Date as writing converter.
15016 [main] DEBUG o.s.data.convert.CustomConversions - Adding converter from class java.util.Date to class java.time.LocalTime as reading converter.
15016 [main] DEBUG o.s.data.convert.CustomConversions - Adding converter from class java.time.LocalTime to class java.util.Date as writing converter.
15016 [main] DEBUG o.s.data.convert.CustomConversions - Adding converter from class java.util.Date to class java.time.Instant as reading converter.
15017 [main] DEBUG o.s.data.convert.CustomConversions - Adding converter from class java.time.Instant to class java.util.Date as writing converter.
15017 [main] DEBUG o.s.data.convert.CustomConversions - Adding converter from class java.time.LocalDateTime to class java.time.Instant as reading converter.
15017 [main] DEBUG o.s.data.convert.CustomConversions - Adding converter from class java.time.Instant to class java.time.LocalDateTime as reading converter.
15017 [main] DEBUG o.s.data.convert.CustomConversions - Adding converter from class java.time.ZoneId to class java.lang.String as writing converter.
15017 [main] DEBUG o.s.data.convert.CustomConversions - Adding converter from class java.lang.String to class java.time.ZoneId as reading converter.
15017 [main] DEBUG o.s.data.convert.CustomConversions - Adding converter from class java.time.Duration to class java.lang.String as writing converter.
15017 [main] DEBUG o.s.data.convert.CustomConversions - Adding converter from class java.lang.String to class java.time.Duration as reading converter.
15017 [main] DEBUG o.s.data.convert.CustomConversions - Adding converter from class java.time.Period to class java.lang.String as writing converter.
15017 [main] DEBUG o.s.data.convert.CustomConversions - Adding converter from class java.lang.String to class java.time.Period as reading converter.
15018 [main] DEBUG o.s.data.convert.CustomConversions - Adding converter from class java.lang.String to class java.time.LocalDate as reading converter.
15018 [main] DEBUG o.s.data.convert.CustomConversions - Adding converter from class java.lang.String to class java.time.LocalDateTime as reading converter.
15018 [main] DEBUG o.s.data.convert.CustomConversions - Adding converter from class java.lang.String to class java.time.Instant as reading converter.
15019 [main] DEBUG o.s.b.f.s.DefaultListableBeanFactory - Creating shared instance of singleton bean 'redisReferenceResolver'
15025 [main] DEBUG o.s.b.f.s.DefaultListableBeanFactory - Creating shared instance of singleton bean 'redisConverter'
15046 [main] DEBUG o.s.data.convert.CustomConversions - Adding converter from class java.lang.String to class [B as writing converter.
15046 [main] DEBUG o.s.data.convert.CustomConversions - Adding converter from class [B to class java.lang.String as reading converter.
15046 [main] DEBUG o.s.data.convert.CustomConversions - Adding converter from class java.lang.Number to class [B as writing converter.
15046 [main] DEBUG o.s.data.convert.CustomConversions - Adding converter from class [B to class java.lang.Number as reading converter.
15046 [main] DEBUG o.s.data.convert.CustomConversions - Adding converter from class java.lang.Enum to class [B as writing converter.
15047 [main] DEBUG o.s.data.convert.CustomConversions - Adding converter from class [B to class java.lang.Enum as reading converter.
15047 [main] DEBUG o.s.data.convert.CustomConversions - Adding converter from class java.lang.Boolean to class [B as writing converter.
15047 [main] DEBUG o.s.data.convert.CustomConversions - Adding converter from class [B to class java.lang.Boolean as reading converter.
15047 [main] DEBUG o.s.data.convert.CustomConversions - Adding converter from class java.util.Date to class [B as writing converter.
15047 [main] DEBUG o.s.data.convert.CustomConversions - Adding converter from class [B to class java.util.Date as reading converter.
15047 [main] DEBUG o.s.data.convert.CustomConversions - Adding converter from class java.util.UUID to class [B as writing converter.
15047 [main] DEBUG o.s.data.convert.CustomConversions - Adding converter from class [B to class java.util.UUID as reading converter.
15048 [main] DEBUG o.s.data.convert.CustomConversions - Adding converter from class java.time.LocalDateTime to class [B as writing converter.
15049 [main] DEBUG o.s.data.convert.CustomConversions - Adding converter from class [B to class java.time.LocalDateTime as reading converter.
15049 [main] DEBUG o.s.data.convert.CustomConversions - Adding converter from class java.time.LocalDate to class [B as writing converter.
15049 [main] DEBUG o.s.data.convert.CustomConversions - Adding converter from class [B to class java.time.LocalDate as reading converter.
15049 [main] DEBUG o.s.data.convert.CustomConversions - Adding converter from class java.time.LocalTime to class [B as writing converter.
15050 [main] DEBUG o.s.data.convert.CustomConversions - Adding converter from class [B to class java.time.LocalTime as reading converter.
15050 [main] DEBUG o.s.data.convert.CustomConversions - Adding converter from class java.time.ZonedDateTime to class [B as writing converter.
15050 [main] DEBUG o.s.data.convert.CustomConversions - Adding converter from class [B to class java.time.ZonedDateTime as reading converter.
15050 [main] DEBUG o.s.data.convert.CustomConversions - Adding converter from class java.time.Instant to class [B as writing converter.
15050 [main] DEBUG o.s.data.convert.CustomConversions - Adding converter from class [B to class java.time.Instant as reading converter.
15050 [main] DEBUG o.s.data.convert.CustomConversions - Adding converter from class java.time.ZoneId to class [B as writing converter.
15050 [main] DEBUG o.s.data.convert.CustomConversions - Adding converter from class [B to class java.time.ZoneId as reading converter.
15050 [main] DEBUG o.s.data.convert.CustomConversions - Adding converter from class java.time.Period to class [B as writing converter.
15050 [main] DEBUG o.s.data.convert.CustomConversions - Adding converter from class [B to class java.time.Period as reading converter.
15050 [main] DEBUG o.s.data.convert.CustomConversions - Adding converter from class java.time.Duration to class [B as writing converter.
15050 [main] DEBUG o.s.data.convert.CustomConversions - Adding converter from class [B to class java.time.Duration as reading converter.
15051 [main] DEBUG o.s.data.convert.CustomConversions - Adding converter from class java.util.Date to class java.time.LocalDateTime as reading converter.
15051 [main] DEBUG o.s.data.convert.CustomConversions - Adding converter from class java.time.LocalDateTime to class java.util.Date as writing converter.
15051 [main] DEBUG o.s.data.convert.CustomConversions - Adding converter from class java.util.Date to class java.time.LocalDate as reading converter.
15051 [main] DEBUG o.s.data.convert.CustomConversions - Adding converter from class java.time.LocalDate to class java.util.Date as writing converter.
15051 [main] DEBUG o.s.data.convert.CustomConversions - Adding converter from class java.util.Date to class java.time.LocalTime as reading converter.
15051 [main] DEBUG o.s.data.convert.CustomConversions - Adding converter from class java.time.LocalTime to class java.util.Date as writing converter.
15051 [main] DEBUG o.s.data.convert.CustomConversions - Adding converter from class java.util.Date to class java.time.Instant as reading converter.
15051 [main] DEBUG o.s.data.convert.CustomConversions - Adding converter from class java.time.Instant to class java.util.Date as writing converter.
15052 [main] DEBUG o.s.data.convert.CustomConversions - Adding converter from class java.time.LocalDateTime to class java.time.Instant as reading converter.
15052 [main] DEBUG o.s.data.convert.CustomConversions - Adding converter from class java.time.Instant to class java.time.LocalDateTime as reading converter.
15052 [main] DEBUG o.s.data.convert.CustomConversions - Adding converter from class java.time.ZoneId to class java.lang.String as writing converter.
15052 [main] DEBUG o.s.data.convert.CustomConversions - Adding converter from class java.lang.String to class java.time.ZoneId as reading converter.
15052 [main] DEBUG o.s.data.convert.CustomConversions - Adding converter from class java.time.Duration to class java.lang.String as writing converter.
15052 [main] DEBUG o.s.data.convert.CustomConversions - Adding converter from class java.lang.String to class java.time.Duration as reading converter.
15052 [main] DEBUG o.s.data.convert.CustomConversions - Adding converter from class java.time.Period to class java.lang.String as writing converter.
15052 [main] DEBUG o.s.data.convert.CustomConversions - Adding converter from class java.lang.String to class java.time.Period as reading converter.
15053 [main] DEBUG o.s.data.convert.CustomConversions - Adding converter from class java.lang.String to class java.time.LocalDate as reading converter.
15053 [main] DEBUG o.s.data.convert.CustomConversions - Adding converter from class java.lang.String to class java.time.LocalDateTime as reading converter.
15053 [main] DEBUG o.s.data.convert.CustomConversions - Adding converter from class java.lang.String to class java.time.Instant as reading converter.
15055 [main] DEBUG o.s.data.convert.CustomConversions - Adding converter from class java.lang.String to class [B as writing converter.
15056 [main] DEBUG o.s.data.convert.CustomConversions - Adding converter from class [B to class java.lang.String as reading converter.
15056 [main] DEBUG o.s.data.convert.CustomConversions - Adding converter from class java.lang.Number to class [B as writing converter.
15056 [main] DEBUG o.s.data.convert.CustomConversions - Adding converter from class [B to class java.lang.Number as reading converter.
15056 [main] DEBUG o.s.data.convert.CustomConversions - Adding converter from class java.lang.Enum to class [B as writing converter.
15056 [main] DEBUG o.s.data.convert.CustomConversions - Adding converter from class [B to class java.lang.Enum as reading converter.
15056 [main] DEBUG o.s.data.convert.CustomConversions - Adding converter from class java.lang.Boolean to class [B as writing converter.
15056 [main] DEBUG o.s.data.convert.CustomConversions - Adding converter from class [B to class java.lang.Boolean as reading converter.
15057 [main] DEBUG o.s.data.convert.CustomConversions - Adding converter from class java.util.Date to class [B as writing converter.
15057 [main] DEBUG o.s.data.convert.CustomConversions - Adding converter from class [B to class java.util.Date as reading converter.
15057 [main] DEBUG o.s.data.convert.CustomConversions - Adding converter from class java.util.UUID to class [B as writing converter.
15057 [main] DEBUG o.s.data.convert.CustomConversions - Adding converter from class [B to class java.util.UUID as reading converter.
15057 [main] DEBUG o.s.data.convert.CustomConversions - Adding converter from class java.time.LocalDateTime to class [B as writing converter.
15057 [main] DEBUG o.s.data.convert.CustomConversions - Adding converter from class [B to class java.time.LocalDateTime as reading converter.
15057 [main] DEBUG o.s.data.convert.CustomConversions - Adding converter from class java.time.LocalDate to class [B as writing converter.
15057 [main] DEBUG o.s.data.convert.CustomConversions - Adding converter from class [B to class java.time.LocalDate as reading converter.
15057 [main] DEBUG o.s.data.convert.CustomConversions - Adding converter from class java.time.LocalTime to class [B as writing converter.
15057 [main] DEBUG o.s.data.convert.CustomConversions - Adding converter from class [B to class java.time.LocalTime as reading converter.
15058 [main] DEBUG o.s.data.convert.CustomConversions - Adding converter from class java.time.ZonedDateTime to class [B as writing converter.
15058 [main] DEBUG o.s.data.convert.CustomConversions - Adding converter from class [B to class java.time.ZonedDateTime as reading converter.
15058 [main] DEBUG o.s.data.convert.CustomConversions - Adding converter from class java.time.Instant to class [B as writing converter.
15058 [main] DEBUG o.s.data.convert.CustomConversions - Adding converter from class [B to class java.time.Instant as reading converter.
15058 [main] DEBUG o.s.data.convert.CustomConversions - Adding converter from class java.time.ZoneId to class [B as writing converter.
15058 [main] DEBUG o.s.data.convert.CustomConversions - Adding converter from class [B to class java.time.ZoneId as reading converter.
15059 [main] DEBUG o.s.data.convert.CustomConversions - Adding converter from class java.time.Period to class [B as writing converter.
15059 [main] DEBUG o.s.data.convert.CustomConversions - Adding converter from class [B to class java.time.Period as reading converter.
15059 [main] DEBUG o.s.data.convert.CustomConversions - Adding converter from class java.time.Duration to class [B as writing converter.
15059 [main] DEBUG o.s.data.convert.CustomConversions - Adding converter from class [B to class java.time.Duration as reading converter.
15059 [main] DEBUG o.s.data.convert.CustomConversions - Adding converter from class java.util.Date to class java.time.LocalDateTime as reading converter.
15059 [main] DEBUG o.s.data.convert.CustomConversions - Adding converter from class java.time.LocalDateTime to class java.util.Date as writing converter.
15059 [main] DEBUG o.s.data.convert.CustomConversions - Adding converter from class java.util.Date to class java.time.LocalDate as reading converter.
15059 [main] DEBUG o.s.data.convert.CustomConversions - Adding converter from class java.time.LocalDate to class java.util.Date as writing converter.
15059 [main] DEBUG o.s.data.convert.CustomConversions - Adding converter from class java.util.Date to class java.time.LocalTime as reading converter.
15060 [main] DEBUG o.s.data.convert.CustomConversions - Adding converter from class java.time.LocalTime to class java.util.Date as writing converter.
15060 [main] DEBUG o.s.data.convert.CustomConversions - Adding converter from class java.util.Date to class java.time.Instant as reading converter.
15060 [main] DEBUG o.s.data.convert.CustomConversions - Adding converter from class java.time.Instant to class java.util.Date as writing converter.
15060 [main] DEBUG o.s.data.convert.CustomConversions - Adding converter from class java.time.LocalDateTime to class java.time.Instant as reading converter.
15060 [main] DEBUG o.s.data.convert.CustomConversions - Adding converter from class java.time.Instant to class java.time.LocalDateTime as reading converter.
15060 [main] DEBUG o.s.data.convert.CustomConversions - Adding converter from class java.time.ZoneId to class java.lang.String as writing converter.
15061 [main] DEBUG o.s.data.convert.CustomConversions - Adding converter from class java.lang.String to class java.time.ZoneId as reading converter.
15061 [main] DEBUG o.s.data.convert.CustomConversions - Adding converter from class java.time.Duration to class java.lang.String as writing converter.
15061 [main] DEBUG o.s.data.convert.CustomConversions - Adding converter from class java.lang.String to class java.time.Duration as reading converter.
15061 [main] DEBUG o.s.data.convert.CustomConversions - Adding converter from class java.time.Period to class java.lang.String as writing converter.
15061 [main] DEBUG o.s.data.convert.CustomConversions - Adding converter from class java.lang.String to class java.time.Period as reading converter.
15062 [main] DEBUG o.s.data.convert.CustomConversions - Adding converter from class java.lang.String to class java.time.LocalDate as reading converter.
15063 [main] DEBUG o.s.data.convert.CustomConversions - Adding converter from class java.lang.String to class java.time.LocalDateTime as reading converter.
15063 [main] DEBUG o.s.data.convert.CustomConversions - Adding converter from class java.lang.String to class java.time.Instant as reading converter.
15116 [main] DEBUG o.s.b.f.s.DefaultListableBeanFactory - Creating shared instance of singleton bean 'redisKeyValueAdapter'
15144 [main] DEBUG o.s.d.r.l.RedisMessageListenerContainer - Postpone listening for Redis messages until actual listeners are added
15144 [main] DEBUG o.s.d.r.l.RedisMessageListenerContainer - Started RedisMessageListenerContainer
15174 [main] DEBUG o.s.b.f.s.DefaultListableBeanFactory - Creating shared instance of singleton bean 'redisKeyValueTemplate'
15185 [main] DEBUG o.s.b.f.s.DefaultListableBeanFactory - Creating shared instance of singleton bean 'org.springframework.boot.autoconfigure.gson.GsonAutoConfiguration'
15186 [main] DEBUG o.s.b.f.s.DefaultListableBeanFactory - Creating shared instance of singleton bean 'gsonBuilder'
15187 [main] DEBUG o.s.b.f.s.DefaultListableBeanFactory - Creating shared instance of singleton bean 'standardGsonBuilderCustomizer'
15188 [main] DEBUG o.s.b.f.s.DefaultListableBeanFactory - Creating shared instance of singleton bean 'spring.gson-org.springframework.boot.autoconfigure.gson.GsonProperties'
15205 [main] DEBUG o.s.b.f.s.DefaultListableBeanFactory - Autowiring by type from bean name 'standardGsonBuilderCustomizer' via factory method to bean named 'spring.gson-org.springframework.boot.autoconfigure.gson.GsonProperties'
15206 [main] DEBUG o.s.b.f.s.DefaultListableBeanFactory - Autowiring by type from bean name 'gsonBuilder' via factory method to bean named 'standardGsonBuilderCustomizer'
15225 [main] DEBUG o.s.b.f.s.DefaultListableBeanFactory - Creating shared instance of singleton bean 'gson'
15226 [main] DEBUG o.s.b.f.s.DefaultListableBeanFactory - Autowiring by type from bean name 'gson' via factory method to bean named 'gsonBuilder'
15295 [main] DEBUG o.s.b.f.s.DefaultListableBeanFactory - Creating shared instance of singleton bean 'org.springframework.boot.autoconfigure.http.JacksonHttpMessageConvertersConfiguration'
15296 [main] DEBUG o.s.b.f.s.DefaultListableBeanFactory - Creating shared instance of singleton bean 'org.springframework.boot.autoconfigure.http.GsonHttpMessageConvertersConfiguration'
15296 [main] DEBUG o.s.b.f.s.DefaultListableBeanFactory - Creating shared instance of singleton bean 'org.springframework.data.web.config.ProjectingArgumentResolverRegistrar'
15297 [main] DEBUG o.s.b.f.s.DefaultListableBeanFactory - Creating shared instance of singleton bean 'freeMarkerConfigurer'
6949 [main] DEBUG o.s.b.f.s.DefaultListableBeanFactory - Creating shared instance of singleton bean 'propertySourcesPlaceholderConfigurer'
6969 [main] DEBUG o.s.b.f.s.DefaultListableBeanFactory - Creating shared instance of singleton bean 'org.springframework.context.event.internalEventListenerProcessor'
6973 [main] DEBUG o.s.b.f.s.DefaultListableBeanFactory - Creating shared instance of singleton bean 'preserveErrorControllerTargetClassPostProcessor'
6976 [main] DEBUG o.s.b.f.s.DefaultListableBeanFactory - Creating shared instance of singleton bean 'org.springframework.context.event.internalEventListenerFactory'
6977 [main] DEBUG o.s.b.f.s.DefaultListableBeanFactory - Creating shared instance of singleton bean 'org.springframework.transaction.config.internalTransactionalEventListenerFactory'
6987 [main] DEBUG o.s.b.f.s.DefaultListableBeanFactory - Creating shared instance of singleton bean 'org.springframework.context.annotation.internalAutowiredAnnotationProcessor'
6990 [main] DEBUG o.s.b.f.s.DefaultListableBeanFactory - Creating shared instance of singleton bean 'org.springframework.context.annotation.internalCommonAnnotationProcessor'
7015 [main] DEBUG o.s.b.f.s.DefaultListableBeanFactory - Creating shared instance of singleton bean 'org.springframework.boot.context.properties.ConfigurationPropertiesBindingPostProcessor'
7015 [main] DEBUG o.s.b.f.s.DefaultListableBeanFactory - Creating shared instance of singleton bean 'org.springframework.boot.context.internalConfigurationPropertiesBinder'
7016 [main] DEBUG o.s.b.f.s.DefaultListableBeanFactory - Creating shared instance of singleton bean 'org.springframework.boot.context.internalConfigurationPropertiesBinderFactory'
7024 [main] DEBUG o.s.b.f.s.DefaultListableBeanFactory - Creating shared instance of singleton bean 'dataSourceInitializerPostProcessor'
7036 [main] DEBUG o.s.b.f.s.DefaultListableBeanFactory - Creating shared instance of singleton bean 'persistenceExceptionTranslationPostProcessor'
7083 [main] DEBUG o.s.b.f.s.DefaultListableBeanFactory - Autowiring by type from bean name 'persistenceExceptionTranslationPostProcessor' via factory method to bean named 'environment'
7104 [main] DEBUG o.s.b.f.s.DefaultListableBeanFactory - Creating shared instance of singleton bean 'org.springframework.aop.config.internalAutoProxyCreator'
7172 [main] DEBUG o.s.b.f.s.DefaultListableBeanFactory - Creating shared instance of singleton bean 'webServerFactoryCustomizerBeanPostProcessor'
7173 [main] DEBUG o.s.b.f.s.DefaultListableBeanFactory - Creating shared instance of singleton bean 'errorPageRegistrarBeanPostProcessor'
7174 [main] DEBUG o.s.b.f.s.DefaultListableBeanFactory - Creating shared instance of singleton bean 'projectingArgumentResolverBeanPostProcessor'
15678 [main] DEBUG o.s.w.s.v.f.FreeMarkerConfigurer - File system access not preferred: using SpringTemplateLoader
15680 [main] DEBUG o.s.u.f.SpringTemplateLoader - SpringTemplateLoader for FreeMarker: using resource loader [org.springframework.boot.web.servlet.context.AnnotationConfigServletWebServerApplicationContext@2cf3d63b, started on Sun Apr 25 18:56:17 CST 2021] and template loader path [classpath:/templates/]
15690 [main] DEBUG o.s.b.f.s.DefaultListableBeanFactory - Creating shared instance of singleton bean 'freeMarkerConfiguration'
15692 [main] DEBUG o.s.b.f.s.DefaultListableBeanFactory - Autowiring by type from bean name 'freeMarkerConfiguration' via factory method to bean named 'freeMarkerConfigurer'
15747 [main] DEBUG o.s.b.f.s.DefaultListableBeanFactory - Creating shared instance of singleton bean 'org.springframework.boot.autoconfigure.freemarker.FreeMarkerAutoConfiguration'
15752 [main] DEBUG o.s.b.f.s.DefaultListableBeanFactory - Autowiring by type from bean name 'org.springframework.boot.autoconfigure.freemarker.FreeMarkerAutoConfiguration' via constructor to bean named 'org.springframework.boot.web.servlet.context.AnnotationConfigServletWebServerApplicationContext@2cf3d63b'
15753 [main] DEBUG o.s.b.f.s.DefaultListableBeanFactory - Autowiring by type from bean name 'org.springframework.boot.autoconfigure.freemarker.FreeMarkerAutoConfiguration' via constructor to bean named 'spring.freemarker-org.springframework.boot.autoconfigure.freemarker.FreeMarkerProperties'
15762 [main] WARN  o.s.b.a.f.FreeMarkerAutoConfiguration - Cannot find template location(s): [classpath:/templates/] (please add some templates, check your FreeMarker configuration, or set spring.freemarker.checkTemplateLocation=false)
15762 [main] DEBUG o.s.b.f.s.DefaultListableBeanFactory - Creating shared instance of singleton bean 'org.springframework.boot.autoconfigure.info.ProjectInfoAutoConfiguration'
7283 [main] DEBUG o.s.b.f.s.DefaultListableBeanFactory - Creating shared instance of singleton bean 'org.springframework.transaction.config.internalTransactionAdvisor'
7284 [main] DEBUG o.s.b.f.s.DefaultListableBeanFactory - Creating shared instance of singleton bean 'org.springframework.transaction.annotation.ProxyTransactionManagementConfiguration'
15784 [main] DEBUG o.s.b.f.s.DefaultListableBeanFactory - Creating shared instance of singleton bean 'spring.info-org.springframework.boot.autoconfigure.info.ProjectInfoProperties'
15788 [main] DEBUG o.s.b.f.s.DefaultListableBeanFactory - Autowiring by type from bean name 'org.springframework.boot.autoconfigure.info.ProjectInfoAutoConfiguration' via constructor to bean named 'spring.info-org.springframework.boot.autoconfigure.info.ProjectInfoProperties'
15789 [main] DEBUG o.s.b.f.s.DefaultListableBeanFactory - Creating shared instance of singleton bean 'org.springframework.boot.autoconfigure.jdbc.JdbcTemplateConfiguration'
15790 [main] DEBUG o.s.b.f.s.DefaultListableBeanFactory - Creating shared instance of singleton bean 'jdbcTemplate'
15791 [main] DEBUG o.s.b.f.s.DefaultListableBeanFactory - Creating shared instance of singleton bean 'spring.jdbc-org.springframework.boot.autoconfigure.jdbc.JdbcProperties'
15796 [main] DEBUG o.s.b.f.s.DefaultListableBeanFactory - Autowiring by type from bean name 'jdbcTemplate' via factory method to bean named 'dataSource'
15796 [main] DEBUG o.s.b.f.s.DefaultListableBeanFactory - Autowiring by type from bean name 'jdbcTemplate' via factory method to bean named 'spring.jdbc-org.springframework.boot.autoconfigure.jdbc.JdbcProperties'
7394 [main] DEBUG o.s.b.f.s.DefaultListableBeanFactory - Creating shared instance of singleton bean 'transactionAttributeSource'
15880 [main] DEBUG o.s.b.f.s.DefaultListableBeanFactory - Creating shared instance of singleton bean 'org.springframework.boot.autoconfigure.jdbc.NamedParameterJdbcTemplateConfiguration'
15883 [main] DEBUG o.s.b.f.s.DefaultListableBeanFactory - Creating shared instance of singleton bean 'namedParameterJdbcTemplate'
15889 [main] DEBUG o.s.b.f.s.DefaultListableBeanFactory - Autowiring by type from bean name 'namedParameterJdbcTemplate' via factory method to bean named 'jdbcTemplate'
15906 [main] DEBUG o.s.b.f.s.DefaultListableBeanFactory - Creating shared instance of singleton bean 'org.springframework.boot.autoconfigure.jdbc.JdbcTemplateAutoConfiguration'
7430 [main] DEBUG o.s.b.f.s.DefaultListableBeanFactory - Creating shared instance of singleton bean 'transactionInterceptor'
15915 [main] DEBUG o.s.b.f.s.DefaultListableBeanFactory - Creating shared instance of singleton bean 'org.springframework.boot.autoconfigure.task.TaskSchedulingAutoConfiguration'
7436 [main] DEBUG o.s.b.f.s.DefaultListableBeanFactory - Autowiring by type from bean name 'transactionInterceptor' via factory method to bean named 'transactionAttributeSource'
15918 [main] DEBUG o.s.b.f.s.DefaultListableBeanFactory - Creating shared instance of singleton bean 'taskSchedulerBuilder'
15921 [main] DEBUG o.s.b.f.s.DefaultListableBeanFactory - Creating shared instance of singleton bean 'spring.task.scheduling-org.springframework.boot.autoconfigure.task.TaskSchedulingProperties'
15924 [main] DEBUG o.s.b.f.s.DefaultListableBeanFactory - Autowiring by type from bean name 'taskSchedulerBuilder' via factory method to bean named 'spring.task.scheduling-org.springframework.boot.autoconfigure.task.TaskSchedulingProperties'
15928 [main] DEBUG o.s.b.f.s.DefaultListableBeanFactory - Creating shared instance of singleton bean 'org.springframework.boot.autoconfigure.jdbc.DataSourceTransactionManagerAutoConfiguration$JdbcTransactionManagerConfiguration'
15929 [main] DEBUG o.s.b.f.s.DefaultListableBeanFactory - Creating shared instance of singleton bean 'transactionManager'
15930 [main] DEBUG o.s.b.f.s.DefaultListableBeanFactory - Autowiring by type from bean name 'transactionManager' via factory method to bean named 'environment'
15930 [main] DEBUG o.s.b.f.s.DefaultListableBeanFactory - Autowiring by type from bean name 'transactionManager' via factory method to bean named 'dataSource'
15935 [main] DEBUG o.s.b.f.s.DefaultListableBeanFactory - Creating shared instance of singleton bean 'platformTransactionManagerCustomizers'
15935 [main] DEBUG o.s.b.f.s.DefaultListableBeanFactory - Creating shared instance of singleton bean 'org.springframework.boot.autoconfigure.transaction.TransactionAutoConfiguration'
15937 [main] DEBUG o.s.b.f.s.DefaultListableBeanFactory - Creating shared instance of singleton bean 'spring.transaction-org.springframework.boot.autoconfigure.transaction.TransactionProperties'
15948 [main] DEBUG o.s.b.f.s.DefaultListableBeanFactory - Creating shared instance of singleton bean 'org.springframework.boot.autoconfigure.jdbc.DataSourceTransactionManagerAutoConfiguration'
15949 [main] DEBUG o.s.b.f.s.DefaultListableBeanFactory - Creating shared instance of singleton bean 'org.springframework.boot.autoconfigure.transaction.TransactionAutoConfiguration$EnableTransactionManagementConfiguration$CglibAutoProxyConfiguration'
15950 [main] DEBUG o.s.b.f.s.DefaultListableBeanFactory - Creating shared instance of singleton bean 'org.springframework.boot.autoconfigure.transaction.TransactionAutoConfiguration$EnableTransactionManagementConfiguration'
15955 [main] DEBUG o.s.b.f.s.DefaultListableBeanFactory - Creating shared instance of singleton bean 'org.springframework.boot.autoconfigure.transaction.TransactionAutoConfiguration$TransactionTemplateConfiguration'
15956 [main] DEBUG o.s.b.f.s.DefaultListableBeanFactory - Creating shared instance of singleton bean 'transactionTemplate'
15957 [main] DEBUG o.s.b.f.s.DefaultListableBeanFactory - Autowiring by type from bean name 'transactionTemplate' via factory method to bean named 'transactionManager'
15962 [main] DEBUG o.s.b.f.s.DefaultListableBeanFactory - Creating shared instance of singleton bean 'org.springframework.boot.autoconfigure.web.client.RestTemplateAutoConfiguration'
15963 [main] DEBUG o.s.b.f.s.DefaultListableBeanFactory - Creating shared instance of singleton bean 'org.springframework.boot.autoconfigure.web.embedded.EmbeddedWebServerFactoryCustomizerAutoConfiguration'
15965 [main] DEBUG o.s.b.f.s.DefaultListableBeanFactory - Creating shared instance of singleton bean 'multipartResolver'
7508 [main] DEBUG o.s.b.f.s.DefaultListableBeanFactory - Autowiring by type from bean name 'org.springframework.transaction.config.internalTransactionAdvisor' via factory method to bean named 'transactionAttributeSource'
7509 [main] DEBUG o.s.b.f.s.DefaultListableBeanFactory - Autowiring by type from bean name 'org.springframework.transaction.config.internalTransactionAdvisor' via factory method to bean named 'transactionInterceptor'
7536 [main] DEBUG o.s.u.c.s.UiApplicationContextUtils - Unable to locate ThemeSource with name 'themeSource': using default [org.springframework.ui.context.support.ResourceBundleThemeSource@6325f352]
7538 [main] DEBUG o.s.b.f.s.DefaultListableBeanFactory - Creating shared instance of singleton bean 'tomcatServletWebServerFactory'
7538 [main] DEBUG o.s.b.f.s.DefaultListableBeanFactory - Creating shared instance of singleton bean 'org.springframework.boot.autoconfigure.web.servlet.ServletWebServerFactoryConfiguration$EmbeddedTomcat'
16018 [main] DEBUG o.s.j.e.a.AnnotationMBeanExporter - Registering beans for JMX exposure on startup
16018 [main] DEBUG o.s.j.e.a.AnnotationMBeanExporter - Autodetecting user-defined JMX MBeans
16022 [main] DEBUG o.s.j.e.a.AnnotationMBeanExporter - Bean with name 'dataSource' has been autodetected for JMX exposure
16045 [main] DEBUG o.s.j.e.a.AnnotationMBeanExporter - Located MBean 'dataSource': registering with JMX server as MBean [com.alibaba.druid.spring.boot.autoconfigure:name=dataSource,type=DruidDataSourceWrapper]
16055 [main] DEBUG o.s.c.s.DefaultLifecycleProcessor - Starting beans in phase 2147483646
16056 [main] INFO  o.a.coyote.http11.Http11NioProtocol - Starting ProtocolHandler ["http-nio-8080"]
16145 [main] INFO  o.s.b.w.e.tomcat.TomcatWebServer - Tomcat started on port(s): 8080 (http) with context path '/lovage'
7672 [main] DEBUG o.s.b.f.s.DefaultListableBeanFactory - Creating shared instance of singleton bean 'websocketServletWebServerCustomizer'
7673 [main] DEBUG o.s.b.f.s.DefaultListableBeanFactory - Creating shared instance of singleton bean 'org.springframework.boot.autoconfigure.websocket.servlet.WebSocketServletAutoConfiguration$TomcatWebSocketConfiguration'
16167 [main] DEBUG o.s.c.s.DefaultLifecycleProcessor - Successfully started bean 'webServerStartStop'
16167 [main] DEBUG o.s.c.s.DefaultLifecycleProcessor - Starting beans in phase 2147483647
16167 [main] DEBUG o.s.c.s.DefaultLifecycleProcessor - Successfully started bean 'webServerGracefulShutdown'
7713 [main] DEBUG o.s.b.f.s.DefaultListableBeanFactory - Creating shared instance of singleton bean 'servletWebServerFactoryCustomizer'
7713 [main] DEBUG o.s.b.f.s.DefaultListableBeanFactory - Creating shared instance of singleton bean 'org.springframework.boot.autoconfigure.web.servlet.ServletWebServerFactoryAutoConfiguration'
7743 [main] DEBUG o.s.b.f.s.DefaultListableBeanFactory - Creating shared instance of singleton bean 'server-org.springframework.boot.autoconfigure.web.ServerProperties'
16240 [main] DEBUG o.s.b.a.l.ConditionEvaluationReportLoggingListener - 


============================
CONDITIONS EVALUATION REPORT
============================


Positive matches:
-----------------

   AopAutoConfiguration matched:
      - @ConditionalOnProperty (spring.aop.auto=true) matched (OnPropertyCondition)

   AopAutoConfiguration.ClassProxyingConfiguration matched:
      - @ConditionalOnMissingClass did not find unwanted class 'org.aspectj.weaver.Advice' (OnClassCondition)
      - @ConditionalOnProperty (spring.aop.proxy-target-class=true) matched (OnPropertyCondition)

   DataSourceAutoConfiguration matched:
      - @ConditionalOnClass found required classes 'javax.sql.DataSource', 'org.springframework.jdbc.datasource.embedded.EmbeddedDatabaseType' (OnClassCondition)
      - @ConditionalOnMissingBean (types: io.r2dbc.spi.ConnectionFactory; SearchStrategy: all) did not find any beans (OnBeanCondition)

   DataSourceConfiguration.Generic matched:
      - @ConditionalOnProperty (spring.datasource.type) matched (OnPropertyCondition)

   DataSourceJmxConfiguration matched:
      - @ConditionalOnProperty (spring.jmx.enabled=true) matched (OnPropertyCondition)

   DataSourceJmxConfiguration.Hikari matched:
      - @ConditionalOnClass found required class 'com.zaxxer.hikari.HikariDataSource' (OnClassCondition)

   DataSourcePoolMetadataProvidersConfiguration.HikariPoolDataSourceMetadataProviderConfiguration matched:
      - @ConditionalOnClass found required class 'com.zaxxer.hikari.HikariDataSource' (OnClassCondition)

   DataSourceTransactionManagerAutoConfiguration matched:
      - @ConditionalOnClass found required classes 'org.springframework.jdbc.core.JdbcTemplate', 'org.springframework.transaction.TransactionManager' (OnClassCondition)

   DataSourceTransactionManagerAutoConfiguration.JdbcTransactionManagerConfiguration matched:
      - @ConditionalOnSingleCandidate (types: javax.sql.DataSource; SearchStrategy: all) found a primary bean from beans 'dataSource' (OnBeanCondition)

   DataSourceTransactionManagerAutoConfiguration.JdbcTransactionManagerConfiguration#transactionManager matched:
      - @ConditionalOnMissingBean (types: org.springframework.transaction.TransactionManager; SearchStrategy: all) did not find any beans (OnBeanCondition)

   DispatcherServletAutoConfiguration matched:
      - @ConditionalOnClass found required class 'org.springframework.web.servlet.DispatcherServlet' (OnClassCondition)
      - found 'session' scope (OnWebApplicationCondition)

   DispatcherServletAutoConfiguration.DispatcherServletConfiguration matched:
      - @ConditionalOnClass found required class 'javax.servlet.ServletRegistration' (OnClassCondition)
      - Default DispatcherServlet did not find dispatcher servlet beans (DispatcherServletAutoConfiguration.DefaultDispatcherServletCondition)

   DispatcherServletAutoConfiguration.DispatcherServletRegistrationConfiguration matched:
      - @ConditionalOnClass found required class 'javax.servlet.ServletRegistration' (OnClassCondition)
      - DispatcherServlet Registration did not find servlet registration bean (DispatcherServletAutoConfiguration.DispatcherServletRegistrationCondition)

   DispatcherServletAutoConfiguration.DispatcherServletRegistrationConfiguration#dispatcherServletRegistration matched:
      - @ConditionalOnBean (names: dispatcherServlet types: org.springframework.web.servlet.DispatcherServlet; SearchStrategy: all) found bean 'dispatcherServlet' (OnBeanCondition)

   DruidDataSourceAutoConfigure matched:
      - @ConditionalOnClass found required class 'com.alibaba.druid.pool.DruidDataSource' (OnClassCondition)

   DruidDataSourceAutoConfigure#dataSource matched:
      - @ConditionalOnMissingBean (types: javax.sql.DataSource; SearchStrategy: all) did not find any beans (OnBeanCondition)

   DruidStatViewServletConfiguration matched:
      - @ConditionalOnWebApplication (required) found 'session' scope (OnWebApplicationCondition)
      - @ConditionalOnProperty (spring.datasource.druid.stat-view-servlet.enabled=true) matched (OnPropertyCondition)

   EmbeddedWebServerFactoryCustomizerAutoConfiguration matched:
      - @ConditionalOnWebApplication (required) found 'session' scope (OnWebApplicationCondition)

   EmbeddedWebServerFactoryCustomizerAutoConfiguration.TomcatWebServerFactoryCustomizerConfiguration matched:
      - @ConditionalOnClass found required classes 'org.apache.catalina.startup.Tomcat', 'org.apache.coyote.UpgradeProtocol' (OnClassCondition)

   ErrorMvcAutoConfiguration matched:
      - @ConditionalOnClass found required classes 'javax.servlet.Servlet', 'org.springframework.web.servlet.DispatcherServlet' (OnClassCondition)
      - found 'session' scope (OnWebApplicationCondition)

   ErrorMvcAutoConfiguration#basicErrorController matched:
      - @ConditionalOnMissingBean (types: org.springframework.boot.web.servlet.error.ErrorController; SearchStrategy: current) did not find any beans (OnBeanCondition)

   ErrorMvcAutoConfiguration#errorAttributes matched:
      - @ConditionalOnMissingBean (types: org.springframework.boot.web.servlet.error.ErrorAttributes; SearchStrategy: current) did not find any beans (OnBeanCondition)

   ErrorMvcAutoConfiguration.DefaultErrorViewResolverConfiguration#conventionErrorViewResolver matched:
      - @ConditionalOnBean (types: org.springframework.web.servlet.DispatcherServlet; SearchStrategy: all) found bean 'dispatcherServlet'; @ConditionalOnMissingBean (types: org.springframework.boot.autoconfigure.web.servlet.error.ErrorViewResolver; SearchStrategy: all) did not find any beans (OnBeanCondition)

   ErrorMvcAutoConfiguration.WhitelabelErrorViewConfiguration matched:
      - @ConditionalOnProperty (server.error.whitelabel.enabled) matched (OnPropertyCondition)
      - ErrorTemplate Missing did not find error template view (ErrorMvcAutoConfiguration.ErrorTemplateMissingCondition)

   ErrorMvcAutoConfiguration.WhitelabelErrorViewConfiguration#beanNameViewResolver matched:
      - @ConditionalOnMissingBean (types: org.springframework.web.servlet.view.BeanNameViewResolver; SearchStrategy: all) did not find any beans (OnBeanCondition)

   ErrorMvcAutoConfiguration.WhitelabelErrorViewConfiguration#defaultErrorView matched:
      - @ConditionalOnMissingBean (names: error; SearchStrategy: all) did not find any beans (OnBeanCondition)

   FreeMarkerAutoConfiguration matched:
      - @ConditionalOnClass found required classes 'freemarker.template.Configuration', 'org.springframework.ui.freemarker.FreeMarkerConfigurationFactory' (OnClassCondition)

   FreeMarkerServletWebConfiguration matched:
      - @ConditionalOnClass found required classes 'javax.servlet.Servlet', 'org.springframework.web.servlet.view.freemarker.FreeMarkerConfigurer' (OnClassCondition)
      - found 'session' scope (OnWebApplicationCondition)

   FreeMarkerServletWebConfiguration#freeMarkerConfigurer matched:
      - @ConditionalOnMissingBean (types: org.springframework.web.servlet.view.freemarker.FreeMarkerConfig; SearchStrategy: all) did not find any beans (OnBeanCondition)

   FreeMarkerServletWebConfiguration#freeMarkerViewResolver matched:
      - @ConditionalOnProperty (spring.freemarker.enabled) matched (OnPropertyCondition)
      - @ConditionalOnMissingBean (names: freeMarkerViewResolver; SearchStrategy: all) did not find any beans (OnBeanCondition)

   GenericCacheConfiguration matched:
      - Cache org.springframework.boot.autoconfigure.cache.GenericCacheConfiguration automatic cache type (CacheCondition)

   GsonAutoConfiguration matched:
      - @ConditionalOnClass found required class 'com.google.gson.Gson' (OnClassCondition)

   GsonAutoConfiguration#gson matched:
      - @ConditionalOnMissingBean (types: com.google.gson.Gson; SearchStrategy: all) did not find any beans (OnBeanCondition)

   GsonAutoConfiguration#gsonBuilder matched:
      - @ConditionalOnMissingBean (types: com.google.gson.GsonBuilder; SearchStrategy: all) did not find any beans (OnBeanCondition)

   GsonHttpMessageConvertersConfiguration matched:
      - @ConditionalOnClass found required class 'com.google.gson.Gson' (OnClassCondition)

   HttpEncodingAutoConfiguration matched:
      - @ConditionalOnClass found required class 'org.springframework.web.filter.CharacterEncodingFilter' (OnClassCondition)
      - found 'session' scope (OnWebApplicationCondition)
      - @ConditionalOnProperty (server.servlet.encoding.enabled) matched (OnPropertyCondition)

   HttpEncodingAutoConfiguration#characterEncodingFilter matched:
      - @ConditionalOnMissingBean (types: org.springframework.web.filter.CharacterEncodingFilter; SearchStrategy: all) did not find any beans (OnBeanCondition)

   HttpMessageConvertersAutoConfiguration matched:
      - @ConditionalOnClass found required class 'org.springframework.http.converter.HttpMessageConverter' (OnClassCondition)
      - NoneNestedConditions 0 matched 1 did not; NestedCondition on HttpMessageConvertersAutoConfiguration.NotReactiveWebApplicationCondition.ReactiveWebApplication did not find reactive web application classes (HttpMessageConvertersAutoConfiguration.NotReactiveWebApplicationCondition)

   HttpMessageConvertersAutoConfiguration#messageConverters matched:
      - @ConditionalOnMissingBean (types: org.springframework.boot.autoconfigure.http.HttpMessageConverters; SearchStrategy: all) did not find any beans (OnBeanCondition)

   HttpMessageConvertersAutoConfiguration.StringHttpMessageConverterConfiguration matched:
      - @ConditionalOnClass found required class 'org.springframework.http.converter.StringHttpMessageConverter' (OnClassCondition)

   HttpMessageConvertersAutoConfiguration.StringHttpMessageConverterConfiguration#stringHttpMessageConverter matched:
      - @ConditionalOnMissingBean (types: org.springframework.http.converter.StringHttpMessageConverter; SearchStrategy: all) did not find any beans (OnBeanCondition)

   JacksonAutoConfiguration matched:
      - @ConditionalOnClass found required class 'com.fasterxml.jackson.databind.ObjectMapper' (OnClassCondition)

   JacksonAutoConfiguration.Jackson2ObjectMapperBuilderCustomizerConfiguration matched:
      - @ConditionalOnClass found required class 'org.springframework.http.converter.json.Jackson2ObjectMapperBuilder' (OnClassCondition)

   JacksonAutoConfiguration.JacksonObjectMapperBuilderConfiguration matched:
      - @ConditionalOnClass found required class 'org.springframework.http.converter.json.Jackson2ObjectMapperBuilder' (OnClassCondition)

   JacksonAutoConfiguration.JacksonObjectMapperBuilderConfiguration#jacksonObjectMapperBuilder matched:
      - @ConditionalOnMissingBean (types: org.springframework.http.converter.json.Jackson2ObjectMapperBuilder; SearchStrategy: all) did not find any beans (OnBeanCondition)

   JacksonAutoConfiguration.JacksonObjectMapperConfiguration matched:
      - @ConditionalOnClass found required class 'org.springframework.http.converter.json.Jackson2ObjectMapperBuilder' (OnClassCondition)

   JacksonAutoConfiguration.JacksonObjectMapperConfiguration#jacksonObjectMapper matched:
      - @ConditionalOnMissingBean (types: com.fasterxml.jackson.databind.ObjectMapper; SearchStrategy: all) did not find any beans (OnBeanCondition)

   JacksonAutoConfiguration.ParameterNamesModuleConfiguration matched:
      - @ConditionalOnClass found required class 'com.fasterxml.jackson.module.paramnames.ParameterNamesModule' (OnClassCondition)

   JacksonAutoConfiguration.ParameterNamesModuleConfiguration#parameterNamesModule matched:
      - @ConditionalOnMissingBean (types: com.fasterxml.jackson.module.paramnames.ParameterNamesModule; SearchStrategy: all) did not find any beans (OnBeanCondition)

   JacksonHttpMessageConvertersConfiguration.MappingJackson2HttpMessageConverterConfiguration matched:
      - @ConditionalOnClass found required class 'com.fasterxml.jackson.databind.ObjectMapper' (OnClassCondition)
      - @ConditionalOnProperty (spring.mvc.converters.preferred-json-mapper=jackson) matched (OnPropertyCondition)
      - @ConditionalOnBean (types: com.fasterxml.jackson.databind.ObjectMapper; SearchStrategy: all) found bean 'jacksonObjectMapper' (OnBeanCondition)

   JacksonHttpMessageConvertersConfiguration.MappingJackson2HttpMessageConverterConfiguration#mappingJackson2HttpMessageConverter matched:
      - @ConditionalOnMissingBean (types: org.springframework.http.converter.json.MappingJackson2HttpMessageConverter ignored: org.springframework.hateoas.server.mvc.TypeConstrainedMappingJackson2HttpMessageConverter,org.springframework.data.rest.webmvc.alps.AlpsJsonHttpMessageConverter; SearchStrategy: all) did not find any beans (OnBeanCondition)

   JdbcTemplateAutoConfiguration matched:
      - @ConditionalOnClass found required classes 'javax.sql.DataSource', 'org.springframework.jdbc.core.JdbcTemplate' (OnClassCondition)
      - @ConditionalOnSingleCandidate (types: javax.sql.DataSource; SearchStrategy: all) found a primary bean from beans 'dataSource' (OnBeanCondition)

   JdbcTemplateConfiguration matched:
      - @ConditionalOnMissingBean (types: org.springframework.jdbc.core.JdbcOperations; SearchStrategy: all) did not find any beans (OnBeanCondition)

   JmxAutoConfiguration matched:
      - @ConditionalOnClass found required class 'org.springframework.jmx.export.MBeanExporter' (OnClassCondition)
      - @ConditionalOnProperty (spring.jmx.enabled=true) matched (OnPropertyCondition)

   JmxAutoConfiguration#mbeanExporter matched:
      - @ConditionalOnMissingBean (types: org.springframework.jmx.export.MBeanExporter; SearchStrategy: current) did not find any beans (OnBeanCondition)

   JmxAutoConfiguration#mbeanServer matched:
      - @ConditionalOnMissingBean (types: javax.management.MBeanServer; SearchStrategy: all) did not find any beans (OnBeanCondition)

   JmxAutoConfiguration#objectNamingStrategy matched:
      - @ConditionalOnMissingBean (types: org.springframework.jmx.export.naming.ObjectNamingStrategy; SearchStrategy: current) did not find any beans (OnBeanCondition)

   LettuceConnectionConfiguration matched:
      - @ConditionalOnClass found required class 'io.lettuce.core.RedisClient' (OnClassCondition)
      - @ConditionalOnProperty (spring.redis.client-type=lettuce) matched (OnPropertyCondition)

   LettuceConnectionConfiguration#lettuceClientResources matched:
      - @ConditionalOnMissingBean (types: io.lettuce.core.resource.ClientResources; SearchStrategy: all) did not find any beans (OnBeanCondition)

   LettuceConnectionConfiguration#redisConnectionFactory matched:
      - @ConditionalOnMissingBean (types: org.springframework.data.redis.connection.RedisConnectionFactory; SearchStrategy: all) did not find any beans (OnBeanCondition)

   LifecycleAutoConfiguration#defaultLifecycleProcessor matched:
      - @ConditionalOnMissingBean (names: lifecycleProcessor; SearchStrategy: current) did not find any beans (OnBeanCondition)

   MultipartAutoConfiguration matched:
      - @ConditionalOnClass found required classes 'javax.servlet.Servlet', 'org.springframework.web.multipart.support.StandardServletMultipartResolver', 'javax.servlet.MultipartConfigElement' (OnClassCondition)
      - found 'session' scope (OnWebApplicationCondition)
      - @ConditionalOnProperty (spring.servlet.multipart.enabled) matched (OnPropertyCondition)

   MultipartAutoConfiguration#multipartConfigElement matched:
      - @ConditionalOnMissingBean (types: javax.servlet.MultipartConfigElement,org.springframework.web.multipart.commons.CommonsMultipartResolver; SearchStrategy: all) did not find any beans (OnBeanCondition)

   MultipartAutoConfiguration#multipartResolver matched:
      - @ConditionalOnMissingBean (types: org.springframework.web.multipart.MultipartResolver; SearchStrategy: all) did not find any beans (OnBeanCondition)

   MybatisPlusAutoConfiguration matched:
      - @ConditionalOnClass found required classes 'org.apache.ibatis.session.SqlSessionFactory', 'org.mybatis.spring.SqlSessionFactoryBean' (OnClassCondition)
      - @ConditionalOnSingleCandidate (types: javax.sql.DataSource; SearchStrategy: all) found a primary bean from beans 'dataSource' (OnBeanCondition)

   MybatisPlusAutoConfiguration#sqlSessionFactory matched:
      - @ConditionalOnMissingBean (types: org.apache.ibatis.session.SqlSessionFactory; SearchStrategy: all) did not find any beans (OnBeanCondition)

   MybatisPlusAutoConfiguration#sqlSessionTemplate matched:
      - @ConditionalOnMissingBean (types: org.mybatis.spring.SqlSessionTemplate; SearchStrategy: all) did not find any beans (OnBeanCondition)

   MybatisPlusAutoConfiguration.MapperScannerRegistrarNotFoundConfiguration matched:
      - @ConditionalOnMissingBean (types: org.mybatis.spring.mapper.MapperFactoryBean; SearchStrategy: all) did not find any beans (OnBeanCondition)

   NamedParameterJdbcTemplateConfiguration matched:
      - @ConditionalOnSingleCandidate (types: org.springframework.jdbc.core.JdbcTemplate; SearchStrategy: all) found a primary bean from beans 'jdbcTemplate'; @ConditionalOnMissingBean (types: org.springframework.jdbc.core.namedparam.NamedParameterJdbcOperations; SearchStrategy: all) did not find any beans (OnBeanCondition)

   NoOpCacheConfiguration matched:
      - Cache org.springframework.boot.autoconfigure.cache.NoOpCacheConfiguration automatic cache type (CacheCondition)

   PersistenceExceptionTranslationAutoConfiguration matched:
      - @ConditionalOnClass found required class 'org.springframework.dao.annotation.PersistenceExceptionTranslationPostProcessor' (OnClassCondition)

   PersistenceExceptionTranslationAutoConfiguration#persistenceExceptionTranslationPostProcessor matched:
      - @ConditionalOnProperty (spring.dao.exceptiontranslation.enabled) matched (OnPropertyCondition)
      - @ConditionalOnMissingBean (types: org.springframework.dao.annotation.PersistenceExceptionTranslationPostProcessor; SearchStrategy: all) did not find any beans (OnBeanCondition)

   PropertyPlaceholderAutoConfiguration#propertySourcesPlaceholderConfigurer matched:
      - @ConditionalOnMissingBean (types: org.springframework.context.support.PropertySourcesPlaceholderConfigurer; SearchStrategy: current) did not find any beans (OnBeanCondition)

   RedisAutoConfiguration matched:
      - @ConditionalOnClass found required class 'org.springframework.data.redis.core.RedisOperations' (OnClassCondition)

   RedisAutoConfiguration#redisTemplate matched:
      - @ConditionalOnSingleCandidate (types: org.springframework.data.redis.connection.RedisConnectionFactory; SearchStrategy: all) found a primary bean from beans 'redisConnectionFactory'; @ConditionalOnMissingBean (names: redisTemplate; SearchStrategy: all) did not find any beans (OnBeanCondition)

   RedisAutoConfiguration#stringRedisTemplate matched:
      - @ConditionalOnSingleCandidate (types: org.springframework.data.redis.connection.RedisConnectionFactory; SearchStrategy: all) found a primary bean from beans 'redisConnectionFactory'; @ConditionalOnMissingBean (types: org.springframework.data.redis.core.StringRedisTemplate; SearchStrategy: all) did not find any beans (OnBeanCondition)

   RedisCacheConfiguration matched:
      - @ConditionalOnClass found required class 'org.springframework.data.redis.connection.RedisConnectionFactory' (OnClassCondition)
      - Cache org.springframework.boot.autoconfigure.cache.RedisCacheConfiguration automatic cache type (CacheCondition)

   RedisReactiveAutoConfiguration matched:
      - @ConditionalOnClass found required classes 'org.springframework.data.redis.connection.ReactiveRedisConnectionFactory', 'org.springframework.data.redis.core.ReactiveRedisTemplate', 'reactor.core.publisher.Flux' (OnClassCondition)

   RedisReactiveAutoConfiguration#reactiveRedisTemplate matched:
      - @ConditionalOnBean (types: org.springframework.data.redis.connection.ReactiveRedisConnectionFactory; SearchStrategy: all) found bean 'redisConnectionFactory'; @ConditionalOnMissingBean (names: reactiveRedisTemplate; SearchStrategy: all) did not find any beans (OnBeanCondition)

   RedisReactiveAutoConfiguration#reactiveStringRedisTemplate matched:
      - @ConditionalOnBean (types: org.springframework.data.redis.connection.ReactiveRedisConnectionFactory; SearchStrategy: all) found bean 'redisConnectionFactory'; @ConditionalOnMissingBean (names: reactiveStringRedisTemplate; SearchStrategy: all) did not find any beans (OnBeanCondition)

   RedisRepositoriesAutoConfiguration matched:
      - @ConditionalOnClass found required class 'org.springframework.data.redis.repository.configuration.EnableRedisRepositories' (OnClassCondition)
      - @ConditionalOnProperty (spring.data.redis.repositories.enabled=true) matched (OnPropertyCondition)
      - @ConditionalOnBean (types: org.springframework.data.redis.connection.RedisConnectionFactory; SearchStrategy: all) found bean 'redisConnectionFactory'; @ConditionalOnMissingBean (types: org.springframework.data.redis.repository.support.RedisRepositoryFactoryBean; SearchStrategy: all) did not find any beans (OnBeanCondition)

   RestTemplateAutoConfiguration matched:
      - @ConditionalOnClass found required class 'org.springframework.web.client.RestTemplate' (OnClassCondition)
      - NoneNestedConditions 0 matched 1 did not; NestedCondition on RestTemplateAutoConfiguration.NotReactiveWebApplicationCondition.ReactiveWebApplication did not find reactive web application classes (RestTemplateAutoConfiguration.NotReactiveWebApplicationCondition)

   RestTemplateAutoConfiguration#restTemplateBuilder matched:
      - @ConditionalOnMissingBean (types: org.springframework.boot.web.client.RestTemplateBuilder; SearchStrategy: all) did not find any beans (OnBeanCondition)

   RestTemplateAutoConfiguration#restTemplateBuilderConfigurer matched:
      - @ConditionalOnMissingBean (types: org.springframework.boot.autoconfigure.web.client.RestTemplateBuilderConfigurer; SearchStrategy: all) did not find any beans (OnBeanCondition)

   ServletWebServerFactoryAutoConfiguration matched:
      - @ConditionalOnClass found required class 'javax.servlet.ServletRequest' (OnClassCondition)
      - found 'session' scope (OnWebApplicationCondition)

   ServletWebServerFactoryAutoConfiguration#tomcatServletWebServerFactoryCustomizer matched:
      - @ConditionalOnClass found required class 'org.apache.catalina.startup.Tomcat' (OnClassCondition)

   ServletWebServerFactoryConfiguration.EmbeddedTomcat matched:
      - @ConditionalOnClass found required classes 'javax.servlet.Servlet', 'org.apache.catalina.startup.Tomcat', 'org.apache.coyote.UpgradeProtocol' (OnClassCondition)
      - @ConditionalOnMissingBean (types: org.springframework.boot.web.servlet.server.ServletWebServerFactory; SearchStrategy: current) did not find any beans (OnBeanCondition)

   SimpleCacheConfiguration matched:
      - Cache org.springframework.boot.autoconfigure.cache.SimpleCacheConfiguration automatic cache type (CacheCondition)

   SpringApplicationAdminJmxAutoConfiguration matched:
      - @ConditionalOnProperty (spring.application.admin.enabled=true) matched (OnPropertyCondition)

   SpringApplicationAdminJmxAutoConfiguration#springApplicationAdminRegistrar matched:
      - @ConditionalOnMissingBean (types: org.springframework.boot.admin.SpringApplicationAdminMXBeanRegistrar; SearchStrategy: all) did not find any beans (OnBeanCondition)

   SpringDataWebAutoConfiguration matched:
      - @ConditionalOnClass found required classes 'org.springframework.data.web.PageableHandlerMethodArgumentResolver', 'org.springframework.web.servlet.config.annotation.WebMvcConfigurer' (OnClassCondition)
      - found 'session' scope (OnWebApplicationCondition)
      - @ConditionalOnMissingBean (types: org.springframework.data.web.PageableHandlerMethodArgumentResolver; SearchStrategy: all) did not find any beans (OnBeanCondition)

   SpringDataWebAutoConfiguration#pageableCustomizer matched:
      - @ConditionalOnMissingBean (types: org.springframework.data.web.config.PageableHandlerMethodArgumentResolverCustomizer; SearchStrategy: all) did not find any beans (OnBeanCondition)

   SpringDataWebAutoConfiguration#sortCustomizer matched:
      - @ConditionalOnMissingBean (types: org.springframework.data.web.config.SortHandlerMethodArgumentResolverCustomizer; SearchStrategy: all) did not find any beans (OnBeanCondition)

   TaskExecutionAutoConfiguration matched:
      - @ConditionalOnClass found required class 'org.springframework.scheduling.concurrent.ThreadPoolTaskExecutor' (OnClassCondition)

   TaskExecutionAutoConfiguration#applicationTaskExecutor matched:
      - @ConditionalOnMissingBean (types: java.util.concurrent.Executor; SearchStrategy: all) did not find any beans (OnBeanCondition)

   TaskExecutionAutoConfiguration#taskExecutorBuilder matched:
      - @ConditionalOnMissingBean (types: org.springframework.boot.task.TaskExecutorBuilder; SearchStrategy: all) did not find any beans (OnBeanCondition)

   TaskSchedulingAutoConfiguration matched:
      - @ConditionalOnClass found required class 'org.springframework.scheduling.concurrent.ThreadPoolTaskScheduler' (OnClassCondition)

   TaskSchedulingAutoConfiguration#taskSchedulerBuilder matched:
      - @ConditionalOnMissingBean (types: org.springframework.boot.task.TaskSchedulerBuilder; SearchStrategy: all) did not find any beans (OnBeanCondition)

   TransactionAutoConfiguration matched:
      - @ConditionalOnClass found required class 'org.springframework.transaction.PlatformTransactionManager' (OnClassCondition)

   TransactionAutoConfiguration#platformTransactionManagerCustomizers matched:
      - @ConditionalOnMissingBean (types: org.springframework.boot.autoconfigure.transaction.TransactionManagerCustomizers; SearchStrategy: all) did not find any beans (OnBeanCondition)

   TransactionAutoConfiguration.EnableTransactionManagementConfiguration matched:
      - @ConditionalOnBean (types: org.springframework.transaction.TransactionManager; SearchStrategy: all) found bean 'transactionManager'; @ConditionalOnMissingBean (types: org.springframework.transaction.annotation.AbstractTransactionManagementConfiguration; SearchStrategy: all) did not find any beans (OnBeanCondition)

   TransactionAutoConfiguration.EnableTransactionManagementConfiguration.CglibAutoProxyConfiguration matched:
      - @ConditionalOnProperty (spring.aop.proxy-target-class=true) matched (OnPropertyCondition)

   TransactionAutoConfiguration.TransactionTemplateConfiguration matched:
      - @ConditionalOnSingleCandidate (types: org.springframework.transaction.PlatformTransactionManager; SearchStrategy: all) found a primary bean from beans 'transactionManager' (OnBeanCondition)

   TransactionAutoConfiguration.TransactionTemplateConfiguration#transactionTemplate matched:
      - @ConditionalOnMissingBean (types: org.springframework.transaction.support.TransactionOperations; SearchStrategy: all) did not find any beans (OnBeanCondition)

   WebMvcAutoConfiguration matched:
      - @ConditionalOnClass found required classes 'javax.servlet.Servlet', 'org.springframework.web.servlet.DispatcherServlet', 'org.springframework.web.servlet.config.annotation.WebMvcConfigurer' (OnClassCondition)
      - found 'session' scope (OnWebApplicationCondition)
      - @ConditionalOnMissingBean (types: org.springframework.web.servlet.config.annotation.WebMvcConfigurationSupport; SearchStrategy: all) did not find any beans (OnBeanCondition)

   WebMvcAutoConfiguration#formContentFilter matched:
      - @ConditionalOnProperty (spring.mvc.formcontent.filter.enabled) matched (OnPropertyCondition)
      - @ConditionalOnMissingBean (types: org.springframework.web.filter.FormContentFilter; SearchStrategy: all) did not find any beans (OnBeanCondition)

   WebMvcAutoConfiguration.EnableWebMvcConfiguration#flashMapManager matched:
      - @ConditionalOnMissingBean (names: flashMapManager; SearchStrategy: all) did not find any beans (OnBeanCondition)

   WebMvcAutoConfiguration.EnableWebMvcConfiguration#localeResolver matched:
      - @ConditionalOnMissingBean (names: localeResolver; SearchStrategy: all) did not find any beans (OnBeanCondition)

   WebMvcAutoConfiguration.EnableWebMvcConfiguration#themeResolver matched:
      - @ConditionalOnMissingBean (names: themeResolver; SearchStrategy: all) did not find any beans (OnBeanCondition)

   WebMvcAutoConfiguration.WebMvcAutoConfigurationAdapter#defaultViewResolver matched:
      - @ConditionalOnMissingBean (types: org.springframework.web.servlet.view.InternalResourceViewResolver; SearchStrategy: all) did not find any beans (OnBeanCondition)

   WebMvcAutoConfiguration.WebMvcAutoConfigurationAdapter#requestContextFilter matched:
      - @ConditionalOnMissingBean (types: org.springframework.web.context.request.RequestContextListener,org.springframework.web.filter.RequestContextFilter; SearchStrategy: all) did not find any beans (OnBeanCondition)

   WebMvcAutoConfiguration.WebMvcAutoConfigurationAdapter#viewResolver matched:
      - @ConditionalOnBean (types: org.springframework.web.servlet.ViewResolver; SearchStrategy: all) found beans 'defaultViewResolver', 'beanNameViewResolver', 'mvcViewResolver'; @ConditionalOnMissingBean (names: viewResolver types: org.springframework.web.servlet.view.ContentNegotiatingViewResolver; SearchStrategy: all) did not find any beans (OnBeanCondition)

   WebSocketServletAutoConfiguration matched:
      - @ConditionalOnClass found required classes 'javax.servlet.Servlet', 'javax.websocket.server.ServerContainer' (OnClassCondition)
      - found 'session' scope (OnWebApplicationCondition)

   WebSocketServletAutoConfiguration.TomcatWebSocketConfiguration matched:
      - @ConditionalOnClass found required classes 'org.apache.catalina.startup.Tomcat', 'org.apache.tomcat.websocket.server.WsSci' (OnClassCondition)

   WebSocketServletAutoConfiguration.TomcatWebSocketConfiguration#websocketServletWebServerCustomizer matched:
      - @ConditionalOnMissingBean (names: websocketServletWebServerCustomizer; SearchStrategy: all) did not find any beans (OnBeanCondition)


Negative matches:
-----------------

   ActiveMQAutoConfiguration:
      Did not match:
         - @ConditionalOnClass did not find required class 'javax.jms.ConnectionFactory' (OnClassCondition)

   AopAutoConfiguration.AspectJAutoProxyingConfiguration:
      Did not match:
         - @ConditionalOnClass did not find required class 'org.aspectj.weaver.Advice' (OnClassCondition)

   ArtemisAutoConfiguration:
      Did not match:
         - @ConditionalOnClass did not find required class 'javax.jms.ConnectionFactory' (OnClassCondition)

   BatchAutoConfiguration:
      Did not match:
         - @ConditionalOnClass did not find required class 'org.springframework.batch.core.launch.JobLauncher' (OnClassCondition)

   CacheAutoConfiguration:
      Did not match:
         - @ConditionalOnBean (types: org.springframework.cache.interceptor.CacheAspectSupport; SearchStrategy: all) did not find any beans of type org.springframework.cache.interceptor.CacheAspectSupport (OnBeanCondition)
      Matched:
         - @ConditionalOnClass found required class 'org.springframework.cache.CacheManager' (OnClassCondition)

   CacheAutoConfiguration.CacheManagerEntityManagerFactoryDependsOnPostProcessor:
      Did not match:
         - @ConditionalOnClass did not find required class 'org.springframework.orm.jpa.LocalContainerEntityManagerFactoryBean' (OnClassCondition)
         - Ancestor org.springframework.boot.autoconfigure.cache.CacheAutoConfiguration did not match (ConditionEvaluationReport.AncestorsMatchedCondition)

   CaffeineCacheConfiguration:
      Did not match:
         - @ConditionalOnClass did not find required class 'com.github.benmanes.caffeine.cache.Caffeine' (OnClassCondition)

   CassandraAutoConfiguration:
      Did not match:
         - @ConditionalOnClass did not find required class 'com.datastax.oss.driver.api.core.CqlSession' (OnClassCondition)

   CassandraDataAutoConfiguration:
      Did not match:
         - @ConditionalOnClass did not find required class 'com.datastax.oss.driver.api.core.CqlSession' (OnClassCondition)

   CassandraReactiveDataAutoConfiguration:
      Did not match:
         - @ConditionalOnClass did not find required class 'com.datastax.oss.driver.api.core.CqlSession' (OnClassCondition)

   CassandraReactiveRepositoriesAutoConfiguration:
      Did not match:
         - @ConditionalOnClass did not find required class 'org.springframework.data.cassandra.ReactiveSession' (OnClassCondition)

   CassandraRepositoriesAutoConfiguration:
      Did not match:
         - @ConditionalOnClass did not find required class 'com.datastax.oss.driver.api.core.CqlSession' (OnClassCondition)

   ClientHttpConnectorAutoConfiguration:
      Did not match:
         - @ConditionalOnClass did not find required class 'org.springframework.web.reactive.function.client.WebClient' (OnClassCondition)

   CodecsAutoConfiguration:
      Did not match:
         - @ConditionalOnClass did not find required class 'org.springframework.web.reactive.function.client.WebClient' (OnClassCondition)

   CouchbaseAutoConfiguration:
      Did not match:
         - @ConditionalOnClass did not find required class 'com.couchbase.client.java.Cluster' (OnClassCondition)

   CouchbaseCacheConfiguration:
      Did not match:
         - @ConditionalOnClass did not find required class 'com.couchbase.client.java.Cluster' (OnClassCondition)

   CouchbaseDataAutoConfiguration:
      Did not match:
         - @ConditionalOnClass did not find required class 'com.couchbase.client.java.Bucket' (OnClassCondition)

   CouchbaseReactiveDataAutoConfiguration:
      Did not match:
         - @ConditionalOnClass did not find required class 'com.couchbase.client.java.Cluster' (OnClassCondition)

   CouchbaseReactiveRepositoriesAutoConfiguration:
      Did not match:
         - @ConditionalOnClass did not find required class 'com.couchbase.client.java.Cluster' (OnClassCondition)

   CouchbaseRepositoriesAutoConfiguration:
      Did not match:
         - @ConditionalOnClass did not find required class 'com.couchbase.client.java.Bucket' (OnClassCondition)

   DataSourceAutoConfiguration.EmbeddedDatabaseConfiguration:
      Did not match:
         - EmbeddedDataSource found supported pooled data source (DataSourceAutoConfiguration.EmbeddedDatabaseCondition)

   DataSourceAutoConfiguration.PooledDataSourceConfiguration:
      Did not match:
         - @ConditionalOnMissingBean (types: javax.sql.DataSource,javax.sql.XADataSource; SearchStrategy: all) found beans of type 'javax.sql.DataSource' dataSource (OnBeanCondition)
      Matched:
         - AnyNestedCondition 2 matched 0 did not; NestedCondition on DataSourceAutoConfiguration.PooledDataSourceCondition.PooledDataSourceAvailable PooledDataSource found supported DataSource; NestedCondition on DataSourceAutoConfiguration.PooledDataSourceCondition.ExplicitType @ConditionalOnProperty (spring.datasource.type) matched (DataSourceAutoConfiguration.PooledDataSourceCondition)

   DataSourceConfiguration.Dbcp2:
      Did not match:
         - @ConditionalOnClass did not find required class 'org.apache.commons.dbcp2.BasicDataSource' (OnClassCondition)

   DataSourceConfiguration.Hikari:
      Did not match:
         - @ConditionalOnProperty (spring.datasource.type=com.zaxxer.hikari.HikariDataSource) found different value in property 'spring.datasource.type' (OnPropertyCondition)
      Matched:
         - @ConditionalOnClass found required class 'com.zaxxer.hikari.HikariDataSource' (OnClassCondition)

   DataSourceConfiguration.OracleUcp:
      Did not match:
         - @ConditionalOnClass did not find required classes 'oracle.ucp.jdbc.PoolDataSourceImpl', 'oracle.jdbc.OracleConnection' (OnClassCondition)

   DataSourceConfiguration.Tomcat:
      Did not match:
         - @ConditionalOnClass did not find required class 'org.apache.tomcat.jdbc.pool.DataSource' (OnClassCondition)

   DataSourceJmxConfiguration.TomcatDataSourceJmxConfiguration:
      Did not match:
         - @ConditionalOnClass did not find required class 'org.apache.tomcat.jdbc.pool.DataSourceProxy' (OnClassCondition)

   DataSourcePoolMetadataProvidersConfiguration.CommonsDbcp2PoolDataSourceMetadataProviderConfiguration:
      Did not match:
         - @ConditionalOnClass did not find required class 'org.apache.commons.dbcp2.BasicDataSource' (OnClassCondition)

   DataSourcePoolMetadataProvidersConfiguration.OracleUcpPoolDataSourceMetadataProviderConfiguration:
      Did not match:
         - @ConditionalOnClass did not find required classes 'oracle.ucp.jdbc.PoolDataSource', 'oracle.jdbc.OracleConnection' (OnClassCondition)

   DataSourcePoolMetadataProvidersConfiguration.TomcatDataSourcePoolMetadataProviderConfiguration:
      Did not match:
         - @ConditionalOnClass did not find required class 'org.apache.tomcat.jdbc.pool.DataSource' (OnClassCondition)

   DispatcherServletAutoConfiguration.DispatcherServletConfiguration#multipartResolver:
      Did not match:
         - @ConditionalOnBean (types: org.springframework.web.multipart.MultipartResolver; SearchStrategy: all) did not find any beans of type org.springframework.web.multipart.MultipartResolver (OnBeanCondition)

   DruidFilterConfiguration#commonsLogFilter:
      Did not match:
         - @ConditionalOnProperty (spring.datasource.druid.filter.commons-log.enabled) did not find property 'enabled' (OnPropertyCondition)

   DruidFilterConfiguration#configFilter:
      Did not match:
         - @ConditionalOnProperty (spring.datasource.druid.filter.config.enabled) did not find property 'enabled' (OnPropertyCondition)

   DruidFilterConfiguration#encodingConvertFilter:
      Did not match:
         - @ConditionalOnProperty (spring.datasource.druid.filter.encoding.enabled) did not find property 'enabled' (OnPropertyCondition)

   DruidFilterConfiguration#log4j2Filter:
      Did not match:
         - @ConditionalOnProperty (spring.datasource.druid.filter.log4j2.enabled) did not find property 'enabled' (OnPropertyCondition)

   DruidFilterConfiguration#log4jFilter:
      Did not match:
         - @ConditionalOnProperty (spring.datasource.druid.filter.log4j.enabled) did not find property 'enabled' (OnPropertyCondition)

   DruidFilterConfiguration#slf4jLogFilter:
      Did not match:
         - @ConditionalOnProperty (spring.datasource.druid.filter.slf4j.enabled) did not find property 'enabled' (OnPropertyCondition)

   DruidFilterConfiguration#statFilter:
      Did not match:
         - @ConditionalOnProperty (spring.datasource.druid.filter.stat.enabled) did not find property 'enabled' (OnPropertyCondition)

   DruidFilterConfiguration#wallConfig:
      Did not match:
         - @ConditionalOnProperty (spring.datasource.druid.filter.wall.enabled) did not find property 'enabled' (OnPropertyCondition)

   DruidFilterConfiguration#wallFilter:
      Did not match:
         - @ConditionalOnProperty (spring.datasource.druid.filter.wall.enabled) did not find property 'enabled' (OnPropertyCondition)

   DruidSpringAopConfiguration:
      Did not match:
         - @ConditionalOnProperty (spring.datasource.druid.aop-patterns) did not find property 'spring.datasource.druid.aop-patterns' (OnPropertyCondition)

   DruidWebStatFilterConfiguration:
      Did not match:
         - @ConditionalOnProperty (spring.datasource.druid.web-stat-filter.enabled=true) did not find property 'spring.datasource.druid.web-stat-filter.enabled' (OnPropertyCondition)
      Matched:
         - @ConditionalOnWebApplication (required) found 'session' scope (OnWebApplicationCondition)

   EhCacheCacheConfiguration:
      Did not match:
         - @ConditionalOnClass did not find required class 'net.sf.ehcache.Cache' (OnClassCondition)

   ElasticsearchDataAutoConfiguration:
      Did not match:
         - @ConditionalOnClass did not find required class 'org.springframework.data.elasticsearch.core.ElasticsearchRestTemplate' (OnClassCondition)

   ElasticsearchRepositoriesAutoConfiguration:
      Did not match:
         - @ConditionalOnClass did not find required class 'org.elasticsearch.client.Client' (OnClassCondition)

   ElasticsearchRestClientAutoConfiguration:
      Did not match:
         - @ConditionalOnClass did not find required class 'org.elasticsearch.client.RestHighLevelClient' (OnClassCondition)

   EmbeddedLdapAutoConfiguration:
      Did not match:
         - @ConditionalOnClass did not find required class 'com.unboundid.ldap.listener.InMemoryDirectoryServer' (OnClassCondition)

   EmbeddedMongoAutoConfiguration:
      Did not match:
         - @ConditionalOnClass did not find required class 'com.mongodb.MongoClientSettings' (OnClassCondition)

   EmbeddedWebServerFactoryCustomizerAutoConfiguration.JettyWebServerFactoryCustomizerConfiguration:
      Did not match:
         - @ConditionalOnClass did not find required classes 'org.eclipse.jetty.server.Server', 'org.eclipse.jetty.util.Loader', 'org.eclipse.jetty.webapp.WebAppContext' (OnClassCondition)

   EmbeddedWebServerFactoryCustomizerAutoConfiguration.NettyWebServerFactoryCustomizerConfiguration:
      Did not match:
         - @ConditionalOnClass did not find required class 'reactor.netty.http.server.HttpServer' (OnClassCondition)

   EmbeddedWebServerFactoryCustomizerAutoConfiguration.UndertowWebServerFactoryCustomizerConfiguration:
      Did not match:
         - @ConditionalOnClass did not find required classes 'io.undertow.Undertow', 'org.xnio.SslClientAuthMode' (OnClassCondition)

   ErrorWebFluxAutoConfiguration:
      Did not match:
         - @ConditionalOnClass did not find required class 'org.springframework.web.reactive.config.WebFluxConfigurer' (OnClassCondition)

   FlywayAutoConfiguration:
      Did not match:
         - @ConditionalOnClass did not find required class 'org.flywaydb.core.Flyway' (OnClassCondition)

   FreeMarkerNonWebConfiguration:
      Did not match:
         - @ConditionalOnWebApplication found 'session' scope and did not find reactive web application classes (OnWebApplicationCondition)

   FreeMarkerReactiveWebConfiguration:
      Did not match:
         - did not find reactive web application classes (OnWebApplicationCondition)

   FreeMarkerServletWebConfiguration#resourceUrlEncodingFilter:
      Did not match:
         - @ConditionalOnEnabledResourceChain did not find class org.webjars.WebJarAssetLocator (OnEnabledResourceChainCondition)

   GroovyTemplateAutoConfiguration:
      Did not match:
         - @ConditionalOnClass did not find required class 'groovy.text.markup.MarkupTemplateEngine' (OnClassCondition)

   GsonHttpMessageConvertersConfiguration.GsonHttpMessageConverterConfiguration:
      Did not match:
         - AnyNestedCondition 0 matched 2 did not; NestedCondition on GsonHttpMessageConvertersConfiguration.PreferGsonOrJacksonAndJsonbUnavailableCondition.JacksonJsonbUnavailable NoneNestedConditions 1 matched 1 did not; NestedCondition on GsonHttpMessageConvertersConfiguration.JacksonAndJsonbUnavailableCondition.JsonbPreferred @ConditionalOnProperty (spring.mvc.converters.preferred-json-mapper=jsonb) did not find property 'spring.mvc.converters.preferred-json-mapper'; NestedCondition on GsonHttpMessageConvertersConfiguration.JacksonAndJsonbUnavailableCondition.JacksonAvailable @ConditionalOnBean (types: org.springframework.http.converter.json.MappingJackson2HttpMessageConverter; SearchStrategy: all) found bean 'mappingJackson2HttpMessageConverter'; NestedCondition on GsonHttpMessageConvertersConfiguration.PreferGsonOrJacksonAndJsonbUnavailableCondition.GsonPreferred @ConditionalOnProperty (spring.mvc.converters.preferred-json-mapper=gson) did not find property 'spring.mvc.converters.preferred-json-mapper' (GsonHttpMessageConvertersConfiguration.PreferGsonOrJacksonAndJsonbUnavailableCondition)

   H2ConsoleAutoConfiguration:
      Did not match:
         - @ConditionalOnClass did not find required class 'org.h2.server.web.WebServlet' (OnClassCondition)

   HazelcastAutoConfiguration:
      Did not match:
         - @ConditionalOnClass did not find required class 'com.hazelcast.core.HazelcastInstance' (OnClassCondition)

   HazelcastCacheConfiguration:
      Did not match:
         - @ConditionalOnClass did not find required class 'com.hazelcast.core.HazelcastInstance' (OnClassCondition)

   HazelcastJpaDependencyAutoConfiguration:
      Did not match:
         - @ConditionalOnClass did not find required class 'com.hazelcast.core.HazelcastInstance' (OnClassCondition)

   HibernateJpaAutoConfiguration:
      Did not match:
         - @ConditionalOnClass did not find required class 'javax.persistence.EntityManager' (OnClassCondition)

   HttpHandlerAutoConfiguration:
      Did not match:
         - @ConditionalOnClass did not find required class 'org.springframework.web.reactive.DispatcherHandler' (OnClassCondition)

   HypermediaAutoConfiguration:
      Did not match:
         - @ConditionalOnClass did not find required class 'org.springframework.hateoas.EntityModel' (OnClassCondition)

   InfinispanCacheConfiguration:
      Did not match:
         - @ConditionalOnClass did not find required class 'org.infinispan.spring.embedded.provider.SpringEmbeddedCacheManager' (OnClassCondition)

   InfluxDbAutoConfiguration:
      Did not match:
         - @ConditionalOnClass did not find required class 'org.influxdb.InfluxDB' (OnClassCondition)

   IntegrationAutoConfiguration:
      Did not match:
         - @ConditionalOnClass did not find required class 'org.springframework.integration.config.EnableIntegration' (OnClassCondition)

   JCacheCacheConfiguration:
      Did not match:
         - @ConditionalOnClass did not find required class 'javax.cache.Caching' (OnClassCondition)

   JacksonHttpMessageConvertersConfiguration.MappingJackson2XmlHttpMessageConverterConfiguration:
      Did not match:
         - @ConditionalOnClass did not find required class 'com.fasterxml.jackson.dataformat.xml.XmlMapper' (OnClassCondition)

   JdbcRepositoriesAutoConfiguration:
      Did not match:
         - @ConditionalOnClass did not find required class 'org.springframework.data.jdbc.repository.config.AbstractJdbcConfiguration' (OnClassCondition)

   JedisConnectionConfiguration:
      Did not match:
         - @ConditionalOnMissingBean (types: org.springframework.data.redis.connection.RedisConnectionFactory; SearchStrategy: all) found beans of type 'org.springframework.data.redis.connection.RedisConnectionFactory' redisConnectionFactory (OnBeanCondition)
      Matched:
         - @ConditionalOnClass found required classes 'org.apache.commons.pool2.impl.GenericObjectPool', 'org.springframework.data.redis.connection.jedis.JedisConnection', 'redis.clients.jedis.Jedis' (OnClassCondition)
         - @ConditionalOnProperty (spring.redis.client-type=jedis) matched (OnPropertyCondition)

   JerseyAutoConfiguration:
      Did not match:
         - @ConditionalOnClass did not find required class 'org.glassfish.jersey.server.spring.SpringComponentProvider' (OnClassCondition)

   JmsAutoConfiguration:
      Did not match:
         - @ConditionalOnClass did not find required class 'javax.jms.Message' (OnClassCondition)

   JndiConnectionFactoryAutoConfiguration:
      Did not match:
         - @ConditionalOnClass did not find required class 'org.springframework.jms.core.JmsTemplate' (OnClassCondition)

   JndiDataSourceAutoConfiguration:
      Did not match:
         - @ConditionalOnProperty (spring.datasource.jndi-name) did not find property 'jndi-name' (OnPropertyCondition)
      Matched:
         - @ConditionalOnClass found required classes 'javax.sql.DataSource', 'org.springframework.jdbc.datasource.embedded.EmbeddedDatabaseType' (OnClassCondition)

   JooqAutoConfiguration:
      Did not match:
         - @ConditionalOnClass did not find required class 'org.jooq.DSLContext' (OnClassCondition)

   JpaRepositoriesAutoConfiguration:
      Did not match:
         - @ConditionalOnClass did not find required class 'org.springframework.data.jpa.repository.JpaRepository' (OnClassCondition)

   JsonbAutoConfiguration:
      Did not match:
         - @ConditionalOnClass did not find required class 'javax.json.bind.Jsonb' (OnClassCondition)

   JsonbHttpMessageConvertersConfiguration:
      Did not match:
         - @ConditionalOnClass did not find required class 'javax.json.bind.Jsonb' (OnClassCondition)

   JtaAutoConfiguration:
      Did not match:
         - @ConditionalOnClass did not find required class 'javax.transaction.Transaction' (OnClassCondition)

   KafkaAutoConfiguration:
      Did not match:
         - @ConditionalOnClass did not find required class 'org.springframework.kafka.core.KafkaTemplate' (OnClassCondition)

   LdapAutoConfiguration:
      Did not match:
         - @ConditionalOnClass did not find required class 'org.springframework.ldap.core.ContextSource' (OnClassCondition)

   LdapRepositoriesAutoConfiguration:
      Did not match:
         - @ConditionalOnClass did not find required class 'org.springframework.data.ldap.repository.LdapRepository' (OnClassCondition)

   LiquibaseAutoConfiguration:
      Did not match:
         - @ConditionalOnClass did not find required class 'liquibase.change.DatabaseChange' (OnClassCondition)

   MailSenderAutoConfiguration:
      Did not match:
         - AnyNestedCondition 0 matched 2 did not; NestedCondition on MailSenderAutoConfiguration.MailSenderCondition.JndiNameProperty @ConditionalOnProperty (spring.mail.jndi-name) did not find property 'jndi-name'; NestedCondition on MailSenderAutoConfiguration.MailSenderCondition.HostProperty @ConditionalOnProperty (spring.mail.host) did not find property 'host' (MailSenderAutoConfiguration.MailSenderCondition)
      Matched:
         - @ConditionalOnClass found required classes 'javax.mail.internet.MimeMessage', 'javax.activation.MimeType', 'org.springframework.mail.MailSender' (OnClassCondition)

   MailSenderValidatorAutoConfiguration:
      Did not match:
         - @ConditionalOnProperty (spring.mail.test-connection) did not find property 'test-connection' (OnPropertyCondition)

   MessageSourceAutoConfiguration:
      Did not match:
         - ResourceBundle did not find bundle with basename messages (MessageSourceAutoConfiguration.ResourceBundleCondition)

   MongoAutoConfiguration:
      Did not match:
         - @ConditionalOnClass did not find required class 'com.mongodb.client.MongoClient' (OnClassCondition)

   MongoDataAutoConfiguration:
      Did not match:
         - @ConditionalOnClass did not find required class 'com.mongodb.client.MongoClient' (OnClassCondition)

   MongoReactiveAutoConfiguration:
      Did not match:
         - @ConditionalOnClass did not find required class 'com.mongodb.reactivestreams.client.MongoClient' (OnClassCondition)

   MongoReactiveDataAutoConfiguration:
      Did not match:
         - @ConditionalOnClass did not find required class 'com.mongodb.reactivestreams.client.MongoClient' (OnClassCondition)

   MongoReactiveRepositoriesAutoConfiguration:
      Did not match:
         - @ConditionalOnClass did not find required class 'com.mongodb.reactivestreams.client.MongoClient' (OnClassCondition)

   MongoRepositoriesAutoConfiguration:
      Did not match:
         - @ConditionalOnClass did not find required class 'com.mongodb.client.MongoClient' (OnClassCondition)

   MustacheAutoConfiguration:
      Did not match:
         - @ConditionalOnClass did not find required class 'com.samskivert.mustache.Mustache' (OnClassCondition)

   Neo4jAutoConfiguration:
      Did not match:
         - @ConditionalOnClass did not find required class 'org.neo4j.driver.Driver' (OnClassCondition)

   Neo4jDataAutoConfiguration:
      Did not match:
         - @ConditionalOnClass did not find required class 'org.neo4j.driver.Driver' (OnClassCondition)

   Neo4jReactiveDataAutoConfiguration:
      Did not match:
         - @ConditionalOnClass did not find required class 'org.neo4j.driver.Driver' (OnClassCondition)

   Neo4jReactiveRepositoriesAutoConfiguration:
      Did not match:
         - @ConditionalOnClass did not find required class 'org.neo4j.driver.Driver' (OnClassCondition)

   Neo4jRepositoriesAutoConfiguration:
      Did not match:
         - @ConditionalOnClass did not find required class 'org.neo4j.driver.Driver' (OnClassCondition)

   OAuth2ClientAutoConfiguration:
      Did not match:
         - @ConditionalOnClass did not find required class 'org.springframework.security.config.annotation.web.configuration.EnableWebSecurity' (OnClassCondition)

   OAuth2ResourceServerAutoConfiguration:
      Did not match:
         - @ConditionalOnClass did not find required class 'org.springframework.security.oauth2.server.resource.BearerTokenAuthenticationToken' (OnClassCondition)

   ProjectInfoAutoConfiguration#buildProperties:
      Did not match:
         - @ConditionalOnResource did not find resource '${spring.info.build.location:classpath:META-INF/build-info.properties}' (OnResourceCondition)

   ProjectInfoAutoConfiguration#gitProperties:
      Did not match:
         - GitResource did not find git info at classpath:git.properties (ProjectInfoAutoConfiguration.GitResourceAvailableCondition)

   QuartzAutoConfiguration:
      Did not match:
         - @ConditionalOnClass did not find required class 'org.quartz.Scheduler' (OnClassCondition)

   R2dbcAutoConfiguration:
      Did not match:
         - @ConditionalOnClass did not find required class 'io.r2dbc.spi.ConnectionFactory' (OnClassCondition)

   R2dbcDataAutoConfiguration:
      Did not match:
         - @ConditionalOnClass did not find required class 'org.springframework.data.r2dbc.core.R2dbcEntityTemplate' (OnClassCondition)

   R2dbcRepositoriesAutoConfiguration:
      Did not match:
         - @ConditionalOnClass did not find required class 'io.r2dbc.spi.ConnectionFactory' (OnClassCondition)

   R2dbcTransactionManagerAutoConfiguration:
      Did not match:
         - @ConditionalOnClass did not find required class 'org.springframework.r2dbc.connection.R2dbcTransactionManager' (OnClassCondition)

   RSocketMessagingAutoConfiguration:
      Did not match:
         - @ConditionalOnClass did not find required class 'io.rsocket.RSocket' (OnClassCondition)

   RSocketRequesterAutoConfiguration:
      Did not match:
         - @ConditionalOnClass did not find required class 'io.rsocket.RSocket' (OnClassCondition)

   RSocketSecurityAutoConfiguration:
      Did not match:
         - @ConditionalOnClass did not find required class 'org.springframework.security.rsocket.core.SecuritySocketAcceptorInterceptor' (OnClassCondition)

   RSocketServerAutoConfiguration:
      Did not match:
         - @ConditionalOnClass did not find required class 'io.rsocket.core.RSocketServer' (OnClassCondition)

   RSocketStrategiesAutoConfiguration:
      Did not match:
         - @ConditionalOnClass did not find required class 'io.rsocket.RSocket' (OnClassCondition)

   RabbitAutoConfiguration:
      Did not match:
         - @ConditionalOnClass did not find required class 'com.rabbitmq.client.Channel' (OnClassCondition)

   ReactiveElasticsearchRepositoriesAutoConfiguration:
      Did not match:
         - @ConditionalOnClass did not find required class 'org.springframework.data.elasticsearch.client.reactive.ReactiveElasticsearchClient' (OnClassCondition)

   ReactiveElasticsearchRestClientAutoConfiguration:
      Did not match:
         - @ConditionalOnClass did not find required class 'reactor.netty.http.client.HttpClient' (OnClassCondition)

   ReactiveOAuth2ClientAutoConfiguration:
      Did not match:
         - @ConditionalOnClass did not find required class 'org.springframework.security.config.annotation.web.reactive.EnableWebFluxSecurity' (OnClassCondition)

   ReactiveOAuth2ResourceServerAutoConfiguration:
      Did not match:
         - @ConditionalOnClass did not find required class 'org.springframework.security.config.annotation.web.reactive.EnableWebFluxSecurity' (OnClassCondition)

   ReactiveSecurityAutoConfiguration:
      Did not match:
         - @ConditionalOnClass did not find required class 'org.springframework.security.config.annotation.web.reactive.EnableWebFluxSecurity' (OnClassCondition)

   ReactiveUserDetailsServiceAutoConfiguration:
      Did not match:
         - @ConditionalOnClass did not find required class 'org.springframework.security.authentication.ReactiveAuthenticationManager' (OnClassCondition)

   ReactiveWebServerFactoryAutoConfiguration:
      Did not match:
         - @ConditionalOnWebApplication did not find reactive web application classes (OnWebApplicationCondition)

   RepositoryRestMvcAutoConfiguration:
      Did not match:
         - @ConditionalOnClass did not find required class 'org.springframework.data.rest.webmvc.config.RepositoryRestMvcConfiguration' (OnClassCondition)

   Saml2RelyingPartyAutoConfiguration:
      Did not match:
         - @ConditionalOnClass did not find required class 'org.springframework.security.saml2.provider.service.registration.RelyingPartyRegistrationRepository' (OnClassCondition)

   SecurityAutoConfiguration:
      Did not match:
         - @ConditionalOnClass did not find required class 'org.springframework.security.authentication.DefaultAuthenticationEventPublisher' (OnClassCondition)

   SecurityFilterAutoConfiguration:
      Did not match:
         - @ConditionalOnClass did not find required class 'org.springframework.security.config.http.SessionCreationPolicy' (OnClassCondition)

   SendGridAutoConfiguration:
      Did not match:
         - @ConditionalOnClass did not find required class 'com.sendgrid.SendGrid' (OnClassCondition)

   ServletWebServerFactoryAutoConfiguration#forwardedHeaderFilter:
      Did not match:
         - @ConditionalOnProperty (server.forward-headers-strategy=framework) did not find property 'server.forward-headers-strategy' (OnPropertyCondition)

   ServletWebServerFactoryConfiguration.EmbeddedJetty:
      Did not match:
         - @ConditionalOnClass did not find required classes 'org.eclipse.jetty.server.Server', 'org.eclipse.jetty.util.Loader', 'org.eclipse.jetty.webapp.WebAppContext' (OnClassCondition)

   ServletWebServerFactoryConfiguration.EmbeddedUndertow:
      Did not match:
         - @ConditionalOnClass did not find required classes 'io.undertow.Undertow', 'org.xnio.SslClientAuthMode' (OnClassCondition)

   SessionAutoConfiguration:
      Did not match:
         - @ConditionalOnClass did not find required class 'org.springframework.session.Session' (OnClassCondition)

   SolrAutoConfiguration:
      Did not match:
         - @ConditionalOnClass did not find required class 'org.apache.solr.client.solrj.impl.CloudSolrClient' (OnClassCondition)

   SolrRepositoriesAutoConfiguration:
      Did not match:
         - @ConditionalOnClass did not find required class 'org.apache.solr.client.solrj.SolrClient' (OnClassCondition)

   TaskSchedulingAutoConfiguration#taskScheduler:
      Did not match:
         - @ConditionalOnBean (names: org.springframework.context.annotation.internalScheduledAnnotationProcessor; SearchStrategy: all) did not find any beans named org.springframework.context.annotation.internalScheduledAnnotationProcessor (OnBeanCondition)

   ThymeleafAutoConfiguration:
      Did not match:
         - @ConditionalOnClass did not find required class 'org.thymeleaf.spring5.SpringTemplateEngine' (OnClassCondition)

   TransactionAutoConfiguration#transactionalOperator:
      Did not match:
         - @ConditionalOnSingleCandidate (types: org.springframework.transaction.ReactiveTransactionManager; SearchStrategy: all) did not find any beans (OnBeanCondition)

   TransactionAutoConfiguration.EnableTransactionManagementConfiguration.JdkDynamicAutoProxyConfiguration:
      Did not match:
         - @ConditionalOnProperty (spring.aop.proxy-target-class=false) did not find property 'proxy-target-class' (OnPropertyCondition)

   UserDetailsServiceAutoConfiguration:
      Did not match:
         - @ConditionalOnClass did not find required class 'org.springframework.security.authentication.AuthenticationManager' (OnClassCondition)

   ValidationAutoConfiguration:
      Did not match:
         - @ConditionalOnClass did not find required class 'javax.validation.executable.ExecutableValidator' (OnClassCondition)

   WebClientAutoConfiguration:
      Did not match:
         - @ConditionalOnClass did not find required class 'org.springframework.web.reactive.function.client.WebClient' (OnClassCondition)

   WebFluxAutoConfiguration:
      Did not match:
         - @ConditionalOnClass did not find required class 'org.springframework.web.reactive.config.WebFluxConfigurer' (OnClassCondition)

   WebMvcAutoConfiguration#hiddenHttpMethodFilter:
      Did not match:
         - @ConditionalOnProperty (spring.mvc.hiddenmethod.filter.enabled) did not find property 'enabled' (OnPropertyCondition)

   WebMvcAutoConfiguration.ResourceChainCustomizerConfiguration:
      Did not match:
         - @ConditionalOnEnabledResourceChain did not find class org.webjars.WebJarAssetLocator (OnEnabledResourceChainCondition)

   WebMvcAutoConfiguration.WebMvcAutoConfigurationAdapter#beanNameViewResolver:
      Did not match:
         - @ConditionalOnMissingBean (types: org.springframework.web.servlet.view.BeanNameViewResolver; SearchStrategy: all) found beans of type 'org.springframework.web.servlet.view.BeanNameViewResolver' beanNameViewResolver (OnBeanCondition)

   WebServiceTemplateAutoConfiguration:
      Did not match:
         - @ConditionalOnClass did not find required class 'org.springframework.ws.client.core.WebServiceTemplate' (OnClassCondition)

   WebServicesAutoConfiguration:
      Did not match:
         - @ConditionalOnClass did not find required class 'org.springframework.ws.transport.http.MessageDispatcherServlet' (OnClassCondition)

   WebSocketMessagingAutoConfiguration:
      Did not match:
         - @ConditionalOnClass did not find required class 'org.springframework.web.socket.config.annotation.WebSocketMessageBrokerConfigurer' (OnClassCondition)

   WebSocketReactiveAutoConfiguration:
      Did not match:
         - @ConditionalOnWebApplication did not find reactive web application classes (OnWebApplicationCondition)

   WebSocketServletAutoConfiguration.JettyWebSocketConfiguration:
      Did not match:
         - @ConditionalOnClass did not find required class 'org.eclipse.jetty.websocket.jsr356.server.deploy.WebSocketServerContainerInitializer' (OnClassCondition)

   WebSocketServletAutoConfiguration.UndertowWebSocketConfiguration:
      Did not match:
         - @ConditionalOnClass did not find required class 'io.undertow.websockets.jsr.Bootstrap' (OnClassCondition)

   XADataSourceAutoConfiguration:
      Did not match:
         - @ConditionalOnClass did not find required class 'javax.transaction.TransactionManager' (OnClassCondition)


Exclusions:
-----------

    None


Unconditional classes:
----------------------

    org.springframework.boot.autoconfigure.context.ConfigurationPropertiesAutoConfiguration

    org.springframework.boot.autoconfigure.context.LifecycleAutoConfiguration

    org.springframework.boot.autoconfigure.context.PropertyPlaceholderAutoConfiguration

    org.springframework.boot.autoconfigure.availability.ApplicationAvailabilityAutoConfiguration

    org.springframework.boot.autoconfigure.info.ProjectInfoAutoConfiguration



16250 [main] DEBUG o.s.c.e.PropertySourcesPropertyResolver - Found key 'spring.liveBeansView.mbeanDomain' in PropertySource 'systemProperties' with value of type String
16257 [main] INFO  t.b.l.LovageShoppingApplication - Started LovageShoppingApplication in 15.811 seconds (JVM running for 20.041)
7798 [main] DEBUG o.s.b.f.s.DefaultListableBeanFactory - Creating shared instance of singleton bean 'org.springframework.boot.context.properties.BoundConfigurationProperties'
7894 [main] DEBUG o.s.b.f.s.DefaultListableBeanFactory - Autowiring by type from bean name 'servletWebServerFactoryCustomizer' via factory method to bean named 'server-org.springframework.boot.autoconfigure.web.ServerProperties'
7898 [main] DEBUG o.s.b.f.s.DefaultListableBeanFactory - Creating shared instance of singleton bean 'tomcatServletWebServerFactoryCustomizer'
7900 [main] DEBUG o.s.b.f.s.DefaultListableBeanFactory - Autowiring by type from bean name 'tomcatServletWebServerFactoryCustomizer' via factory method to bean named 'server-org.springframework.boot.autoconfigure.web.ServerProperties'
7902 [main] DEBUG o.s.b.f.s.DefaultListableBeanFactory - Creating shared instance of singleton bean 'tomcatWebServerFactoryCustomizer'
7902 [main] DEBUG o.s.b.f.s.DefaultListableBeanFactory - Creating shared instance of singleton bean 'org.springframework.boot.autoconfigure.web.embedded.EmbeddedWebServerFactoryCustomizerAutoConfiguration$TomcatWebServerFactoryCustomizerConfiguration'
7906 [main] DEBUG o.s.b.f.s.DefaultListableBeanFactory - Autowiring by type from bean name 'tomcatWebServerFactoryCustomizer' via factory method to bean named 'environment'
7906 [main] DEBUG o.s.b.f.s.DefaultListableBeanFactory - Autowiring by type from bean name 'tomcatWebServerFactoryCustomizer' via factory method to bean named 'server-org.springframework.boot.autoconfigure.web.ServerProperties'
7910 [main] DEBUG o.s.b.f.s.DefaultListableBeanFactory - Creating shared instance of singleton bean 'localeCharsetMappingsCustomizer'
7911 [main] DEBUG o.s.b.f.s.DefaultListableBeanFactory - Creating shared instance of singleton bean 'org.springframework.boot.autoconfigure.web.servlet.HttpEncodingAutoConfiguration'
7913 [main] DEBUG o.s.b.f.s.DefaultListableBeanFactory - Autowiring by type from bean name 'org.springframework.boot.autoconfigure.web.servlet.HttpEncodingAutoConfiguration' via constructor to bean named 'server-org.springframework.boot.autoconfigure.web.ServerProperties'
8012 [main] DEBUG o.s.b.f.s.DefaultListableBeanFactory - Creating shared instance of singleton bean 'errorPageCustomizer'
8013 [main] DEBUG o.s.b.f.s.DefaultListableBeanFactory - Creating shared instance of singleton bean 'org.springframework.boot.autoconfigure.web.servlet.error.ErrorMvcAutoConfiguration'
8014 [main] DEBUG o.s.b.f.s.DefaultListableBeanFactory - Autowiring by type from bean name 'org.springframework.boot.autoconfigure.web.servlet.error.ErrorMvcAutoConfiguration' via constructor to bean named 'server-org.springframework.boot.autoconfigure.web.ServerProperties'
8019 [main] DEBUG o.s.b.f.s.DefaultListableBeanFactory - Creating shared instance of singleton bean 'dispatcherServletRegistration'
8020 [main] DEBUG o.s.b.f.s.DefaultListableBeanFactory - Creating shared instance of singleton bean 'org.springframework.boot.autoconfigure.web.servlet.DispatcherServletAutoConfiguration$DispatcherServletRegistrationConfiguration'
8023 [main] DEBUG o.s.b.f.s.DefaultListableBeanFactory - Creating shared instance of singleton bean 'dispatcherServlet'
8023 [main] DEBUG o.s.b.f.s.DefaultListableBeanFactory - Creating shared instance of singleton bean 'org.springframework.boot.autoconfigure.web.servlet.DispatcherServletAutoConfiguration$DispatcherServletConfiguration'
8026 [main] DEBUG o.s.b.f.s.DefaultListableBeanFactory - Creating shared instance of singleton bean 'spring.mvc-org.springframework.boot.autoconfigure.web.servlet.WebMvcProperties'
8043 [main] DEBUG o.s.b.f.s.DefaultListableBeanFactory - Autowiring by type from bean name 'dispatcherServlet' via factory method to bean named 'spring.mvc-org.springframework.boot.autoconfigure.web.servlet.WebMvcProperties'
8088 [main] DEBUG o.s.b.f.s.DefaultListableBeanFactory - Autowiring by type from bean name 'dispatcherServletRegistration' via factory method to bean named 'dispatcherServlet'
8089 [main] DEBUG o.s.b.f.s.DefaultListableBeanFactory - Autowiring by type from bean name 'dispatcherServletRegistration' via factory method to bean named 'spring.mvc-org.springframework.boot.autoconfigure.web.servlet.WebMvcProperties'
8094 [main] DEBUG o.s.b.f.s.DefaultListableBeanFactory - Creating shared instance of singleton bean 'multipartConfigElement'
8094 [main] DEBUG o.s.b.f.s.DefaultListableBeanFactory - Creating shared instance of singleton bean 'org.springframework.boot.autoconfigure.web.servlet.MultipartAutoConfiguration'
8096 [main] DEBUG o.s.b.f.s.DefaultListableBeanFactory - Creating shared instance of singleton bean 'spring.servlet.multipart-org.springframework.boot.autoconfigure.web.servlet.MultipartProperties'
8115 [main] DEBUG o.s.b.f.s.DefaultListableBeanFactory - Autowiring by type from bean name 'org.springframework.boot.autoconfigure.web.servlet.MultipartAutoConfiguration' via constructor to bean named 'spring.servlet.multipart-org.springframework.boot.autoconfigure.web.servlet.MultipartProperties'
8134 [main] DEBUG o.s.b.f.s.DefaultListableBeanFactory - Autowiring by type from bean name 'errorPageCustomizer' via factory method to bean named 'dispatcherServletRegistration'
8484 [main] DEBUG o.s.b.w.e.t.TomcatServletWebServerFactory - Code archive: C:\Users\47440\.m2\repository\org\springframework\boot\spring-boot\2.4.5\spring-boot-2.4.5.jar
8485 [main] DEBUG o.s.b.w.e.t.TomcatServletWebServerFactory - Code archive: C:\Users\47440\.m2\repository\org\springframework\boot\spring-boot\2.4.5\spring-boot-2.4.5.jar
8485 [main] DEBUG o.s.b.w.e.t.TomcatServletWebServerFactory - None of the document roots [src/main/webapp, public, static] point to a directory and will be ignored.
8581 [main] INFO  o.s.b.w.e.tomcat.TomcatWebServer - Tomcat initialized with port(s): 8080 (http)
8625 [main] INFO  o.a.coyote.http11.Http11NioProtocol - Initializing ProtocolHandler ["http-nio-8080"]
8629 [main] INFO  o.a.catalina.core.StandardService - Starting service [Tomcat]
8629 [main] INFO  o.a.catalina.core.StandardEngine - Starting Servlet engine: [Apache Tomcat/9.0.45]
8998 [main] INFO  o.a.c.c.C.[.[localhost].[/lovage] - Initializing Spring embedded WebApplicationContext
8998 [main] DEBUG o.s.b.w.s.c.ServletWebServerApplicationContext - Published root WebApplicationContext as ServletContext attribute with name [org.springframework.web.context.WebApplicationContext.ROOT]
8998 [main] INFO  o.s.b.w.s.c.ServletWebServerApplicationContext - Root WebApplicationContext: initialization completed in 5804 ms
9004 [main] DEBUG o.s.b.f.s.DefaultListableBeanFactory - Creating shared instance of singleton bean 'statViewServletRegistrationBean'
9004 [main] DEBUG o.s.b.f.s.DefaultListableBeanFactory - Creating shared instance of singleton bean 'com.alibaba.druid.spring.boot.autoconfigure.stat.DruidStatViewServletConfiguration'
9008 [main] DEBUG o.s.b.f.s.DefaultListableBeanFactory - Creating shared instance of singleton bean 'spring.datasource.druid-com.alibaba.druid.spring.boot.autoconfigure.properties.DruidStatProperties'
9019 [main] DEBUG o.s.b.f.s.DefaultListableBeanFactory - Autowiring by type from bean name 'statViewServletRegistrationBean' via factory method to bean named 'spring.datasource.druid-com.alibaba.druid.spring.boot.autoconfigure.properties.DruidStatProperties'
9047 [main] DEBUG o.s.b.f.s.DefaultListableBeanFactory - Creating shared instance of singleton bean 'requestContextFilter'
9059 [main] DEBUG o.s.b.f.s.DefaultListableBeanFactory - Creating shared instance of singleton bean 'formContentFilter'
9060 [main] DEBUG o.s.b.f.s.DefaultListableBeanFactory - Creating shared instance of singleton bean 'org.springframework.boot.autoconfigure.web.servlet.WebMvcAutoConfiguration'
9076 [main] DEBUG o.s.b.f.s.DefaultListableBeanFactory - Creating shared instance of singleton bean 'characterEncodingFilter'
9106 [main] DEBUG o.s.b.w.s.ServletContextInitializerBeans - Mapping filters: characterEncodingFilter urls=[/*] order=-2147483648, formContentFilter urls=[/*] order=-9900, requestContextFilter urls=[/*] order=-105
9106 [main] DEBUG o.s.b.w.s.ServletContextInitializerBeans - Mapping servlets: dispatcherServlet urls=[/], statViewServlet urls=[/druid/*]
9198 [main] DEBUG o.s.b.w.s.f.OrderedRequestContextFilter - Filter 'requestContextFilter' configured for use
9199 [main] DEBUG o.s.b.w.s.f.OrderedCharacterEncodingFilter - Filter 'characterEncodingFilter' configured for use
9200 [main] DEBUG o.s.b.w.s.f.OrderedFormContentFilter - Filter 'formContentFilter' configured for use
9241 [main] DEBUG o.s.b.f.s.DefaultListableBeanFactory - Creating shared instance of singleton bean 'lovageShoppingApplication'
9247 [main] DEBUG o.s.b.f.s.DefaultListableBeanFactory - Creating shared instance of singleton bean 'messageController'
9258 [main] DEBUG o.s.b.f.s.DefaultListableBeanFactory - Creating shared instance of singleton bean 'userController'
9339 [main] DEBUG o.s.b.f.s.DefaultListableBeanFactory - Creating shared instance of singleton bean 'userService'
9352 [main] DEBUG o.s.b.f.s.DefaultListableBeanFactory - Creating shared instance of singleton bean 'org.springframework.boot.autoconfigure.context.PropertyPlaceholderAutoConfiguration'
9355 [main] DEBUG o.s.b.f.s.DefaultListableBeanFactory - Creating shared instance of singleton bean 'org.springframework.boot.autoconfigure.websocket.servlet.WebSocketServletAutoConfiguration'
9356 [main] DEBUG o.s.b.f.s.DefaultListableBeanFactory - Creating shared instance of singleton bean 'org.springframework.boot.context.properties.EnableConfigurationPropertiesRegistrar.methodValidationExcludeFilter'
9364 [main] DEBUG o.s.b.f.s.DefaultListableBeanFactory - Creating shared instance of singleton bean 'org.springframework.boot.autoconfigure.web.servlet.DispatcherServletAutoConfiguration'
9366 [main] DEBUG o.s.b.f.s.DefaultListableBeanFactory - Creating shared instance of singleton bean 'org.springframework.boot.autoconfigure.task.TaskExecutionAutoConfiguration'
9370 [main] DEBUG o.s.b.f.s.DefaultListableBeanFactory - Creating shared instance of singleton bean 'taskExecutorBuilder'
9374 [main] DEBUG o.s.b.f.s.DefaultListableBeanFactory - Creating shared instance of singleton bean 'spring.task.execution-org.springframework.boot.autoconfigure.task.TaskExecutionProperties'
9383 [main] DEBUG o.s.b.f.s.DefaultListableBeanFactory - Autowiring by type from bean name 'taskExecutorBuilder' via factory method to bean named 'spring.task.execution-org.springframework.boot.autoconfigure.task.TaskExecutionProperties'
9390 [main] DEBUG o.s.b.f.s.DefaultListableBeanFactory - Creating shared instance of singleton bean 'org.springframework.boot.autoconfigure.web.servlet.error.ErrorMvcAutoConfiguration$WhitelabelErrorViewConfiguration'
9396 [main] DEBUG o.s.b.f.s.DefaultListableBeanFactory - Creating shared instance of singleton bean 'error'
9398 [main] DEBUG o.s.b.f.s.DefaultListableBeanFactory - Creating shared instance of singleton bean 'beanNameViewResolver'
9405 [main] DEBUG o.s.b.f.s.DefaultListableBeanFactory - Creating shared instance of singleton bean 'org.springframework.boot.autoconfigure.web.servlet.error.ErrorMvcAutoConfiguration$DefaultErrorViewResolverConfiguration'
9408 [main] DEBUG o.s.b.f.s.DefaultListableBeanFactory - Creating shared instance of singleton bean 'spring.resources-org.springframework.boot.autoconfigure.web.ResourceProperties'
9430 [main] DEBUG o.s.b.f.s.DefaultListableBeanFactory - Creating shared instance of singleton bean 'spring.web-org.springframework.boot.autoconfigure.web.WebProperties'
9434 [main] DEBUG o.s.b.f.s.DefaultListableBeanFactory - Autowiring by type from bean name 'org.springframework.boot.autoconfigure.web.servlet.error.ErrorMvcAutoConfiguration$DefaultErrorViewResolverConfiguration' via constructor to bean named 'org.springframework.boot.web.servlet.context.AnnotationConfigServletWebServerApplicationContext@67389cb8'
9434 [main] DEBUG o.s.b.f.s.DefaultListableBeanFactory - Autowiring by type from bean name 'org.springframework.boot.autoconfigure.web.servlet.error.ErrorMvcAutoConfiguration$DefaultErrorViewResolverConfiguration' via constructor to bean named 'spring.resources-org.springframework.boot.autoconfigure.web.ResourceProperties'
9434 [main] DEBUG o.s.b.f.s.DefaultListableBeanFactory - Autowiring by type from bean name 'org.springframework.boot.autoconfigure.web.servlet.error.ErrorMvcAutoConfiguration$DefaultErrorViewResolverConfiguration' via constructor to bean named 'spring.web-org.springframework.boot.autoconfigure.web.WebProperties'
9435 [main] DEBUG o.s.b.f.s.DefaultListableBeanFactory - Creating shared instance of singleton bean 'conventionErrorViewResolver'
9442 [main] DEBUG o.s.b.f.s.DefaultListableBeanFactory - Creating shared instance of singleton bean 'errorAttributes'
9451 [main] DEBUG o.s.b.f.s.DefaultListableBeanFactory - Creating shared instance of singleton bean 'basicErrorController'
9452 [main] DEBUG o.s.b.f.s.DefaultListableBeanFactory - Autowiring by type from bean name 'basicErrorController' via factory method to bean named 'errorAttributes'
9466 [main] DEBUG o.s.b.f.s.DefaultListableBeanFactory - Creating shared instance of singleton bean 'org.springframework.boot.autoconfigure.web.servlet.WebMvcAutoConfiguration$EnableWebMvcConfiguration'
9480 [main] DEBUG o.s.b.f.s.DefaultListableBeanFactory - Autowiring by type from bean name 'org.springframework.boot.autoconfigure.web.servlet.WebMvcAutoConfiguration$EnableWebMvcConfiguration' via constructor to bean named 'spring.resources-org.springframework.boot.autoconfigure.web.ResourceProperties'
9481 [main] DEBUG o.s.b.f.s.DefaultListableBeanFactory - Autowiring by type from bean name 'org.springframework.boot.autoconfigure.web.servlet.WebMvcAutoConfiguration$EnableWebMvcConfiguration' via constructor to bean named 'spring.mvc-org.springframework.boot.autoconfigure.web.servlet.WebMvcProperties'
9481 [main] DEBUG o.s.b.f.s.DefaultListableBeanFactory - Autowiring by type from bean name 'org.springframework.boot.autoconfigure.web.servlet.WebMvcAutoConfiguration$EnableWebMvcConfiguration' via constructor to bean named 'spring.web-org.springframework.boot.autoconfigure.web.WebProperties'
9481 [main] DEBUG o.s.b.f.s.DefaultListableBeanFactory - Autowiring by type from bean name 'org.springframework.boot.autoconfigure.web.servlet.WebMvcAutoConfiguration$EnableWebMvcConfiguration' via constructor to bean named 'org.springframework.beans.factory.support.DefaultListableBeanFactory@26b894bd'
9535 [main] DEBUG o.s.b.f.s.DefaultListableBeanFactory - Creating shared instance of singleton bean 'org.springframework.boot.autoconfigure.web.servlet.WebMvcAutoConfiguration$WebMvcAutoConfigurationAdapter'
9539 [main] DEBUG o.s.b.f.s.DefaultListableBeanFactory - Autowiring by type from bean name 'org.springframework.boot.autoconfigure.web.servlet.WebMvcAutoConfiguration$WebMvcAutoConfigurationAdapter' via constructor to bean named 'spring.web-org.springframework.boot.autoconfigure.web.WebProperties'
9539 [main] DEBUG o.s.b.f.s.DefaultListableBeanFactory - Autowiring by type from bean name 'org.springframework.boot.autoconfigure.web.servlet.WebMvcAutoConfiguration$WebMvcAutoConfigurationAdapter' via constructor to bean named 'spring.mvc-org.springframework.boot.autoconfigure.web.servlet.WebMvcProperties'
9539 [main] DEBUG o.s.b.f.s.DefaultListableBeanFactory - Autowiring by type from bean name 'org.springframework.boot.autoconfigure.web.servlet.WebMvcAutoConfiguration$WebMvcAutoConfigurationAdapter' via constructor to bean named 'org.springframework.beans.factory.support.DefaultListableBeanFactory@26b894bd'
9543 [main] DEBUG o.s.b.f.s.DefaultListableBeanFactory - Creating shared instance of singleton bean 'org.springframework.data.web.config.SpringDataWebConfiguration'
9551 [main] DEBUG o.s.b.f.s.DefaultListableBeanFactory - Autowiring by type from bean name 'org.springframework.data.web.config.SpringDataWebConfiguration' via constructor to bean named 'org.springframework.boot.web.servlet.context.AnnotationConfigServletWebServerApplicationContext@67389cb8'
9557 [main] DEBUG o.s.b.f.s.DefaultListableBeanFactory - Creating shared instance of singleton bean 'pageableCustomizer'
9558 [main] DEBUG o.s.b.f.s.DefaultListableBeanFactory - Creating shared instance of singleton bean 'org.springframework.boot.autoconfigure.data.web.SpringDataWebAutoConfiguration'
9559 [main] DEBUG o.s.b.f.s.DefaultListableBeanFactory - Creating shared instance of singleton bean 'spring.data.web-org.springframework.boot.autoconfigure.data.web.SpringDataWebProperties'
9563 [main] DEBUG o.s.b.f.s.DefaultListableBeanFactory - Autowiring by type from bean name 'org.springframework.boot.autoconfigure.data.web.SpringDataWebAutoConfiguration' via constructor to bean named 'spring.data.web-org.springframework.boot.autoconfigure.data.web.SpringDataWebProperties'
9571 [main] DEBUG o.s.b.f.s.DefaultListableBeanFactory - Creating shared instance of singleton bean 'sortCustomizer'
9582 [main] DEBUG o.s.b.f.s.DefaultListableBeanFactory - Creating shared instance of singleton bean 'requestMappingHandlerAdapter'
9587 [main] DEBUG o.s.b.f.s.DefaultListableBeanFactory - Creating shared instance of singleton bean 'mvcContentNegotiationManager'
9609 [main] DEBUG o.s.b.f.s.DefaultListableBeanFactory - Creating shared instance of singleton bean 'mvcConversionService'
9648 [main] DEBUG o.s.b.f.s.DefaultListableBeanFactory - Creating shared instance of singleton bean 'mvcValidator'
9658 [main] DEBUG o.s.b.f.s.DefaultListableBeanFactory - Autowiring by type from bean name 'requestMappingHandlerAdapter' via factory method to bean named 'mvcContentNegotiationManager'
9659 [main] DEBUG o.s.b.f.s.DefaultListableBeanFactory - Autowiring by type from bean name 'requestMappingHandlerAdapter' via factory method to bean named 'mvcConversionService'
9659 [main] DEBUG o.s.b.f.s.DefaultListableBeanFactory - Autowiring by type from bean name 'requestMappingHandlerAdapter' via factory method to bean named 'mvcValidator'
9677 [main] DEBUG o.s.b.f.s.DefaultListableBeanFactory - Autowiring by type from bean name 'requestMappingHandlerAdapter' via factory method to bean named 'mvcContentNegotiationManager'
9677 [main] DEBUG o.s.b.f.s.DefaultListableBeanFactory - Autowiring by type from bean name 'requestMappingHandlerAdapter' via factory method to bean named 'mvcConversionService'
9677 [main] DEBUG o.s.b.f.s.DefaultListableBeanFactory - Autowiring by type from bean name 'requestMappingHandlerAdapter' via factory method to bean named 'mvcValidator'
9705 [main] DEBUG o.s.b.f.s.DefaultListableBeanFactory - Creating shared instance of singleton bean 'messageConverters'
9706 [main] DEBUG o.s.b.f.s.DefaultListableBeanFactory - Creating shared instance of singleton bean 'org.springframework.boot.autoconfigure.http.HttpMessageConvertersAutoConfiguration'
9718 [main] DEBUG o.s.b.f.s.DefaultListableBeanFactory - Creating shared instance of singleton bean 'stringHttpMessageConverter'
9719 [main] DEBUG o.s.b.f.s.DefaultListableBeanFactory - Creating shared instance of singleton bean 'org.springframework.boot.autoconfigure.http.HttpMessageConvertersAutoConfiguration$StringHttpMessageConverterConfiguration'
9723 [main] DEBUG o.s.b.f.s.DefaultListableBeanFactory - Autowiring by type from bean name 'stringHttpMessageConverter' via factory method to bean named 'environment'
9752 [main] DEBUG o.s.b.f.s.DefaultListableBeanFactory - Creating shared instance of singleton bean 'mappingJackson2HttpMessageConverter'
9753 [main] DEBUG o.s.b.f.s.DefaultListableBeanFactory - Creating shared instance of singleton bean 'org.springframework.boot.autoconfigure.http.JacksonHttpMessageConvertersConfiguration$MappingJackson2HttpMessageConverterConfiguration'
9756 [main] DEBUG o.s.b.f.s.DefaultListableBeanFactory - Creating shared instance of singleton bean 'jacksonObjectMapper'
9757 [main] DEBUG o.s.b.f.s.DefaultListableBeanFactory - Creating shared instance of singleton bean 'org.springframework.boot.autoconfigure.jackson.JacksonAutoConfiguration$JacksonObjectMapperConfiguration'
9764 [main] DEBUG o.s.b.f.s.DefaultListableBeanFactory - Creating shared instance of singleton bean 'org.springframework.boot.autoconfigure.jackson.JacksonAutoConfiguration$JacksonObjectMapperBuilderConfiguration'
9768 [main] DEBUG o.s.b.f.s.DefaultListableBeanFactory - Creating shared instance of singleton bean 'standardJacksonObjectMapperBuilderCustomizer'
9768 [main] DEBUG o.s.b.f.s.DefaultListableBeanFactory - Creating shared instance of singleton bean 'org.springframework.boot.autoconfigure.jackson.JacksonAutoConfiguration$Jackson2ObjectMapperBuilderCustomizerConfiguration'
9771 [main] DEBUG o.s.b.f.s.DefaultListableBeanFactory - Creating shared instance of singleton bean 'spring.jackson-org.springframework.boot.autoconfigure.jackson.JacksonProperties'
9788 [main] DEBUG o.s.b.f.s.DefaultListableBeanFactory - Autowiring by type from bean name 'standardJacksonObjectMapperBuilderCustomizer' via factory method to bean named 'org.springframework.boot.web.servlet.context.AnnotationConfigServletWebServerApplicationContext@67389cb8'
9789 [main] DEBUG o.s.b.f.s.DefaultListableBeanFactory - Autowiring by type from bean name 'standardJacksonObjectMapperBuilderCustomizer' via factory method to bean named 'spring.jackson-org.springframework.boot.autoconfigure.jackson.JacksonProperties'
9791 [main] DEBUG o.s.b.f.s.DefaultListableBeanFactory - Autowiring by type from bean name 'jacksonObjectMapperBuilder' via factory method to bean named 'org.springframework.boot.web.servlet.context.AnnotationConfigServletWebServerApplicationContext@67389cb8'
9792 [main] DEBUG o.s.b.f.s.DefaultListableBeanFactory - Autowiring by type from bean name 'jacksonObjectMapperBuilder' via factory method to bean named 'standardJacksonObjectMapperBuilderCustomizer'
9800 [main] DEBUG o.s.b.f.s.DefaultListableBeanFactory - Creating shared instance of singleton bean 'parameterNamesModule'
9800 [main] DEBUG o.s.b.f.s.DefaultListableBeanFactory - Creating shared instance of singleton bean 'org.springframework.boot.autoconfigure.jackson.JacksonAutoConfiguration$ParameterNamesModuleConfiguration'
9819 [main] DEBUG o.s.b.f.s.DefaultListableBeanFactory - Creating shared instance of singleton bean 'jsonComponentModule'
9819 [main] DEBUG o.s.b.f.s.DefaultListableBeanFactory - Creating shared instance of singleton bean 'org.springframework.boot.autoconfigure.jackson.JacksonAutoConfiguration'
9877 [main] DEBUG o.s.b.f.s.DefaultListableBeanFactory - Creating shared instance of singleton bean 'jacksonGeoModule'
9878 [main] DEBUG o.s.b.f.s.DefaultListableBeanFactory - Creating shared instance of singleton bean 'org.springframework.data.web.config.SpringDataJacksonConfiguration'
9905 [main] DEBUG o.s.b.f.s.DefaultListableBeanFactory - Autowiring by type from bean name 'jacksonObjectMapper' via factory method to bean named 'jacksonObjectMapperBuilder'
10025 [main] DEBUG o.s.b.f.s.DefaultListableBeanFactory - Autowiring by type from bean name 'mappingJackson2HttpMessageConverter' via factory method to bean named 'jacksonObjectMapper'
10056 [main] DEBUG o.s.b.f.s.DefaultListableBeanFactory - Creating shared instance of singleton bean 'sortResolver'
10075 [main] DEBUG o.s.b.f.s.DefaultListableBeanFactory - Creating shared instance of singleton bean 'pageableResolver'
10098 [main] DEBUG o.s.b.f.s.DefaultListableBeanFactory - Creating shared instance of singleton bean 'applicationTaskExecutor'
10100 [main] DEBUG o.s.b.f.s.DefaultListableBeanFactory - Autowiring by type from bean name 'applicationTaskExecutor' via factory method to bean named 'taskExecutorBuilder'
10115 [main] INFO  o.s.s.c.ThreadPoolTaskExecutor - Initializing ExecutorService 'applicationTaskExecutor'
10154 [main] DEBUG o.s.w.s.m.m.a.RequestMappingHandlerAdapter - ControllerAdvice beans: 0 @ModelAttribute, 0 @InitBinder, 1 RequestBodyAdvice, 1 ResponseBodyAdvice
10235 [main] DEBUG o.s.b.f.s.DefaultListableBeanFactory - Creating shared instance of singleton bean 'requestMappingHandlerMapping'
10238 [main] DEBUG o.s.b.f.s.DefaultListableBeanFactory - Creating shared instance of singleton bean 'mvcResourceUrlProvider'
10261 [main] DEBUG o.s.b.f.s.DefaultListableBeanFactory - Autowiring by type from bean name 'requestMappingHandlerMapping' via factory method to bean named 'mvcContentNegotiationManager'
10261 [main] DEBUG o.s.b.f.s.DefaultListableBeanFactory - Autowiring by type from bean name 'requestMappingHandlerMapping' via factory method to bean named 'mvcConversionService'
10261 [main] DEBUG o.s.b.f.s.DefaultListableBeanFactory - Autowiring by type from bean name 'requestMappingHandlerMapping' via factory method to bean named 'mvcResourceUrlProvider'
10263 [main] DEBUG o.s.b.f.s.DefaultListableBeanFactory - Autowiring by type from bean name 'requestMappingHandlerMapping' via factory method to bean named 'mvcContentNegotiationManager'
10263 [main] DEBUG o.s.b.f.s.DefaultListableBeanFactory - Autowiring by type from bean name 'requestMappingHandlerMapping' via factory method to bean named 'mvcConversionService'
10264 [main] DEBUG o.s.b.f.s.DefaultListableBeanFactory - Autowiring by type from bean name 'requestMappingHandlerMapping' via factory method to bean named 'mvcResourceUrlProvider'
10395 [main] DEBUG _.s.w.s.HandlerMapping.Mappings - 
	t.b.l.c.o.MessageController:
	{ [/mail/]}: sendByMail(Map)
	{ [/phone/]}: sendByPhone(Map)
10410 [main] DEBUG _.s.w.s.HandlerMapping.Mappings - 
	t.b.l.m.l.c.UserController:
	{ [/user/toRegister]}: register(Map)
	{ [/user/phone]}: sendByPhone(Map)
	{ [/user/login]}: login(Map)
10423 [main] DEBUG _.s.w.s.HandlerMapping.Mappings - 
	o.s.b.a.w.s.e.BasicErrorController:
	{ [/error]}: error(HttpServletRequest)
	{ [/error], produces [text/html]}: errorHtml(HttpServletRequest,HttpServletResponse)
10447 [main] DEBUG o.s.w.s.m.m.a.RequestMappingHandlerMapping - 7 mappings in 'requestMappingHandlerMapping'
10457 [main] DEBUG o.s.b.f.s.DefaultListableBeanFactory - Creating shared instance of singleton bean 'welcomePageHandlerMapping'
10463 [main] DEBUG o.s.b.f.s.DefaultListableBeanFactory - Autowiring by type from bean name 'welcomePageHandlerMapping' via factory method to bean named 'org.springframework.boot.web.servlet.context.AnnotationConfigServletWebServerApplicationContext@67389cb8'
10463 [main] DEBUG o.s.b.f.s.DefaultListableBeanFactory - Autowiring by type from bean name 'welcomePageHandlerMapping' via factory method to bean named 'mvcConversionService'
10464 [main] DEBUG o.s.b.f.s.DefaultListableBeanFactory - Autowiring by type from bean name 'welcomePageHandlerMapping' via factory method to bean named 'mvcResourceUrlProvider'
10588 [main] DEBUG o.s.b.f.s.DefaultListableBeanFactory - Creating shared instance of singleton bean 'localeResolver'
10604 [main] DEBUG o.s.b.f.s.DefaultListableBeanFactory - Creating shared instance of singleton bean 'themeResolver'
10618 [main] DEBUG o.s.b.f.s.DefaultListableBeanFactory - Creating shared instance of singleton bean 'flashMapManager'
10640 [main] DEBUG o.s.b.f.s.DefaultListableBeanFactory - Creating shared instance of singleton bean 'mvcPatternParser'
10650 [main] DEBUG o.s.b.f.s.DefaultListableBeanFactory - Creating shared instance of singleton bean 'mvcUrlPathHelper'
10656 [main] DEBUG o.s.b.f.s.DefaultListableBeanFactory - Creating shared instance of singleton bean 'mvcPathMatcher'
10667 [main] DEBUG o.s.b.f.s.DefaultListableBeanFactory - Creating shared instance of singleton bean 'viewControllerHandlerMapping'
10672 [main] DEBUG o.s.b.f.s.DefaultListableBeanFactory - Autowiring by type from bean name 'viewControllerHandlerMapping' via factory method to bean named 'mvcConversionService'
10673 [main] DEBUG o.s.b.f.s.DefaultListableBeanFactory - Autowiring by type from bean name 'viewControllerHandlerMapping' via factory method to bean named 'mvcResourceUrlProvider'
10676 [main] DEBUG o.s.b.f.s.DefaultListableBeanFactory - Creating shared instance of singleton bean 'beanNameHandlerMapping'
10681 [main] DEBUG o.s.b.f.s.DefaultListableBeanFactory - Autowiring by type from bean name 'beanNameHandlerMapping' via factory method to bean named 'mvcConversionService'
10682 [main] DEBUG o.s.b.f.s.DefaultListableBeanFactory - Autowiring by type from bean name 'beanNameHandlerMapping' via factory method to bean named 'mvcResourceUrlProvider'
10696 [main] DEBUG _.s.w.s.HandlerMapping.Mappings - 'beanNameHandlerMapping' {}
10702 [main] DEBUG o.s.b.f.s.DefaultListableBeanFactory - Creating shared instance of singleton bean 'routerFunctionMapping'
10705 [main] DEBUG o.s.b.f.s.DefaultListableBeanFactory - Autowiring by type from bean name 'routerFunctionMapping' via factory method to bean named 'mvcConversionService'
10706 [main] DEBUG o.s.b.f.s.DefaultListableBeanFactory - Autowiring by type from bean name 'routerFunctionMapping' via factory method to bean named 'mvcResourceUrlProvider'
10744 [main] DEBUG o.s.b.f.s.DefaultListableBeanFactory - Creating shared instance of singleton bean 'resourceHandlerMapping'
10760 [main] DEBUG o.s.b.f.s.DefaultListableBeanFactory - Autowiring by type from bean name 'resourceHandlerMapping' via factory method to bean named 'mvcContentNegotiationManager'
10761 [main] DEBUG o.s.b.f.s.DefaultListableBeanFactory - Autowiring by type from bean name 'resourceHandlerMapping' via factory method to bean named 'mvcConversionService'
10761 [main] DEBUG o.s.b.f.s.DefaultListableBeanFactory - Autowiring by type from bean name 'resourceHandlerMapping' via factory method to bean named 'mvcResourceUrlProvider'
10829 [main] DEBUG _.s.w.s.HandlerMapping.Mappings - 'resourceHandlerMapping' {/webjars/**=ResourceHttpRequestHandler [Classpath [META-INF/resources/webjars/]], /**=ResourceHttpRequestHandler [Classpath [META-INF/resources/], Classpath [resources/], Classpath [static/], Classpath [public/], ServletContext [/]]}
10839 [main] DEBUG o.s.b.f.s.DefaultListableBeanFactory - Creating shared instance of singleton bean 'defaultServletHandlerMapping'
10842 [main] DEBUG o.s.b.f.s.DefaultListableBeanFactory - Creating shared instance of singleton bean 'handlerFunctionAdapter'
10849 [main] DEBUG o.s.b.f.s.DefaultListableBeanFactory - Creating shared instance of singleton bean 'mvcUriComponentsContributor'
10854 [main] DEBUG o.s.b.f.s.DefaultListableBeanFactory - Autowiring by type from bean name 'mvcUriComponentsContributor' via factory method to bean named 'mvcConversionService'
10854 [main] DEBUG o.s.b.f.s.DefaultListableBeanFactory - Autowiring by type from bean name 'mvcUriComponentsContributor' via factory method to bean named 'requestMappingHandlerAdapter'
10862 [main] DEBUG o.s.b.f.s.DefaultListableBeanFactory - Creating shared instance of singleton bean 'httpRequestHandlerAdapter'
10864 [main] DEBUG o.s.b.f.s.DefaultListableBeanFactory - Creating shared instance of singleton bean 'simpleControllerHandlerAdapter'
10866 [main] DEBUG o.s.b.f.s.DefaultListableBeanFactory - Creating shared instance of singleton bean 'handlerExceptionResolver'
10867 [main] DEBUG o.s.b.f.s.DefaultListableBeanFactory - Autowiring by type from bean name 'handlerExceptionResolver' via factory method to bean named 'mvcContentNegotiationManager'
10882 [main] DEBUG o.s.w.s.m.m.a.ExceptionHandlerExceptionResolver - ControllerAdvice beans: 0 @ExceptionHandler, 1 ResponseBodyAdvice
10894 [main] DEBUG o.s.b.f.s.DefaultListableBeanFactory - Creating shared instance of singleton bean 'mvcViewResolver'
10895 [main] DEBUG o.s.b.f.s.DefaultListableBeanFactory - Autowiring by type from bean name 'mvcViewResolver' via factory method to bean named 'mvcContentNegotiationManager'
10901 [main] DEBUG o.s.b.f.s.DefaultListableBeanFactory - Creating shared instance of singleton bean 'viewNameTranslator'
10906 [main] DEBUG o.s.b.f.s.DefaultListableBeanFactory - Creating shared instance of singleton bean 'defaultViewResolver'
10940 [main] DEBUG o.s.b.f.s.DefaultListableBeanFactory - Creating shared instance of singleton bean 'viewResolver'
10942 [main] DEBUG o.s.b.f.s.DefaultListableBeanFactory - Autowiring by type from bean name 'viewResolver' via factory method to bean named 'org.springframework.beans.factory.support.DefaultListableBeanFactory@26b894bd'
10958 [main] DEBUG o.s.b.f.s.DefaultListableBeanFactory - Creating shared instance of singleton bean 'freeMarkerViewResolver'
10960 [main] DEBUG o.s.b.f.s.DefaultListableBeanFactory - Creating shared instance of singleton bean 'org.springframework.boot.autoconfigure.freemarker.FreeMarkerServletWebConfiguration'
10974 [main] DEBUG o.s.b.f.s.DefaultListableBeanFactory - Creating shared instance of singleton bean 'spring.freemarker-org.springframework.boot.autoconfigure.freemarker.FreeMarkerProperties'
10998 [main] DEBUG o.s.b.f.s.DefaultListableBeanFactory - Autowiring by type from bean name 'org.springframework.boot.autoconfigure.freemarker.FreeMarkerServletWebConfiguration' via constructor to bean named 'spring.freemarker-org.springframework.boot.autoconfigure.freemarker.FreeMarkerProperties'
11027 [main] DEBUG o.s.b.f.s.DefaultListableBeanFactory - Creating shared instance of singleton bean 'com.alibaba.druid.spring.boot.autoconfigure.stat.DruidFilterConfiguration'
11342 [main] DEBUG o.s.b.f.s.DefaultListableBeanFactory - Creating shared instance of singleton bean 'com.alibaba.druid.spring.boot.autoconfigure.DruidDataSourceAutoConfigure'
11349 [main] DEBUG o.s.b.f.s.DefaultListableBeanFactory - Creating shared instance of singleton bean 'dataSource'
11435 [main] INFO  c.a.d.s.b.a.DruidDataSourceAutoConfigure - Init DruidDataSource
20155 [RMI TCP Connection(4)-192.168.91.1] DEBUG o.s.c.e.PropertySourcesPropertyResolver - Found key 'local.server.port' in PropertySource 'server.ports' with value of type Integer
20170 [RMI TCP Connection(4)-192.168.91.1] DEBUG o.s.c.e.PropertySourcesPropertyResolver - Found key 'server.servlet.context-path' in PropertySource 'configurationProperties' with value of type String
11770 [main] DEBUG o.s.b.f.s.DefaultListableBeanFactory - Creating shared instance of singleton bean 'spring.datasource-org.springframework.boot.autoconfigure.jdbc.DataSourceProperties'
15783 [main] INFO  c.a.druid.pool.DruidDataSource - {dataSource-1} inited
15816 [main] DEBUG o.s.b.f.s.DefaultListableBeanFactory - Creating shared instance of singleton bean 'org.springframework.boot.autoconfigure.jdbc.DataSourceInitializerInvoker'
15822 [main] DEBUG o.s.b.f.s.DefaultListableBeanFactory - Autowiring by type from bean name 'org.springframework.boot.autoconfigure.jdbc.DataSourceInitializerInvoker' via constructor to bean named 'spring.datasource-org.springframework.boot.autoconfigure.jdbc.DataSourceProperties'
15822 [main] DEBUG o.s.b.f.s.DefaultListableBeanFactory - Autowiring by type from bean name 'org.springframework.boot.autoconfigure.jdbc.DataSourceInitializerInvoker' via constructor to bean named 'org.springframework.boot.web.servlet.context.AnnotationConfigServletWebServerApplicationContext@67389cb8'
15831 [main] DEBUG o.s.b.f.s.DefaultListableBeanFactory - Creating shared instance of singleton bean 'org.springframework.boot.autoconfigure.jdbc.metadata.DataSourcePoolMetadataProvidersConfiguration$HikariPoolDataSourceMetadataProviderConfiguration'
15831 [main] DEBUG o.s.b.f.s.DefaultListableBeanFactory - Creating shared instance of singleton bean 'hikariPoolDataSourceMetadataProvider'
15835 [main] DEBUG o.s.b.f.s.DefaultListableBeanFactory - Creating shared instance of singleton bean 'org.springframework.boot.autoconfigure.jdbc.metadata.DataSourcePoolMetadataProvidersConfiguration'
15835 [main] DEBUG o.s.b.f.s.DefaultListableBeanFactory - Creating shared instance of singleton bean 'org.springframework.boot.autoconfigure.jdbc.DataSourceInitializationConfiguration'
15836 [main] DEBUG o.s.b.f.s.DefaultListableBeanFactory - Creating shared instance of singleton bean 'org.springframework.boot.autoconfigure.jdbc.DataSourceAutoConfiguration'
15838 [main] DEBUG o.s.b.f.s.DefaultListableBeanFactory - Creating shared instance of singleton bean 'com.baomidou.mybatisplus.autoconfigure.MybatisPlusAutoConfiguration$MapperScannerRegistrarNotFoundConfiguration'
15838 [main] DEBUG c.b.m.a.MybatisPlusAutoConfiguration - No org.mybatis.spring.mapper.MapperFactoryBean found.
15839 [main] DEBUG o.s.b.f.s.DefaultListableBeanFactory - Creating shared instance of singleton bean 'userDao'
15861 [main] DEBUG o.s.b.f.s.DefaultListableBeanFactory - Creating shared instance of singleton bean 'sqlSessionFactory'
15861 [main] DEBUG o.s.b.f.s.DefaultListableBeanFactory - Creating shared instance of singleton bean 'com.baomidou.mybatisplus.autoconfigure.MybatisPlusAutoConfiguration'
15862 [main] DEBUG o.s.c.LocalVariableTableParameterNameDiscoverer - Cannot find '.class' file for class [class com.baomidou.mybatisplus.autoconfigure.MybatisPlusAutoConfiguration$$EnhancerBySpringCGLIB$$6fa4aca2] - unable to determine constructor/method parameter names
15869 [main] DEBUG o.s.b.f.s.DefaultListableBeanFactory - Creating shared instance of singleton bean 'mybatis-plus-com.baomidou.mybatisplus.autoconfigure.MybatisPlusProperties'
16049 [main] DEBUG o.s.b.f.s.DefaultListableBeanFactory - Autowiring by type from bean name 'com.baomidou.mybatisplus.autoconfigure.MybatisPlusAutoConfiguration' via constructor to bean named 'mybatis-plus-com.baomidou.mybatisplus.autoconfigure.MybatisPlusProperties'
16049 [main] DEBUG o.s.b.f.s.DefaultListableBeanFactory - Autowiring by type from bean name 'com.baomidou.mybatisplus.autoconfigure.MybatisPlusAutoConfiguration' via constructor to bean named 'org.springframework.boot.web.servlet.context.AnnotationConfigServletWebServerApplicationContext@67389cb8'
16052 [main] DEBUG o.s.b.f.s.DefaultListableBeanFactory - Autowiring by type from bean name 'sqlSessionFactory' via factory method to bean named 'dataSource'
16283 [main] DEBUG c.b.m.core.MybatisConfiguration - addMappedStatement: top.bug1024.lovageshopping.modules.login.dao.UserDao.getUserByMail
16285 [main] DEBUG c.b.m.core.MybatisConfiguration - addMappedStatement: top.bug1024.lovageshopping.modules.login.dao.UserDao.getUserById
16285 [main] DEBUG c.b.m.core.MybatisConfiguration - addMappedStatement: top.bug1024.lovageshopping.modules.login.dao.UserDao.getUserByPhone
16345 [main] WARN  c.b.m.core.metadata.TableInfoHelper - Warn: Could not find @TableId in Class: top.bug1024.lovageshopping.modules.login.entity.User.
16375 [main] DEBUG c.b.m.core.MybatisConfiguration - addMappedStatement: top.bug1024.lovageshopping.modules.login.dao.UserDao.insert
16390 [main] DEBUG c.b.m.core.MybatisConfiguration - addMappedStatement: top.bug1024.lovageshopping.modules.login.dao.UserDao.delete
16396 [main] DEBUG c.b.m.core.MybatisConfiguration - addMappedStatement: top.bug1024.lovageshopping.modules.login.dao.UserDao.deleteByMap
16399 [main] DEBUG c.b.m.core.MybatisConfiguration - addMappedStatement: top.bug1024.lovageshopping.modules.login.dao.UserDao.deleteById
16402 [main] DEBUG c.b.m.core.MybatisConfiguration - addMappedStatement: top.bug1024.lovageshopping.modules.login.dao.UserDao.deleteBatchIds
16423 [main] DEBUG c.b.m.core.MybatisConfiguration - addMappedStatement: top.bug1024.lovageshopping.modules.login.dao.UserDao.update
16433 [main] DEBUG c.b.m.core.MybatisConfiguration - addMappedStatement: top.bug1024.lovageshopping.modules.login.dao.UserDao.updateById
16435 [main] DEBUG c.b.m.core.MybatisConfiguration - addMappedStatement: top.bug1024.lovageshopping.modules.login.dao.UserDao.selectById
16441 [main] DEBUG c.b.m.core.MybatisConfiguration - addMappedStatement: top.bug1024.lovageshopping.modules.login.dao.UserDao.selectBatchIds
16444 [main] DEBUG c.b.m.core.MybatisConfiguration - addMappedStatement: top.bug1024.lovageshopping.modules.login.dao.UserDao.selectByMap
16451 [main] DEBUG c.b.m.core.MybatisConfiguration - addMappedStatement: top.bug1024.lovageshopping.modules.login.dao.UserDao.selectOne
16459 [main] DEBUG c.b.m.core.MybatisConfiguration - addMappedStatement: top.bug1024.lovageshopping.modules.login.dao.UserDao.selectCount
16466 [main] DEBUG c.b.m.core.MybatisConfiguration - addMappedStatement: top.bug1024.lovageshopping.modules.login.dao.UserDao.selectMaps
16477 [main] DEBUG c.b.m.core.MybatisConfiguration - addMappedStatement: top.bug1024.lovageshopping.modules.login.dao.UserDao.selectMapsPage
16486 [main] DEBUG c.b.m.core.MybatisConfiguration - addMappedStatement: top.bug1024.lovageshopping.modules.login.dao.UserDao.selectObjs
16493 [main] DEBUG c.b.m.core.MybatisConfiguration - addMappedStatement: top.bug1024.lovageshopping.modules.login.dao.UserDao.selectList
16498 [main] DEBUG c.b.m.core.MybatisConfiguration - addMappedStatement: top.bug1024.lovageshopping.modules.login.dao.UserDao.selectPage
16499 [main] DEBUG c.b.m.e.s.MybatisSqlSessionFactoryBean - Parsed mapper file: 'file [E:\java\lovageshopping\target\classes\mapper\UserMapper.xml]'
16504 [main] DEBUG o.s.b.f.s.DefaultListableBeanFactory - Creating shared instance of singleton bean 'sqlSessionTemplate'
16505 [main] DEBUG o.s.b.f.s.DefaultListableBeanFactory - Autowiring by type from bean name 'sqlSessionTemplate' via factory method to bean named 'sqlSessionFactory'
16516 [main] DEBUG o.s.b.f.s.DefaultListableBeanFactory - Creating shared instance of singleton bean 'org.springframework.boot.autoconfigure.jmx.JmxAutoConfiguration'
16516 [main] DEBUG o.s.b.f.s.DefaultListableBeanFactory - Autowiring by type from bean name 'org.springframework.boot.autoconfigure.jmx.JmxAutoConfiguration' via constructor to bean named 'environment'
16516 [main] DEBUG o.s.b.f.s.DefaultListableBeanFactory - Creating shared instance of singleton bean 'mbeanExporter'
16516 [main] DEBUG o.s.b.f.s.DefaultListableBeanFactory - Creating shared instance of singleton bean 'objectNamingStrategy'
16520 [main] DEBUG o.s.b.f.s.DefaultListableBeanFactory - Autowiring by type from bean name 'mbeanExporter' via factory method to bean named 'objectNamingStrategy'
16521 [main] DEBUG o.s.b.f.s.DefaultListableBeanFactory - Autowiring by type from bean name 'mbeanExporter' via factory method to bean named 'org.springframework.beans.factory.support.DefaultListableBeanFactory@26b894bd'
16532 [main] DEBUG o.s.b.f.s.DefaultListableBeanFactory - Creating shared instance of singleton bean 'mbeanServer'
16544 [main] DEBUG o.s.jmx.support.JmxUtils - Found MBeanServer: com.sun.jmx.mbeanserver.JmxMBeanServer@13c78c0b
16555 [main] DEBUG o.s.b.f.s.DefaultListableBeanFactory - Creating shared instance of singleton bean 'org.springframework.boot.autoconfigure.admin.SpringApplicationAdminJmxAutoConfiguration'
16556 [main] DEBUG o.s.b.f.s.DefaultListableBeanFactory - Creating shared instance of singleton bean 'springApplicationAdminRegistrar'
16556 [main] DEBUG o.s.b.f.s.DefaultListableBeanFactory - Autowiring by type from bean name 'springApplicationAdminRegistrar' via factory method to bean named 'environment'
16560 [main] DEBUG o.s.b.a.SpringApplicationAdminMXBeanRegistrar$SpringApplicationAdmin - Application Admin MBean registered with name 'org.springframework.boot:type=Admin,name=SpringApplication'
16561 [main] DEBUG o.s.b.f.s.DefaultListableBeanFactory - Creating shared instance of singleton bean 'org.springframework.boot.autoconfigure.aop.AopAutoConfiguration$ClassProxyingConfiguration'
16562 [main] DEBUG o.s.b.f.s.DefaultListableBeanFactory - Autowiring by type from bean name 'org.springframework.boot.autoconfigure.aop.AopAutoConfiguration$ClassProxyingConfiguration' via constructor to bean named 'org.springframework.beans.factory.support.DefaultListableBeanFactory@26b894bd'
16563 [main] DEBUG o.s.b.f.s.DefaultListableBeanFactory - Creating shared instance of singleton bean 'org.springframework.boot.autoconfigure.aop.AopAutoConfiguration'
16564 [main] DEBUG o.s.b.f.s.DefaultListableBeanFactory - Creating shared instance of singleton bean 'org.springframework.boot.autoconfigure.availability.ApplicationAvailabilityAutoConfiguration'
16564 [main] DEBUG o.s.b.f.s.DefaultListableBeanFactory - Creating shared instance of singleton bean 'applicationAvailability'
16568 [main] DEBUG o.s.b.f.s.DefaultListableBeanFactory - Creating shared instance of singleton bean 'org.springframework.boot.autoconfigure.data.redis.LettuceConnectionConfiguration'
16569 [main] DEBUG o.s.b.f.s.DefaultListableBeanFactory - Creating shared instance of singleton bean 'spring.redis-org.springframework.boot.autoconfigure.data.redis.RedisProperties'
16587 [main] DEBUG o.s.b.f.s.DefaultListableBeanFactory - Autowiring by type from bean name 'org.springframework.boot.autoconfigure.data.redis.LettuceConnectionConfiguration' via constructor to bean named 'spring.redis-org.springframework.boot.autoconfigure.data.redis.RedisProperties'
16588 [main] DEBUG o.s.b.f.s.DefaultListableBeanFactory - Creating shared instance of singleton bean 'lettuceClientResources'
16595 [main] DEBUG i.n.u.i.l.InternalLoggerFactory - Using SLF4J as the default logging framework
16599 [main] DEBUG i.l.c.r.DefaultClientResources - -Dio.netty.eventLoopThreads: 8
16625 [main] DEBUG i.l.c.r.DefaultEventLoopGroupProvider - Creating executor io.netty.util.concurrent.DefaultEventExecutorGroup
16682 [main] DEBUG i.n.u.i.InternalThreadLocalMap - -Dio.netty.threadLocalMap.stringBuilder.initialSize: 1024
16682 [main] DEBUG i.n.u.i.InternalThreadLocalMap - -Dio.netty.threadLocalMap.stringBuilder.maxSize: 4096
16696 [main] DEBUG io.netty.util.ResourceLeakDetector - -Dio.netty.leakDetection.level: simple
16696 [main] DEBUG io.netty.util.ResourceLeakDetector - -Dio.netty.leakDetection.targetRecords: 4
16702 [main] DEBUG i.n.u.ResourceLeakDetectorFactory - Loaded default ResourceLeakDetector: io.netty.util.ResourceLeakDetector@191ec193
16709 [main] DEBUG i.n.util.internal.PlatformDependent - Platform: Windows
16714 [main] DEBUG i.n.u.internal.PlatformDependent0 - -Dio.netty.noUnsafe: false
16715 [main] DEBUG i.n.u.internal.PlatformDependent0 - Java version: 8
16718 [main] DEBUG i.n.u.internal.PlatformDependent0 - sun.misc.Unsafe.theUnsafe: available
16720 [main] DEBUG i.n.u.internal.PlatformDependent0 - sun.misc.Unsafe.copyMemory: available
16722 [main] DEBUG i.n.u.internal.PlatformDependent0 - java.nio.Buffer.address: available
16723 [main] DEBUG i.n.u.internal.PlatformDependent0 - direct buffer constructor: available
16726 [main] DEBUG i.n.u.internal.PlatformDependent0 - java.nio.Bits.unaligned: available, true
16726 [main] DEBUG i.n.u.internal.PlatformDependent0 - jdk.internal.misc.Unsafe.allocateUninitializedArray(int): unavailable prior to Java9
16726 [main] DEBUG i.n.u.internal.PlatformDependent0 - java.nio.DirectByteBuffer.<init>(long, int): available
16726 [main] DEBUG i.n.util.internal.PlatformDependent - sun.misc.Unsafe: available
16727 [main] DEBUG i.n.util.internal.PlatformDependent - -Dio.netty.tmpdir: C:\Users\47440\AppData\Local\Temp (java.io.tmpdir)
16728 [main] DEBUG i.n.util.internal.PlatformDependent - -Dio.netty.bitMode: 64 (sun.arch.data.model)
16732 [main] DEBUG i.n.util.internal.PlatformDependent - -Dio.netty.maxDirectMemory: 3784310784 bytes
16732 [main] DEBUG i.n.util.internal.PlatformDependent - -Dio.netty.uninitializedArrayAllocationThreshold: -1
16735 [main] DEBUG io.netty.util.internal.CleanerJava6 - java.nio.ByteBuffer.cleaner(): available
16735 [main] DEBUG i.n.util.internal.PlatformDependent - -Dio.netty.noPreferDirect: false
16740 [main] DEBUG i.n.util.internal.PlatformDependent - org.jctools-core.MpscChunkedArrayQueue: available
16780 [main] DEBUG reactor.util.Loggers - Using Slf4j logging framework
16860 [main] DEBUG i.l.c.r.DefaultClientResources - LatencyUtils/HdrUtils are not available, metrics are disabled
16866 [main] DEBUG o.s.b.f.s.DefaultListableBeanFactory - Creating shared instance of singleton bean 'redisConnectionFactory'
16867 [main] DEBUG o.s.b.f.s.DefaultListableBeanFactory - Autowiring by type from bean name 'redisConnectionFactory' via factory method to bean named 'lettuceClientResources'
17072 [main] DEBUG o.s.b.f.s.DefaultListableBeanFactory - Creating shared instance of singleton bean 'org.springframework.boot.autoconfigure.data.redis.RedisAutoConfiguration'
17072 [main] DEBUG o.s.b.f.s.DefaultListableBeanFactory - Creating shared instance of singleton bean 'redisTemplate'
17073 [main] DEBUG o.s.b.f.s.DefaultListableBeanFactory - Autowiring by type from bean name 'redisTemplate' via factory method to bean named 'redisConnectionFactory'
17150 [main] DEBUG o.s.data.convert.CustomConversions - Adding converter from class java.lang.String to class [B as writing converter.
17151 [main] DEBUG o.s.data.convert.CustomConversions - Adding converter from class [B to class java.lang.String as reading converter.
17151 [main] DEBUG o.s.data.convert.CustomConversions - Adding converter from class java.lang.Number to class [B as writing converter.
17151 [main] DEBUG o.s.data.convert.CustomConversions - Adding converter from class [B to class java.lang.Number as reading converter.
17151 [main] DEBUG o.s.data.convert.CustomConversions - Adding converter from class java.lang.Enum to class [B as writing converter.
17151 [main] DEBUG o.s.data.convert.CustomConversions - Adding converter from class [B to class java.lang.Enum as reading converter.
17151 [main] DEBUG o.s.data.convert.CustomConversions - Adding converter from class java.lang.Boolean to class [B as writing converter.
17151 [main] DEBUG o.s.data.convert.CustomConversions - Adding converter from class [B to class java.lang.Boolean as reading converter.
17151 [main] DEBUG o.s.data.convert.CustomConversions - Adding converter from class java.util.Date to class [B as writing converter.
17151 [main] DEBUG o.s.data.convert.CustomConversions - Adding converter from class [B to class java.util.Date as reading converter.
17151 [main] DEBUG o.s.data.convert.CustomConversions - Adding converter from class java.util.UUID to class [B as writing converter.
17151 [main] DEBUG o.s.data.convert.CustomConversions - Adding converter from class [B to class java.util.UUID as reading converter.
17151 [main] DEBUG o.s.data.convert.CustomConversions - Adding converter from class java.time.LocalDateTime to class [B as writing converter.
17152 [main] DEBUG o.s.data.convert.CustomConversions - Adding converter from class [B to class java.time.LocalDateTime as reading converter.
17152 [main] DEBUG o.s.data.convert.CustomConversions - Adding converter from class java.time.LocalDate to class [B as writing converter.
17152 [main] DEBUG o.s.data.convert.CustomConversions - Adding converter from class [B to class java.time.LocalDate as reading converter.
17152 [main] DEBUG o.s.data.convert.CustomConversions - Adding converter from class java.time.LocalTime to class [B as writing converter.
17152 [main] DEBUG o.s.data.convert.CustomConversions - Adding converter from class [B to class java.time.LocalTime as reading converter.
17152 [main] DEBUG o.s.data.convert.CustomConversions - Adding converter from class java.time.ZonedDateTime to class [B as writing converter.
17152 [main] DEBUG o.s.data.convert.CustomConversions - Adding converter from class [B to class java.time.ZonedDateTime as reading converter.
17152 [main] DEBUG o.s.data.convert.CustomConversions - Adding converter from class java.time.Instant to class [B as writing converter.
17152 [main] DEBUG o.s.data.convert.CustomConversions - Adding converter from class [B to class java.time.Instant as reading converter.
17152 [main] DEBUG o.s.data.convert.CustomConversions - Adding converter from class java.time.ZoneId to class [B as writing converter.
17152 [main] DEBUG o.s.data.convert.CustomConversions - Adding converter from class [B to class java.time.ZoneId as reading converter.
17152 [main] DEBUG o.s.data.convert.CustomConversions - Adding converter from class java.time.Period to class [B as writing converter.
17152 [main] DEBUG o.s.data.convert.CustomConversions - Adding converter from class [B to class java.time.Period as reading converter.
17153 [main] DEBUG o.s.data.convert.CustomConversions - Adding converter from class java.time.Duration to class [B as writing converter.
17153 [main] DEBUG o.s.data.convert.CustomConversions - Adding converter from class [B to class java.time.Duration as reading converter.
17153 [main] DEBUG o.s.data.convert.CustomConversions - Adding converter from class java.util.Date to class java.time.LocalDateTime as reading converter.
17153 [main] DEBUG o.s.data.convert.CustomConversions - Adding converter from class java.time.LocalDateTime to class java.util.Date as writing converter.
17153 [main] DEBUG o.s.data.convert.CustomConversions - Adding converter from class java.util.Date to class java.time.LocalDate as reading converter.
17154 [main] DEBUG o.s.data.convert.CustomConversions - Adding converter from class java.time.LocalDate to class java.util.Date as writing converter.
17154 [main] DEBUG o.s.data.convert.CustomConversions - Adding converter from class java.util.Date to class java.time.LocalTime as reading converter.
17154 [main] DEBUG o.s.data.convert.CustomConversions - Adding converter from class java.time.LocalTime to class java.util.Date as writing converter.
17154 [main] DEBUG o.s.data.convert.CustomConversions - Adding converter from class java.util.Date to class java.time.Instant as reading converter.
17154 [main] DEBUG o.s.data.convert.CustomConversions - Adding converter from class java.time.Instant to class java.util.Date as writing converter.
17154 [main] DEBUG o.s.data.convert.CustomConversions - Adding converter from class java.time.LocalDateTime to class java.time.Instant as reading converter.
17154 [main] DEBUG o.s.data.convert.CustomConversions - Adding converter from class java.time.Instant to class java.time.LocalDateTime as reading converter.
17154 [main] DEBUG o.s.data.convert.CustomConversions - Adding converter from class java.time.ZoneId to class java.lang.String as writing converter.
17155 [main] DEBUG o.s.data.convert.CustomConversions - Adding converter from class java.lang.String to class java.time.ZoneId as reading converter.
17155 [main] DEBUG o.s.data.convert.CustomConversions - Adding converter from class java.time.Duration to class java.lang.String as writing converter.
17155 [main] DEBUG o.s.data.convert.CustomConversions - Adding converter from class java.lang.String to class java.time.Duration as reading converter.
17155 [main] DEBUG o.s.data.convert.CustomConversions - Adding converter from class java.time.Period to class java.lang.String as writing converter.
17155 [main] DEBUG o.s.data.convert.CustomConversions - Adding converter from class java.lang.String to class java.time.Period as reading converter.
17155 [main] DEBUG o.s.data.convert.CustomConversions - Adding converter from class java.lang.String to class java.time.LocalDate as reading converter.
17155 [main] DEBUG o.s.data.convert.CustomConversions - Adding converter from class java.lang.String to class java.time.LocalDateTime as reading converter.
17155 [main] DEBUG o.s.data.convert.CustomConversions - Adding converter from class java.lang.String to class java.time.Instant as reading converter.
17158 [main] DEBUG o.s.data.convert.CustomConversions - Adding converter from class java.lang.String to class [B as writing converter.
17158 [main] DEBUG o.s.data.convert.CustomConversions - Adding converter from class [B to class java.lang.String as reading converter.
17158 [main] DEBUG o.s.data.convert.CustomConversions - Adding converter from class java.lang.Number to class [B as writing converter.
17158 [main] DEBUG o.s.data.convert.CustomConversions - Adding converter from class [B to class java.lang.Number as reading converter.
17158 [main] DEBUG o.s.data.convert.CustomConversions - Adding converter from class java.lang.Enum to class [B as writing converter.
17158 [main] DEBUG o.s.data.convert.CustomConversions - Adding converter from class [B to class java.lang.Enum as reading converter.
17158 [main] DEBUG o.s.data.convert.CustomConversions - Adding converter from class java.lang.Boolean to class [B as writing converter.
17159 [main] DEBUG o.s.data.convert.CustomConversions - Adding converter from class [B to class java.lang.Boolean as reading converter.
17159 [main] DEBUG o.s.data.convert.CustomConversions - Adding converter from class java.util.Date to class [B as writing converter.
17159 [main] DEBUG o.s.data.convert.CustomConversions - Adding converter from class [B to class java.util.Date as reading converter.
17160 [main] DEBUG o.s.data.convert.CustomConversions - Adding converter from class java.util.UUID to class [B as writing converter.
17160 [main] DEBUG o.s.data.convert.CustomConversions - Adding converter from class [B to class java.util.UUID as reading converter.
17160 [main] DEBUG o.s.data.convert.CustomConversions - Adding converter from class java.time.LocalDateTime to class [B as writing converter.
17160 [main] DEBUG o.s.data.convert.CustomConversions - Adding converter from class [B to class java.time.LocalDateTime as reading converter.
17160 [main] DEBUG o.s.data.convert.CustomConversions - Adding converter from class java.time.LocalDate to class [B as writing converter.
17160 [main] DEBUG o.s.data.convert.CustomConversions - Adding converter from class [B to class java.time.LocalDate as reading converter.
17160 [main] DEBUG o.s.data.convert.CustomConversions - Adding converter from class java.time.LocalTime to class [B as writing converter.
17160 [main] DEBUG o.s.data.convert.CustomConversions - Adding converter from class [B to class java.time.LocalTime as reading converter.
17160 [main] DEBUG o.s.data.convert.CustomConversions - Adding converter from class java.time.ZonedDateTime to class [B as writing converter.
17160 [main] DEBUG o.s.data.convert.CustomConversions - Adding converter from class [B to class java.time.ZonedDateTime as reading converter.
17160 [main] DEBUG o.s.data.convert.CustomConversions - Adding converter from class java.time.Instant to class [B as writing converter.
17160 [main] DEBUG o.s.data.convert.CustomConversions - Adding converter from class [B to class java.time.Instant as reading converter.
17160 [main] DEBUG o.s.data.convert.CustomConversions - Adding converter from class java.time.ZoneId to class [B as writing converter.
17160 [main] DEBUG o.s.data.convert.CustomConversions - Adding converter from class [B to class java.time.ZoneId as reading converter.
17160 [main] DEBUG o.s.data.convert.CustomConversions - Adding converter from class java.time.Period to class [B as writing converter.
17160 [main] DEBUG o.s.data.convert.CustomConversions - Adding converter from class [B to class java.time.Period as reading converter.
17160 [main] DEBUG o.s.data.convert.CustomConversions - Adding converter from class java.time.Duration to class [B as writing converter.
17160 [main] DEBUG o.s.data.convert.CustomConversions - Adding converter from class [B to class java.time.Duration as reading converter.
17161 [main] DEBUG o.s.data.convert.CustomConversions - Adding converter from class java.util.Date to class java.time.LocalDateTime as reading converter.
17161 [main] DEBUG o.s.data.convert.CustomConversions - Adding converter from class java.time.LocalDateTime to class java.util.Date as writing converter.
17161 [main] DEBUG o.s.data.convert.CustomConversions - Adding converter from class java.util.Date to class java.time.LocalDate as reading converter.
17161 [main] DEBUG o.s.data.convert.CustomConversions - Adding converter from class java.time.LocalDate to class java.util.Date as writing converter.
17161 [main] DEBUG o.s.data.convert.CustomConversions - Adding converter from class java.util.Date to class java.time.LocalTime as reading converter.
17161 [main] DEBUG o.s.data.convert.CustomConversions - Adding converter from class java.time.LocalTime to class java.util.Date as writing converter.
17161 [main] DEBUG o.s.data.convert.CustomConversions - Adding converter from class java.util.Date to class java.time.Instant as reading converter.
17162 [main] DEBUG o.s.data.convert.CustomConversions - Adding converter from class java.time.Instant to class java.util.Date as writing converter.
17162 [main] DEBUG o.s.data.convert.CustomConversions - Adding converter from class java.time.LocalDateTime to class java.time.Instant as reading converter.
17162 [main] DEBUG o.s.data.convert.CustomConversions - Adding converter from class java.time.Instant to class java.time.LocalDateTime as reading converter.
17162 [main] DEBUG o.s.data.convert.CustomConversions - Adding converter from class java.time.ZoneId to class java.lang.String as writing converter.
17162 [main] DEBUG o.s.data.convert.CustomConversions - Adding converter from class java.lang.String to class java.time.ZoneId as reading converter.
17162 [main] DEBUG o.s.data.convert.CustomConversions - Adding converter from class java.time.Duration to class java.lang.String as writing converter.
17162 [main] DEBUG o.s.data.convert.CustomConversions - Adding converter from class java.lang.String to class java.time.Duration as reading converter.
17162 [main] DEBUG o.s.data.convert.CustomConversions - Adding converter from class java.time.Period to class java.lang.String as writing converter.
17162 [main] DEBUG o.s.data.convert.CustomConversions - Adding converter from class java.lang.String to class java.time.Period as reading converter.
17162 [main] DEBUG o.s.data.convert.CustomConversions - Adding converter from class java.lang.String to class java.time.LocalDate as reading converter.
17162 [main] DEBUG o.s.data.convert.CustomConversions - Adding converter from class java.lang.String to class java.time.LocalDateTime as reading converter.
17162 [main] DEBUG o.s.data.convert.CustomConversions - Adding converter from class java.lang.String to class java.time.Instant as reading converter.
17184 [main] DEBUG o.s.data.convert.CustomConversions - Adding converter from class java.lang.String to class [B as writing converter.
17185 [main] DEBUG o.s.data.convert.CustomConversions - Adding converter from class [B to class java.lang.String as reading converter.
17185 [main] DEBUG o.s.data.convert.CustomConversions - Adding converter from class java.lang.Number to class [B as writing converter.
17185 [main] DEBUG o.s.data.convert.CustomConversions - Adding converter from class [B to class java.lang.Number as reading converter.
17185 [main] DEBUG o.s.data.convert.CustomConversions - Adding converter from class java.lang.Enum to class [B as writing converter.
17185 [main] DEBUG o.s.data.convert.CustomConversions - Adding converter from class [B to class java.lang.Enum as reading converter.
17185 [main] DEBUG o.s.data.convert.CustomConversions - Adding converter from class java.lang.Boolean to class [B as writing converter.
17186 [main] DEBUG o.s.data.convert.CustomConversions - Adding converter from class [B to class java.lang.Boolean as reading converter.
17186 [main] DEBUG o.s.data.convert.CustomConversions - Adding converter from class java.util.Date to class [B as writing converter.
17186 [main] DEBUG o.s.data.convert.CustomConversions - Adding converter from class [B to class java.util.Date as reading converter.
17186 [main] DEBUG o.s.data.convert.CustomConversions - Adding converter from class java.util.UUID to class [B as writing converter.
17186 [main] DEBUG o.s.data.convert.CustomConversions - Adding converter from class [B to class java.util.UUID as reading converter.
17186 [main] DEBUG o.s.data.convert.CustomConversions - Adding converter from class java.time.LocalDateTime to class [B as writing converter.
17186 [main] DEBUG o.s.data.convert.CustomConversions - Adding converter from class [B to class java.time.LocalDateTime as reading converter.
17187 [main] DEBUG o.s.data.convert.CustomConversions - Adding converter from class java.time.LocalDate to class [B as writing converter.
17187 [main] DEBUG o.s.data.convert.CustomConversions - Adding converter from class [B to class java.time.LocalDate as reading converter.
17188 [main] DEBUG o.s.data.convert.CustomConversions - Adding converter from class java.time.LocalTime to class [B as writing converter.
17188 [main] DEBUG o.s.data.convert.CustomConversions - Adding converter from class [B to class java.time.LocalTime as reading converter.
17188 [main] DEBUG o.s.data.convert.CustomConversions - Adding converter from class java.time.ZonedDateTime to class [B as writing converter.
17188 [main] DEBUG o.s.data.convert.CustomConversions - Adding converter from class [B to class java.time.ZonedDateTime as reading converter.
17188 [main] DEBUG o.s.data.convert.CustomConversions - Adding converter from class java.time.Instant to class [B as writing converter.
17188 [main] DEBUG o.s.data.convert.CustomConversions - Adding converter from class [B to class java.time.Instant as reading converter.
17188 [main] DEBUG o.s.data.convert.CustomConversions - Adding converter from class java.time.ZoneId to class [B as writing converter.
17188 [main] DEBUG o.s.data.convert.CustomConversions - Adding converter from class [B to class java.time.ZoneId as reading converter.
17188 [main] DEBUG o.s.data.convert.CustomConversions - Adding converter from class java.time.Period to class [B as writing converter.
17188 [main] DEBUG o.s.data.convert.CustomConversions - Adding converter from class [B to class java.time.Period as reading converter.
17188 [main] DEBUG o.s.data.convert.CustomConversions - Adding converter from class java.time.Duration to class [B as writing converter.
17188 [main] DEBUG o.s.data.convert.CustomConversions - Adding converter from class [B to class java.time.Duration as reading converter.
17189 [main] DEBUG o.s.data.convert.CustomConversions - Adding converter from class java.util.Date to class java.time.LocalDateTime as reading converter.
17189 [main] DEBUG o.s.data.convert.CustomConversions - Adding converter from class java.time.LocalDateTime to class java.util.Date as writing converter.
17189 [main] DEBUG o.s.data.convert.CustomConversions - Adding converter from class java.util.Date to class java.time.LocalDate as reading converter.
17190 [main] DEBUG o.s.data.convert.CustomConversions - Adding converter from class java.time.LocalDate to class java.util.Date as writing converter.
17190 [main] DEBUG o.s.data.convert.CustomConversions - Adding converter from class java.util.Date to class java.time.LocalTime as reading converter.
17190 [main] DEBUG o.s.data.convert.CustomConversions - Adding converter from class java.time.LocalTime to class java.util.Date as writing converter.
17190 [main] DEBUG o.s.data.convert.CustomConversions - Adding converter from class java.util.Date to class java.time.Instant as reading converter.
17190 [main] DEBUG o.s.data.convert.CustomConversions - Adding converter from class java.time.Instant to class java.util.Date as writing converter.
17190 [main] DEBUG o.s.data.convert.CustomConversions - Adding converter from class java.time.LocalDateTime to class java.time.Instant as reading converter.
17190 [main] DEBUG o.s.data.convert.CustomConversions - Adding converter from class java.time.Instant to class java.time.LocalDateTime as reading converter.
17190 [main] DEBUG o.s.data.convert.CustomConversions - Adding converter from class java.time.ZoneId to class java.lang.String as writing converter.
17190 [main] DEBUG o.s.data.convert.CustomConversions - Adding converter from class java.lang.String to class java.time.ZoneId as reading converter.
17190 [main] DEBUG o.s.data.convert.CustomConversions - Adding converter from class java.time.Duration to class java.lang.String as writing converter.
17191 [main] DEBUG o.s.data.convert.CustomConversions - Adding converter from class java.lang.String to class java.time.Duration as reading converter.
17191 [main] DEBUG o.s.data.convert.CustomConversions - Adding converter from class java.time.Period to class java.lang.String as writing converter.
17191 [main] DEBUG o.s.data.convert.CustomConversions - Adding converter from class java.lang.String to class java.time.Period as reading converter.
17191 [main] DEBUG o.s.data.convert.CustomConversions - Adding converter from class java.lang.String to class java.time.LocalDate as reading converter.
17191 [main] DEBUG o.s.data.convert.CustomConversions - Adding converter from class java.lang.String to class java.time.LocalDateTime as reading converter.
17191 [main] DEBUG o.s.data.convert.CustomConversions - Adding converter from class java.lang.String to class java.time.Instant as reading converter.
17201 [main] DEBUG o.s.data.convert.CustomConversions - Adding converter from class java.lang.String to class [B as writing converter.
17201 [main] DEBUG o.s.data.convert.CustomConversions - Adding converter from class [B to class java.lang.String as reading converter.
17201 [main] DEBUG o.s.data.convert.CustomConversions - Adding converter from class java.lang.Number to class [B as writing converter.
17201 [main] DEBUG o.s.data.convert.CustomConversions - Adding converter from class [B to class java.lang.Number as reading converter.
17201 [main] DEBUG o.s.data.convert.CustomConversions - Adding converter from class java.lang.Enum to class [B as writing converter.
17202 [main] DEBUG o.s.data.convert.CustomConversions - Adding converter from class [B to class java.lang.Enum as reading converter.
17202 [main] DEBUG o.s.data.convert.CustomConversions - Adding converter from class java.lang.Boolean to class [B as writing converter.
17202 [main] DEBUG o.s.data.convert.CustomConversions - Adding converter from class [B to class java.lang.Boolean as reading converter.
17202 [main] DEBUG o.s.data.convert.CustomConversions - Adding converter from class java.util.Date to class [B as writing converter.
17202 [main] DEBUG o.s.data.convert.CustomConversions - Adding converter from class [B to class java.util.Date as reading converter.
17202 [main] DEBUG o.s.data.convert.CustomConversions - Adding converter from class java.util.UUID to class [B as writing converter.
17202 [main] DEBUG o.s.data.convert.CustomConversions - Adding converter from class [B to class java.util.UUID as reading converter.
17202 [main] DEBUG o.s.data.convert.CustomConversions - Adding converter from class java.time.LocalDateTime to class [B as writing converter.
17203 [main] DEBUG o.s.data.convert.CustomConversions - Adding converter from class [B to class java.time.LocalDateTime as reading converter.
17203 [main] DEBUG o.s.data.convert.CustomConversions - Adding converter from class java.time.LocalDate to class [B as writing converter.
17204 [main] DEBUG o.s.data.convert.CustomConversions - Adding converter from class [B to class java.time.LocalDate as reading converter.
17204 [main] DEBUG o.s.data.convert.CustomConversions - Adding converter from class java.time.LocalTime to class [B as writing converter.
17204 [main] DEBUG o.s.data.convert.CustomConversions - Adding converter from class [B to class java.time.LocalTime as reading converter.
17204 [main] DEBUG o.s.data.convert.CustomConversions - Adding converter from class java.time.ZonedDateTime to class [B as writing converter.
17204 [main] DEBUG o.s.data.convert.CustomConversions - Adding converter from class [B to class java.time.ZonedDateTime as reading converter.
17204 [main] DEBUG o.s.data.convert.CustomConversions - Adding converter from class java.time.Instant to class [B as writing converter.
17205 [main] DEBUG o.s.data.convert.CustomConversions - Adding converter from class [B to class java.time.Instant as reading converter.
17205 [main] DEBUG o.s.data.convert.CustomConversions - Adding converter from class java.time.ZoneId to class [B as writing converter.
17205 [main] DEBUG o.s.data.convert.CustomConversions - Adding converter from class [B to class java.time.ZoneId as reading converter.
17205 [main] DEBUG o.s.data.convert.CustomConversions - Adding converter from class java.time.Period to class [B as writing converter.
17205 [main] DEBUG o.s.data.convert.CustomConversions - Adding converter from class [B to class java.time.Period as reading converter.
17205 [main] DEBUG o.s.data.convert.CustomConversions - Adding converter from class java.time.Duration to class [B as writing converter.
17205 [main] DEBUG o.s.data.convert.CustomConversions - Adding converter from class [B to class java.time.Duration as reading converter.
17205 [main] DEBUG o.s.data.convert.CustomConversions - Adding converter from class java.util.Date to class java.time.LocalDateTime as reading converter.
17205 [main] DEBUG o.s.data.convert.CustomConversions - Adding converter from class java.time.LocalDateTime to class java.util.Date as writing converter.
17205 [main] DEBUG o.s.data.convert.CustomConversions - Adding converter from class java.util.Date to class java.time.LocalDate as reading converter.
17205 [main] DEBUG o.s.data.convert.CustomConversions - Adding converter from class java.time.LocalDate to class java.util.Date as writing converter.
17205 [main] DEBUG o.s.data.convert.CustomConversions - Adding converter from class java.util.Date to class java.time.LocalTime as reading converter.
17206 [main] DEBUG o.s.data.convert.CustomConversions - Adding converter from class java.time.LocalTime to class java.util.Date as writing converter.
17206 [main] DEBUG o.s.data.convert.CustomConversions - Adding converter from class java.util.Date to class java.time.Instant as reading converter.
17206 [main] DEBUG o.s.data.convert.CustomConversions - Adding converter from class java.time.Instant to class java.util.Date as writing converter.
17206 [main] DEBUG o.s.data.convert.CustomConversions - Adding converter from class java.time.LocalDateTime to class java.time.Instant as reading converter.
17207 [main] DEBUG o.s.data.convert.CustomConversions - Adding converter from class java.time.Instant to class java.time.LocalDateTime as reading converter.
17207 [main] DEBUG o.s.data.convert.CustomConversions - Adding converter from class java.time.ZoneId to class java.lang.String as writing converter.
17207 [main] DEBUG o.s.data.convert.CustomConversions - Adding converter from class java.lang.String to class java.time.ZoneId as reading converter.
17207 [main] DEBUG o.s.data.convert.CustomConversions - Adding converter from class java.time.Duration to class java.lang.String as writing converter.
17207 [main] DEBUG o.s.data.convert.CustomConversions - Adding converter from class java.lang.String to class java.time.Duration as reading converter.
17207 [main] DEBUG o.s.data.convert.CustomConversions - Adding converter from class java.time.Period to class java.lang.String as writing converter.
17207 [main] DEBUG o.s.data.convert.CustomConversions - Adding converter from class java.lang.String to class java.time.Period as reading converter.
17207 [main] DEBUG o.s.data.convert.CustomConversions - Adding converter from class java.lang.String to class java.time.LocalDate as reading converter.
17207 [main] DEBUG o.s.data.convert.CustomConversions - Adding converter from class java.lang.String to class java.time.LocalDateTime as reading converter.
17207 [main] DEBUG o.s.data.convert.CustomConversions - Adding converter from class java.lang.String to class java.time.Instant as reading converter.
17217 [main] DEBUG o.s.data.convert.CustomConversions - Adding converter from class java.lang.String to class [B as writing converter.
17217 [main] DEBUG o.s.data.convert.CustomConversions - Adding converter from class [B to class java.lang.String as reading converter.
17217 [main] DEBUG o.s.data.convert.CustomConversions - Adding converter from class java.lang.Number to class [B as writing converter.
17217 [main] DEBUG o.s.data.convert.CustomConversions - Adding converter from class [B to class java.lang.Number as reading converter.
17217 [main] DEBUG o.s.data.convert.CustomConversions - Adding converter from class java.lang.Enum to class [B as writing converter.
17217 [main] DEBUG o.s.data.convert.CustomConversions - Adding converter from class [B to class java.lang.Enum as reading converter.
17217 [main] DEBUG o.s.data.convert.CustomConversions - Adding converter from class java.lang.Boolean to class [B as writing converter.
17217 [main] DEBUG o.s.data.convert.CustomConversions - Adding converter from class [B to class java.lang.Boolean as reading converter.
17217 [main] DEBUG o.s.data.convert.CustomConversions - Adding converter from class java.util.Date to class [B as writing converter.
17217 [main] DEBUG o.s.data.convert.CustomConversions - Adding converter from class [B to class java.util.Date as reading converter.
17217 [main] DEBUG o.s.data.convert.CustomConversions - Adding converter from class java.util.UUID to class [B as writing converter.
17218 [main] DEBUG o.s.data.convert.CustomConversions - Adding converter from class [B to class java.util.UUID as reading converter.
17218 [main] DEBUG o.s.data.convert.CustomConversions - Adding converter from class java.time.LocalDateTime to class [B as writing converter.
17218 [main] DEBUG o.s.data.convert.CustomConversions - Adding converter from class [B to class java.time.LocalDateTime as reading converter.
17218 [main] DEBUG o.s.data.convert.CustomConversions - Adding converter from class java.time.LocalDate to class [B as writing converter.
17218 [main] DEBUG o.s.data.convert.CustomConversions - Adding converter from class [B to class java.time.LocalDate as reading converter.
17218 [main] DEBUG o.s.data.convert.CustomConversions - Adding converter from class java.time.LocalTime to class [B as writing converter.
17218 [main] DEBUG o.s.data.convert.CustomConversions - Adding converter from class [B to class java.time.LocalTime as reading converter.
17218 [main] DEBUG o.s.data.convert.CustomConversions - Adding converter from class java.time.ZonedDateTime to class [B as writing converter.
17218 [main] DEBUG o.s.data.convert.CustomConversions - Adding converter from class [B to class java.time.ZonedDateTime as reading converter.
17218 [main] DEBUG o.s.data.convert.CustomConversions - Adding converter from class java.time.Instant to class [B as writing converter.
17218 [main] DEBUG o.s.data.convert.CustomConversions - Adding converter from class [B to class java.time.Instant as reading converter.
17218 [main] DEBUG o.s.data.convert.CustomConversions - Adding converter from class java.time.ZoneId to class [B as writing converter.
17218 [main] DEBUG o.s.data.convert.CustomConversions - Adding converter from class [B to class java.time.ZoneId as reading converter.
17218 [main] DEBUG o.s.data.convert.CustomConversions - Adding converter from class java.time.Period to class [B as writing converter.
17218 [main] DEBUG o.s.data.convert.CustomConversions - Adding converter from class [B to class java.time.Period as reading converter.
17218 [main] DEBUG o.s.data.convert.CustomConversions - Adding converter from class java.time.Duration to class [B as writing converter.
17218 [main] DEBUG o.s.data.convert.CustomConversions - Adding converter from class [B to class java.time.Duration as reading converter.
17219 [main] DEBUG o.s.data.convert.CustomConversions - Adding converter from class java.util.Date to class java.time.LocalDateTime as reading converter.
17219 [main] DEBUG o.s.data.convert.CustomConversions - Adding converter from class java.time.LocalDateTime to class java.util.Date as writing converter.
17219 [main] DEBUG o.s.data.convert.CustomConversions - Adding converter from class java.util.Date to class java.time.LocalDate as reading converter.
17219 [main] DEBUG o.s.data.convert.CustomConversions - Adding converter from class java.time.LocalDate to class java.util.Date as writing converter.
17219 [main] DEBUG o.s.data.convert.CustomConversions - Adding converter from class java.util.Date to class java.time.LocalTime as reading converter.
17219 [main] DEBUG o.s.data.convert.CustomConversions - Adding converter from class java.time.LocalTime to class java.util.Date as writing converter.
17219 [main] DEBUG o.s.data.convert.CustomConversions - Adding converter from class java.util.Date to class java.time.Instant as reading converter.
17219 [main] DEBUG o.s.data.convert.CustomConversions - Adding converter from class java.time.Instant to class java.util.Date as writing converter.
17219 [main] DEBUG o.s.data.convert.CustomConversions - Adding converter from class java.time.LocalDateTime to class java.time.Instant as reading converter.
17219 [main] DEBUG o.s.data.convert.CustomConversions - Adding converter from class java.time.Instant to class java.time.LocalDateTime as reading converter.
17219 [main] DEBUG o.s.data.convert.CustomConversions - Adding converter from class java.time.ZoneId to class java.lang.String as writing converter.
17219 [main] DEBUG o.s.data.convert.CustomConversions - Adding converter from class java.lang.String to class java.time.ZoneId as reading converter.
17220 [main] DEBUG o.s.data.convert.CustomConversions - Adding converter from class java.time.Duration to class java.lang.String as writing converter.
17220 [main] DEBUG o.s.data.convert.CustomConversions - Adding converter from class java.lang.String to class java.time.Duration as reading converter.
17220 [main] DEBUG o.s.data.convert.CustomConversions - Adding converter from class java.time.Period to class java.lang.String as writing converter.
17220 [main] DEBUG o.s.data.convert.CustomConversions - Adding converter from class java.lang.String to class java.time.Period as reading converter.
17220 [main] DEBUG o.s.data.convert.CustomConversions - Adding converter from class java.lang.String to class java.time.LocalDate as reading converter.
17220 [main] DEBUG o.s.data.convert.CustomConversions - Adding converter from class java.lang.String to class java.time.LocalDateTime as reading converter.
17220 [main] DEBUG o.s.data.convert.CustomConversions - Adding converter from class java.lang.String to class java.time.Instant as reading converter.
17253 [main] DEBUG o.s.b.f.s.DefaultListableBeanFactory - Creating shared instance of singleton bean 'stringRedisTemplate'
17253 [main] DEBUG o.s.b.f.s.DefaultListableBeanFactory - Autowiring by type from bean name 'stringRedisTemplate' via factory method to bean named 'redisConnectionFactory'
17258 [main] DEBUG o.s.b.f.s.DefaultListableBeanFactory - Creating shared instance of singleton bean 'org.springframework.boot.autoconfigure.context.ConfigurationPropertiesAutoConfiguration'
17259 [main] DEBUG o.s.b.f.s.DefaultListableBeanFactory - Creating shared instance of singleton bean 'org.springframework.boot.autoconfigure.context.LifecycleAutoConfiguration'
17260 [main] DEBUG o.s.b.f.s.DefaultListableBeanFactory - Creating shared instance of singleton bean 'lifecycleProcessor'
17261 [main] DEBUG o.s.b.f.s.DefaultListableBeanFactory - Creating shared instance of singleton bean 'spring.lifecycle-org.springframework.boot.autoconfigure.context.LifecycleProperties'
17263 [main] DEBUG o.s.b.f.s.DefaultListableBeanFactory - Autowiring by type from bean name 'lifecycleProcessor' via factory method to bean named 'spring.lifecycle-org.springframework.boot.autoconfigure.context.LifecycleProperties'
17267 [main] DEBUG o.s.b.f.s.DefaultListableBeanFactory - Creating shared instance of singleton bean 'org.springframework.boot.autoconfigure.dao.PersistenceExceptionTranslationAutoConfiguration'
17268 [main] DEBUG o.s.b.f.s.DefaultListableBeanFactory - Creating shared instance of singleton bean 'org.springframework.boot.autoconfigure.data.redis.RedisReactiveAutoConfiguration'
17269 [main] DEBUG o.s.b.f.s.DefaultListableBeanFactory - Creating shared instance of singleton bean 'reactiveRedisTemplate'
17271 [main] DEBUG o.s.b.f.s.DefaultListableBeanFactory - Autowiring by type from bean name 'reactiveRedisTemplate' via factory method to bean named 'redisConnectionFactory'
17272 [main] DEBUG o.s.b.f.s.DefaultListableBeanFactory - Autowiring by type from bean name 'reactiveRedisTemplate' via factory method to bean named 'org.springframework.boot.web.servlet.context.AnnotationConfigServletWebServerApplicationContext@67389cb8'
17315 [main] DEBUG o.s.b.f.s.DefaultListableBeanFactory - Creating shared instance of singleton bean 'reactiveStringRedisTemplate'
17316 [main] DEBUG o.s.b.f.s.DefaultListableBeanFactory - Autowiring by type from bean name 'reactiveStringRedisTemplate' via factory method to bean named 'redisConnectionFactory'
17318 [main] DEBUG o.s.b.f.s.DefaultListableBeanFactory - Creating shared instance of singleton bean 'org.springframework.boot.autoconfigure.data.redis.RedisRepositoriesAutoConfiguration'
17319 [main] DEBUG o.s.b.f.s.DefaultListableBeanFactory - Creating shared instance of singleton bean 'keyValueMappingContext'
17344 [main] DEBUG o.s.b.f.s.DefaultListableBeanFactory - Creating shared instance of singleton bean 'redisCustomConversions'
17346 [main] DEBUG o.s.data.convert.CustomConversions - Adding converter from class java.lang.String to class [B as writing converter.
17347 [main] DEBUG o.s.data.convert.CustomConversions - Adding converter from class [B to class java.lang.String as reading converter.
17347 [main] DEBUG o.s.data.convert.CustomConversions - Adding converter from class java.lang.Number to class [B as writing converter.
17347 [main] DEBUG o.s.data.convert.CustomConversions - Adding converter from class [B to class java.lang.Number as reading converter.
17347 [main] DEBUG o.s.data.convert.CustomConversions - Adding converter from class java.lang.Enum to class [B as writing converter.
17347 [main] DEBUG o.s.data.convert.CustomConversions - Adding converter from class [B to class java.lang.Enum as reading converter.
17347 [main] DEBUG o.s.data.convert.CustomConversions - Adding converter from class java.lang.Boolean to class [B as writing converter.
17347 [main] DEBUG o.s.data.convert.CustomConversions - Adding converter from class [B to class java.lang.Boolean as reading converter.
17347 [main] DEBUG o.s.data.convert.CustomConversions - Adding converter from class java.util.Date to class [B as writing converter.
17348 [main] DEBUG o.s.data.convert.CustomConversions - Adding converter from class [B to class java.util.Date as reading converter.
17349 [main] DEBUG o.s.data.convert.CustomConversions - Adding converter from class java.util.UUID to class [B as writing converter.
17349 [main] DEBUG o.s.data.convert.CustomConversions - Adding converter from class [B to class java.util.UUID as reading converter.
17349 [main] DEBUG o.s.data.convert.CustomConversions - Adding converter from class java.time.LocalDateTime to class [B as writing converter.
17349 [main] DEBUG o.s.data.convert.CustomConversions - Adding converter from class [B to class java.time.LocalDateTime as reading converter.
17349 [main] DEBUG o.s.data.convert.CustomConversions - Adding converter from class java.time.LocalDate to class [B as writing converter.
17349 [main] DEBUG o.s.data.convert.CustomConversions - Adding converter from class [B to class java.time.LocalDate as reading converter.
17349 [main] DEBUG o.s.data.convert.CustomConversions - Adding converter from class java.time.LocalTime to class [B as writing converter.
17349 [main] DEBUG o.s.data.convert.CustomConversions - Adding converter from class [B to class java.time.LocalTime as reading converter.
17349 [main] DEBUG o.s.data.convert.CustomConversions - Adding converter from class java.time.ZonedDateTime to class [B as writing converter.
17349 [main] DEBUG o.s.data.convert.CustomConversions - Adding converter from class [B to class java.time.ZonedDateTime as reading converter.
17349 [main] DEBUG o.s.data.convert.CustomConversions - Adding converter from class java.time.Instant to class [B as writing converter.
17349 [main] DEBUG o.s.data.convert.CustomConversions - Adding converter from class [B to class java.time.Instant as reading converter.
17349 [main] DEBUG o.s.data.convert.CustomConversions - Adding converter from class java.time.ZoneId to class [B as writing converter.
17349 [main] DEBUG o.s.data.convert.CustomConversions - Adding converter from class [B to class java.time.ZoneId as reading converter.
17349 [main] DEBUG o.s.data.convert.CustomConversions - Adding converter from class java.time.Period to class [B as writing converter.
17349 [main] DEBUG o.s.data.convert.CustomConversions - Adding converter from class [B to class java.time.Period as reading converter.
17349 [main] DEBUG o.s.data.convert.CustomConversions - Adding converter from class java.time.Duration to class [B as writing converter.
17349 [main] DEBUG o.s.data.convert.CustomConversions - Adding converter from class [B to class java.time.Duration as reading converter.
17349 [main] DEBUG o.s.data.convert.CustomConversions - Adding converter from class java.util.Date to class java.time.LocalDateTime as reading converter.
17349 [main] DEBUG o.s.data.convert.CustomConversions - Adding converter from class java.time.LocalDateTime to class java.util.Date as writing converter.
17349 [main] DEBUG o.s.data.convert.CustomConversions - Adding converter from class java.util.Date to class java.time.LocalDate as reading converter.
17350 [main] DEBUG o.s.data.convert.CustomConversions - Adding converter from class java.time.LocalDate to class java.util.Date as writing converter.
17350 [main] DEBUG o.s.data.convert.CustomConversions - Adding converter from class java.util.Date to class java.time.LocalTime as reading converter.
17350 [main] DEBUG o.s.data.convert.CustomConversions - Adding converter from class java.time.LocalTime to class java.util.Date as writing converter.
17350 [main] DEBUG o.s.data.convert.CustomConversions - Adding converter from class java.util.Date to class java.time.Instant as reading converter.
17350 [main] DEBUG o.s.data.convert.CustomConversions - Adding converter from class java.time.Instant to class java.util.Date as writing converter.
17350 [main] DEBUG o.s.data.convert.CustomConversions - Adding converter from class java.time.LocalDateTime to class java.time.Instant as reading converter.
17350 [main] DEBUG o.s.data.convert.CustomConversions - Adding converter from class java.time.Instant to class java.time.LocalDateTime as reading converter.
17351 [main] DEBUG o.s.data.convert.CustomConversions - Adding converter from class java.time.ZoneId to class java.lang.String as writing converter.
17351 [main] DEBUG o.s.data.convert.CustomConversions - Adding converter from class java.lang.String to class java.time.ZoneId as reading converter.
17351 [main] DEBUG o.s.data.convert.CustomConversions - Adding converter from class java.time.Duration to class java.lang.String as writing converter.
17352 [main] DEBUG o.s.data.convert.CustomConversions - Adding converter from class java.lang.String to class java.time.Duration as reading converter.
17352 [main] DEBUG o.s.data.convert.CustomConversions - Adding converter from class java.time.Period to class java.lang.String as writing converter.
17352 [main] DEBUG o.s.data.convert.CustomConversions - Adding converter from class java.lang.String to class java.time.Period as reading converter.
17352 [main] DEBUG o.s.data.convert.CustomConversions - Adding converter from class java.lang.String to class java.time.LocalDate as reading converter.
17352 [main] DEBUG o.s.data.convert.CustomConversions - Adding converter from class java.lang.String to class java.time.LocalDateTime as reading converter.
17352 [main] DEBUG o.s.data.convert.CustomConversions - Adding converter from class java.lang.String to class java.time.Instant as reading converter.
17353 [main] DEBUG o.s.b.f.s.DefaultListableBeanFactory - Creating shared instance of singleton bean 'redisReferenceResolver'
17357 [main] DEBUG o.s.b.f.s.DefaultListableBeanFactory - Creating shared instance of singleton bean 'redisConverter'
17376 [main] DEBUG o.s.data.convert.CustomConversions - Adding converter from class java.lang.String to class [B as writing converter.
17377 [main] DEBUG o.s.data.convert.CustomConversions - Adding converter from class [B to class java.lang.String as reading converter.
17377 [main] DEBUG o.s.data.convert.CustomConversions - Adding converter from class java.lang.Number to class [B as writing converter.
17377 [main] DEBUG o.s.data.convert.CustomConversions - Adding converter from class [B to class java.lang.Number as reading converter.
17377 [main] DEBUG o.s.data.convert.CustomConversions - Adding converter from class java.lang.Enum to class [B as writing converter.
17377 [main] DEBUG o.s.data.convert.CustomConversions - Adding converter from class [B to class java.lang.Enum as reading converter.
17377 [main] DEBUG o.s.data.convert.CustomConversions - Adding converter from class java.lang.Boolean to class [B as writing converter.
17377 [main] DEBUG o.s.data.convert.CustomConversions - Adding converter from class [B to class java.lang.Boolean as reading converter.
17377 [main] DEBUG o.s.data.convert.CustomConversions - Adding converter from class java.util.Date to class [B as writing converter.
17377 [main] DEBUG o.s.data.convert.CustomConversions - Adding converter from class [B to class java.util.Date as reading converter.
17377 [main] DEBUG o.s.data.convert.CustomConversions - Adding converter from class java.util.UUID to class [B as writing converter.
17377 [main] DEBUG o.s.data.convert.CustomConversions - Adding converter from class [B to class java.util.UUID as reading converter.
17377 [main] DEBUG o.s.data.convert.CustomConversions - Adding converter from class java.time.LocalDateTime to class [B as writing converter.
17377 [main] DEBUG o.s.data.convert.CustomConversions - Adding converter from class [B to class java.time.LocalDateTime as reading converter.
17377 [main] DEBUG o.s.data.convert.CustomConversions - Adding converter from class java.time.LocalDate to class [B as writing converter.
17378 [main] DEBUG o.s.data.convert.CustomConversions - Adding converter from class [B to class java.time.LocalDate as reading converter.
17378 [main] DEBUG o.s.data.convert.CustomConversions - Adding converter from class java.time.LocalTime to class [B as writing converter.
17378 [main] DEBUG o.s.data.convert.CustomConversions - Adding converter from class [B to class java.time.LocalTime as reading converter.
17378 [main] DEBUG o.s.data.convert.CustomConversions - Adding converter from class java.time.ZonedDateTime to class [B as writing converter.
17378 [main] DEBUG o.s.data.convert.CustomConversions - Adding converter from class [B to class java.time.ZonedDateTime as reading converter.
17378 [main] DEBUG o.s.data.convert.CustomConversions - Adding converter from class java.time.Instant to class [B as writing converter.
17378 [main] DEBUG o.s.data.convert.CustomConversions - Adding converter from class [B to class java.time.Instant as reading converter.
17378 [main] DEBUG o.s.data.convert.CustomConversions - Adding converter from class java.time.ZoneId to class [B as writing converter.
17378 [main] DEBUG o.s.data.convert.CustomConversions - Adding converter from class [B to class java.time.ZoneId as reading converter.
17378 [main] DEBUG o.s.data.convert.CustomConversions - Adding converter from class java.time.Period to class [B as writing converter.
17378 [main] DEBUG o.s.data.convert.CustomConversions - Adding converter from class [B to class java.time.Period as reading converter.
17378 [main] DEBUG o.s.data.convert.CustomConversions - Adding converter from class java.time.Duration to class [B as writing converter.
17378 [main] DEBUG o.s.data.convert.CustomConversions - Adding converter from class [B to class java.time.Duration as reading converter.
17378 [main] DEBUG o.s.data.convert.CustomConversions - Adding converter from class java.util.Date to class java.time.LocalDateTime as reading converter.
17378 [main] DEBUG o.s.data.convert.CustomConversions - Adding converter from class java.time.LocalDateTime to class java.util.Date as writing converter.
17378 [main] DEBUG o.s.data.convert.CustomConversions - Adding converter from class java.util.Date to class java.time.LocalDate as reading converter.
17378 [main] DEBUG o.s.data.convert.CustomConversions - Adding converter from class java.time.LocalDate to class java.util.Date as writing converter.
17378 [main] DEBUG o.s.data.convert.CustomConversions - Adding converter from class java.util.Date to class java.time.LocalTime as reading converter.
17378 [main] DEBUG o.s.data.convert.CustomConversions - Adding converter from class java.time.LocalTime to class java.util.Date as writing converter.
17379 [main] DEBUG o.s.data.convert.CustomConversions - Adding converter from class java.util.Date to class java.time.Instant as reading converter.
17379 [main] DEBUG o.s.data.convert.CustomConversions - Adding converter from class java.time.Instant to class java.util.Date as writing converter.
17379 [main] DEBUG o.s.data.convert.CustomConversions - Adding converter from class java.time.LocalDateTime to class java.time.Instant as reading converter.
17379 [main] DEBUG o.s.data.convert.CustomConversions - Adding converter from class java.time.Instant to class java.time.LocalDateTime as reading converter.
17379 [main] DEBUG o.s.data.convert.CustomConversions - Adding converter from class java.time.ZoneId to class java.lang.String as writing converter.
17379 [main] DEBUG o.s.data.convert.CustomConversions - Adding converter from class java.lang.String to class java.time.ZoneId as reading converter.
17379 [main] DEBUG o.s.data.convert.CustomConversions - Adding converter from class java.time.Duration to class java.lang.String as writing converter.
17379 [main] DEBUG o.s.data.convert.CustomConversions - Adding converter from class java.lang.String to class java.time.Duration as reading converter.
17379 [main] DEBUG o.s.data.convert.CustomConversions - Adding converter from class java.time.Period to class java.lang.String as writing converter.
17379 [main] DEBUG o.s.data.convert.CustomConversions - Adding converter from class java.lang.String to class java.time.Period as reading converter.
17379 [main] DEBUG o.s.data.convert.CustomConversions - Adding converter from class java.lang.String to class java.time.LocalDate as reading converter.
17379 [main] DEBUG o.s.data.convert.CustomConversions - Adding converter from class java.lang.String to class java.time.LocalDateTime as reading converter.
17379 [main] DEBUG o.s.data.convert.CustomConversions - Adding converter from class java.lang.String to class java.time.Instant as reading converter.
17380 [main] DEBUG o.s.data.convert.CustomConversions - Adding converter from class java.lang.String to class [B as writing converter.
17380 [main] DEBUG o.s.data.convert.CustomConversions - Adding converter from class [B to class java.lang.String as reading converter.
17381 [main] DEBUG o.s.data.convert.CustomConversions - Adding converter from class java.lang.Number to class [B as writing converter.
17381 [main] DEBUG o.s.data.convert.CustomConversions - Adding converter from class [B to class java.lang.Number as reading converter.
17381 [main] DEBUG o.s.data.convert.CustomConversions - Adding converter from class java.lang.Enum to class [B as writing converter.
17381 [main] DEBUG o.s.data.convert.CustomConversions - Adding converter from class [B to class java.lang.Enum as reading converter.
17381 [main] DEBUG o.s.data.convert.CustomConversions - Adding converter from class java.lang.Boolean to class [B as writing converter.
17381 [main] DEBUG o.s.data.convert.CustomConversions - Adding converter from class [B to class java.lang.Boolean as reading converter.
17381 [main] DEBUG o.s.data.convert.CustomConversions - Adding converter from class java.util.Date to class [B as writing converter.
17381 [main] DEBUG o.s.data.convert.CustomConversions - Adding converter from class [B to class java.util.Date as reading converter.
17381 [main] DEBUG o.s.data.convert.CustomConversions - Adding converter from class java.util.UUID to class [B as writing converter.
17381 [main] DEBUG o.s.data.convert.CustomConversions - Adding converter from class [B to class java.util.UUID as reading converter.
17381 [main] DEBUG o.s.data.convert.CustomConversions - Adding converter from class java.time.LocalDateTime to class [B as writing converter.
17381 [main] DEBUG o.s.data.convert.CustomConversions - Adding converter from class [B to class java.time.LocalDateTime as reading converter.
17381 [main] DEBUG o.s.data.convert.CustomConversions - Adding converter from class java.time.LocalDate to class [B as writing converter.
17381 [main] DEBUG o.s.data.convert.CustomConversions - Adding converter from class [B to class java.time.LocalDate as reading converter.
17381 [main] DEBUG o.s.data.convert.CustomConversions - Adding converter from class java.time.LocalTime to class [B as writing converter.
17381 [main] DEBUG o.s.data.convert.CustomConversions - Adding converter from class [B to class java.time.LocalTime as reading converter.
17381 [main] DEBUG o.s.data.convert.CustomConversions - Adding converter from class java.time.ZonedDateTime to class [B as writing converter.
17381 [main] DEBUG o.s.data.convert.CustomConversions - Adding converter from class [B to class java.time.ZonedDateTime as reading converter.
17381 [main] DEBUG o.s.data.convert.CustomConversions - Adding converter from class java.time.Instant to class [B as writing converter.
17381 [main] DEBUG o.s.data.convert.CustomConversions - Adding converter from class [B to class java.time.Instant as reading converter.
17382 [main] DEBUG o.s.data.convert.CustomConversions - Adding converter from class java.time.ZoneId to class [B as writing converter.
17382 [main] DEBUG o.s.data.convert.CustomConversions - Adding converter from class [B to class java.time.ZoneId as reading converter.
17382 [main] DEBUG o.s.data.convert.CustomConversions - Adding converter from class java.time.Period to class [B as writing converter.
17382 [main] DEBUG o.s.data.convert.CustomConversions - Adding converter from class [B to class java.time.Period as reading converter.
17382 [main] DEBUG o.s.data.convert.CustomConversions - Adding converter from class java.time.Duration to class [B as writing converter.
17382 [main] DEBUG o.s.data.convert.CustomConversions - Adding converter from class [B to class java.time.Duration as reading converter.
17382 [main] DEBUG o.s.data.convert.CustomConversions - Adding converter from class java.util.Date to class java.time.LocalDateTime as reading converter.
17382 [main] DEBUG o.s.data.convert.CustomConversions - Adding converter from class java.time.LocalDateTime to class java.util.Date as writing converter.
17382 [main] DEBUG o.s.data.convert.CustomConversions - Adding converter from class java.util.Date to class java.time.LocalDate as reading converter.
17382 [main] DEBUG o.s.data.convert.CustomConversions - Adding converter from class java.time.LocalDate to class java.util.Date as writing converter.
17382 [main] DEBUG o.s.data.convert.CustomConversions - Adding converter from class java.util.Date to class java.time.LocalTime as reading converter.
17382 [main] DEBUG o.s.data.convert.CustomConversions - Adding converter from class java.time.LocalTime to class java.util.Date as writing converter.
17382 [main] DEBUG o.s.data.convert.CustomConversions - Adding converter from class java.util.Date to class java.time.Instant as reading converter.
17382 [main] DEBUG o.s.data.convert.CustomConversions - Adding converter from class java.time.Instant to class java.util.Date as writing converter.
17382 [main] DEBUG o.s.data.convert.CustomConversions - Adding converter from class java.time.LocalDateTime to class java.time.Instant as reading converter.
17382 [main] DEBUG o.s.data.convert.CustomConversions - Adding converter from class java.time.Instant to class java.time.LocalDateTime as reading converter.
17383 [main] DEBUG o.s.data.convert.CustomConversions - Adding converter from class java.time.ZoneId to class java.lang.String as writing converter.
17383 [main] DEBUG o.s.data.convert.CustomConversions - Adding converter from class java.lang.String to class java.time.ZoneId as reading converter.
17383 [main] DEBUG o.s.data.convert.CustomConversions - Adding converter from class java.time.Duration to class java.lang.String as writing converter.
17383 [main] DEBUG o.s.data.convert.CustomConversions - Adding converter from class java.lang.String to class java.time.Duration as reading converter.
17383 [main] DEBUG o.s.data.convert.CustomConversions - Adding converter from class java.time.Period to class java.lang.String as writing converter.
17383 [main] DEBUG o.s.data.convert.CustomConversions - Adding converter from class java.lang.String to class java.time.Period as reading converter.
17383 [main] DEBUG o.s.data.convert.CustomConversions - Adding converter from class java.lang.String to class java.time.LocalDate as reading converter.
17383 [main] DEBUG o.s.data.convert.CustomConversions - Adding converter from class java.lang.String to class java.time.LocalDateTime as reading converter.
17383 [main] DEBUG o.s.data.convert.CustomConversions - Adding converter from class java.lang.String to class java.time.Instant as reading converter.
17400 [main] DEBUG o.s.b.f.s.DefaultListableBeanFactory - Creating shared instance of singleton bean 'redisKeyValueAdapter'
17426 [main] DEBUG o.s.d.r.l.RedisMessageListenerContainer - Postpone listening for Redis messages until actual listeners are added
17427 [main] DEBUG o.s.d.r.l.RedisMessageListenerContainer - Started RedisMessageListenerContainer
17449 [main] DEBUG o.s.b.f.s.DefaultListableBeanFactory - Creating shared instance of singleton bean 'redisKeyValueTemplate'
17457 [main] DEBUG o.s.b.f.s.DefaultListableBeanFactory - Creating shared instance of singleton bean 'org.springframework.boot.autoconfigure.gson.GsonAutoConfiguration'
17458 [main] DEBUG o.s.b.f.s.DefaultListableBeanFactory - Creating shared instance of singleton bean 'gsonBuilder'
17459 [main] DEBUG o.s.b.f.s.DefaultListableBeanFactory - Creating shared instance of singleton bean 'standardGsonBuilderCustomizer'
17459 [main] DEBUG o.s.b.f.s.DefaultListableBeanFactory - Creating shared instance of singleton bean 'spring.gson-org.springframework.boot.autoconfigure.gson.GsonProperties'
17464 [main] DEBUG o.s.b.f.s.DefaultListableBeanFactory - Autowiring by type from bean name 'standardGsonBuilderCustomizer' via factory method to bean named 'spring.gson-org.springframework.boot.autoconfigure.gson.GsonProperties'
17465 [main] DEBUG o.s.b.f.s.DefaultListableBeanFactory - Autowiring by type from bean name 'gsonBuilder' via factory method to bean named 'standardGsonBuilderCustomizer'
17484 [main] DEBUG o.s.b.f.s.DefaultListableBeanFactory - Creating shared instance of singleton bean 'gson'
17485 [main] DEBUG o.s.b.f.s.DefaultListableBeanFactory - Autowiring by type from bean name 'gson' via factory method to bean named 'gsonBuilder'
17552 [main] DEBUG o.s.b.f.s.DefaultListableBeanFactory - Creating shared instance of singleton bean 'org.springframework.boot.autoconfigure.http.JacksonHttpMessageConvertersConfiguration'
17552 [main] DEBUG o.s.b.f.s.DefaultListableBeanFactory - Creating shared instance of singleton bean 'org.springframework.boot.autoconfigure.http.GsonHttpMessageConvertersConfiguration'
17553 [main] DEBUG o.s.b.f.s.DefaultListableBeanFactory - Creating shared instance of singleton bean 'org.springframework.data.web.config.ProjectingArgumentResolverRegistrar'
17554 [main] DEBUG o.s.b.f.s.DefaultListableBeanFactory - Creating shared instance of singleton bean 'freeMarkerConfigurer'
17829 [main] DEBUG o.s.w.s.v.f.FreeMarkerConfigurer - File system access not preferred: using SpringTemplateLoader
17831 [main] DEBUG o.s.u.f.SpringTemplateLoader - SpringTemplateLoader for FreeMarker: using resource loader [org.springframework.boot.web.servlet.context.AnnotationConfigServletWebServerApplicationContext@67389cb8, started on Sun Apr 25 18:56:26 CST 2021] and template loader path [classpath:/templates/]
17835 [main] DEBUG o.s.b.f.s.DefaultListableBeanFactory - Creating shared instance of singleton bean 'freeMarkerConfiguration'
17836 [main] DEBUG o.s.b.f.s.DefaultListableBeanFactory - Autowiring by type from bean name 'freeMarkerConfiguration' via factory method to bean named 'freeMarkerConfigurer'
17864 [main] DEBUG o.s.b.f.s.DefaultListableBeanFactory - Creating shared instance of singleton bean 'org.springframework.boot.autoconfigure.freemarker.FreeMarkerAutoConfiguration'
17866 [main] DEBUG o.s.b.f.s.DefaultListableBeanFactory - Autowiring by type from bean name 'org.springframework.boot.autoconfigure.freemarker.FreeMarkerAutoConfiguration' via constructor to bean named 'org.springframework.boot.web.servlet.context.AnnotationConfigServletWebServerApplicationContext@67389cb8'
17866 [main] DEBUG o.s.b.f.s.DefaultListableBeanFactory - Autowiring by type from bean name 'org.springframework.boot.autoconfigure.freemarker.FreeMarkerAutoConfiguration' via constructor to bean named 'spring.freemarker-org.springframework.boot.autoconfigure.freemarker.FreeMarkerProperties'
17868 [main] WARN  o.s.b.a.f.FreeMarkerAutoConfiguration - Cannot find template location(s): [classpath:/templates/] (please add some templates, check your FreeMarker configuration, or set spring.freemarker.checkTemplateLocation=false)
17869 [main] DEBUG o.s.b.f.s.DefaultListableBeanFactory - Creating shared instance of singleton bean 'org.springframework.boot.autoconfigure.info.ProjectInfoAutoConfiguration'
17876 [main] DEBUG o.s.b.f.s.DefaultListableBeanFactory - Creating shared instance of singleton bean 'spring.info-org.springframework.boot.autoconfigure.info.ProjectInfoProperties'
17879 [main] DEBUG o.s.b.f.s.DefaultListableBeanFactory - Autowiring by type from bean name 'org.springframework.boot.autoconfigure.info.ProjectInfoAutoConfiguration' via constructor to bean named 'spring.info-org.springframework.boot.autoconfigure.info.ProjectInfoProperties'
17881 [main] DEBUG o.s.b.f.s.DefaultListableBeanFactory - Creating shared instance of singleton bean 'org.springframework.boot.autoconfigure.jdbc.JdbcTemplateConfiguration'
17881 [main] DEBUG o.s.b.f.s.DefaultListableBeanFactory - Creating shared instance of singleton bean 'jdbcTemplate'
17882 [main] DEBUG o.s.b.f.s.DefaultListableBeanFactory - Creating shared instance of singleton bean 'spring.jdbc-org.springframework.boot.autoconfigure.jdbc.JdbcProperties'
17883 [main] DEBUG o.s.b.f.s.DefaultListableBeanFactory - Autowiring by type from bean name 'jdbcTemplate' via factory method to bean named 'dataSource'
17883 [main] DEBUG o.s.b.f.s.DefaultListableBeanFactory - Autowiring by type from bean name 'jdbcTemplate' via factory method to bean named 'spring.jdbc-org.springframework.boot.autoconfigure.jdbc.JdbcProperties'
17915 [main] DEBUG o.s.b.f.s.DefaultListableBeanFactory - Creating shared instance of singleton bean 'org.springframework.boot.autoconfigure.jdbc.NamedParameterJdbcTemplateConfiguration'
17916 [main] DEBUG o.s.b.f.s.DefaultListableBeanFactory - Creating shared instance of singleton bean 'namedParameterJdbcTemplate'
17917 [main] DEBUG o.s.b.f.s.DefaultListableBeanFactory - Autowiring by type from bean name 'namedParameterJdbcTemplate' via factory method to bean named 'jdbcTemplate'
17929 [main] DEBUG o.s.b.f.s.DefaultListableBeanFactory - Creating shared instance of singleton bean 'org.springframework.boot.autoconfigure.jdbc.JdbcTemplateAutoConfiguration'
17930 [main] DEBUG o.s.b.f.s.DefaultListableBeanFactory - Creating shared instance of singleton bean 'org.springframework.boot.autoconfigure.task.TaskSchedulingAutoConfiguration'
17933 [main] DEBUG o.s.b.f.s.DefaultListableBeanFactory - Creating shared instance of singleton bean 'taskSchedulerBuilder'
17934 [main] DEBUG o.s.b.f.s.DefaultListableBeanFactory - Creating shared instance of singleton bean 'spring.task.scheduling-org.springframework.boot.autoconfigure.task.TaskSchedulingProperties'
17937 [main] DEBUG o.s.b.f.s.DefaultListableBeanFactory - Autowiring by type from bean name 'taskSchedulerBuilder' via factory method to bean named 'spring.task.scheduling-org.springframework.boot.autoconfigure.task.TaskSchedulingProperties'
17940 [main] DEBUG o.s.b.f.s.DefaultListableBeanFactory - Creating shared instance of singleton bean 'org.springframework.boot.autoconfigure.jdbc.DataSourceTransactionManagerAutoConfiguration$JdbcTransactionManagerConfiguration'
17941 [main] DEBUG o.s.b.f.s.DefaultListableBeanFactory - Creating shared instance of singleton bean 'transactionManager'
17941 [main] DEBUG o.s.b.f.s.DefaultListableBeanFactory - Autowiring by type from bean name 'transactionManager' via factory method to bean named 'environment'
17941 [main] DEBUG o.s.b.f.s.DefaultListableBeanFactory - Autowiring by type from bean name 'transactionManager' via factory method to bean named 'dataSource'
17946 [main] DEBUG o.s.b.f.s.DefaultListableBeanFactory - Creating shared instance of singleton bean 'platformTransactionManagerCustomizers'
17946 [main] DEBUG o.s.b.f.s.DefaultListableBeanFactory - Creating shared instance of singleton bean 'org.springframework.boot.autoconfigure.transaction.TransactionAutoConfiguration'
17950 [main] DEBUG o.s.b.f.s.DefaultListableBeanFactory - Creating shared instance of singleton bean 'spring.transaction-org.springframework.boot.autoconfigure.transaction.TransactionProperties'
17963 [main] DEBUG o.s.b.f.s.DefaultListableBeanFactory - Creating shared instance of singleton bean 'org.springframework.boot.autoconfigure.jdbc.DataSourceTransactionManagerAutoConfiguration'
17963 [main] DEBUG o.s.b.f.s.DefaultListableBeanFactory - Creating shared instance of singleton bean 'org.springframework.boot.autoconfigure.transaction.TransactionAutoConfiguration$EnableTransactionManagementConfiguration$CglibAutoProxyConfiguration'
17964 [main] DEBUG o.s.b.f.s.DefaultListableBeanFactory - Creating shared instance of singleton bean 'org.springframework.boot.autoconfigure.transaction.TransactionAutoConfiguration$EnableTransactionManagementConfiguration'
17965 [main] DEBUG o.s.b.f.s.DefaultListableBeanFactory - Creating shared instance of singleton bean 'org.springframework.boot.autoconfigure.transaction.TransactionAutoConfiguration$TransactionTemplateConfiguration'
17966 [main] DEBUG o.s.b.f.s.DefaultListableBeanFactory - Creating shared instance of singleton bean 'transactionTemplate'
17968 [main] DEBUG o.s.b.f.s.DefaultListableBeanFactory - Autowiring by type from bean name 'transactionTemplate' via factory method to bean named 'transactionManager'
17971 [main] DEBUG o.s.b.f.s.DefaultListableBeanFactory - Creating shared instance of singleton bean 'org.springframework.boot.autoconfigure.web.client.RestTemplateAutoConfiguration'
17972 [main] DEBUG o.s.b.f.s.DefaultListableBeanFactory - Creating shared instance of singleton bean 'org.springframework.boot.autoconfigure.web.embedded.EmbeddedWebServerFactoryCustomizerAutoConfiguration'
17973 [main] DEBUG o.s.b.f.s.DefaultListableBeanFactory - Creating shared instance of singleton bean 'multipartResolver'
18008 [main] DEBUG o.s.j.e.a.AnnotationMBeanExporter - Registering beans for JMX exposure on startup
18008 [main] DEBUG o.s.j.e.a.AnnotationMBeanExporter - Autodetecting user-defined JMX MBeans
18012 [main] DEBUG o.s.j.e.a.AnnotationMBeanExporter - Bean with name 'dataSource' has been autodetected for JMX exposure
18023 [main] DEBUG o.s.j.e.a.AnnotationMBeanExporter - Located MBean 'dataSource': registering with JMX server as MBean [com.alibaba.druid.spring.boot.autoconfigure:name=dataSource,type=DruidDataSourceWrapper]
18034 [main] DEBUG o.s.c.s.DefaultLifecycleProcessor - Starting beans in phase 2147483646
18035 [main] INFO  o.a.coyote.http11.Http11NioProtocol - Starting ProtocolHandler ["http-nio-8080"]
18068 [main] WARN  o.s.b.w.s.c.AnnotationConfigServletWebServerApplicationContext - Exception encountered during context initialization - cancelling refresh attempt: org.springframework.context.ApplicationContextException: Failed to start bean 'webServerStartStop'; nested exception is org.springframework.boot.web.server.PortInUseException: Port 8080 is already in use
18069 [main] DEBUG o.s.d.r.l.RedisMessageListenerContainer - Stopped RedisMessageListenerContainer
18075 [main] DEBUG io.lettuce.core.AbstractRedisClient - Initiate shutdown (100, 100, MILLISECONDS)
18094 [main] DEBUG i.l.c.r.DefaultClientResources - Initiate shutdown (0, 2, SECONDS)
18100 [main] DEBUG i.l.c.r.DefaultEventLoopGroupProvider - Initiate shutdown (0, 2, SECONDS)
18117 [main] DEBUG o.s.j.e.a.AnnotationMBeanExporter - Unregistering JMX-exposed beans on shutdown
18118 [main] DEBUG o.s.j.e.a.AnnotationMBeanExporter - Unregistering JMX-exposed beans
18128 [main] INFO  c.a.druid.pool.DruidDataSource - {dataSource-1} closed
18128 [main] INFO  o.s.s.c.ThreadPoolTaskExecutor - Shutting down ExecutorService 'applicationTaskExecutor'
18135 [main] INFO  o.a.coyote.http11.Http11NioProtocol - Pausing ProtocolHandler ["http-nio-8080"]
18135 [main] INFO  o.a.catalina.core.StandardService - Stopping service [Tomcat]
18143 [main] INFO  o.a.coyote.http11.Http11NioProtocol - Stopping ProtocolHandler ["http-nio-8080"]
18144 [main] INFO  o.a.coyote.http11.Http11NioProtocol - Destroying ProtocolHandler ["http-nio-8080"]
18195 [main] DEBUG o.s.b.a.l.ConditionEvaluationReportLoggingListener - 


============================
CONDITIONS EVALUATION REPORT
============================


Positive matches:
-----------------

   AopAutoConfiguration matched:
      - @ConditionalOnProperty (spring.aop.auto=true) matched (OnPropertyCondition)

   AopAutoConfiguration.ClassProxyingConfiguration matched:
      - @ConditionalOnMissingClass did not find unwanted class 'org.aspectj.weaver.Advice' (OnClassCondition)
      - @ConditionalOnProperty (spring.aop.proxy-target-class=true) matched (OnPropertyCondition)

   DataSourceAutoConfiguration matched:
      - @ConditionalOnClass found required classes 'javax.sql.DataSource', 'org.springframework.jdbc.datasource.embedded.EmbeddedDatabaseType' (OnClassCondition)
      - @ConditionalOnMissingBean (types: io.r2dbc.spi.ConnectionFactory; SearchStrategy: all) did not find any beans (OnBeanCondition)

   DataSourceConfiguration.Generic matched:
      - @ConditionalOnProperty (spring.datasource.type) matched (OnPropertyCondition)

   DataSourceJmxConfiguration matched:
      - @ConditionalOnProperty (spring.jmx.enabled=true) matched (OnPropertyCondition)

   DataSourceJmxConfiguration.Hikari matched:
      - @ConditionalOnClass found required class 'com.zaxxer.hikari.HikariDataSource' (OnClassCondition)

   DataSourcePoolMetadataProvidersConfiguration.HikariPoolDataSourceMetadataProviderConfiguration matched:
      - @ConditionalOnClass found required class 'com.zaxxer.hikari.HikariDataSource' (OnClassCondition)

   DataSourceTransactionManagerAutoConfiguration matched:
      - @ConditionalOnClass found required classes 'org.springframework.jdbc.core.JdbcTemplate', 'org.springframework.transaction.TransactionManager' (OnClassCondition)

   DataSourceTransactionManagerAutoConfiguration.JdbcTransactionManagerConfiguration matched:
      - @ConditionalOnSingleCandidate (types: javax.sql.DataSource; SearchStrategy: all) found a primary bean from beans 'dataSource' (OnBeanCondition)

   DataSourceTransactionManagerAutoConfiguration.JdbcTransactionManagerConfiguration#transactionManager matched:
      - @ConditionalOnMissingBean (types: org.springframework.transaction.TransactionManager; SearchStrategy: all) did not find any beans (OnBeanCondition)

   DispatcherServletAutoConfiguration matched:
      - @ConditionalOnClass found required class 'org.springframework.web.servlet.DispatcherServlet' (OnClassCondition)
      - found 'session' scope (OnWebApplicationCondition)

   DispatcherServletAutoConfiguration.DispatcherServletConfiguration matched:
      - @ConditionalOnClass found required class 'javax.servlet.ServletRegistration' (OnClassCondition)
      - Default DispatcherServlet did not find dispatcher servlet beans (DispatcherServletAutoConfiguration.DefaultDispatcherServletCondition)

   DispatcherServletAutoConfiguration.DispatcherServletRegistrationConfiguration matched:
      - @ConditionalOnClass found required class 'javax.servlet.ServletRegistration' (OnClassCondition)
      - DispatcherServlet Registration did not find servlet registration bean (DispatcherServletAutoConfiguration.DispatcherServletRegistrationCondition)

   DispatcherServletAutoConfiguration.DispatcherServletRegistrationConfiguration#dispatcherServletRegistration matched:
      - @ConditionalOnBean (names: dispatcherServlet types: org.springframework.web.servlet.DispatcherServlet; SearchStrategy: all) found bean 'dispatcherServlet' (OnBeanCondition)

   DruidDataSourceAutoConfigure matched:
      - @ConditionalOnClass found required class 'com.alibaba.druid.pool.DruidDataSource' (OnClassCondition)

   DruidDataSourceAutoConfigure#dataSource matched:
      - @ConditionalOnMissingBean (types: javax.sql.DataSource; SearchStrategy: all) did not find any beans (OnBeanCondition)

   DruidStatViewServletConfiguration matched:
      - @ConditionalOnWebApplication (required) found 'session' scope (OnWebApplicationCondition)
      - @ConditionalOnProperty (spring.datasource.druid.stat-view-servlet.enabled=true) matched (OnPropertyCondition)

   EmbeddedWebServerFactoryCustomizerAutoConfiguration matched:
      - @ConditionalOnWebApplication (required) found 'session' scope (OnWebApplicationCondition)

   EmbeddedWebServerFactoryCustomizerAutoConfiguration.TomcatWebServerFactoryCustomizerConfiguration matched:
      - @ConditionalOnClass found required classes 'org.apache.catalina.startup.Tomcat', 'org.apache.coyote.UpgradeProtocol' (OnClassCondition)

   ErrorMvcAutoConfiguration matched:
      - @ConditionalOnClass found required classes 'javax.servlet.Servlet', 'org.springframework.web.servlet.DispatcherServlet' (OnClassCondition)
      - found 'session' scope (OnWebApplicationCondition)

   ErrorMvcAutoConfiguration#basicErrorController matched:
      - @ConditionalOnMissingBean (types: org.springframework.boot.web.servlet.error.ErrorController; SearchStrategy: current) did not find any beans (OnBeanCondition)

   ErrorMvcAutoConfiguration#errorAttributes matched:
      - @ConditionalOnMissingBean (types: org.springframework.boot.web.servlet.error.ErrorAttributes; SearchStrategy: current) did not find any beans (OnBeanCondition)

   ErrorMvcAutoConfiguration.DefaultErrorViewResolverConfiguration#conventionErrorViewResolver matched:
      - @ConditionalOnBean (types: org.springframework.web.servlet.DispatcherServlet; SearchStrategy: all) found bean 'dispatcherServlet'; @ConditionalOnMissingBean (types: org.springframework.boot.autoconfigure.web.servlet.error.ErrorViewResolver; SearchStrategy: all) did not find any beans (OnBeanCondition)

   ErrorMvcAutoConfiguration.WhitelabelErrorViewConfiguration matched:
      - @ConditionalOnProperty (server.error.whitelabel.enabled) matched (OnPropertyCondition)
      - ErrorTemplate Missing did not find error template view (ErrorMvcAutoConfiguration.ErrorTemplateMissingCondition)

   ErrorMvcAutoConfiguration.WhitelabelErrorViewConfiguration#beanNameViewResolver matched:
      - @ConditionalOnMissingBean (types: org.springframework.web.servlet.view.BeanNameViewResolver; SearchStrategy: all) did not find any beans (OnBeanCondition)

   ErrorMvcAutoConfiguration.WhitelabelErrorViewConfiguration#defaultErrorView matched:
      - @ConditionalOnMissingBean (names: error; SearchStrategy: all) did not find any beans (OnBeanCondition)

   FreeMarkerAutoConfiguration matched:
      - @ConditionalOnClass found required classes 'freemarker.template.Configuration', 'org.springframework.ui.freemarker.FreeMarkerConfigurationFactory' (OnClassCondition)

   FreeMarkerServletWebConfiguration matched:
      - @ConditionalOnClass found required classes 'javax.servlet.Servlet', 'org.springframework.web.servlet.view.freemarker.FreeMarkerConfigurer' (OnClassCondition)
      - found 'session' scope (OnWebApplicationCondition)

   FreeMarkerServletWebConfiguration#freeMarkerConfigurer matched:
      - @ConditionalOnMissingBean (types: org.springframework.web.servlet.view.freemarker.FreeMarkerConfig; SearchStrategy: all) did not find any beans (OnBeanCondition)

   FreeMarkerServletWebConfiguration#freeMarkerViewResolver matched:
      - @ConditionalOnProperty (spring.freemarker.enabled) matched (OnPropertyCondition)
      - @ConditionalOnMissingBean (names: freeMarkerViewResolver; SearchStrategy: all) did not find any beans (OnBeanCondition)

   GenericCacheConfiguration matched:
      - Cache org.springframework.boot.autoconfigure.cache.GenericCacheConfiguration automatic cache type (CacheCondition)

   GsonAutoConfiguration matched:
      - @ConditionalOnClass found required class 'com.google.gson.Gson' (OnClassCondition)

   GsonAutoConfiguration#gson matched:
      - @ConditionalOnMissingBean (types: com.google.gson.Gson; SearchStrategy: all) did not find any beans (OnBeanCondition)

   GsonAutoConfiguration#gsonBuilder matched:
      - @ConditionalOnMissingBean (types: com.google.gson.GsonBuilder; SearchStrategy: all) did not find any beans (OnBeanCondition)

   GsonHttpMessageConvertersConfiguration matched:
      - @ConditionalOnClass found required class 'com.google.gson.Gson' (OnClassCondition)

   HttpEncodingAutoConfiguration matched:
      - @ConditionalOnClass found required class 'org.springframework.web.filter.CharacterEncodingFilter' (OnClassCondition)
      - found 'session' scope (OnWebApplicationCondition)
      - @ConditionalOnProperty (server.servlet.encoding.enabled) matched (OnPropertyCondition)

   HttpEncodingAutoConfiguration#characterEncodingFilter matched:
      - @ConditionalOnMissingBean (types: org.springframework.web.filter.CharacterEncodingFilter; SearchStrategy: all) did not find any beans (OnBeanCondition)

   HttpMessageConvertersAutoConfiguration matched:
      - @ConditionalOnClass found required class 'org.springframework.http.converter.HttpMessageConverter' (OnClassCondition)
      - NoneNestedConditions 0 matched 1 did not; NestedCondition on HttpMessageConvertersAutoConfiguration.NotReactiveWebApplicationCondition.ReactiveWebApplication did not find reactive web application classes (HttpMessageConvertersAutoConfiguration.NotReactiveWebApplicationCondition)

   HttpMessageConvertersAutoConfiguration#messageConverters matched:
      - @ConditionalOnMissingBean (types: org.springframework.boot.autoconfigure.http.HttpMessageConverters; SearchStrategy: all) did not find any beans (OnBeanCondition)

   HttpMessageConvertersAutoConfiguration.StringHttpMessageConverterConfiguration matched:
      - @ConditionalOnClass found required class 'org.springframework.http.converter.StringHttpMessageConverter' (OnClassCondition)

   HttpMessageConvertersAutoConfiguration.StringHttpMessageConverterConfiguration#stringHttpMessageConverter matched:
      - @ConditionalOnMissingBean (types: org.springframework.http.converter.StringHttpMessageConverter; SearchStrategy: all) did not find any beans (OnBeanCondition)

   JacksonAutoConfiguration matched:
      - @ConditionalOnClass found required class 'com.fasterxml.jackson.databind.ObjectMapper' (OnClassCondition)

   JacksonAutoConfiguration.Jackson2ObjectMapperBuilderCustomizerConfiguration matched:
      - @ConditionalOnClass found required class 'org.springframework.http.converter.json.Jackson2ObjectMapperBuilder' (OnClassCondition)

   JacksonAutoConfiguration.JacksonObjectMapperBuilderConfiguration matched:
      - @ConditionalOnClass found required class 'org.springframework.http.converter.json.Jackson2ObjectMapperBuilder' (OnClassCondition)

   JacksonAutoConfiguration.JacksonObjectMapperBuilderConfiguration#jacksonObjectMapperBuilder matched:
      - @ConditionalOnMissingBean (types: org.springframework.http.converter.json.Jackson2ObjectMapperBuilder; SearchStrategy: all) did not find any beans (OnBeanCondition)

   JacksonAutoConfiguration.JacksonObjectMapperConfiguration matched:
      - @ConditionalOnClass found required class 'org.springframework.http.converter.json.Jackson2ObjectMapperBuilder' (OnClassCondition)

   JacksonAutoConfiguration.JacksonObjectMapperConfiguration#jacksonObjectMapper matched:
      - @ConditionalOnMissingBean (types: com.fasterxml.jackson.databind.ObjectMapper; SearchStrategy: all) did not find any beans (OnBeanCondition)

   JacksonAutoConfiguration.ParameterNamesModuleConfiguration matched:
      - @ConditionalOnClass found required class 'com.fasterxml.jackson.module.paramnames.ParameterNamesModule' (OnClassCondition)

   JacksonAutoConfiguration.ParameterNamesModuleConfiguration#parameterNamesModule matched:
      - @ConditionalOnMissingBean (types: com.fasterxml.jackson.module.paramnames.ParameterNamesModule; SearchStrategy: all) did not find any beans (OnBeanCondition)

   JacksonHttpMessageConvertersConfiguration.MappingJackson2HttpMessageConverterConfiguration matched:
      - @ConditionalOnClass found required class 'com.fasterxml.jackson.databind.ObjectMapper' (OnClassCondition)
      - @ConditionalOnProperty (spring.mvc.converters.preferred-json-mapper=jackson) matched (OnPropertyCondition)
      - @ConditionalOnBean (types: com.fasterxml.jackson.databind.ObjectMapper; SearchStrategy: all) found bean 'jacksonObjectMapper' (OnBeanCondition)

   JacksonHttpMessageConvertersConfiguration.MappingJackson2HttpMessageConverterConfiguration#mappingJackson2HttpMessageConverter matched:
      - @ConditionalOnMissingBean (types: org.springframework.http.converter.json.MappingJackson2HttpMessageConverter ignored: org.springframework.hateoas.server.mvc.TypeConstrainedMappingJackson2HttpMessageConverter,org.springframework.data.rest.webmvc.alps.AlpsJsonHttpMessageConverter; SearchStrategy: all) did not find any beans (OnBeanCondition)

   JdbcTemplateAutoConfiguration matched:
      - @ConditionalOnClass found required classes 'javax.sql.DataSource', 'org.springframework.jdbc.core.JdbcTemplate' (OnClassCondition)
      - @ConditionalOnSingleCandidate (types: javax.sql.DataSource; SearchStrategy: all) found a primary bean from beans 'dataSource' (OnBeanCondition)

   JdbcTemplateConfiguration matched:
      - @ConditionalOnMissingBean (types: org.springframework.jdbc.core.JdbcOperations; SearchStrategy: all) did not find any beans (OnBeanCondition)

   JmxAutoConfiguration matched:
      - @ConditionalOnClass found required class 'org.springframework.jmx.export.MBeanExporter' (OnClassCondition)
      - @ConditionalOnProperty (spring.jmx.enabled=true) matched (OnPropertyCondition)

   JmxAutoConfiguration#mbeanExporter matched:
      - @ConditionalOnMissingBean (types: org.springframework.jmx.export.MBeanExporter; SearchStrategy: current) did not find any beans (OnBeanCondition)

   JmxAutoConfiguration#mbeanServer matched:
      - @ConditionalOnMissingBean (types: javax.management.MBeanServer; SearchStrategy: all) did not find any beans (OnBeanCondition)

   JmxAutoConfiguration#objectNamingStrategy matched:
      - @ConditionalOnMissingBean (types: org.springframework.jmx.export.naming.ObjectNamingStrategy; SearchStrategy: current) did not find any beans (OnBeanCondition)

   LettuceConnectionConfiguration matched:
      - @ConditionalOnClass found required class 'io.lettuce.core.RedisClient' (OnClassCondition)
      - @ConditionalOnProperty (spring.redis.client-type=lettuce) matched (OnPropertyCondition)

   LettuceConnectionConfiguration#lettuceClientResources matched:
      - @ConditionalOnMissingBean (types: io.lettuce.core.resource.ClientResources; SearchStrategy: all) did not find any beans (OnBeanCondition)

   LettuceConnectionConfiguration#redisConnectionFactory matched:
      - @ConditionalOnMissingBean (types: org.springframework.data.redis.connection.RedisConnectionFactory; SearchStrategy: all) did not find any beans (OnBeanCondition)

   LifecycleAutoConfiguration#defaultLifecycleProcessor matched:
      - @ConditionalOnMissingBean (names: lifecycleProcessor; SearchStrategy: current) did not find any beans (OnBeanCondition)

   MultipartAutoConfiguration matched:
      - @ConditionalOnClass found required classes 'javax.servlet.Servlet', 'org.springframework.web.multipart.support.StandardServletMultipartResolver', 'javax.servlet.MultipartConfigElement' (OnClassCondition)
      - found 'session' scope (OnWebApplicationCondition)
      - @ConditionalOnProperty (spring.servlet.multipart.enabled) matched (OnPropertyCondition)

   MultipartAutoConfiguration#multipartConfigElement matched:
      - @ConditionalOnMissingBean (types: javax.servlet.MultipartConfigElement,org.springframework.web.multipart.commons.CommonsMultipartResolver; SearchStrategy: all) did not find any beans (OnBeanCondition)

   MultipartAutoConfiguration#multipartResolver matched:
      - @ConditionalOnMissingBean (types: org.springframework.web.multipart.MultipartResolver; SearchStrategy: all) did not find any beans (OnBeanCondition)

   MybatisPlusAutoConfiguration matched:
      - @ConditionalOnClass found required classes 'org.apache.ibatis.session.SqlSessionFactory', 'org.mybatis.spring.SqlSessionFactoryBean' (OnClassCondition)
      - @ConditionalOnSingleCandidate (types: javax.sql.DataSource; SearchStrategy: all) found a primary bean from beans 'dataSource' (OnBeanCondition)

   MybatisPlusAutoConfiguration#sqlSessionFactory matched:
      - @ConditionalOnMissingBean (types: org.apache.ibatis.session.SqlSessionFactory; SearchStrategy: all) did not find any beans (OnBeanCondition)

   MybatisPlusAutoConfiguration#sqlSessionTemplate matched:
      - @ConditionalOnMissingBean (types: org.mybatis.spring.SqlSessionTemplate; SearchStrategy: all) did not find any beans (OnBeanCondition)

   MybatisPlusAutoConfiguration.MapperScannerRegistrarNotFoundConfiguration matched:
      - @ConditionalOnMissingBean (types: org.mybatis.spring.mapper.MapperFactoryBean; SearchStrategy: all) did not find any beans (OnBeanCondition)

   NamedParameterJdbcTemplateConfiguration matched:
      - @ConditionalOnSingleCandidate (types: org.springframework.jdbc.core.JdbcTemplate; SearchStrategy: all) found a primary bean from beans 'jdbcTemplate'; @ConditionalOnMissingBean (types: org.springframework.jdbc.core.namedparam.NamedParameterJdbcOperations; SearchStrategy: all) did not find any beans (OnBeanCondition)

   NoOpCacheConfiguration matched:
      - Cache org.springframework.boot.autoconfigure.cache.NoOpCacheConfiguration automatic cache type (CacheCondition)

   PersistenceExceptionTranslationAutoConfiguration matched:
      - @ConditionalOnClass found required class 'org.springframework.dao.annotation.PersistenceExceptionTranslationPostProcessor' (OnClassCondition)

   PersistenceExceptionTranslationAutoConfiguration#persistenceExceptionTranslationPostProcessor matched:
      - @ConditionalOnProperty (spring.dao.exceptiontranslation.enabled) matched (OnPropertyCondition)
      - @ConditionalOnMissingBean (types: org.springframework.dao.annotation.PersistenceExceptionTranslationPostProcessor; SearchStrategy: all) did not find any beans (OnBeanCondition)

   PropertyPlaceholderAutoConfiguration#propertySourcesPlaceholderConfigurer matched:
      - @ConditionalOnMissingBean (types: org.springframework.context.support.PropertySourcesPlaceholderConfigurer; SearchStrategy: current) did not find any beans (OnBeanCondition)

   RedisAutoConfiguration matched:
      - @ConditionalOnClass found required class 'org.springframework.data.redis.core.RedisOperations' (OnClassCondition)

   RedisAutoConfiguration#redisTemplate matched:
      - @ConditionalOnSingleCandidate (types: org.springframework.data.redis.connection.RedisConnectionFactory; SearchStrategy: all) found a primary bean from beans 'redisConnectionFactory'; @ConditionalOnMissingBean (names: redisTemplate; SearchStrategy: all) did not find any beans (OnBeanCondition)

   RedisAutoConfiguration#stringRedisTemplate matched:
      - @ConditionalOnSingleCandidate (types: org.springframework.data.redis.connection.RedisConnectionFactory; SearchStrategy: all) found a primary bean from beans 'redisConnectionFactory'; @ConditionalOnMissingBean (types: org.springframework.data.redis.core.StringRedisTemplate; SearchStrategy: all) did not find any beans (OnBeanCondition)

   RedisCacheConfiguration matched:
      - @ConditionalOnClass found required class 'org.springframework.data.redis.connection.RedisConnectionFactory' (OnClassCondition)
      - Cache org.springframework.boot.autoconfigure.cache.RedisCacheConfiguration automatic cache type (CacheCondition)

   RedisReactiveAutoConfiguration matched:
      - @ConditionalOnClass found required classes 'org.springframework.data.redis.connection.ReactiveRedisConnectionFactory', 'org.springframework.data.redis.core.ReactiveRedisTemplate', 'reactor.core.publisher.Flux' (OnClassCondition)

   RedisReactiveAutoConfiguration#reactiveRedisTemplate matched:
      - @ConditionalOnBean (types: org.springframework.data.redis.connection.ReactiveRedisConnectionFactory; SearchStrategy: all) found bean 'redisConnectionFactory'; @ConditionalOnMissingBean (names: reactiveRedisTemplate; SearchStrategy: all) did not find any beans (OnBeanCondition)

   RedisReactiveAutoConfiguration#reactiveStringRedisTemplate matched:
      - @ConditionalOnBean (types: org.springframework.data.redis.connection.ReactiveRedisConnectionFactory; SearchStrategy: all) found bean 'redisConnectionFactory'; @ConditionalOnMissingBean (names: reactiveStringRedisTemplate; SearchStrategy: all) did not find any beans (OnBeanCondition)

   RedisRepositoriesAutoConfiguration matched:
      - @ConditionalOnClass found required class 'org.springframework.data.redis.repository.configuration.EnableRedisRepositories' (OnClassCondition)
      - @ConditionalOnProperty (spring.data.redis.repositories.enabled=true) matched (OnPropertyCondition)
      - @ConditionalOnBean (types: org.springframework.data.redis.connection.RedisConnectionFactory; SearchStrategy: all) found bean 'redisConnectionFactory'; @ConditionalOnMissingBean (types: org.springframework.data.redis.repository.support.RedisRepositoryFactoryBean; SearchStrategy: all) did not find any beans (OnBeanCondition)

   RestTemplateAutoConfiguration matched:
      - @ConditionalOnClass found required class 'org.springframework.web.client.RestTemplate' (OnClassCondition)
      - NoneNestedConditions 0 matched 1 did not; NestedCondition on RestTemplateAutoConfiguration.NotReactiveWebApplicationCondition.ReactiveWebApplication did not find reactive web application classes (RestTemplateAutoConfiguration.NotReactiveWebApplicationCondition)

   RestTemplateAutoConfiguration#restTemplateBuilder matched:
      - @ConditionalOnMissingBean (types: org.springframework.boot.web.client.RestTemplateBuilder; SearchStrategy: all) did not find any beans (OnBeanCondition)

   RestTemplateAutoConfiguration#restTemplateBuilderConfigurer matched:
      - @ConditionalOnMissingBean (types: org.springframework.boot.autoconfigure.web.client.RestTemplateBuilderConfigurer; SearchStrategy: all) did not find any beans (OnBeanCondition)

   ServletWebServerFactoryAutoConfiguration matched:
      - @ConditionalOnClass found required class 'javax.servlet.ServletRequest' (OnClassCondition)
      - found 'session' scope (OnWebApplicationCondition)

   ServletWebServerFactoryAutoConfiguration#tomcatServletWebServerFactoryCustomizer matched:
      - @ConditionalOnClass found required class 'org.apache.catalina.startup.Tomcat' (OnClassCondition)

   ServletWebServerFactoryConfiguration.EmbeddedTomcat matched:
      - @ConditionalOnClass found required classes 'javax.servlet.Servlet', 'org.apache.catalina.startup.Tomcat', 'org.apache.coyote.UpgradeProtocol' (OnClassCondition)
      - @ConditionalOnMissingBean (types: org.springframework.boot.web.servlet.server.ServletWebServerFactory; SearchStrategy: current) did not find any beans (OnBeanCondition)

   SimpleCacheConfiguration matched:
      - Cache org.springframework.boot.autoconfigure.cache.SimpleCacheConfiguration automatic cache type (CacheCondition)

   SpringApplicationAdminJmxAutoConfiguration matched:
      - @ConditionalOnProperty (spring.application.admin.enabled=true) matched (OnPropertyCondition)

   SpringApplicationAdminJmxAutoConfiguration#springApplicationAdminRegistrar matched:
      - @ConditionalOnMissingBean (types: org.springframework.boot.admin.SpringApplicationAdminMXBeanRegistrar; SearchStrategy: all) did not find any beans (OnBeanCondition)

   SpringDataWebAutoConfiguration matched:
      - @ConditionalOnClass found required classes 'org.springframework.data.web.PageableHandlerMethodArgumentResolver', 'org.springframework.web.servlet.config.annotation.WebMvcConfigurer' (OnClassCondition)
      - found 'session' scope (OnWebApplicationCondition)
      - @ConditionalOnMissingBean (types: org.springframework.data.web.PageableHandlerMethodArgumentResolver; SearchStrategy: all) did not find any beans (OnBeanCondition)

   SpringDataWebAutoConfiguration#pageableCustomizer matched:
      - @ConditionalOnMissingBean (types: org.springframework.data.web.config.PageableHandlerMethodArgumentResolverCustomizer; SearchStrategy: all) did not find any beans (OnBeanCondition)

   SpringDataWebAutoConfiguration#sortCustomizer matched:
      - @ConditionalOnMissingBean (types: org.springframework.data.web.config.SortHandlerMethodArgumentResolverCustomizer; SearchStrategy: all) did not find any beans (OnBeanCondition)

   TaskExecutionAutoConfiguration matched:
      - @ConditionalOnClass found required class 'org.springframework.scheduling.concurrent.ThreadPoolTaskExecutor' (OnClassCondition)

   TaskExecutionAutoConfiguration#applicationTaskExecutor matched:
      - @ConditionalOnMissingBean (types: java.util.concurrent.Executor; SearchStrategy: all) did not find any beans (OnBeanCondition)

   TaskExecutionAutoConfiguration#taskExecutorBuilder matched:
      - @ConditionalOnMissingBean (types: org.springframework.boot.task.TaskExecutorBuilder; SearchStrategy: all) did not find any beans (OnBeanCondition)

   TaskSchedulingAutoConfiguration matched:
      - @ConditionalOnClass found required class 'org.springframework.scheduling.concurrent.ThreadPoolTaskScheduler' (OnClassCondition)

   TaskSchedulingAutoConfiguration#taskSchedulerBuilder matched:
      - @ConditionalOnMissingBean (types: org.springframework.boot.task.TaskSchedulerBuilder; SearchStrategy: all) did not find any beans (OnBeanCondition)

   TransactionAutoConfiguration matched:
      - @ConditionalOnClass found required class 'org.springframework.transaction.PlatformTransactionManager' (OnClassCondition)

   TransactionAutoConfiguration#platformTransactionManagerCustomizers matched:
      - @ConditionalOnMissingBean (types: org.springframework.boot.autoconfigure.transaction.TransactionManagerCustomizers; SearchStrategy: all) did not find any beans (OnBeanCondition)

   TransactionAutoConfiguration.EnableTransactionManagementConfiguration matched:
      - @ConditionalOnBean (types: org.springframework.transaction.TransactionManager; SearchStrategy: all) found bean 'transactionManager'; @ConditionalOnMissingBean (types: org.springframework.transaction.annotation.AbstractTransactionManagementConfiguration; SearchStrategy: all) did not find any beans (OnBeanCondition)

   TransactionAutoConfiguration.EnableTransactionManagementConfiguration.CglibAutoProxyConfiguration matched:
      - @ConditionalOnProperty (spring.aop.proxy-target-class=true) matched (OnPropertyCondition)

   TransactionAutoConfiguration.TransactionTemplateConfiguration matched:
      - @ConditionalOnSingleCandidate (types: org.springframework.transaction.PlatformTransactionManager; SearchStrategy: all) found a primary bean from beans 'transactionManager' (OnBeanCondition)

   TransactionAutoConfiguration.TransactionTemplateConfiguration#transactionTemplate matched:
      - @ConditionalOnMissingBean (types: org.springframework.transaction.support.TransactionOperations; SearchStrategy: all) did not find any beans (OnBeanCondition)

   WebMvcAutoConfiguration matched:
      - @ConditionalOnClass found required classes 'javax.servlet.Servlet', 'org.springframework.web.servlet.DispatcherServlet', 'org.springframework.web.servlet.config.annotation.WebMvcConfigurer' (OnClassCondition)
      - found 'session' scope (OnWebApplicationCondition)
      - @ConditionalOnMissingBean (types: org.springframework.web.servlet.config.annotation.WebMvcConfigurationSupport; SearchStrategy: all) did not find any beans (OnBeanCondition)

   WebMvcAutoConfiguration#formContentFilter matched:
      - @ConditionalOnProperty (spring.mvc.formcontent.filter.enabled) matched (OnPropertyCondition)
      - @ConditionalOnMissingBean (types: org.springframework.web.filter.FormContentFilter; SearchStrategy: all) did not find any beans (OnBeanCondition)

   WebMvcAutoConfiguration.EnableWebMvcConfiguration#flashMapManager matched:
      - @ConditionalOnMissingBean (names: flashMapManager; SearchStrategy: all) did not find any beans (OnBeanCondition)

   WebMvcAutoConfiguration.EnableWebMvcConfiguration#localeResolver matched:
      - @ConditionalOnMissingBean (names: localeResolver; SearchStrategy: all) did not find any beans (OnBeanCondition)

   WebMvcAutoConfiguration.EnableWebMvcConfiguration#themeResolver matched:
      - @ConditionalOnMissingBean (names: themeResolver; SearchStrategy: all) did not find any beans (OnBeanCondition)

   WebMvcAutoConfiguration.WebMvcAutoConfigurationAdapter#defaultViewResolver matched:
      - @ConditionalOnMissingBean (types: org.springframework.web.servlet.view.InternalResourceViewResolver; SearchStrategy: all) did not find any beans (OnBeanCondition)

   WebMvcAutoConfiguration.WebMvcAutoConfigurationAdapter#requestContextFilter matched:
      - @ConditionalOnMissingBean (types: org.springframework.web.context.request.RequestContextListener,org.springframework.web.filter.RequestContextFilter; SearchStrategy: all) did not find any beans (OnBeanCondition)

   WebMvcAutoConfiguration.WebMvcAutoConfigurationAdapter#viewResolver matched:
      - @ConditionalOnBean (types: org.springframework.web.servlet.ViewResolver; SearchStrategy: all) found beans 'defaultViewResolver', 'beanNameViewResolver', 'mvcViewResolver'; @ConditionalOnMissingBean (names: viewResolver types: org.springframework.web.servlet.view.ContentNegotiatingViewResolver; SearchStrategy: all) did not find any beans (OnBeanCondition)

   WebSocketServletAutoConfiguration matched:
      - @ConditionalOnClass found required classes 'javax.servlet.Servlet', 'javax.websocket.server.ServerContainer' (OnClassCondition)
      - found 'session' scope (OnWebApplicationCondition)

   WebSocketServletAutoConfiguration.TomcatWebSocketConfiguration matched:
      - @ConditionalOnClass found required classes 'org.apache.catalina.startup.Tomcat', 'org.apache.tomcat.websocket.server.WsSci' (OnClassCondition)

   WebSocketServletAutoConfiguration.TomcatWebSocketConfiguration#websocketServletWebServerCustomizer matched:
      - @ConditionalOnMissingBean (names: websocketServletWebServerCustomizer; SearchStrategy: all) did not find any beans (OnBeanCondition)


Negative matches:
-----------------

   ActiveMQAutoConfiguration:
      Did not match:
         - @ConditionalOnClass did not find required class 'javax.jms.ConnectionFactory' (OnClassCondition)

   AopAutoConfiguration.AspectJAutoProxyingConfiguration:
      Did not match:
         - @ConditionalOnClass did not find required class 'org.aspectj.weaver.Advice' (OnClassCondition)

   ArtemisAutoConfiguration:
      Did not match:
         - @ConditionalOnClass did not find required class 'javax.jms.ConnectionFactory' (OnClassCondition)

   BatchAutoConfiguration:
      Did not match:
         - @ConditionalOnClass did not find required class 'org.springframework.batch.core.launch.JobLauncher' (OnClassCondition)

   CacheAutoConfiguration:
      Did not match:
         - @ConditionalOnBean (types: org.springframework.cache.interceptor.CacheAspectSupport; SearchStrategy: all) did not find any beans of type org.springframework.cache.interceptor.CacheAspectSupport (OnBeanCondition)
      Matched:
         - @ConditionalOnClass found required class 'org.springframework.cache.CacheManager' (OnClassCondition)

   CacheAutoConfiguration.CacheManagerEntityManagerFactoryDependsOnPostProcessor:
      Did not match:
         - @ConditionalOnClass did not find required class 'org.springframework.orm.jpa.LocalContainerEntityManagerFactoryBean' (OnClassCondition)
         - Ancestor org.springframework.boot.autoconfigure.cache.CacheAutoConfiguration did not match (ConditionEvaluationReport.AncestorsMatchedCondition)

   CaffeineCacheConfiguration:
      Did not match:
         - @ConditionalOnClass did not find required class 'com.github.benmanes.caffeine.cache.Caffeine' (OnClassCondition)

   CassandraAutoConfiguration:
      Did not match:
         - @ConditionalOnClass did not find required class 'com.datastax.oss.driver.api.core.CqlSession' (OnClassCondition)

   CassandraDataAutoConfiguration:
      Did not match:
         - @ConditionalOnClass did not find required class 'com.datastax.oss.driver.api.core.CqlSession' (OnClassCondition)

   CassandraReactiveDataAutoConfiguration:
      Did not match:
         - @ConditionalOnClass did not find required class 'com.datastax.oss.driver.api.core.CqlSession' (OnClassCondition)

   CassandraReactiveRepositoriesAutoConfiguration:
      Did not match:
         - @ConditionalOnClass did not find required class 'org.springframework.data.cassandra.ReactiveSession' (OnClassCondition)

   CassandraRepositoriesAutoConfiguration:
      Did not match:
         - @ConditionalOnClass did not find required class 'com.datastax.oss.driver.api.core.CqlSession' (OnClassCondition)

   ClientHttpConnectorAutoConfiguration:
      Did not match:
         - @ConditionalOnClass did not find required class 'org.springframework.web.reactive.function.client.WebClient' (OnClassCondition)

   CodecsAutoConfiguration:
      Did not match:
         - @ConditionalOnClass did not find required class 'org.springframework.web.reactive.function.client.WebClient' (OnClassCondition)

   CouchbaseAutoConfiguration:
      Did not match:
         - @ConditionalOnClass did not find required class 'com.couchbase.client.java.Cluster' (OnClassCondition)

   CouchbaseCacheConfiguration:
      Did not match:
         - @ConditionalOnClass did not find required class 'com.couchbase.client.java.Cluster' (OnClassCondition)

   CouchbaseDataAutoConfiguration:
      Did not match:
         - @ConditionalOnClass did not find required class 'com.couchbase.client.java.Bucket' (OnClassCondition)

   CouchbaseReactiveDataAutoConfiguration:
      Did not match:
         - @ConditionalOnClass did not find required class 'com.couchbase.client.java.Cluster' (OnClassCondition)

   CouchbaseReactiveRepositoriesAutoConfiguration:
      Did not match:
         - @ConditionalOnClass did not find required class 'com.couchbase.client.java.Cluster' (OnClassCondition)

   CouchbaseRepositoriesAutoConfiguration:
      Did not match:
         - @ConditionalOnClass did not find required class 'com.couchbase.client.java.Bucket' (OnClassCondition)

   DataSourceAutoConfiguration.EmbeddedDatabaseConfiguration:
      Did not match:
         - EmbeddedDataSource found supported pooled data source (DataSourceAutoConfiguration.EmbeddedDatabaseCondition)

   DataSourceAutoConfiguration.PooledDataSourceConfiguration:
      Did not match:
         - @ConditionalOnMissingBean (types: javax.sql.DataSource,javax.sql.XADataSource; SearchStrategy: all) found beans of type 'javax.sql.DataSource' dataSource (OnBeanCondition)
      Matched:
         - AnyNestedCondition 2 matched 0 did not; NestedCondition on DataSourceAutoConfiguration.PooledDataSourceCondition.PooledDataSourceAvailable PooledDataSource found supported DataSource; NestedCondition on DataSourceAutoConfiguration.PooledDataSourceCondition.ExplicitType @ConditionalOnProperty (spring.datasource.type) matched (DataSourceAutoConfiguration.PooledDataSourceCondition)

   DataSourceConfiguration.Dbcp2:
      Did not match:
         - @ConditionalOnClass did not find required class 'org.apache.commons.dbcp2.BasicDataSource' (OnClassCondition)

   DataSourceConfiguration.Hikari:
      Did not match:
         - @ConditionalOnProperty (spring.datasource.type=com.zaxxer.hikari.HikariDataSource) found different value in property 'spring.datasource.type' (OnPropertyCondition)
      Matched:
         - @ConditionalOnClass found required class 'com.zaxxer.hikari.HikariDataSource' (OnClassCondition)

   DataSourceConfiguration.OracleUcp:
      Did not match:
         - @ConditionalOnClass did not find required classes 'oracle.ucp.jdbc.PoolDataSourceImpl', 'oracle.jdbc.OracleConnection' (OnClassCondition)

   DataSourceConfiguration.Tomcat:
      Did not match:
         - @ConditionalOnClass did not find required class 'org.apache.tomcat.jdbc.pool.DataSource' (OnClassCondition)

   DataSourceJmxConfiguration.TomcatDataSourceJmxConfiguration:
      Did not match:
         - @ConditionalOnClass did not find required class 'org.apache.tomcat.jdbc.pool.DataSourceProxy' (OnClassCondition)

   DataSourcePoolMetadataProvidersConfiguration.CommonsDbcp2PoolDataSourceMetadataProviderConfiguration:
      Did not match:
         - @ConditionalOnClass did not find required class 'org.apache.commons.dbcp2.BasicDataSource' (OnClassCondition)

   DataSourcePoolMetadataProvidersConfiguration.OracleUcpPoolDataSourceMetadataProviderConfiguration:
      Did not match:
         - @ConditionalOnClass did not find required classes 'oracle.ucp.jdbc.PoolDataSource', 'oracle.jdbc.OracleConnection' (OnClassCondition)

   DataSourcePoolMetadataProvidersConfiguration.TomcatDataSourcePoolMetadataProviderConfiguration:
      Did not match:
         - @ConditionalOnClass did not find required class 'org.apache.tomcat.jdbc.pool.DataSource' (OnClassCondition)

   DispatcherServletAutoConfiguration.DispatcherServletConfiguration#multipartResolver:
      Did not match:
         - @ConditionalOnBean (types: org.springframework.web.multipart.MultipartResolver; SearchStrategy: all) did not find any beans of type org.springframework.web.multipart.MultipartResolver (OnBeanCondition)

   DruidFilterConfiguration#commonsLogFilter:
      Did not match:
         - @ConditionalOnProperty (spring.datasource.druid.filter.commons-log.enabled) did not find property 'enabled' (OnPropertyCondition)

   DruidFilterConfiguration#configFilter:
      Did not match:
         - @ConditionalOnProperty (spring.datasource.druid.filter.config.enabled) did not find property 'enabled' (OnPropertyCondition)

   DruidFilterConfiguration#encodingConvertFilter:
      Did not match:
         - @ConditionalOnProperty (spring.datasource.druid.filter.encoding.enabled) did not find property 'enabled' (OnPropertyCondition)

   DruidFilterConfiguration#log4j2Filter:
      Did not match:
         - @ConditionalOnProperty (spring.datasource.druid.filter.log4j2.enabled) did not find property 'enabled' (OnPropertyCondition)

   DruidFilterConfiguration#log4jFilter:
      Did not match:
         - @ConditionalOnProperty (spring.datasource.druid.filter.log4j.enabled) did not find property 'enabled' (OnPropertyCondition)

   DruidFilterConfiguration#slf4jLogFilter:
      Did not match:
         - @ConditionalOnProperty (spring.datasource.druid.filter.slf4j.enabled) did not find property 'enabled' (OnPropertyCondition)

   DruidFilterConfiguration#statFilter:
      Did not match:
         - @ConditionalOnProperty (spring.datasource.druid.filter.stat.enabled) did not find property 'enabled' (OnPropertyCondition)

   DruidFilterConfiguration#wallConfig:
      Did not match:
         - @ConditionalOnProperty (spring.datasource.druid.filter.wall.enabled) did not find property 'enabled' (OnPropertyCondition)

   DruidFilterConfiguration#wallFilter:
      Did not match:
         - @ConditionalOnProperty (spring.datasource.druid.filter.wall.enabled) did not find property 'enabled' (OnPropertyCondition)

   DruidSpringAopConfiguration:
      Did not match:
         - @ConditionalOnProperty (spring.datasource.druid.aop-patterns) did not find property 'spring.datasource.druid.aop-patterns' (OnPropertyCondition)

   DruidWebStatFilterConfiguration:
      Did not match:
         - @ConditionalOnProperty (spring.datasource.druid.web-stat-filter.enabled=true) did not find property 'spring.datasource.druid.web-stat-filter.enabled' (OnPropertyCondition)
      Matched:
         - @ConditionalOnWebApplication (required) found 'session' scope (OnWebApplicationCondition)

   EhCacheCacheConfiguration:
      Did not match:
         - @ConditionalOnClass did not find required class 'net.sf.ehcache.Cache' (OnClassCondition)

   ElasticsearchDataAutoConfiguration:
      Did not match:
         - @ConditionalOnClass did not find required class 'org.springframework.data.elasticsearch.core.ElasticsearchRestTemplate' (OnClassCondition)

   ElasticsearchRepositoriesAutoConfiguration:
      Did not match:
         - @ConditionalOnClass did not find required class 'org.elasticsearch.client.Client' (OnClassCondition)

   ElasticsearchRestClientAutoConfiguration:
      Did not match:
         - @ConditionalOnClass did not find required class 'org.elasticsearch.client.RestHighLevelClient' (OnClassCondition)

   EmbeddedLdapAutoConfiguration:
      Did not match:
         - @ConditionalOnClass did not find required class 'com.unboundid.ldap.listener.InMemoryDirectoryServer' (OnClassCondition)

   EmbeddedMongoAutoConfiguration:
      Did not match:
         - @ConditionalOnClass did not find required class 'com.mongodb.MongoClientSettings' (OnClassCondition)

   EmbeddedWebServerFactoryCustomizerAutoConfiguration.JettyWebServerFactoryCustomizerConfiguration:
      Did not match:
         - @ConditionalOnClass did not find required classes 'org.eclipse.jetty.server.Server', 'org.eclipse.jetty.util.Loader', 'org.eclipse.jetty.webapp.WebAppContext' (OnClassCondition)

   EmbeddedWebServerFactoryCustomizerAutoConfiguration.NettyWebServerFactoryCustomizerConfiguration:
      Did not match:
         - @ConditionalOnClass did not find required class 'reactor.netty.http.server.HttpServer' (OnClassCondition)

   EmbeddedWebServerFactoryCustomizerAutoConfiguration.UndertowWebServerFactoryCustomizerConfiguration:
      Did not match:
         - @ConditionalOnClass did not find required classes 'io.undertow.Undertow', 'org.xnio.SslClientAuthMode' (OnClassCondition)

   ErrorWebFluxAutoConfiguration:
      Did not match:
         - @ConditionalOnClass did not find required class 'org.springframework.web.reactive.config.WebFluxConfigurer' (OnClassCondition)

   FlywayAutoConfiguration:
      Did not match:
         - @ConditionalOnClass did not find required class 'org.flywaydb.core.Flyway' (OnClassCondition)

   FreeMarkerNonWebConfiguration:
      Did not match:
         - @ConditionalOnWebApplication found 'session' scope and did not find reactive web application classes (OnWebApplicationCondition)

   FreeMarkerReactiveWebConfiguration:
      Did not match:
         - did not find reactive web application classes (OnWebApplicationCondition)

   FreeMarkerServletWebConfiguration#resourceUrlEncodingFilter:
      Did not match:
         - @ConditionalOnEnabledResourceChain did not find class org.webjars.WebJarAssetLocator (OnEnabledResourceChainCondition)

   GroovyTemplateAutoConfiguration:
      Did not match:
         - @ConditionalOnClass did not find required class 'groovy.text.markup.MarkupTemplateEngine' (OnClassCondition)

   GsonHttpMessageConvertersConfiguration.GsonHttpMessageConverterConfiguration:
      Did not match:
         - AnyNestedCondition 0 matched 2 did not; NestedCondition on GsonHttpMessageConvertersConfiguration.PreferGsonOrJacksonAndJsonbUnavailableCondition.JacksonJsonbUnavailable NoneNestedConditions 1 matched 1 did not; NestedCondition on GsonHttpMessageConvertersConfiguration.JacksonAndJsonbUnavailableCondition.JsonbPreferred @ConditionalOnProperty (spring.mvc.converters.preferred-json-mapper=jsonb) did not find property 'spring.mvc.converters.preferred-json-mapper'; NestedCondition on GsonHttpMessageConvertersConfiguration.JacksonAndJsonbUnavailableCondition.JacksonAvailable @ConditionalOnBean (types: org.springframework.http.converter.json.MappingJackson2HttpMessageConverter; SearchStrategy: all) found bean 'mappingJackson2HttpMessageConverter'; NestedCondition on GsonHttpMessageConvertersConfiguration.PreferGsonOrJacksonAndJsonbUnavailableCondition.GsonPreferred @ConditionalOnProperty (spring.mvc.converters.preferred-json-mapper=gson) did not find property 'spring.mvc.converters.preferred-json-mapper' (GsonHttpMessageConvertersConfiguration.PreferGsonOrJacksonAndJsonbUnavailableCondition)

   H2ConsoleAutoConfiguration:
      Did not match:
         - @ConditionalOnClass did not find required class 'org.h2.server.web.WebServlet' (OnClassCondition)

   HazelcastAutoConfiguration:
      Did not match:
         - @ConditionalOnClass did not find required class 'com.hazelcast.core.HazelcastInstance' (OnClassCondition)

   HazelcastCacheConfiguration:
      Did not match:
         - @ConditionalOnClass did not find required class 'com.hazelcast.core.HazelcastInstance' (OnClassCondition)

   HazelcastJpaDependencyAutoConfiguration:
      Did not match:
         - @ConditionalOnClass did not find required class 'com.hazelcast.core.HazelcastInstance' (OnClassCondition)

   HibernateJpaAutoConfiguration:
      Did not match:
         - @ConditionalOnClass did not find required class 'javax.persistence.EntityManager' (OnClassCondition)

   HttpHandlerAutoConfiguration:
      Did not match:
         - @ConditionalOnClass did not find required class 'org.springframework.web.reactive.DispatcherHandler' (OnClassCondition)

   HypermediaAutoConfiguration:
      Did not match:
         - @ConditionalOnClass did not find required class 'org.springframework.hateoas.EntityModel' (OnClassCondition)

   InfinispanCacheConfiguration:
      Did not match:
         - @ConditionalOnClass did not find required class 'org.infinispan.spring.embedded.provider.SpringEmbeddedCacheManager' (OnClassCondition)

   InfluxDbAutoConfiguration:
      Did not match:
         - @ConditionalOnClass did not find required class 'org.influxdb.InfluxDB' (OnClassCondition)

   IntegrationAutoConfiguration:
      Did not match:
         - @ConditionalOnClass did not find required class 'org.springframework.integration.config.EnableIntegration' (OnClassCondition)

   JCacheCacheConfiguration:
      Did not match:
         - @ConditionalOnClass did not find required class 'javax.cache.Caching' (OnClassCondition)

   JacksonHttpMessageConvertersConfiguration.MappingJackson2XmlHttpMessageConverterConfiguration:
      Did not match:
         - @ConditionalOnClass did not find required class 'com.fasterxml.jackson.dataformat.xml.XmlMapper' (OnClassCondition)

   JdbcRepositoriesAutoConfiguration:
      Did not match:
         - @ConditionalOnClass did not find required class 'org.springframework.data.jdbc.repository.config.AbstractJdbcConfiguration' (OnClassCondition)

   JedisConnectionConfiguration:
      Did not match:
         - @ConditionalOnMissingBean (types: org.springframework.data.redis.connection.RedisConnectionFactory; SearchStrategy: all) found beans of type 'org.springframework.data.redis.connection.RedisConnectionFactory' redisConnectionFactory (OnBeanCondition)
      Matched:
         - @ConditionalOnClass found required classes 'org.apache.commons.pool2.impl.GenericObjectPool', 'org.springframework.data.redis.connection.jedis.JedisConnection', 'redis.clients.jedis.Jedis' (OnClassCondition)
         - @ConditionalOnProperty (spring.redis.client-type=jedis) matched (OnPropertyCondition)

   JerseyAutoConfiguration:
      Did not match:
         - @ConditionalOnClass did not find required class 'org.glassfish.jersey.server.spring.SpringComponentProvider' (OnClassCondition)

   JmsAutoConfiguration:
      Did not match:
         - @ConditionalOnClass did not find required class 'javax.jms.Message' (OnClassCondition)

   JndiConnectionFactoryAutoConfiguration:
      Did not match:
         - @ConditionalOnClass did not find required class 'org.springframework.jms.core.JmsTemplate' (OnClassCondition)

   JndiDataSourceAutoConfiguration:
      Did not match:
         - @ConditionalOnProperty (spring.datasource.jndi-name) did not find property 'jndi-name' (OnPropertyCondition)
      Matched:
         - @ConditionalOnClass found required classes 'javax.sql.DataSource', 'org.springframework.jdbc.datasource.embedded.EmbeddedDatabaseType' (OnClassCondition)

   JooqAutoConfiguration:
      Did not match:
         - @ConditionalOnClass did not find required class 'org.jooq.DSLContext' (OnClassCondition)

   JpaRepositoriesAutoConfiguration:
      Did not match:
         - @ConditionalOnClass did not find required class 'org.springframework.data.jpa.repository.JpaRepository' (OnClassCondition)

   JsonbAutoConfiguration:
      Did not match:
         - @ConditionalOnClass did not find required class 'javax.json.bind.Jsonb' (OnClassCondition)

   JsonbHttpMessageConvertersConfiguration:
      Did not match:
         - @ConditionalOnClass did not find required class 'javax.json.bind.Jsonb' (OnClassCondition)

   JtaAutoConfiguration:
      Did not match:
         - @ConditionalOnClass did not find required class 'javax.transaction.Transaction' (OnClassCondition)

   KafkaAutoConfiguration:
      Did not match:
         - @ConditionalOnClass did not find required class 'org.springframework.kafka.core.KafkaTemplate' (OnClassCondition)

   LdapAutoConfiguration:
      Did not match:
         - @ConditionalOnClass did not find required class 'org.springframework.ldap.core.ContextSource' (OnClassCondition)

   LdapRepositoriesAutoConfiguration:
      Did not match:
         - @ConditionalOnClass did not find required class 'org.springframework.data.ldap.repository.LdapRepository' (OnClassCondition)

   LiquibaseAutoConfiguration:
      Did not match:
         - @ConditionalOnClass did not find required class 'liquibase.change.DatabaseChange' (OnClassCondition)

   MailSenderAutoConfiguration:
      Did not match:
         - AnyNestedCondition 0 matched 2 did not; NestedCondition on MailSenderAutoConfiguration.MailSenderCondition.JndiNameProperty @ConditionalOnProperty (spring.mail.jndi-name) did not find property 'jndi-name'; NestedCondition on MailSenderAutoConfiguration.MailSenderCondition.HostProperty @ConditionalOnProperty (spring.mail.host) did not find property 'host' (MailSenderAutoConfiguration.MailSenderCondition)
      Matched:
         - @ConditionalOnClass found required classes 'javax.mail.internet.MimeMessage', 'javax.activation.MimeType', 'org.springframework.mail.MailSender' (OnClassCondition)

   MailSenderValidatorAutoConfiguration:
      Did not match:
         - @ConditionalOnProperty (spring.mail.test-connection) did not find property 'test-connection' (OnPropertyCondition)

   MessageSourceAutoConfiguration:
      Did not match:
         - ResourceBundle did not find bundle with basename messages (MessageSourceAutoConfiguration.ResourceBundleCondition)

   MongoAutoConfiguration:
      Did not match:
         - @ConditionalOnClass did not find required class 'com.mongodb.client.MongoClient' (OnClassCondition)

   MongoDataAutoConfiguration:
      Did not match:
         - @ConditionalOnClass did not find required class 'com.mongodb.client.MongoClient' (OnClassCondition)

   MongoReactiveAutoConfiguration:
      Did not match:
         - @ConditionalOnClass did not find required class 'com.mongodb.reactivestreams.client.MongoClient' (OnClassCondition)

   MongoReactiveDataAutoConfiguration:
      Did not match:
         - @ConditionalOnClass did not find required class 'com.mongodb.reactivestreams.client.MongoClient' (OnClassCondition)

   MongoReactiveRepositoriesAutoConfiguration:
      Did not match:
         - @ConditionalOnClass did not find required class 'com.mongodb.reactivestreams.client.MongoClient' (OnClassCondition)

   MongoRepositoriesAutoConfiguration:
      Did not match:
         - @ConditionalOnClass did not find required class 'com.mongodb.client.MongoClient' (OnClassCondition)

   MustacheAutoConfiguration:
      Did not match:
         - @ConditionalOnClass did not find required class 'com.samskivert.mustache.Mustache' (OnClassCondition)

   Neo4jAutoConfiguration:
      Did not match:
         - @ConditionalOnClass did not find required class 'org.neo4j.driver.Driver' (OnClassCondition)

   Neo4jDataAutoConfiguration:
      Did not match:
         - @ConditionalOnClass did not find required class 'org.neo4j.driver.Driver' (OnClassCondition)

   Neo4jReactiveDataAutoConfiguration:
      Did not match:
         - @ConditionalOnClass did not find required class 'org.neo4j.driver.Driver' (OnClassCondition)

   Neo4jReactiveRepositoriesAutoConfiguration:
      Did not match:
         - @ConditionalOnClass did not find required class 'org.neo4j.driver.Driver' (OnClassCondition)

   Neo4jRepositoriesAutoConfiguration:
      Did not match:
         - @ConditionalOnClass did not find required class 'org.neo4j.driver.Driver' (OnClassCondition)

   OAuth2ClientAutoConfiguration:
      Did not match:
         - @ConditionalOnClass did not find required class 'org.springframework.security.config.annotation.web.configuration.EnableWebSecurity' (OnClassCondition)

   OAuth2ResourceServerAutoConfiguration:
      Did not match:
         - @ConditionalOnClass did not find required class 'org.springframework.security.oauth2.server.resource.BearerTokenAuthenticationToken' (OnClassCondition)

   ProjectInfoAutoConfiguration#buildProperties:
      Did not match:
         - @ConditionalOnResource did not find resource '${spring.info.build.location:classpath:META-INF/build-info.properties}' (OnResourceCondition)

   ProjectInfoAutoConfiguration#gitProperties:
      Did not match:
         - GitResource did not find git info at classpath:git.properties (ProjectInfoAutoConfiguration.GitResourceAvailableCondition)

   QuartzAutoConfiguration:
      Did not match:
         - @ConditionalOnClass did not find required class 'org.quartz.Scheduler' (OnClassCondition)

   R2dbcAutoConfiguration:
      Did not match:
         - @ConditionalOnClass did not find required class 'io.r2dbc.spi.ConnectionFactory' (OnClassCondition)

   R2dbcDataAutoConfiguration:
      Did not match:
         - @ConditionalOnClass did not find required class 'org.springframework.data.r2dbc.core.R2dbcEntityTemplate' (OnClassCondition)

   R2dbcRepositoriesAutoConfiguration:
      Did not match:
         - @ConditionalOnClass did not find required class 'io.r2dbc.spi.ConnectionFactory' (OnClassCondition)

   R2dbcTransactionManagerAutoConfiguration:
      Did not match:
         - @ConditionalOnClass did not find required class 'org.springframework.r2dbc.connection.R2dbcTransactionManager' (OnClassCondition)

   RSocketMessagingAutoConfiguration:
      Did not match:
         - @ConditionalOnClass did not find required class 'io.rsocket.RSocket' (OnClassCondition)

   RSocketRequesterAutoConfiguration:
      Did not match:
         - @ConditionalOnClass did not find required class 'io.rsocket.RSocket' (OnClassCondition)

   RSocketSecurityAutoConfiguration:
      Did not match:
         - @ConditionalOnClass did not find required class 'org.springframework.security.rsocket.core.SecuritySocketAcceptorInterceptor' (OnClassCondition)

   RSocketServerAutoConfiguration:
      Did not match:
         - @ConditionalOnClass did not find required class 'io.rsocket.core.RSocketServer' (OnClassCondition)

   RSocketStrategiesAutoConfiguration:
      Did not match:
         - @ConditionalOnClass did not find required class 'io.rsocket.RSocket' (OnClassCondition)

   RabbitAutoConfiguration:
      Did not match:
         - @ConditionalOnClass did not find required class 'com.rabbitmq.client.Channel' (OnClassCondition)

   ReactiveElasticsearchRepositoriesAutoConfiguration:
      Did not match:
         - @ConditionalOnClass did not find required class 'org.springframework.data.elasticsearch.client.reactive.ReactiveElasticsearchClient' (OnClassCondition)

   ReactiveElasticsearchRestClientAutoConfiguration:
      Did not match:
         - @ConditionalOnClass did not find required class 'reactor.netty.http.client.HttpClient' (OnClassCondition)

   ReactiveOAuth2ClientAutoConfiguration:
      Did not match:
         - @ConditionalOnClass did not find required class 'org.springframework.security.config.annotation.web.reactive.EnableWebFluxSecurity' (OnClassCondition)

   ReactiveOAuth2ResourceServerAutoConfiguration:
      Did not match:
         - @ConditionalOnClass did not find required class 'org.springframework.security.config.annotation.web.reactive.EnableWebFluxSecurity' (OnClassCondition)

   ReactiveSecurityAutoConfiguration:
      Did not match:
         - @ConditionalOnClass did not find required class 'org.springframework.security.config.annotation.web.reactive.EnableWebFluxSecurity' (OnClassCondition)

   ReactiveUserDetailsServiceAutoConfiguration:
      Did not match:
         - @ConditionalOnClass did not find required class 'org.springframework.security.authentication.ReactiveAuthenticationManager' (OnClassCondition)

   ReactiveWebServerFactoryAutoConfiguration:
      Did not match:
         - @ConditionalOnWebApplication did not find reactive web application classes (OnWebApplicationCondition)

   RepositoryRestMvcAutoConfiguration:
      Did not match:
         - @ConditionalOnClass did not find required class 'org.springframework.data.rest.webmvc.config.RepositoryRestMvcConfiguration' (OnClassCondition)

   Saml2RelyingPartyAutoConfiguration:
      Did not match:
         - @ConditionalOnClass did not find required class 'org.springframework.security.saml2.provider.service.registration.RelyingPartyRegistrationRepository' (OnClassCondition)

   SecurityAutoConfiguration:
      Did not match:
         - @ConditionalOnClass did not find required class 'org.springframework.security.authentication.DefaultAuthenticationEventPublisher' (OnClassCondition)

   SecurityFilterAutoConfiguration:
      Did not match:
         - @ConditionalOnClass did not find required class 'org.springframework.security.config.http.SessionCreationPolicy' (OnClassCondition)

   SendGridAutoConfiguration:
      Did not match:
         - @ConditionalOnClass did not find required class 'com.sendgrid.SendGrid' (OnClassCondition)

   ServletWebServerFactoryAutoConfiguration#forwardedHeaderFilter:
      Did not match:
         - @ConditionalOnProperty (server.forward-headers-strategy=framework) did not find property 'server.forward-headers-strategy' (OnPropertyCondition)

   ServletWebServerFactoryConfiguration.EmbeddedJetty:
      Did not match:
         - @ConditionalOnClass did not find required classes 'org.eclipse.jetty.server.Server', 'org.eclipse.jetty.util.Loader', 'org.eclipse.jetty.webapp.WebAppContext' (OnClassCondition)

   ServletWebServerFactoryConfiguration.EmbeddedUndertow:
      Did not match:
         - @ConditionalOnClass did not find required classes 'io.undertow.Undertow', 'org.xnio.SslClientAuthMode' (OnClassCondition)

   SessionAutoConfiguration:
      Did not match:
         - @ConditionalOnClass did not find required class 'org.springframework.session.Session' (OnClassCondition)

   SolrAutoConfiguration:
      Did not match:
         - @ConditionalOnClass did not find required class 'org.apache.solr.client.solrj.impl.CloudSolrClient' (OnClassCondition)

   SolrRepositoriesAutoConfiguration:
      Did not match:
         - @ConditionalOnClass did not find required class 'org.apache.solr.client.solrj.SolrClient' (OnClassCondition)

   TaskSchedulingAutoConfiguration#taskScheduler:
      Did not match:
         - @ConditionalOnBean (names: org.springframework.context.annotation.internalScheduledAnnotationProcessor; SearchStrategy: all) did not find any beans named org.springframework.context.annotation.internalScheduledAnnotationProcessor (OnBeanCondition)

   ThymeleafAutoConfiguration:
      Did not match:
         - @ConditionalOnClass did not find required class 'org.thymeleaf.spring5.SpringTemplateEngine' (OnClassCondition)

   TransactionAutoConfiguration#transactionalOperator:
      Did not match:
         - @ConditionalOnSingleCandidate (types: org.springframework.transaction.ReactiveTransactionManager; SearchStrategy: all) did not find any beans (OnBeanCondition)

   TransactionAutoConfiguration.EnableTransactionManagementConfiguration.JdkDynamicAutoProxyConfiguration:
      Did not match:
         - @ConditionalOnProperty (spring.aop.proxy-target-class=false) did not find property 'proxy-target-class' (OnPropertyCondition)

   UserDetailsServiceAutoConfiguration:
      Did not match:
         - @ConditionalOnClass did not find required class 'org.springframework.security.authentication.AuthenticationManager' (OnClassCondition)

   ValidationAutoConfiguration:
      Did not match:
         - @ConditionalOnClass did not find required class 'javax.validation.executable.ExecutableValidator' (OnClassCondition)

   WebClientAutoConfiguration:
      Did not match:
         - @ConditionalOnClass did not find required class 'org.springframework.web.reactive.function.client.WebClient' (OnClassCondition)

   WebFluxAutoConfiguration:
      Did not match:
         - @ConditionalOnClass did not find required class 'org.springframework.web.reactive.config.WebFluxConfigurer' (OnClassCondition)

   WebMvcAutoConfiguration#hiddenHttpMethodFilter:
      Did not match:
         - @ConditionalOnProperty (spring.mvc.hiddenmethod.filter.enabled) did not find property 'enabled' (OnPropertyCondition)

   WebMvcAutoConfiguration.ResourceChainCustomizerConfiguration:
      Did not match:
         - @ConditionalOnEnabledResourceChain did not find class org.webjars.WebJarAssetLocator (OnEnabledResourceChainCondition)

   WebMvcAutoConfiguration.WebMvcAutoConfigurationAdapter#beanNameViewResolver:
      Did not match:
         - @ConditionalOnMissingBean (types: org.springframework.web.servlet.view.BeanNameViewResolver; SearchStrategy: all) found beans of type 'org.springframework.web.servlet.view.BeanNameViewResolver' beanNameViewResolver (OnBeanCondition)

   WebServiceTemplateAutoConfiguration:
      Did not match:
         - @ConditionalOnClass did not find required class 'org.springframework.ws.client.core.WebServiceTemplate' (OnClassCondition)

   WebServicesAutoConfiguration:
      Did not match:
         - @ConditionalOnClass did not find required class 'org.springframework.ws.transport.http.MessageDispatcherServlet' (OnClassCondition)

   WebSocketMessagingAutoConfiguration:
      Did not match:
         - @ConditionalOnClass did not find required class 'org.springframework.web.socket.config.annotation.WebSocketMessageBrokerConfigurer' (OnClassCondition)

   WebSocketReactiveAutoConfiguration:
      Did not match:
         - @ConditionalOnWebApplication did not find reactive web application classes (OnWebApplicationCondition)

   WebSocketServletAutoConfiguration.JettyWebSocketConfiguration:
      Did not match:
         - @ConditionalOnClass did not find required class 'org.eclipse.jetty.websocket.jsr356.server.deploy.WebSocketServerContainerInitializer' (OnClassCondition)

   WebSocketServletAutoConfiguration.UndertowWebSocketConfiguration:
      Did not match:
         - @ConditionalOnClass did not find required class 'io.undertow.websockets.jsr.Bootstrap' (OnClassCondition)

   XADataSourceAutoConfiguration:
      Did not match:
         - @ConditionalOnClass did not find required class 'javax.transaction.TransactionManager' (OnClassCondition)


Exclusions:
-----------

    None


Unconditional classes:
----------------------

    org.springframework.boot.autoconfigure.context.ConfigurationPropertiesAutoConfiguration

    org.springframework.boot.autoconfigure.context.LifecycleAutoConfiguration

    org.springframework.boot.autoconfigure.context.PropertyPlaceholderAutoConfiguration

    org.springframework.boot.autoconfigure.availability.ApplicationAvailabilityAutoConfiguration

    org.springframework.boot.autoconfigure.info.ProjectInfoAutoConfiguration



18262 [main] DEBUG o.s.b.d.LoggingFailureAnalysisReporter - Application failed to start due to an exception
org.springframework.boot.web.server.PortInUseException: Port 8080 is already in use
	at org.springframework.boot.web.server.PortInUseException.lambda$throwIfPortBindingException$0(PortInUseException.java:70)
	at org.springframework.boot.web.server.PortInUseException.lambda$ifPortBindingException$1(PortInUseException.java:85)
	at org.springframework.boot.web.server.PortInUseException.ifCausedBy(PortInUseException.java:103)
	at org.springframework.boot.web.server.PortInUseException.ifPortBindingException(PortInUseException.java:82)
	at org.springframework.boot.web.server.PortInUseException.throwIfPortBindingException(PortInUseException.java:69)
	at org.springframework.boot.web.embedded.tomcat.TomcatWebServer.start(TomcatWebServer.java:228)
	at org.springframework.boot.web.servlet.context.WebServerStartStopLifecycle.start(WebServerStartStopLifecycle.java:43)
	at org.springframework.context.support.DefaultLifecycleProcessor.doStart(DefaultLifecycleProcessor.java:178)
	at org.springframework.context.support.DefaultLifecycleProcessor.access$200(DefaultLifecycleProcessor.java:54)
	at org.springframework.context.support.DefaultLifecycleProcessor$LifecycleGroup.start(DefaultLifecycleProcessor.java:356)
	at java.lang.Iterable.forEach(Iterable.java:75)
	at org.springframework.context.support.DefaultLifecycleProcessor.startBeans(DefaultLifecycleProcessor.java:155)
	at org.springframework.context.support.DefaultLifecycleProcessor.onRefresh(DefaultLifecycleProcessor.java:123)
	at org.springframework.context.support.AbstractApplicationContext.finishRefresh(AbstractApplicationContext.java:935)
	at org.springframework.context.support.AbstractApplicationContext.refresh(AbstractApplicationContext.java:586)
	at org.springframework.boot.web.servlet.context.ServletWebServerApplicationContext.refresh(ServletWebServerApplicationContext.java:144)
	at org.springframework.boot.SpringApplication.refresh(SpringApplication.java:782)
	at org.springframework.boot.SpringApplication.refresh(SpringApplication.java:774)
	at org.springframework.boot.SpringApplication.refreshContext(SpringApplication.java:439)
	at org.springframework.boot.SpringApplication.run(SpringApplication.java:339)
	at org.springframework.boot.SpringApplication.run(SpringApplication.java:1340)
	at org.springframework.boot.SpringApplication.run(SpringApplication.java:1329)
	at top.bug1024.lovageshopping.LovageShoppingApplication.main(LovageShoppingApplication.java:10)
Caused by: java.lang.IllegalArgumentException: standardService.connector.startFailed
	at org.apache.catalina.core.StandardService.addConnector(StandardService.java:243)
	at org.springframework.boot.web.embedded.tomcat.TomcatWebServer.addPreviouslyRemovedConnectors(TomcatWebServer.java:282)
	at org.springframework.boot.web.embedded.tomcat.TomcatWebServer.start(TomcatWebServer.java:213)
	... 17 common frames omitted
Caused by: org.apache.catalina.LifecycleException: Protocol handler start failed
	at org.apache.catalina.connector.Connector.startInternal(Connector.java:1074)
	at org.apache.catalina.util.LifecycleBase.start(LifecycleBase.java:183)
	at org.apache.catalina.core.StandardService.addConnector(StandardService.java:239)
	... 19 common frames omitted
Caused by: java.net.BindException: Address already in use: bind
	at sun.nio.ch.Net.bind0(Native Method)
	at sun.nio.ch.Net.bind(Net.java:444)
	at sun.nio.ch.Net.bind(Net.java:436)
	at sun.nio.ch.ServerSocketChannelImpl.bind(ServerSocketChannelImpl.java:225)
	at org.apache.tomcat.util.net.NioEndpoint.initServerSocket(NioEndpoint.java:300)
	at org.apache.tomcat.util.net.NioEndpoint.bind(NioEndpoint.java:253)
	at org.apache.tomcat.util.net.AbstractEndpoint.bindWithCleanup(AbstractEndpoint.java:1204)
	at org.apache.tomcat.util.net.AbstractEndpoint.start(AbstractEndpoint.java:1290)
	at org.apache.coyote.AbstractProtocol.start(AbstractProtocol.java:614)
	at org.apache.catalina.connector.Connector.startInternal(Connector.java:1071)
	... 21 common frames omitted
18262 [main] ERROR o.s.b.d.LoggingFailureAnalysisReporter - 

***************************
APPLICATION FAILED TO START
***************************

Description:

Web server failed to start. Port 8080 was already in use.

Action:

Identify and stop the process that's listening on port 8080 or configure this application to listen on another port.

2313 [main] INFO  t.b.l.LovageShoppingApplication - Starting LovageShoppingApplication using Java 1.8.0_261 on DESKTOP-86MJSNK with PID 7300 (E:\java\lovageshopping\target\classes started by 47440 in E:\java\lovageshopping)
2320 [main] DEBUG t.b.l.LovageShoppingApplication - Running with Spring Boot v2.4.5, Spring v5.3.6
2321 [main] INFO  t.b.l.LovageShoppingApplication - The following profiles are active: dev
2321 [main] DEBUG o.s.boot.SpringApplication - Loading source class top.bug1024.lovageshopping.LovageShoppingApplication
2493 [main] DEBUG o.s.b.w.s.c.AnnotationConfigServletWebServerApplicationContext - Refreshing org.springframework.boot.web.servlet.context.AnnotationConfigServletWebServerApplicationContext@67389cb8
2585 [main] DEBUG o.s.b.f.s.DefaultListableBeanFactory - Creating shared instance of singleton bean 'org.springframework.context.annotation.internalConfigurationAnnotationProcessor'
2629 [main] DEBUG o.s.b.f.s.DefaultListableBeanFactory - Creating shared instance of singleton bean 'org.springframework.boot.autoconfigure.internalCachingMetadataReaderFactory'
2870 [main] DEBUG o.s.c.a.ClassPathBeanDefinitionScanner - Identified candidate component class: file [E:\java\lovageshopping\target\classes\top\bug1024\lovageshopping\common\openInterface\MessageController.class]
2874 [main] DEBUG o.s.c.a.ClassPathBeanDefinitionScanner - Identified candidate component class: file [E:\java\lovageshopping\target\classes\top\bug1024\lovageshopping\modules\login\controller\UserController.class]
2880 [main] DEBUG o.s.c.a.ClassPathBeanDefinitionScanner - Identified candidate component class: file [E:\java\lovageshopping\target\classes\top\bug1024\lovageshopping\modules\login\service\imp\UserServiceImpl.class]
3370 [main] DEBUG o.s.c.e.PropertySourcesPropertyResolver - Found key 'spring.datasource.druid.stat-view-servlet.enabled' in PropertySource 'configurationProperties' with value of type Boolean
3427 [main] DEBUG o.s.c.e.PropertySourcesPropertyResolver - Found key 'spring.datasource.type' in PropertySource 'configurationProperties' with value of type String
3435 [main] DEBUG o.s.c.e.PropertySourcesPropertyResolver - Found key 'spring.datasource.type' in PropertySource 'configurationProperties' with value of type String
3442 [main] DEBUG o.s.c.e.PropertySourcesPropertyResolver - Found key 'spring.datasource.type' in PropertySource 'configurationProperties' with value of type String
3444 [main] DEBUG o.s.c.e.PropertySourcesPropertyResolver - Found key 'spring.jmx.enabled' in PropertySource 'configurationProperties' with value of type String
3474 [main] DEBUG o.s.c.e.PropertySourcesPropertyResolver - Found key 'spring.datasource.type' in PropertySource 'configurationProperties' with value of type String
3509 [main] DEBUG o.s.c.e.PropertySourcesPropertyResolver - Found key 'spring.jmx.enabled' in PropertySource 'configurationProperties' with value of type String
3512 [main] DEBUG o.s.c.e.PropertySourcesPropertyResolver - Found key 'spring.application.admin.enabled' in PropertySource 'configurationProperties' with value of type String
3810 [main] DEBUG o.s.c.e.PropertySourcesPropertyResolver - Found key 'spring.servlet.multipart.enabled' in PropertySource 'configurationProperties' with value of type Boolean
4082 [main] DEBUG o.s.c.e.PropertySourcesPropertyResolver - Found key 'spring.datasource.druid.stat-view-servlet.enabled' in PropertySource 'configurationProperties' with value of type Boolean
4127 [main] DEBUG o.s.b.f.s.DefaultListableBeanFactory - Creating shared instance of singleton bean 'org.springframework.boot.autoconfigure.AutoConfigurationPackages'
4128 [main] DEBUG o.s.b.a.AutoConfigurationPackages - @EnableAutoConfiguration was declared on a class in the package 'top.bug1024.lovageshopping'. Automatic @Repository and @Entity scanning is enabled.
4129 [main] DEBUG c.b.m.a.MybatisPlusAutoConfiguration - Searching for mappers annotated with @Mapper
4130 [main] DEBUG c.b.m.a.MybatisPlusAutoConfiguration - Using auto-configuration base package 'top.bug1024.lovageshopping'
4144 [main] DEBUG o.apache.ibatis.logging.LogFactory - Logging initialized using 'class org.apache.ibatis.logging.slf4j.Slf4jImpl' adapter.
4158 [main] DEBUG o.m.s.mapper.ClassPathMapperScanner - Identified candidate component class: file [E:\java\lovageshopping\target\classes\top\bug1024\lovageshopping\modules\login\dao\UserDao.class]
4159 [main] DEBUG o.m.s.mapper.ClassPathMapperScanner - Creating MapperFactoryBean with name 'userDao' and 'top.bug1024.lovageshopping.modules.login.dao.UserDao' mapperInterface
4162 [main] DEBUG o.m.s.mapper.ClassPathMapperScanner - Enabling autowire by type for MapperFactoryBean with name 'userDao'.
4175 [main] DEBUG o.s.c.e.PropertySourcesPropertyResolver - Found key 'spring.jmx.enabled' in PropertySource 'configurationProperties' with value of type String
4184 [main] DEBUG o.s.c.e.PropertySourcesPropertyResolver - Found key 'spring.application.admin.enabled' in PropertySource 'configurationProperties' with value of type String
4295 [main] INFO  o.s.d.r.c.RepositoryConfigurationDelegate - Multiple Spring Data modules found, entering strict repository configuration mode!
4301 [main] INFO  o.s.d.r.c.RepositoryConfigurationDelegate - Bootstrapping Spring Data Redis repositories in DEFAULT mode.
4335 [main] DEBUG o.s.d.r.c.RepositoryConfigurationDelegate - Scanning for Redis repositories in packages top.bug1024.lovageshopping.
4357 [main] INFO  o.s.d.r.c.RepositoryConfigurationDelegate - Finished Spring Data repository scanning in 19 ms. Found 0 Redis repository interfaces.
4560 [main] DEBUG o.s.c.e.PropertySourcesPropertyResolver - Found key 'spring.servlet.multipart.enabled' in PropertySource 'configurationProperties' with value of type Boolean
4805 [main] DEBUG o.s.b.f.s.DefaultListableBeanFactory - Creating shared instance of singleton bean 'propertySourcesPlaceholderConfigurer'
4822 [main] DEBUG o.s.b.f.s.DefaultListableBeanFactory - Creating shared instance of singleton bean 'org.springframework.context.event.internalEventListenerProcessor'
4826 [main] DEBUG o.s.b.f.s.DefaultListableBeanFactory - Creating shared instance of singleton bean 'preserveErrorControllerTargetClassPostProcessor'
4827 [main] DEBUG o.s.b.f.s.DefaultListableBeanFactory - Creating shared instance of singleton bean 'org.springframework.context.event.internalEventListenerFactory'
4828 [main] DEBUG o.s.b.f.s.DefaultListableBeanFactory - Creating shared instance of singleton bean 'org.springframework.transaction.config.internalTransactionalEventListenerFactory'
4841 [main] DEBUG o.s.b.f.s.DefaultListableBeanFactory - Creating shared instance of singleton bean 'org.springframework.context.annotation.internalAutowiredAnnotationProcessor'
4843 [main] DEBUG o.s.b.f.s.DefaultListableBeanFactory - Creating shared instance of singleton bean 'org.springframework.context.annotation.internalCommonAnnotationProcessor'
4856 [main] DEBUG o.s.b.f.s.DefaultListableBeanFactory - Creating shared instance of singleton bean 'org.springframework.boot.context.properties.ConfigurationPropertiesBindingPostProcessor'
4856 [main] DEBUG o.s.b.f.s.DefaultListableBeanFactory - Creating shared instance of singleton bean 'org.springframework.boot.context.internalConfigurationPropertiesBinder'
4857 [main] DEBUG o.s.b.f.s.DefaultListableBeanFactory - Creating shared instance of singleton bean 'org.springframework.boot.context.internalConfigurationPropertiesBinderFactory'
4862 [main] DEBUG o.s.b.f.s.DefaultListableBeanFactory - Creating shared instance of singleton bean 'dataSourceInitializerPostProcessor'
4870 [main] DEBUG o.s.b.f.s.DefaultListableBeanFactory - Creating shared instance of singleton bean 'persistenceExceptionTranslationPostProcessor'
4900 [main] DEBUG o.s.b.f.s.DefaultListableBeanFactory - Autowiring by type from bean name 'persistenceExceptionTranslationPostProcessor' via factory method to bean named 'environment'
4917 [main] DEBUG o.s.b.f.s.DefaultListableBeanFactory - Creating shared instance of singleton bean 'org.springframework.aop.config.internalAutoProxyCreator'
4960 [main] DEBUG o.s.b.f.s.DefaultListableBeanFactory - Creating shared instance of singleton bean 'webServerFactoryCustomizerBeanPostProcessor'
4961 [main] DEBUG o.s.b.f.s.DefaultListableBeanFactory - Creating shared instance of singleton bean 'errorPageRegistrarBeanPostProcessor'
4962 [main] DEBUG o.s.b.f.s.DefaultListableBeanFactory - Creating shared instance of singleton bean 'projectingArgumentResolverBeanPostProcessor'
5013 [main] DEBUG o.s.b.f.s.DefaultListableBeanFactory - Creating shared instance of singleton bean 'org.springframework.transaction.config.internalTransactionAdvisor'
5014 [main] DEBUG o.s.b.f.s.DefaultListableBeanFactory - Creating shared instance of singleton bean 'org.springframework.transaction.annotation.ProxyTransactionManagementConfiguration'
5041 [main] DEBUG o.s.b.f.s.DefaultListableBeanFactory - Creating shared instance of singleton bean 'transactionAttributeSource'
5053 [main] DEBUG o.s.b.f.s.DefaultListableBeanFactory - Creating shared instance of singleton bean 'transactionInterceptor'
5054 [main] DEBUG o.s.b.f.s.DefaultListableBeanFactory - Autowiring by type from bean name 'transactionInterceptor' via factory method to bean named 'transactionAttributeSource'
5098 [main] DEBUG o.s.b.f.s.DefaultListableBeanFactory - Autowiring by type from bean name 'org.springframework.transaction.config.internalTransactionAdvisor' via factory method to bean named 'transactionAttributeSource'
5098 [main] DEBUG o.s.b.f.s.DefaultListableBeanFactory - Autowiring by type from bean name 'org.springframework.transaction.config.internalTransactionAdvisor' via factory method to bean named 'transactionInterceptor'
5116 [main] DEBUG o.s.u.c.s.UiApplicationContextUtils - Unable to locate ThemeSource with name 'themeSource': using default [org.springframework.ui.context.support.ResourceBundleThemeSource@b9a77c8]
5117 [main] DEBUG o.s.b.f.s.DefaultListableBeanFactory - Creating shared instance of singleton bean 'tomcatServletWebServerFactory'
5117 [main] DEBUG o.s.b.f.s.DefaultListableBeanFactory - Creating shared instance of singleton bean 'org.springframework.boot.autoconfigure.web.servlet.ServletWebServerFactoryConfiguration$EmbeddedTomcat'
5199 [main] DEBUG o.s.b.f.s.DefaultListableBeanFactory - Creating shared instance of singleton bean 'websocketServletWebServerCustomizer'
5200 [main] DEBUG o.s.b.f.s.DefaultListableBeanFactory - Creating shared instance of singleton bean 'org.springframework.boot.autoconfigure.websocket.servlet.WebSocketServletAutoConfiguration$TomcatWebSocketConfiguration'
5203 [main] DEBUG o.s.b.f.s.DefaultListableBeanFactory - Creating shared instance of singleton bean 'servletWebServerFactoryCustomizer'
5203 [main] DEBUG o.s.b.f.s.DefaultListableBeanFactory - Creating shared instance of singleton bean 'org.springframework.boot.autoconfigure.web.servlet.ServletWebServerFactoryAutoConfiguration'
5211 [main] DEBUG o.s.b.f.s.DefaultListableBeanFactory - Creating shared instance of singleton bean 'server-org.springframework.boot.autoconfigure.web.ServerProperties'
5235 [main] DEBUG o.s.b.f.s.DefaultListableBeanFactory - Creating shared instance of singleton bean 'org.springframework.boot.context.properties.BoundConfigurationProperties'
5274 [main] DEBUG o.s.b.f.s.DefaultListableBeanFactory - Autowiring by type from bean name 'servletWebServerFactoryCustomizer' via factory method to bean named 'server-org.springframework.boot.autoconfigure.web.ServerProperties'
5277 [main] DEBUG o.s.b.f.s.DefaultListableBeanFactory - Creating shared instance of singleton bean 'tomcatServletWebServerFactoryCustomizer'
5277 [main] DEBUG o.s.b.f.s.DefaultListableBeanFactory - Autowiring by type from bean name 'tomcatServletWebServerFactoryCustomizer' via factory method to bean named 'server-org.springframework.boot.autoconfigure.web.ServerProperties'
5278 [main] DEBUG o.s.b.f.s.DefaultListableBeanFactory - Creating shared instance of singleton bean 'tomcatWebServerFactoryCustomizer'
5279 [main] DEBUG o.s.b.f.s.DefaultListableBeanFactory - Creating shared instance of singleton bean 'org.springframework.boot.autoconfigure.web.embedded.EmbeddedWebServerFactoryCustomizerAutoConfiguration$TomcatWebServerFactoryCustomizerConfiguration'
5281 [main] DEBUG o.s.b.f.s.DefaultListableBeanFactory - Autowiring by type from bean name 'tomcatWebServerFactoryCustomizer' via factory method to bean named 'environment'
5281 [main] DEBUG o.s.b.f.s.DefaultListableBeanFactory - Autowiring by type from bean name 'tomcatWebServerFactoryCustomizer' via factory method to bean named 'server-org.springframework.boot.autoconfigure.web.ServerProperties'
5283 [main] DEBUG o.s.b.f.s.DefaultListableBeanFactory - Creating shared instance of singleton bean 'localeCharsetMappingsCustomizer'
5283 [main] DEBUG o.s.b.f.s.DefaultListableBeanFactory - Creating shared instance of singleton bean 'org.springframework.boot.autoconfigure.web.servlet.HttpEncodingAutoConfiguration'
5285 [main] DEBUG o.s.b.f.s.DefaultListableBeanFactory - Autowiring by type from bean name 'org.springframework.boot.autoconfigure.web.servlet.HttpEncodingAutoConfiguration' via constructor to bean named 'server-org.springframework.boot.autoconfigure.web.ServerProperties'
5359 [main] DEBUG o.s.b.f.s.DefaultListableBeanFactory - Creating shared instance of singleton bean 'errorPageCustomizer'
5359 [main] DEBUG o.s.b.f.s.DefaultListableBeanFactory - Creating shared instance of singleton bean 'org.springframework.boot.autoconfigure.web.servlet.error.ErrorMvcAutoConfiguration'
5360 [main] DEBUG o.s.b.f.s.DefaultListableBeanFactory - Autowiring by type from bean name 'org.springframework.boot.autoconfigure.web.servlet.error.ErrorMvcAutoConfiguration' via constructor to bean named 'server-org.springframework.boot.autoconfigure.web.ServerProperties'
5365 [main] DEBUG o.s.b.f.s.DefaultListableBeanFactory - Creating shared instance of singleton bean 'dispatcherServletRegistration'
5365 [main] DEBUG o.s.b.f.s.DefaultListableBeanFactory - Creating shared instance of singleton bean 'org.springframework.boot.autoconfigure.web.servlet.DispatcherServletAutoConfiguration$DispatcherServletRegistrationConfiguration'
5368 [main] DEBUG o.s.b.f.s.DefaultListableBeanFactory - Creating shared instance of singleton bean 'dispatcherServlet'
5368 [main] DEBUG o.s.b.f.s.DefaultListableBeanFactory - Creating shared instance of singleton bean 'org.springframework.boot.autoconfigure.web.servlet.DispatcherServletAutoConfiguration$DispatcherServletConfiguration'
5371 [main] DEBUG o.s.b.f.s.DefaultListableBeanFactory - Creating shared instance of singleton bean 'spring.mvc-org.springframework.boot.autoconfigure.web.servlet.WebMvcProperties'
5381 [main] DEBUG o.s.b.f.s.DefaultListableBeanFactory - Autowiring by type from bean name 'dispatcherServlet' via factory method to bean named 'spring.mvc-org.springframework.boot.autoconfigure.web.servlet.WebMvcProperties'
5419 [main] DEBUG o.s.b.f.s.DefaultListableBeanFactory - Autowiring by type from bean name 'dispatcherServletRegistration' via factory method to bean named 'dispatcherServlet'
5419 [main] DEBUG o.s.b.f.s.DefaultListableBeanFactory - Autowiring by type from bean name 'dispatcherServletRegistration' via factory method to bean named 'spring.mvc-org.springframework.boot.autoconfigure.web.servlet.WebMvcProperties'
5423 [main] DEBUG o.s.b.f.s.DefaultListableBeanFactory - Creating shared instance of singleton bean 'multipartConfigElement'
5424 [main] DEBUG o.s.b.f.s.DefaultListableBeanFactory - Creating shared instance of singleton bean 'org.springframework.boot.autoconfigure.web.servlet.MultipartAutoConfiguration'
5425 [main] DEBUG o.s.b.f.s.DefaultListableBeanFactory - Creating shared instance of singleton bean 'spring.servlet.multipart-org.springframework.boot.autoconfigure.web.servlet.MultipartProperties'
5437 [main] DEBUG o.s.b.f.s.DefaultListableBeanFactory - Autowiring by type from bean name 'org.springframework.boot.autoconfigure.web.servlet.MultipartAutoConfiguration' via constructor to bean named 'spring.servlet.multipart-org.springframework.boot.autoconfigure.web.servlet.MultipartProperties'
5452 [main] DEBUG o.s.b.f.s.DefaultListableBeanFactory - Autowiring by type from bean name 'errorPageCustomizer' via factory method to bean named 'dispatcherServletRegistration'
5680 [main] DEBUG o.s.b.w.e.t.TomcatServletWebServerFactory - Code archive: C:\Users\47440\.m2\repository\org\springframework\boot\spring-boot\2.4.5\spring-boot-2.4.5.jar
5680 [main] DEBUG o.s.b.w.e.t.TomcatServletWebServerFactory - Code archive: C:\Users\47440\.m2\repository\org\springframework\boot\spring-boot\2.4.5\spring-boot-2.4.5.jar
5681 [main] DEBUG o.s.b.w.e.t.TomcatServletWebServerFactory - None of the document roots [src/main/webapp, public, static] point to a directory and will be ignored.
5740 [main] INFO  o.s.b.w.e.tomcat.TomcatWebServer - Tomcat initialized with port(s): 8080 (http)
5762 [main] INFO  o.a.coyote.http11.Http11NioProtocol - Initializing ProtocolHandler ["http-nio-8080"]
5763 [main] INFO  o.a.catalina.core.StandardService - Starting service [Tomcat]
5763 [main] INFO  o.a.catalina.core.StandardEngine - Starting Servlet engine: [Apache Tomcat/9.0.45]
6029 [main] INFO  o.a.c.c.C.[.[localhost].[/lovage] - Initializing Spring embedded WebApplicationContext
6029 [main] DEBUG o.s.b.w.s.c.ServletWebServerApplicationContext - Published root WebApplicationContext as ServletContext attribute with name [org.springframework.web.context.WebApplicationContext.ROOT]
6029 [main] INFO  o.s.b.w.s.c.ServletWebServerApplicationContext - Root WebApplicationContext: initialization completed in 3536 ms
6035 [main] DEBUG o.s.b.f.s.DefaultListableBeanFactory - Creating shared instance of singleton bean 'statViewServletRegistrationBean'
6035 [main] DEBUG o.s.b.f.s.DefaultListableBeanFactory - Creating shared instance of singleton bean 'com.alibaba.druid.spring.boot.autoconfigure.stat.DruidStatViewServletConfiguration'
6039 [main] DEBUG o.s.b.f.s.DefaultListableBeanFactory - Creating shared instance of singleton bean 'spring.datasource.druid-com.alibaba.druid.spring.boot.autoconfigure.properties.DruidStatProperties'
6046 [main] DEBUG o.s.b.f.s.DefaultListableBeanFactory - Autowiring by type from bean name 'statViewServletRegistrationBean' via factory method to bean named 'spring.datasource.druid-com.alibaba.druid.spring.boot.autoconfigure.properties.DruidStatProperties'
6065 [main] DEBUG o.s.b.f.s.DefaultListableBeanFactory - Creating shared instance of singleton bean 'requestContextFilter'
6071 [main] DEBUG o.s.b.f.s.DefaultListableBeanFactory - Creating shared instance of singleton bean 'formContentFilter'
6071 [main] DEBUG o.s.b.f.s.DefaultListableBeanFactory - Creating shared instance of singleton bean 'org.springframework.boot.autoconfigure.web.servlet.WebMvcAutoConfiguration'
6078 [main] DEBUG o.s.b.f.s.DefaultListableBeanFactory - Creating shared instance of singleton bean 'characterEncodingFilter'
6092 [main] DEBUG o.s.b.w.s.ServletContextInitializerBeans - Mapping filters: characterEncodingFilter urls=[/*] order=-2147483648, formContentFilter urls=[/*] order=-9900, requestContextFilter urls=[/*] order=-105
6093 [main] DEBUG o.s.b.w.s.ServletContextInitializerBeans - Mapping servlets: dispatcherServlet urls=[/], statViewServlet urls=[/druid/*]
6159 [main] DEBUG o.s.b.w.s.f.OrderedRequestContextFilter - Filter 'requestContextFilter' configured for use
6160 [main] DEBUG o.s.b.w.s.f.OrderedCharacterEncodingFilter - Filter 'characterEncodingFilter' configured for use
6161 [main] DEBUG o.s.b.w.s.f.OrderedFormContentFilter - Filter 'formContentFilter' configured for use
6186 [main] DEBUG o.s.b.f.s.DefaultListableBeanFactory - Creating shared instance of singleton bean 'lovageShoppingApplication'
6188 [main] DEBUG o.s.b.f.s.DefaultListableBeanFactory - Creating shared instance of singleton bean 'messageController'
6195 [main] DEBUG o.s.b.f.s.DefaultListableBeanFactory - Creating shared instance of singleton bean 'userController'
6228 [main] DEBUG o.s.b.f.s.DefaultListableBeanFactory - Creating shared instance of singleton bean 'userService'
6234 [main] DEBUG o.s.b.f.s.DefaultListableBeanFactory - Creating shared instance of singleton bean 'org.springframework.boot.autoconfigure.context.PropertyPlaceholderAutoConfiguration'
6234 [main] DEBUG o.s.b.f.s.DefaultListableBeanFactory - Creating shared instance of singleton bean 'org.springframework.boot.autoconfigure.websocket.servlet.WebSocketServletAutoConfiguration'
6235 [main] DEBUG o.s.b.f.s.DefaultListableBeanFactory - Creating shared instance of singleton bean 'org.springframework.boot.context.properties.EnableConfigurationPropertiesRegistrar.methodValidationExcludeFilter'
6240 [main] DEBUG o.s.b.f.s.DefaultListableBeanFactory - Creating shared instance of singleton bean 'org.springframework.boot.autoconfigure.web.servlet.DispatcherServletAutoConfiguration'
6241 [main] DEBUG o.s.b.f.s.DefaultListableBeanFactory - Creating shared instance of singleton bean 'org.springframework.boot.autoconfigure.task.TaskExecutionAutoConfiguration'
6243 [main] DEBUG o.s.b.f.s.DefaultListableBeanFactory - Creating shared instance of singleton bean 'taskExecutorBuilder'
6245 [main] DEBUG o.s.b.f.s.DefaultListableBeanFactory - Creating shared instance of singleton bean 'spring.task.execution-org.springframework.boot.autoconfigure.task.TaskExecutionProperties'
6248 [main] DEBUG o.s.b.f.s.DefaultListableBeanFactory - Autowiring by type from bean name 'taskExecutorBuilder' via factory method to bean named 'spring.task.execution-org.springframework.boot.autoconfigure.task.TaskExecutionProperties'
6253 [main] DEBUG o.s.b.f.s.DefaultListableBeanFactory - Creating shared instance of singleton bean 'org.springframework.boot.autoconfigure.web.servlet.error.ErrorMvcAutoConfiguration$WhitelabelErrorViewConfiguration'
6255 [main] DEBUG o.s.b.f.s.DefaultListableBeanFactory - Creating shared instance of singleton bean 'error'
6256 [main] DEBUG o.s.b.f.s.DefaultListableBeanFactory - Creating shared instance of singleton bean 'beanNameViewResolver'
6260 [main] DEBUG o.s.b.f.s.DefaultListableBeanFactory - Creating shared instance of singleton bean 'org.springframework.boot.autoconfigure.web.servlet.error.ErrorMvcAutoConfiguration$DefaultErrorViewResolverConfiguration'
6262 [main] DEBUG o.s.b.f.s.DefaultListableBeanFactory - Creating shared instance of singleton bean 'spring.resources-org.springframework.boot.autoconfigure.web.ResourceProperties'
6274 [main] DEBUG o.s.b.f.s.DefaultListableBeanFactory - Creating shared instance of singleton bean 'spring.web-org.springframework.boot.autoconfigure.web.WebProperties'
6276 [main] DEBUG o.s.b.f.s.DefaultListableBeanFactory - Autowiring by type from bean name 'org.springframework.boot.autoconfigure.web.servlet.error.ErrorMvcAutoConfiguration$DefaultErrorViewResolverConfiguration' via constructor to bean named 'org.springframework.boot.web.servlet.context.AnnotationConfigServletWebServerApplicationContext@67389cb8'
6276 [main] DEBUG o.s.b.f.s.DefaultListableBeanFactory - Autowiring by type from bean name 'org.springframework.boot.autoconfigure.web.servlet.error.ErrorMvcAutoConfiguration$DefaultErrorViewResolverConfiguration' via constructor to bean named 'spring.resources-org.springframework.boot.autoconfigure.web.ResourceProperties'
6276 [main] DEBUG o.s.b.f.s.DefaultListableBeanFactory - Autowiring by type from bean name 'org.springframework.boot.autoconfigure.web.servlet.error.ErrorMvcAutoConfiguration$DefaultErrorViewResolverConfiguration' via constructor to bean named 'spring.web-org.springframework.boot.autoconfigure.web.WebProperties'
6277 [main] DEBUG o.s.b.f.s.DefaultListableBeanFactory - Creating shared instance of singleton bean 'conventionErrorViewResolver'
6281 [main] DEBUG o.s.b.f.s.DefaultListableBeanFactory - Creating shared instance of singleton bean 'errorAttributes'
6287 [main] DEBUG o.s.b.f.s.DefaultListableBeanFactory - Creating shared instance of singleton bean 'basicErrorController'
6288 [main] DEBUG o.s.b.f.s.DefaultListableBeanFactory - Autowiring by type from bean name 'basicErrorController' via factory method to bean named 'errorAttributes'
6297 [main] DEBUG o.s.b.f.s.DefaultListableBeanFactory - Creating shared instance of singleton bean 'org.springframework.boot.autoconfigure.web.servlet.WebMvcAutoConfiguration$EnableWebMvcConfiguration'
6304 [main] DEBUG o.s.b.f.s.DefaultListableBeanFactory - Autowiring by type from bean name 'org.springframework.boot.autoconfigure.web.servlet.WebMvcAutoConfiguration$EnableWebMvcConfiguration' via constructor to bean named 'spring.resources-org.springframework.boot.autoconfigure.web.ResourceProperties'
6304 [main] DEBUG o.s.b.f.s.DefaultListableBeanFactory - Autowiring by type from bean name 'org.springframework.boot.autoconfigure.web.servlet.WebMvcAutoConfiguration$EnableWebMvcConfiguration' via constructor to bean named 'spring.mvc-org.springframework.boot.autoconfigure.web.servlet.WebMvcProperties'
6304 [main] DEBUG o.s.b.f.s.DefaultListableBeanFactory - Autowiring by type from bean name 'org.springframework.boot.autoconfigure.web.servlet.WebMvcAutoConfiguration$EnableWebMvcConfiguration' via constructor to bean named 'spring.web-org.springframework.boot.autoconfigure.web.WebProperties'
6304 [main] DEBUG o.s.b.f.s.DefaultListableBeanFactory - Autowiring by type from bean name 'org.springframework.boot.autoconfigure.web.servlet.WebMvcAutoConfiguration$EnableWebMvcConfiguration' via constructor to bean named 'org.springframework.beans.factory.support.DefaultListableBeanFactory@26b894bd'
6332 [main] DEBUG o.s.b.f.s.DefaultListableBeanFactory - Creating shared instance of singleton bean 'org.springframework.boot.autoconfigure.web.servlet.WebMvcAutoConfiguration$WebMvcAutoConfigurationAdapter'
6334 [main] DEBUG o.s.b.f.s.DefaultListableBeanFactory - Autowiring by type from bean name 'org.springframework.boot.autoconfigure.web.servlet.WebMvcAutoConfiguration$WebMvcAutoConfigurationAdapter' via constructor to bean named 'spring.web-org.springframework.boot.autoconfigure.web.WebProperties'
6334 [main] DEBUG o.s.b.f.s.DefaultListableBeanFactory - Autowiring by type from bean name 'org.springframework.boot.autoconfigure.web.servlet.WebMvcAutoConfiguration$WebMvcAutoConfigurationAdapter' via constructor to bean named 'spring.mvc-org.springframework.boot.autoconfigure.web.servlet.WebMvcProperties'
6334 [main] DEBUG o.s.b.f.s.DefaultListableBeanFactory - Autowiring by type from bean name 'org.springframework.boot.autoconfigure.web.servlet.WebMvcAutoConfiguration$WebMvcAutoConfigurationAdapter' via constructor to bean named 'org.springframework.beans.factory.support.DefaultListableBeanFactory@26b894bd'
6336 [main] DEBUG o.s.b.f.s.DefaultListableBeanFactory - Creating shared instance of singleton bean 'org.springframework.data.web.config.SpringDataWebConfiguration'
6341 [main] DEBUG o.s.b.f.s.DefaultListableBeanFactory - Autowiring by type from bean name 'org.springframework.data.web.config.SpringDataWebConfiguration' via constructor to bean named 'org.springframework.boot.web.servlet.context.AnnotationConfigServletWebServerApplicationContext@67389cb8'
6344 [main] DEBUG o.s.b.f.s.DefaultListableBeanFactory - Creating shared instance of singleton bean 'pageableCustomizer'
6344 [main] DEBUG o.s.b.f.s.DefaultListableBeanFactory - Creating shared instance of singleton bean 'org.springframework.boot.autoconfigure.data.web.SpringDataWebAutoConfiguration'
6345 [main] DEBUG o.s.b.f.s.DefaultListableBeanFactory - Creating shared instance of singleton bean 'spring.data.web-org.springframework.boot.autoconfigure.data.web.SpringDataWebProperties'
6347 [main] DEBUG o.s.b.f.s.DefaultListableBeanFactory - Autowiring by type from bean name 'org.springframework.boot.autoconfigure.data.web.SpringDataWebAutoConfiguration' via constructor to bean named 'spring.data.web-org.springframework.boot.autoconfigure.data.web.SpringDataWebProperties'
6354 [main] DEBUG o.s.b.f.s.DefaultListableBeanFactory - Creating shared instance of singleton bean 'sortCustomizer'
6362 [main] DEBUG o.s.b.f.s.DefaultListableBeanFactory - Creating shared instance of singleton bean 'requestMappingHandlerAdapter'
6365 [main] DEBUG o.s.b.f.s.DefaultListableBeanFactory - Creating shared instance of singleton bean 'mvcContentNegotiationManager'
6379 [main] DEBUG o.s.b.f.s.DefaultListableBeanFactory - Creating shared instance of singleton bean 'mvcConversionService'
6404 [main] DEBUG o.s.b.f.s.DefaultListableBeanFactory - Creating shared instance of singleton bean 'mvcValidator'
6408 [main] DEBUG o.s.b.f.s.DefaultListableBeanFactory - Autowiring by type from bean name 'requestMappingHandlerAdapter' via factory method to bean named 'mvcContentNegotiationManager'
6408 [main] DEBUG o.s.b.f.s.DefaultListableBeanFactory - Autowiring by type from bean name 'requestMappingHandlerAdapter' via factory method to bean named 'mvcConversionService'
6408 [main] DEBUG o.s.b.f.s.DefaultListableBeanFactory - Autowiring by type from bean name 'requestMappingHandlerAdapter' via factory method to bean named 'mvcValidator'
6415 [main] DEBUG o.s.b.f.s.DefaultListableBeanFactory - Autowiring by type from bean name 'requestMappingHandlerAdapter' via factory method to bean named 'mvcContentNegotiationManager'
6415 [main] DEBUG o.s.b.f.s.DefaultListableBeanFactory - Autowiring by type from bean name 'requestMappingHandlerAdapter' via factory method to bean named 'mvcConversionService'
6416 [main] DEBUG o.s.b.f.s.DefaultListableBeanFactory - Autowiring by type from bean name 'requestMappingHandlerAdapter' via factory method to bean named 'mvcValidator'
6428 [main] DEBUG o.s.b.f.s.DefaultListableBeanFactory - Creating shared instance of singleton bean 'messageConverters'
6428 [main] DEBUG o.s.b.f.s.DefaultListableBeanFactory - Creating shared instance of singleton bean 'org.springframework.boot.autoconfigure.http.HttpMessageConvertersAutoConfiguration'
6435 [main] DEBUG o.s.b.f.s.DefaultListableBeanFactory - Creating shared instance of singleton bean 'stringHttpMessageConverter'
6435 [main] DEBUG o.s.b.f.s.DefaultListableBeanFactory - Creating shared instance of singleton bean 'org.springframework.boot.autoconfigure.http.HttpMessageConvertersAutoConfiguration$StringHttpMessageConverterConfiguration'
6437 [main] DEBUG o.s.b.f.s.DefaultListableBeanFactory - Autowiring by type from bean name 'stringHttpMessageConverter' via factory method to bean named 'environment'
6450 [main] DEBUG o.s.b.f.s.DefaultListableBeanFactory - Creating shared instance of singleton bean 'mappingJackson2HttpMessageConverter'
6450 [main] DEBUG o.s.b.f.s.DefaultListableBeanFactory - Creating shared instance of singleton bean 'org.springframework.boot.autoconfigure.http.JacksonHttpMessageConvertersConfiguration$MappingJackson2HttpMessageConverterConfiguration'
6452 [main] DEBUG o.s.b.f.s.DefaultListableBeanFactory - Creating shared instance of singleton bean 'jacksonObjectMapper'
6452 [main] DEBUG o.s.b.f.s.DefaultListableBeanFactory - Creating shared instance of singleton bean 'org.springframework.boot.autoconfigure.jackson.JacksonAutoConfiguration$JacksonObjectMapperConfiguration'
6453 [main] DEBUG o.s.b.f.s.DefaultListableBeanFactory - Creating shared instance of singleton bean 'org.springframework.boot.autoconfigure.jackson.JacksonAutoConfiguration$JacksonObjectMapperBuilderConfiguration'
6455 [main] DEBUG o.s.b.f.s.DefaultListableBeanFactory - Creating shared instance of singleton bean 'standardJacksonObjectMapperBuilderCustomizer'
6455 [main] DEBUG o.s.b.f.s.DefaultListableBeanFactory - Creating shared instance of singleton bean 'org.springframework.boot.autoconfigure.jackson.JacksonAutoConfiguration$Jackson2ObjectMapperBuilderCustomizerConfiguration'
6456 [main] DEBUG o.s.b.f.s.DefaultListableBeanFactory - Creating shared instance of singleton bean 'spring.jackson-org.springframework.boot.autoconfigure.jackson.JacksonProperties'
6462 [main] DEBUG o.s.b.f.s.DefaultListableBeanFactory - Autowiring by type from bean name 'standardJacksonObjectMapperBuilderCustomizer' via factory method to bean named 'org.springframework.boot.web.servlet.context.AnnotationConfigServletWebServerApplicationContext@67389cb8'
6462 [main] DEBUG o.s.b.f.s.DefaultListableBeanFactory - Autowiring by type from bean name 'standardJacksonObjectMapperBuilderCustomizer' via factory method to bean named 'spring.jackson-org.springframework.boot.autoconfigure.jackson.JacksonProperties'
6464 [main] DEBUG o.s.b.f.s.DefaultListableBeanFactory - Autowiring by type from bean name 'jacksonObjectMapperBuilder' via factory method to bean named 'org.springframework.boot.web.servlet.context.AnnotationConfigServletWebServerApplicationContext@67389cb8'
6464 [main] DEBUG o.s.b.f.s.DefaultListableBeanFactory - Autowiring by type from bean name 'jacksonObjectMapperBuilder' via factory method to bean named 'standardJacksonObjectMapperBuilderCustomizer'
6469 [main] DEBUG o.s.b.f.s.DefaultListableBeanFactory - Creating shared instance of singleton bean 'parameterNamesModule'
6470 [main] DEBUG o.s.b.f.s.DefaultListableBeanFactory - Creating shared instance of singleton bean 'org.springframework.boot.autoconfigure.jackson.JacksonAutoConfiguration$ParameterNamesModuleConfiguration'
6479 [main] DEBUG o.s.b.f.s.DefaultListableBeanFactory - Creating shared instance of singleton bean 'jsonComponentModule'
6480 [main] DEBUG o.s.b.f.s.DefaultListableBeanFactory - Creating shared instance of singleton bean 'org.springframework.boot.autoconfigure.jackson.JacksonAutoConfiguration'
6501 [main] DEBUG o.s.b.f.s.DefaultListableBeanFactory - Creating shared instance of singleton bean 'jacksonGeoModule'
6501 [main] DEBUG o.s.b.f.s.DefaultListableBeanFactory - Creating shared instance of singleton bean 'org.springframework.data.web.config.SpringDataJacksonConfiguration'
6513 [main] DEBUG o.s.b.f.s.DefaultListableBeanFactory - Autowiring by type from bean name 'jacksonObjectMapper' via factory method to bean named 'jacksonObjectMapperBuilder'
6571 [main] DEBUG o.s.b.f.s.DefaultListableBeanFactory - Autowiring by type from bean name 'mappingJackson2HttpMessageConverter' via factory method to bean named 'jacksonObjectMapper'
6586 [main] DEBUG o.s.b.f.s.DefaultListableBeanFactory - Creating shared instance of singleton bean 'sortResolver'
6596 [main] DEBUG o.s.b.f.s.DefaultListableBeanFactory - Creating shared instance of singleton bean 'pageableResolver'
6611 [main] DEBUG o.s.b.f.s.DefaultListableBeanFactory - Creating shared instance of singleton bean 'applicationTaskExecutor'
6611 [main] DEBUG o.s.b.f.s.DefaultListableBeanFactory - Autowiring by type from bean name 'applicationTaskExecutor' via factory method to bean named 'taskExecutorBuilder'
6621 [main] INFO  o.s.s.c.ThreadPoolTaskExecutor - Initializing ExecutorService 'applicationTaskExecutor'
6647 [main] DEBUG o.s.w.s.m.m.a.RequestMappingHandlerAdapter - ControllerAdvice beans: 0 @ModelAttribute, 0 @InitBinder, 1 RequestBodyAdvice, 1 ResponseBodyAdvice
6697 [main] DEBUG o.s.b.f.s.DefaultListableBeanFactory - Creating shared instance of singleton bean 'requestMappingHandlerMapping'
6700 [main] DEBUG o.s.b.f.s.DefaultListableBeanFactory - Creating shared instance of singleton bean 'mvcResourceUrlProvider'
6714 [main] DEBUG o.s.b.f.s.DefaultListableBeanFactory - Autowiring by type from bean name 'requestMappingHandlerMapping' via factory method to bean named 'mvcContentNegotiationManager'
6714 [main] DEBUG o.s.b.f.s.DefaultListableBeanFactory - Autowiring by type from bean name 'requestMappingHandlerMapping' via factory method to bean named 'mvcConversionService'
6714 [main] DEBUG o.s.b.f.s.DefaultListableBeanFactory - Autowiring by type from bean name 'requestMappingHandlerMapping' via factory method to bean named 'mvcResourceUrlProvider'
6715 [main] DEBUG o.s.b.f.s.DefaultListableBeanFactory - Autowiring by type from bean name 'requestMappingHandlerMapping' via factory method to bean named 'mvcContentNegotiationManager'
6715 [main] DEBUG o.s.b.f.s.DefaultListableBeanFactory - Autowiring by type from bean name 'requestMappingHandlerMapping' via factory method to bean named 'mvcConversionService'
6715 [main] DEBUG o.s.b.f.s.DefaultListableBeanFactory - Autowiring by type from bean name 'requestMappingHandlerMapping' via factory method to bean named 'mvcResourceUrlProvider'
6790 [main] DEBUG _.s.w.s.HandlerMapping.Mappings - 
	t.b.l.c.o.MessageController:
	{ [/phone/]}: sendByPhone(Map)
	{ [/mail/]}: sendByMail(Map)
6799 [main] DEBUG _.s.w.s.HandlerMapping.Mappings - 
	t.b.l.m.l.c.UserController:
	{ [/user/login]}: login(Map)
	{ [/user/phone]}: sendByPhone(Map)
	{ [/user/toRegister]}: register(Map)
6804 [main] DEBUG _.s.w.s.HandlerMapping.Mappings - 
	o.s.b.a.w.s.e.BasicErrorController:
	{ [/error], produces [text/html]}: errorHtml(HttpServletRequest,HttpServletResponse)
	{ [/error]}: error(HttpServletRequest)
6813 [main] DEBUG o.s.w.s.m.m.a.RequestMappingHandlerMapping - 7 mappings in 'requestMappingHandlerMapping'
6816 [main] DEBUG o.s.b.f.s.DefaultListableBeanFactory - Creating shared instance of singleton bean 'welcomePageHandlerMapping'
6816 [main] DEBUG o.s.b.f.s.DefaultListableBeanFactory - Autowiring by type from bean name 'welcomePageHandlerMapping' via factory method to bean named 'org.springframework.boot.web.servlet.context.AnnotationConfigServletWebServerApplicationContext@67389cb8'
6817 [main] DEBUG o.s.b.f.s.DefaultListableBeanFactory - Autowiring by type from bean name 'welcomePageHandlerMapping' via factory method to bean named 'mvcConversionService'
6817 [main] DEBUG o.s.b.f.s.DefaultListableBeanFactory - Autowiring by type from bean name 'welcomePageHandlerMapping' via factory method to bean named 'mvcResourceUrlProvider'
6830 [main] DEBUG o.s.b.f.s.DefaultListableBeanFactory - Creating shared instance of singleton bean 'localeResolver'
6834 [main] DEBUG o.s.b.f.s.DefaultListableBeanFactory - Creating shared instance of singleton bean 'themeResolver'
6838 [main] DEBUG o.s.b.f.s.DefaultListableBeanFactory - Creating shared instance of singleton bean 'flashMapManager'
6845 [main] DEBUG o.s.b.f.s.DefaultListableBeanFactory - Creating shared instance of singleton bean 'mvcPatternParser'
6847 [main] DEBUG o.s.b.f.s.DefaultListableBeanFactory - Creating shared instance of singleton bean 'mvcUrlPathHelper'
6848 [main] DEBUG o.s.b.f.s.DefaultListableBeanFactory - Creating shared instance of singleton bean 'mvcPathMatcher'
6850 [main] DEBUG o.s.b.f.s.DefaultListableBeanFactory - Creating shared instance of singleton bean 'viewControllerHandlerMapping'
6851 [main] DEBUG o.s.b.f.s.DefaultListableBeanFactory - Autowiring by type from bean name 'viewControllerHandlerMapping' via factory method to bean named 'mvcConversionService'
6851 [main] DEBUG o.s.b.f.s.DefaultListableBeanFactory - Autowiring by type from bean name 'viewControllerHandlerMapping' via factory method to bean named 'mvcResourceUrlProvider'
6852 [main] DEBUG o.s.b.f.s.DefaultListableBeanFactory - Creating shared instance of singleton bean 'beanNameHandlerMapping'
6853 [main] DEBUG o.s.b.f.s.DefaultListableBeanFactory - Autowiring by type from bean name 'beanNameHandlerMapping' via factory method to bean named 'mvcConversionService'
6853 [main] DEBUG o.s.b.f.s.DefaultListableBeanFactory - Autowiring by type from bean name 'beanNameHandlerMapping' via factory method to bean named 'mvcResourceUrlProvider'
6857 [main] DEBUG _.s.w.s.HandlerMapping.Mappings - 'beanNameHandlerMapping' {}
6859 [main] DEBUG o.s.b.f.s.DefaultListableBeanFactory - Creating shared instance of singleton bean 'routerFunctionMapping'
6860 [main] DEBUG o.s.b.f.s.DefaultListableBeanFactory - Autowiring by type from bean name 'routerFunctionMapping' via factory method to bean named 'mvcConversionService'
6860 [main] DEBUG o.s.b.f.s.DefaultListableBeanFactory - Autowiring by type from bean name 'routerFunctionMapping' via factory method to bean named 'mvcResourceUrlProvider'
6869 [main] DEBUG o.s.b.f.s.DefaultListableBeanFactory - Creating shared instance of singleton bean 'resourceHandlerMapping'
6870 [main] DEBUG o.s.b.f.s.DefaultListableBeanFactory - Autowiring by type from bean name 'resourceHandlerMapping' via factory method to bean named 'mvcContentNegotiationManager'
6870 [main] DEBUG o.s.b.f.s.DefaultListableBeanFactory - Autowiring by type from bean name 'resourceHandlerMapping' via factory method to bean named 'mvcConversionService'
6870 [main] DEBUG o.s.b.f.s.DefaultListableBeanFactory - Autowiring by type from bean name 'resourceHandlerMapping' via factory method to bean named 'mvcResourceUrlProvider'
6894 [main] DEBUG _.s.w.s.HandlerMapping.Mappings - 'resourceHandlerMapping' {/webjars/**=ResourceHttpRequestHandler [Classpath [META-INF/resources/webjars/]], /**=ResourceHttpRequestHandler [Classpath [META-INF/resources/], Classpath [resources/], Classpath [static/], Classpath [public/], ServletContext [/]]}
6896 [main] DEBUG o.s.b.f.s.DefaultListableBeanFactory - Creating shared instance of singleton bean 'defaultServletHandlerMapping'
6896 [main] DEBUG o.s.b.f.s.DefaultListableBeanFactory - Creating shared instance of singleton bean 'handlerFunctionAdapter'
6899 [main] DEBUG o.s.b.f.s.DefaultListableBeanFactory - Creating shared instance of singleton bean 'mvcUriComponentsContributor'
6900 [main] DEBUG o.s.b.f.s.DefaultListableBeanFactory - Autowiring by type from bean name 'mvcUriComponentsContributor' via factory method to bean named 'mvcConversionService'
6900 [main] DEBUG o.s.b.f.s.DefaultListableBeanFactory - Autowiring by type from bean name 'mvcUriComponentsContributor' via factory method to bean named 'requestMappingHandlerAdapter'
6904 [main] DEBUG o.s.b.f.s.DefaultListableBeanFactory - Creating shared instance of singleton bean 'httpRequestHandlerAdapter'
6905 [main] DEBUG o.s.b.f.s.DefaultListableBeanFactory - Creating shared instance of singleton bean 'simpleControllerHandlerAdapter'
6906 [main] DEBUG o.s.b.f.s.DefaultListableBeanFactory - Creating shared instance of singleton bean 'handlerExceptionResolver'
6906 [main] DEBUG o.s.b.f.s.DefaultListableBeanFactory - Autowiring by type from bean name 'handlerExceptionResolver' via factory method to bean named 'mvcContentNegotiationManager'
6914 [main] DEBUG o.s.w.s.m.m.a.ExceptionHandlerExceptionResolver - ControllerAdvice beans: 0 @ExceptionHandler, 1 ResponseBodyAdvice
6919 [main] DEBUG o.s.b.f.s.DefaultListableBeanFactory - Creating shared instance of singleton bean 'mvcViewResolver'
6920 [main] DEBUG o.s.b.f.s.DefaultListableBeanFactory - Autowiring by type from bean name 'mvcViewResolver' via factory method to bean named 'mvcContentNegotiationManager'
6922 [main] DEBUG o.s.b.f.s.DefaultListableBeanFactory - Creating shared instance of singleton bean 'viewNameTranslator'
6925 [main] DEBUG o.s.b.f.s.DefaultListableBeanFactory - Creating shared instance of singleton bean 'defaultViewResolver'
6936 [main] DEBUG o.s.b.f.s.DefaultListableBeanFactory - Creating shared instance of singleton bean 'viewResolver'
6937 [main] DEBUG o.s.b.f.s.DefaultListableBeanFactory - Autowiring by type from bean name 'viewResolver' via factory method to bean named 'org.springframework.beans.factory.support.DefaultListableBeanFactory@26b894bd'
6942 [main] DEBUG o.s.b.f.s.DefaultListableBeanFactory - Creating shared instance of singleton bean 'freeMarkerViewResolver'
6942 [main] DEBUG o.s.b.f.s.DefaultListableBeanFactory - Creating shared instance of singleton bean 'org.springframework.boot.autoconfigure.freemarker.FreeMarkerServletWebConfiguration'
6945 [main] DEBUG o.s.b.f.s.DefaultListableBeanFactory - Creating shared instance of singleton bean 'spring.freemarker-org.springframework.boot.autoconfigure.freemarker.FreeMarkerProperties'
6952 [main] DEBUG o.s.b.f.s.DefaultListableBeanFactory - Autowiring by type from bean name 'org.springframework.boot.autoconfigure.freemarker.FreeMarkerServletWebConfiguration' via constructor to bean named 'spring.freemarker-org.springframework.boot.autoconfigure.freemarker.FreeMarkerProperties'
6966 [main] DEBUG o.s.b.f.s.DefaultListableBeanFactory - Creating shared instance of singleton bean 'com.alibaba.druid.spring.boot.autoconfigure.stat.DruidFilterConfiguration'
7115 [main] DEBUG o.s.b.f.s.DefaultListableBeanFactory - Creating shared instance of singleton bean 'com.alibaba.druid.spring.boot.autoconfigure.DruidDataSourceAutoConfigure'
7116 [main] DEBUG o.s.b.f.s.DefaultListableBeanFactory - Creating shared instance of singleton bean 'dataSource'
7146 [main] INFO  c.a.d.s.b.a.DruidDataSourceAutoConfigure - Init DruidDataSource
7244 [main] DEBUG o.s.b.f.s.DefaultListableBeanFactory - Creating shared instance of singleton bean 'spring.datasource-org.springframework.boot.autoconfigure.jdbc.DataSourceProperties'
11040 [main] INFO  c.a.druid.pool.DruidDataSource - {dataSource-1} inited
11087 [main] DEBUG o.s.b.f.s.DefaultListableBeanFactory - Creating shared instance of singleton bean 'org.springframework.boot.autoconfigure.jdbc.DataSourceInitializerInvoker'
11091 [main] DEBUG o.s.b.f.s.DefaultListableBeanFactory - Autowiring by type from bean name 'org.springframework.boot.autoconfigure.jdbc.DataSourceInitializerInvoker' via constructor to bean named 'spring.datasource-org.springframework.boot.autoconfigure.jdbc.DataSourceProperties'
11091 [main] DEBUG o.s.b.f.s.DefaultListableBeanFactory - Autowiring by type from bean name 'org.springframework.boot.autoconfigure.jdbc.DataSourceInitializerInvoker' via constructor to bean named 'org.springframework.boot.web.servlet.context.AnnotationConfigServletWebServerApplicationContext@67389cb8'
11104 [main] DEBUG o.s.b.f.s.DefaultListableBeanFactory - Creating shared instance of singleton bean 'org.springframework.boot.autoconfigure.jdbc.metadata.DataSourcePoolMetadataProvidersConfiguration$HikariPoolDataSourceMetadataProviderConfiguration'
11105 [main] DEBUG o.s.b.f.s.DefaultListableBeanFactory - Creating shared instance of singleton bean 'hikariPoolDataSourceMetadataProvider'
11109 [main] DEBUG o.s.b.f.s.DefaultListableBeanFactory - Creating shared instance of singleton bean 'org.springframework.boot.autoconfigure.jdbc.metadata.DataSourcePoolMetadataProvidersConfiguration'
11111 [main] DEBUG o.s.b.f.s.DefaultListableBeanFactory - Creating shared instance of singleton bean 'org.springframework.boot.autoconfigure.jdbc.DataSourceInitializationConfiguration'
11113 [main] DEBUG o.s.b.f.s.DefaultListableBeanFactory - Creating shared instance of singleton bean 'org.springframework.boot.autoconfigure.jdbc.DataSourceAutoConfiguration'
11115 [main] DEBUG o.s.b.f.s.DefaultListableBeanFactory - Creating shared instance of singleton bean 'com.baomidou.mybatisplus.autoconfigure.MybatisPlusAutoConfiguration$MapperScannerRegistrarNotFoundConfiguration'
11117 [main] DEBUG c.b.m.a.MybatisPlusAutoConfiguration - No org.mybatis.spring.mapper.MapperFactoryBean found.
11118 [main] DEBUG o.s.b.f.s.DefaultListableBeanFactory - Creating shared instance of singleton bean 'userDao'
11137 [main] DEBUG o.s.b.f.s.DefaultListableBeanFactory - Creating shared instance of singleton bean 'sqlSessionFactory'
11137 [main] DEBUG o.s.b.f.s.DefaultListableBeanFactory - Creating shared instance of singleton bean 'com.baomidou.mybatisplus.autoconfigure.MybatisPlusAutoConfiguration'
11139 [main] DEBUG o.s.c.LocalVariableTableParameterNameDiscoverer - Cannot find '.class' file for class [class com.baomidou.mybatisplus.autoconfigure.MybatisPlusAutoConfiguration$$EnhancerBySpringCGLIB$$f07797bd] - unable to determine constructor/method parameter names
11143 [main] DEBUG o.s.b.f.s.DefaultListableBeanFactory - Creating shared instance of singleton bean 'mybatis-plus-com.baomidou.mybatisplus.autoconfigure.MybatisPlusProperties'
11399 [main] DEBUG o.s.b.f.s.DefaultListableBeanFactory - Autowiring by type from bean name 'com.baomidou.mybatisplus.autoconfigure.MybatisPlusAutoConfiguration' via constructor to bean named 'mybatis-plus-com.baomidou.mybatisplus.autoconfigure.MybatisPlusProperties'
11399 [main] DEBUG o.s.b.f.s.DefaultListableBeanFactory - Autowiring by type from bean name 'com.baomidou.mybatisplus.autoconfigure.MybatisPlusAutoConfiguration' via constructor to bean named 'org.springframework.boot.web.servlet.context.AnnotationConfigServletWebServerApplicationContext@67389cb8'
11406 [main] DEBUG o.s.b.f.s.DefaultListableBeanFactory - Autowiring by type from bean name 'sqlSessionFactory' via factory method to bean named 'dataSource'
11751 [main] DEBUG c.b.m.core.MybatisConfiguration - addMappedStatement: top.bug1024.lovageshopping.modules.login.dao.UserDao.getUserByMail
11752 [main] DEBUG c.b.m.core.MybatisConfiguration - addMappedStatement: top.bug1024.lovageshopping.modules.login.dao.UserDao.getUserById
11754 [main] DEBUG c.b.m.core.MybatisConfiguration - addMappedStatement: top.bug1024.lovageshopping.modules.login.dao.UserDao.getUserByPhone
11834 [main] WARN  c.b.m.core.metadata.TableInfoHelper - Warn: Could not find @TableId in Class: top.bug1024.lovageshopping.modules.login.entity.User.
11875 [main] DEBUG c.b.m.core.MybatisConfiguration - addMappedStatement: top.bug1024.lovageshopping.modules.login.dao.UserDao.insert
11898 [main] DEBUG c.b.m.core.MybatisConfiguration - addMappedStatement: top.bug1024.lovageshopping.modules.login.dao.UserDao.delete
11906 [main] DEBUG c.b.m.core.MybatisConfiguration - addMappedStatement: top.bug1024.lovageshopping.modules.login.dao.UserDao.deleteByMap
11910 [main] DEBUG c.b.m.core.MybatisConfiguration - addMappedStatement: top.bug1024.lovageshopping.modules.login.dao.UserDao.deleteById
11916 [main] DEBUG c.b.m.core.MybatisConfiguration - addMappedStatement: top.bug1024.lovageshopping.modules.login.dao.UserDao.deleteBatchIds
11934 [main] DEBUG c.b.m.core.MybatisConfiguration - addMappedStatement: top.bug1024.lovageshopping.modules.login.dao.UserDao.update
11943 [main] DEBUG c.b.m.core.MybatisConfiguration - addMappedStatement: top.bug1024.lovageshopping.modules.login.dao.UserDao.updateById
11945 [main] DEBUG c.b.m.core.MybatisConfiguration - addMappedStatement: top.bug1024.lovageshopping.modules.login.dao.UserDao.selectById
11948 [main] DEBUG c.b.m.core.MybatisConfiguration - addMappedStatement: top.bug1024.lovageshopping.modules.login.dao.UserDao.selectBatchIds
11952 [main] DEBUG c.b.m.core.MybatisConfiguration - addMappedStatement: top.bug1024.lovageshopping.modules.login.dao.UserDao.selectByMap
11959 [main] DEBUG c.b.m.core.MybatisConfiguration - addMappedStatement: top.bug1024.lovageshopping.modules.login.dao.UserDao.selectOne
11966 [main] DEBUG c.b.m.core.MybatisConfiguration - addMappedStatement: top.bug1024.lovageshopping.modules.login.dao.UserDao.selectCount
11976 [main] DEBUG c.b.m.core.MybatisConfiguration - addMappedStatement: top.bug1024.lovageshopping.modules.login.dao.UserDao.selectMaps
11983 [main] DEBUG c.b.m.core.MybatisConfiguration - addMappedStatement: top.bug1024.lovageshopping.modules.login.dao.UserDao.selectMapsPage
11989 [main] DEBUG c.b.m.core.MybatisConfiguration - addMappedStatement: top.bug1024.lovageshopping.modules.login.dao.UserDao.selectObjs
11996 [main] DEBUG c.b.m.core.MybatisConfiguration - addMappedStatement: top.bug1024.lovageshopping.modules.login.dao.UserDao.selectList
12004 [main] DEBUG c.b.m.core.MybatisConfiguration - addMappedStatement: top.bug1024.lovageshopping.modules.login.dao.UserDao.selectPage
12005 [main] DEBUG c.b.m.e.s.MybatisSqlSessionFactoryBean - Parsed mapper file: 'file [E:\java\lovageshopping\target\classes\mapper\UserMapper.xml]'
12010 [main] DEBUG o.s.b.f.s.DefaultListableBeanFactory - Creating shared instance of singleton bean 'sqlSessionTemplate'
12011 [main] DEBUG o.s.b.f.s.DefaultListableBeanFactory - Autowiring by type from bean name 'sqlSessionTemplate' via factory method to bean named 'sqlSessionFactory'
12021 [main] DEBUG o.s.b.f.s.DefaultListableBeanFactory - Creating shared instance of singleton bean 'org.springframework.boot.autoconfigure.jmx.JmxAutoConfiguration'
12021 [main] DEBUG o.s.b.f.s.DefaultListableBeanFactory - Autowiring by type from bean name 'org.springframework.boot.autoconfigure.jmx.JmxAutoConfiguration' via constructor to bean named 'environment'
12022 [main] DEBUG o.s.b.f.s.DefaultListableBeanFactory - Creating shared instance of singleton bean 'mbeanExporter'
12023 [main] DEBUG o.s.b.f.s.DefaultListableBeanFactory - Creating shared instance of singleton bean 'objectNamingStrategy'
12028 [main] DEBUG o.s.b.f.s.DefaultListableBeanFactory - Autowiring by type from bean name 'mbeanExporter' via factory method to bean named 'objectNamingStrategy'
12028 [main] DEBUG o.s.b.f.s.DefaultListableBeanFactory - Autowiring by type from bean name 'mbeanExporter' via factory method to bean named 'org.springframework.beans.factory.support.DefaultListableBeanFactory@26b894bd'
12040 [main] DEBUG o.s.b.f.s.DefaultListableBeanFactory - Creating shared instance of singleton bean 'mbeanServer'
12049 [main] DEBUG o.s.jmx.support.JmxUtils - Found MBeanServer: com.sun.jmx.mbeanserver.JmxMBeanServer@13c78c0b
12062 [main] DEBUG o.s.b.f.s.DefaultListableBeanFactory - Creating shared instance of singleton bean 'org.springframework.boot.autoconfigure.admin.SpringApplicationAdminJmxAutoConfiguration'
12062 [main] DEBUG o.s.b.f.s.DefaultListableBeanFactory - Creating shared instance of singleton bean 'springApplicationAdminRegistrar'
12063 [main] DEBUG o.s.b.f.s.DefaultListableBeanFactory - Autowiring by type from bean name 'springApplicationAdminRegistrar' via factory method to bean named 'environment'
12067 [main] DEBUG o.s.b.a.SpringApplicationAdminMXBeanRegistrar$SpringApplicationAdmin - Application Admin MBean registered with name 'org.springframework.boot:type=Admin,name=SpringApplication'
12069 [main] DEBUG o.s.b.f.s.DefaultListableBeanFactory - Creating shared instance of singleton bean 'org.springframework.boot.autoconfigure.aop.AopAutoConfiguration$ClassProxyingConfiguration'
12070 [main] DEBUG o.s.b.f.s.DefaultListableBeanFactory - Autowiring by type from bean name 'org.springframework.boot.autoconfigure.aop.AopAutoConfiguration$ClassProxyingConfiguration' via constructor to bean named 'org.springframework.beans.factory.support.DefaultListableBeanFactory@26b894bd'
12070 [main] DEBUG o.s.b.f.s.DefaultListableBeanFactory - Creating shared instance of singleton bean 'org.springframework.boot.autoconfigure.aop.AopAutoConfiguration'
12071 [main] DEBUG o.s.b.f.s.DefaultListableBeanFactory - Creating shared instance of singleton bean 'org.springframework.boot.autoconfigure.availability.ApplicationAvailabilityAutoConfiguration'
12072 [main] DEBUG o.s.b.f.s.DefaultListableBeanFactory - Creating shared instance of singleton bean 'applicationAvailability'
12077 [main] DEBUG o.s.b.f.s.DefaultListableBeanFactory - Creating shared instance of singleton bean 'org.springframework.boot.autoconfigure.data.redis.LettuceConnectionConfiguration'
12078 [main] DEBUG o.s.b.f.s.DefaultListableBeanFactory - Creating shared instance of singleton bean 'spring.redis-org.springframework.boot.autoconfigure.data.redis.RedisProperties'
12097 [main] DEBUG o.s.b.f.s.DefaultListableBeanFactory - Autowiring by type from bean name 'org.springframework.boot.autoconfigure.data.redis.LettuceConnectionConfiguration' via constructor to bean named 'spring.redis-org.springframework.boot.autoconfigure.data.redis.RedisProperties'
12100 [main] DEBUG o.s.b.f.s.DefaultListableBeanFactory - Creating shared instance of singleton bean 'lettuceClientResources'
12108 [main] DEBUG i.n.u.i.l.InternalLoggerFactory - Using SLF4J as the default logging framework
12113 [main] DEBUG i.l.c.r.DefaultClientResources - -Dio.netty.eventLoopThreads: 8
12141 [main] DEBUG i.l.c.r.DefaultEventLoopGroupProvider - Creating executor io.netty.util.concurrent.DefaultEventExecutorGroup
12202 [main] DEBUG i.n.u.i.InternalThreadLocalMap - -Dio.netty.threadLocalMap.stringBuilder.initialSize: 1024
12202 [main] DEBUG i.n.u.i.InternalThreadLocalMap - -Dio.netty.threadLocalMap.stringBuilder.maxSize: 4096
12217 [main] DEBUG io.netty.util.ResourceLeakDetector - -Dio.netty.leakDetection.level: simple
12217 [main] DEBUG io.netty.util.ResourceLeakDetector - -Dio.netty.leakDetection.targetRecords: 4
12224 [main] DEBUG i.n.u.ResourceLeakDetectorFactory - Loaded default ResourceLeakDetector: io.netty.util.ResourceLeakDetector@4409cae6
12233 [main] DEBUG i.n.util.internal.PlatformDependent - Platform: Windows
12236 [main] DEBUG i.n.u.internal.PlatformDependent0 - -Dio.netty.noUnsafe: false
12236 [main] DEBUG i.n.u.internal.PlatformDependent0 - Java version: 8
12238 [main] DEBUG i.n.u.internal.PlatformDependent0 - sun.misc.Unsafe.theUnsafe: available
12239 [main] DEBUG i.n.u.internal.PlatformDependent0 - sun.misc.Unsafe.copyMemory: available
12241 [main] DEBUG i.n.u.internal.PlatformDependent0 - java.nio.Buffer.address: available
12242 [main] DEBUG i.n.u.internal.PlatformDependent0 - direct buffer constructor: available
12244 [main] DEBUG i.n.u.internal.PlatformDependent0 - java.nio.Bits.unaligned: available, true
12244 [main] DEBUG i.n.u.internal.PlatformDependent0 - jdk.internal.misc.Unsafe.allocateUninitializedArray(int): unavailable prior to Java9
12244 [main] DEBUG i.n.u.internal.PlatformDependent0 - java.nio.DirectByteBuffer.<init>(long, int): available
12244 [main] DEBUG i.n.util.internal.PlatformDependent - sun.misc.Unsafe: available
12245 [main] DEBUG i.n.util.internal.PlatformDependent - -Dio.netty.tmpdir: C:\Users\47440\AppData\Local\Temp (java.io.tmpdir)
12245 [main] DEBUG i.n.util.internal.PlatformDependent - -Dio.netty.bitMode: 64 (sun.arch.data.model)
12249 [main] DEBUG i.n.util.internal.PlatformDependent - -Dio.netty.maxDirectMemory: 3784310784 bytes
12249 [main] DEBUG i.n.util.internal.PlatformDependent - -Dio.netty.uninitializedArrayAllocationThreshold: -1
12251 [main] DEBUG io.netty.util.internal.CleanerJava6 - java.nio.ByteBuffer.cleaner(): available
12252 [main] DEBUG i.n.util.internal.PlatformDependent - -Dio.netty.noPreferDirect: false
12257 [main] DEBUG i.n.util.internal.PlatformDependent - org.jctools-core.MpscChunkedArrayQueue: available
12295 [main] DEBUG reactor.util.Loggers - Using Slf4j logging framework
12363 [main] DEBUG i.l.c.r.DefaultClientResources - LatencyUtils/HdrUtils are not available, metrics are disabled
12383 [main] DEBUG o.s.b.f.s.DefaultListableBeanFactory - Creating shared instance of singleton bean 'redisConnectionFactory'
12384 [main] DEBUG o.s.b.f.s.DefaultListableBeanFactory - Autowiring by type from bean name 'redisConnectionFactory' via factory method to bean named 'lettuceClientResources'
12576 [main] DEBUG o.s.b.f.s.DefaultListableBeanFactory - Creating shared instance of singleton bean 'org.springframework.boot.autoconfigure.data.redis.RedisAutoConfiguration'
12577 [main] DEBUG o.s.b.f.s.DefaultListableBeanFactory - Creating shared instance of singleton bean 'redisTemplate'
12578 [main] DEBUG o.s.b.f.s.DefaultListableBeanFactory - Autowiring by type from bean name 'redisTemplate' via factory method to bean named 'redisConnectionFactory'
12667 [main] DEBUG o.s.data.convert.CustomConversions - Adding converter from class java.lang.String to class [B as writing converter.
12667 [main] DEBUG o.s.data.convert.CustomConversions - Adding converter from class [B to class java.lang.String as reading converter.
12668 [main] DEBUG o.s.data.convert.CustomConversions - Adding converter from class java.lang.Number to class [B as writing converter.
12668 [main] DEBUG o.s.data.convert.CustomConversions - Adding converter from class [B to class java.lang.Number as reading converter.
12668 [main] DEBUG o.s.data.convert.CustomConversions - Adding converter from class java.lang.Enum to class [B as writing converter.
12668 [main] DEBUG o.s.data.convert.CustomConversions - Adding converter from class [B to class java.lang.Enum as reading converter.
12668 [main] DEBUG o.s.data.convert.CustomConversions - Adding converter from class java.lang.Boolean to class [B as writing converter.
12668 [main] DEBUG o.s.data.convert.CustomConversions - Adding converter from class [B to class java.lang.Boolean as reading converter.
12669 [main] DEBUG o.s.data.convert.CustomConversions - Adding converter from class java.util.Date to class [B as writing converter.
12669 [main] DEBUG o.s.data.convert.CustomConversions - Adding converter from class [B to class java.util.Date as reading converter.
12669 [main] DEBUG o.s.data.convert.CustomConversions - Adding converter from class java.util.UUID to class [B as writing converter.
12669 [main] DEBUG o.s.data.convert.CustomConversions - Adding converter from class [B to class java.util.UUID as reading converter.
12669 [main] DEBUG o.s.data.convert.CustomConversions - Adding converter from class java.time.LocalDateTime to class [B as writing converter.
12669 [main] DEBUG o.s.data.convert.CustomConversions - Adding converter from class [B to class java.time.LocalDateTime as reading converter.
12669 [main] DEBUG o.s.data.convert.CustomConversions - Adding converter from class java.time.LocalDate to class [B as writing converter.
12669 [main] DEBUG o.s.data.convert.CustomConversions - Adding converter from class [B to class java.time.LocalDate as reading converter.
12669 [main] DEBUG o.s.data.convert.CustomConversions - Adding converter from class java.time.LocalTime to class [B as writing converter.
12669 [main] DEBUG o.s.data.convert.CustomConversions - Adding converter from class [B to class java.time.LocalTime as reading converter.
12669 [main] DEBUG o.s.data.convert.CustomConversions - Adding converter from class java.time.ZonedDateTime to class [B as writing converter.
12670 [main] DEBUG o.s.data.convert.CustomConversions - Adding converter from class [B to class java.time.ZonedDateTime as reading converter.
12670 [main] DEBUG o.s.data.convert.CustomConversions - Adding converter from class java.time.Instant to class [B as writing converter.
12670 [main] DEBUG o.s.data.convert.CustomConversions - Adding converter from class [B to class java.time.Instant as reading converter.
12670 [main] DEBUG o.s.data.convert.CustomConversions - Adding converter from class java.time.ZoneId to class [B as writing converter.
12670 [main] DEBUG o.s.data.convert.CustomConversions - Adding converter from class [B to class java.time.ZoneId as reading converter.
12670 [main] DEBUG o.s.data.convert.CustomConversions - Adding converter from class java.time.Period to class [B as writing converter.
12670 [main] DEBUG o.s.data.convert.CustomConversions - Adding converter from class [B to class java.time.Period as reading converter.
12670 [main] DEBUG o.s.data.convert.CustomConversions - Adding converter from class java.time.Duration to class [B as writing converter.
12670 [main] DEBUG o.s.data.convert.CustomConversions - Adding converter from class [B to class java.time.Duration as reading converter.
12671 [main] DEBUG o.s.data.convert.CustomConversions - Adding converter from class java.util.Date to class java.time.LocalDateTime as reading converter.
12671 [main] DEBUG o.s.data.convert.CustomConversions - Adding converter from class java.time.LocalDateTime to class java.util.Date as writing converter.
12671 [main] DEBUG o.s.data.convert.CustomConversions - Adding converter from class java.util.Date to class java.time.LocalDate as reading converter.
12671 [main] DEBUG o.s.data.convert.CustomConversions - Adding converter from class java.time.LocalDate to class java.util.Date as writing converter.
12671 [main] DEBUG o.s.data.convert.CustomConversions - Adding converter from class java.util.Date to class java.time.LocalTime as reading converter.
12671 [main] DEBUG o.s.data.convert.CustomConversions - Adding converter from class java.time.LocalTime to class java.util.Date as writing converter.
12671 [main] DEBUG o.s.data.convert.CustomConversions - Adding converter from class java.util.Date to class java.time.Instant as reading converter.
12671 [main] DEBUG o.s.data.convert.CustomConversions - Adding converter from class java.time.Instant to class java.util.Date as writing converter.
12671 [main] DEBUG o.s.data.convert.CustomConversions - Adding converter from class java.time.LocalDateTime to class java.time.Instant as reading converter.
12672 [main] DEBUG o.s.data.convert.CustomConversions - Adding converter from class java.time.Instant to class java.time.LocalDateTime as reading converter.
12672 [main] DEBUG o.s.data.convert.CustomConversions - Adding converter from class java.time.ZoneId to class java.lang.String as writing converter.
12672 [main] DEBUG o.s.data.convert.CustomConversions - Adding converter from class java.lang.String to class java.time.ZoneId as reading converter.
12672 [main] DEBUG o.s.data.convert.CustomConversions - Adding converter from class java.time.Duration to class java.lang.String as writing converter.
12672 [main] DEBUG o.s.data.convert.CustomConversions - Adding converter from class java.lang.String to class java.time.Duration as reading converter.
12672 [main] DEBUG o.s.data.convert.CustomConversions - Adding converter from class java.time.Period to class java.lang.String as writing converter.
12673 [main] DEBUG o.s.data.convert.CustomConversions - Adding converter from class java.lang.String to class java.time.Period as reading converter.
12673 [main] DEBUG o.s.data.convert.CustomConversions - Adding converter from class java.lang.String to class java.time.LocalDate as reading converter.
12673 [main] DEBUG o.s.data.convert.CustomConversions - Adding converter from class java.lang.String to class java.time.LocalDateTime as reading converter.
12673 [main] DEBUG o.s.data.convert.CustomConversions - Adding converter from class java.lang.String to class java.time.Instant as reading converter.
12676 [main] DEBUG o.s.data.convert.CustomConversions - Adding converter from class java.lang.String to class [B as writing converter.
12676 [main] DEBUG o.s.data.convert.CustomConversions - Adding converter from class [B to class java.lang.String as reading converter.
12676 [main] DEBUG o.s.data.convert.CustomConversions - Adding converter from class java.lang.Number to class [B as writing converter.
12676 [main] DEBUG o.s.data.convert.CustomConversions - Adding converter from class [B to class java.lang.Number as reading converter.
12676 [main] DEBUG o.s.data.convert.CustomConversions - Adding converter from class java.lang.Enum to class [B as writing converter.
12676 [main] DEBUG o.s.data.convert.CustomConversions - Adding converter from class [B to class java.lang.Enum as reading converter.
12676 [main] DEBUG o.s.data.convert.CustomConversions - Adding converter from class java.lang.Boolean to class [B as writing converter.
12676 [main] DEBUG o.s.data.convert.CustomConversions - Adding converter from class [B to class java.lang.Boolean as reading converter.
12676 [main] DEBUG o.s.data.convert.CustomConversions - Adding converter from class java.util.Date to class [B as writing converter.
12676 [main] DEBUG o.s.data.convert.CustomConversions - Adding converter from class [B to class java.util.Date as reading converter.
12676 [main] DEBUG o.s.data.convert.CustomConversions - Adding converter from class java.util.UUID to class [B as writing converter.
12677 [main] DEBUG o.s.data.convert.CustomConversions - Adding converter from class [B to class java.util.UUID as reading converter.
12677 [main] DEBUG o.s.data.convert.CustomConversions - Adding converter from class java.time.LocalDateTime to class [B as writing converter.
12677 [main] DEBUG o.s.data.convert.CustomConversions - Adding converter from class [B to class java.time.LocalDateTime as reading converter.
12677 [main] DEBUG o.s.data.convert.CustomConversions - Adding converter from class java.time.LocalDate to class [B as writing converter.
12677 [main] DEBUG o.s.data.convert.CustomConversions - Adding converter from class [B to class java.time.LocalDate as reading converter.
12677 [main] DEBUG o.s.data.convert.CustomConversions - Adding converter from class java.time.LocalTime to class [B as writing converter.
12677 [main] DEBUG o.s.data.convert.CustomConversions - Adding converter from class [B to class java.time.LocalTime as reading converter.
12678 [main] DEBUG o.s.data.convert.CustomConversions - Adding converter from class java.time.ZonedDateTime to class [B as writing converter.
12678 [main] DEBUG o.s.data.convert.CustomConversions - Adding converter from class [B to class java.time.ZonedDateTime as reading converter.
12678 [main] DEBUG o.s.data.convert.CustomConversions - Adding converter from class java.time.Instant to class [B as writing converter.
12678 [main] DEBUG o.s.data.convert.CustomConversions - Adding converter from class [B to class java.time.Instant as reading converter.
12678 [main] DEBUG o.s.data.convert.CustomConversions - Adding converter from class java.time.ZoneId to class [B as writing converter.
12678 [main] DEBUG o.s.data.convert.CustomConversions - Adding converter from class [B to class java.time.ZoneId as reading converter.
12679 [main] DEBUG o.s.data.convert.CustomConversions - Adding converter from class java.time.Period to class [B as writing converter.
12679 [main] DEBUG o.s.data.convert.CustomConversions - Adding converter from class [B to class java.time.Period as reading converter.
12679 [main] DEBUG o.s.data.convert.CustomConversions - Adding converter from class java.time.Duration to class [B as writing converter.
12679 [main] DEBUG o.s.data.convert.CustomConversions - Adding converter from class [B to class java.time.Duration as reading converter.
12679 [main] DEBUG o.s.data.convert.CustomConversions - Adding converter from class java.util.Date to class java.time.LocalDateTime as reading converter.
12679 [main] DEBUG o.s.data.convert.CustomConversions - Adding converter from class java.time.LocalDateTime to class java.util.Date as writing converter.
12679 [main] DEBUG o.s.data.convert.CustomConversions - Adding converter from class java.util.Date to class java.time.LocalDate as reading converter.
12679 [main] DEBUG o.s.data.convert.CustomConversions - Adding converter from class java.time.LocalDate to class java.util.Date as writing converter.
12680 [main] DEBUG o.s.data.convert.CustomConversions - Adding converter from class java.util.Date to class java.time.LocalTime as reading converter.
12680 [main] DEBUG o.s.data.convert.CustomConversions - Adding converter from class java.time.LocalTime to class java.util.Date as writing converter.
12680 [main] DEBUG o.s.data.convert.CustomConversions - Adding converter from class java.util.Date to class java.time.Instant as reading converter.
12680 [main] DEBUG o.s.data.convert.CustomConversions - Adding converter from class java.time.Instant to class java.util.Date as writing converter.
12680 [main] DEBUG o.s.data.convert.CustomConversions - Adding converter from class java.time.LocalDateTime to class java.time.Instant as reading converter.
12680 [main] DEBUG o.s.data.convert.CustomConversions - Adding converter from class java.time.Instant to class java.time.LocalDateTime as reading converter.
12680 [main] DEBUG o.s.data.convert.CustomConversions - Adding converter from class java.time.ZoneId to class java.lang.String as writing converter.
12681 [main] DEBUG o.s.data.convert.CustomConversions - Adding converter from class java.lang.String to class java.time.ZoneId as reading converter.
12681 [main] DEBUG o.s.data.convert.CustomConversions - Adding converter from class java.time.Duration to class java.lang.String as writing converter.
12681 [main] DEBUG o.s.data.convert.CustomConversions - Adding converter from class java.lang.String to class java.time.Duration as reading converter.
12681 [main] DEBUG o.s.data.convert.CustomConversions - Adding converter from class java.time.Period to class java.lang.String as writing converter.
12681 [main] DEBUG o.s.data.convert.CustomConversions - Adding converter from class java.lang.String to class java.time.Period as reading converter.
12681 [main] DEBUG o.s.data.convert.CustomConversions - Adding converter from class java.lang.String to class java.time.LocalDate as reading converter.
12681 [main] DEBUG o.s.data.convert.CustomConversions - Adding converter from class java.lang.String to class java.time.LocalDateTime as reading converter.
12681 [main] DEBUG o.s.data.convert.CustomConversions - Adding converter from class java.lang.String to class java.time.Instant as reading converter.
12705 [main] DEBUG o.s.data.convert.CustomConversions - Adding converter from class java.lang.String to class [B as writing converter.
12705 [main] DEBUG o.s.data.convert.CustomConversions - Adding converter from class [B to class java.lang.String as reading converter.
12706 [main] DEBUG o.s.data.convert.CustomConversions - Adding converter from class java.lang.Number to class [B as writing converter.
12706 [main] DEBUG o.s.data.convert.CustomConversions - Adding converter from class [B to class java.lang.Number as reading converter.
12706 [main] DEBUG o.s.data.convert.CustomConversions - Adding converter from class java.lang.Enum to class [B as writing converter.
12706 [main] DEBUG o.s.data.convert.CustomConversions - Adding converter from class [B to class java.lang.Enum as reading converter.
12706 [main] DEBUG o.s.data.convert.CustomConversions - Adding converter from class java.lang.Boolean to class [B as writing converter.
12706 [main] DEBUG o.s.data.convert.CustomConversions - Adding converter from class [B to class java.lang.Boolean as reading converter.
12706 [main] DEBUG o.s.data.convert.CustomConversions - Adding converter from class java.util.Date to class [B as writing converter.
12706 [main] DEBUG o.s.data.convert.CustomConversions - Adding converter from class [B to class java.util.Date as reading converter.
12706 [main] DEBUG o.s.data.convert.CustomConversions - Adding converter from class java.util.UUID to class [B as writing converter.
12706 [main] DEBUG o.s.data.convert.CustomConversions - Adding converter from class [B to class java.util.UUID as reading converter.
12706 [main] DEBUG o.s.data.convert.CustomConversions - Adding converter from class java.time.LocalDateTime to class [B as writing converter.
12706 [main] DEBUG o.s.data.convert.CustomConversions - Adding converter from class [B to class java.time.LocalDateTime as reading converter.
12706 [main] DEBUG o.s.data.convert.CustomConversions - Adding converter from class java.time.LocalDate to class [B as writing converter.
12707 [main] DEBUG o.s.data.convert.CustomConversions - Adding converter from class [B to class java.time.LocalDate as reading converter.
12707 [main] DEBUG o.s.data.convert.CustomConversions - Adding converter from class java.time.LocalTime to class [B as writing converter.
12707 [main] DEBUG o.s.data.convert.CustomConversions - Adding converter from class [B to class java.time.LocalTime as reading converter.
12707 [main] DEBUG o.s.data.convert.CustomConversions - Adding converter from class java.time.ZonedDateTime to class [B as writing converter.
12707 [main] DEBUG o.s.data.convert.CustomConversions - Adding converter from class [B to class java.time.ZonedDateTime as reading converter.
12707 [main] DEBUG o.s.data.convert.CustomConversions - Adding converter from class java.time.Instant to class [B as writing converter.
12707 [main] DEBUG o.s.data.convert.CustomConversions - Adding converter from class [B to class java.time.Instant as reading converter.
12707 [main] DEBUG o.s.data.convert.CustomConversions - Adding converter from class java.time.ZoneId to class [B as writing converter.
12707 [main] DEBUG o.s.data.convert.CustomConversions - Adding converter from class [B to class java.time.ZoneId as reading converter.
12707 [main] DEBUG o.s.data.convert.CustomConversions - Adding converter from class java.time.Period to class [B as writing converter.
12708 [main] DEBUG o.s.data.convert.CustomConversions - Adding converter from class [B to class java.time.Period as reading converter.
12708 [main] DEBUG o.s.data.convert.CustomConversions - Adding converter from class java.time.Duration to class [B as writing converter.
12708 [main] DEBUG o.s.data.convert.CustomConversions - Adding converter from class [B to class java.time.Duration as reading converter.
12708 [main] DEBUG o.s.data.convert.CustomConversions - Adding converter from class java.util.Date to class java.time.LocalDateTime as reading converter.
12708 [main] DEBUG o.s.data.convert.CustomConversions - Adding converter from class java.time.LocalDateTime to class java.util.Date as writing converter.
12708 [main] DEBUG o.s.data.convert.CustomConversions - Adding converter from class java.util.Date to class java.time.LocalDate as reading converter.
12708 [main] DEBUG o.s.data.convert.CustomConversions - Adding converter from class java.time.LocalDate to class java.util.Date as writing converter.
12708 [main] DEBUG o.s.data.convert.CustomConversions - Adding converter from class java.util.Date to class java.time.LocalTime as reading converter.
12709 [main] DEBUG o.s.data.convert.CustomConversions - Adding converter from class java.time.LocalTime to class java.util.Date as writing converter.
12709 [main] DEBUG o.s.data.convert.CustomConversions - Adding converter from class java.util.Date to class java.time.Instant as reading converter.
12709 [main] DEBUG o.s.data.convert.CustomConversions - Adding converter from class java.time.Instant to class java.util.Date as writing converter.
12709 [main] DEBUG o.s.data.convert.CustomConversions - Adding converter from class java.time.LocalDateTime to class java.time.Instant as reading converter.
12709 [main] DEBUG o.s.data.convert.CustomConversions - Adding converter from class java.time.Instant to class java.time.LocalDateTime as reading converter.
12710 [main] DEBUG o.s.data.convert.CustomConversions - Adding converter from class java.time.ZoneId to class java.lang.String as writing converter.
12710 [main] DEBUG o.s.data.convert.CustomConversions - Adding converter from class java.lang.String to class java.time.ZoneId as reading converter.
12710 [main] DEBUG o.s.data.convert.CustomConversions - Adding converter from class java.time.Duration to class java.lang.String as writing converter.
12710 [main] DEBUG o.s.data.convert.CustomConversions - Adding converter from class java.lang.String to class java.time.Duration as reading converter.
12710 [main] DEBUG o.s.data.convert.CustomConversions - Adding converter from class java.time.Period to class java.lang.String as writing converter.
12710 [main] DEBUG o.s.data.convert.CustomConversions - Adding converter from class java.lang.String to class java.time.Period as reading converter.
12710 [main] DEBUG o.s.data.convert.CustomConversions - Adding converter from class java.lang.String to class java.time.LocalDate as reading converter.
12710 [main] DEBUG o.s.data.convert.CustomConversions - Adding converter from class java.lang.String to class java.time.LocalDateTime as reading converter.
12710 [main] DEBUG o.s.data.convert.CustomConversions - Adding converter from class java.lang.String to class java.time.Instant as reading converter.
12717 [main] DEBUG o.s.data.convert.CustomConversions - Adding converter from class java.lang.String to class [B as writing converter.
12717 [main] DEBUG o.s.data.convert.CustomConversions - Adding converter from class [B to class java.lang.String as reading converter.
12717 [main] DEBUG o.s.data.convert.CustomConversions - Adding converter from class java.lang.Number to class [B as writing converter.
12717 [main] DEBUG o.s.data.convert.CustomConversions - Adding converter from class [B to class java.lang.Number as reading converter.
12717 [main] DEBUG o.s.data.convert.CustomConversions - Adding converter from class java.lang.Enum to class [B as writing converter.
12717 [main] DEBUG o.s.data.convert.CustomConversions - Adding converter from class [B to class java.lang.Enum as reading converter.
12717 [main] DEBUG o.s.data.convert.CustomConversions - Adding converter from class java.lang.Boolean to class [B as writing converter.
12717 [main] DEBUG o.s.data.convert.CustomConversions - Adding converter from class [B to class java.lang.Boolean as reading converter.
12717 [main] DEBUG o.s.data.convert.CustomConversions - Adding converter from class java.util.Date to class [B as writing converter.
12717 [main] DEBUG o.s.data.convert.CustomConversions - Adding converter from class [B to class java.util.Date as reading converter.
12718 [main] DEBUG o.s.data.convert.CustomConversions - Adding converter from class java.util.UUID to class [B as writing converter.
12718 [main] DEBUG o.s.data.convert.CustomConversions - Adding converter from class [B to class java.util.UUID as reading converter.
12718 [main] DEBUG o.s.data.convert.CustomConversions - Adding converter from class java.time.LocalDateTime to class [B as writing converter.
12718 [main] DEBUG o.s.data.convert.CustomConversions - Adding converter from class [B to class java.time.LocalDateTime as reading converter.
12718 [main] DEBUG o.s.data.convert.CustomConversions - Adding converter from class java.time.LocalDate to class [B as writing converter.
12719 [main] DEBUG o.s.data.convert.CustomConversions - Adding converter from class [B to class java.time.LocalDate as reading converter.
12719 [main] DEBUG o.s.data.convert.CustomConversions - Adding converter from class java.time.LocalTime to class [B as writing converter.
12719 [main] DEBUG o.s.data.convert.CustomConversions - Adding converter from class [B to class java.time.LocalTime as reading converter.
12719 [main] DEBUG o.s.data.convert.CustomConversions - Adding converter from class java.time.ZonedDateTime to class [B as writing converter.
12719 [main] DEBUG o.s.data.convert.CustomConversions - Adding converter from class [B to class java.time.ZonedDateTime as reading converter.
12719 [main] DEBUG o.s.data.convert.CustomConversions - Adding converter from class java.time.Instant to class [B as writing converter.
12719 [main] DEBUG o.s.data.convert.CustomConversions - Adding converter from class [B to class java.time.Instant as reading converter.
12719 [main] DEBUG o.s.data.convert.CustomConversions - Adding converter from class java.time.ZoneId to class [B as writing converter.
12719 [main] DEBUG o.s.data.convert.CustomConversions - Adding converter from class [B to class java.time.ZoneId as reading converter.
12719 [main] DEBUG o.s.data.convert.CustomConversions - Adding converter from class java.time.Period to class [B as writing converter.
12719 [main] DEBUG o.s.data.convert.CustomConversions - Adding converter from class [B to class java.time.Period as reading converter.
12720 [main] DEBUG o.s.data.convert.CustomConversions - Adding converter from class java.time.Duration to class [B as writing converter.
12720 [main] DEBUG o.s.data.convert.CustomConversions - Adding converter from class [B to class java.time.Duration as reading converter.
12720 [main] DEBUG o.s.data.convert.CustomConversions - Adding converter from class java.util.Date to class java.time.LocalDateTime as reading converter.
12720 [main] DEBUG o.s.data.convert.CustomConversions - Adding converter from class java.time.LocalDateTime to class java.util.Date as writing converter.
12720 [main] DEBUG o.s.data.convert.CustomConversions - Adding converter from class java.util.Date to class java.time.LocalDate as reading converter.
12720 [main] DEBUG o.s.data.convert.CustomConversions - Adding converter from class java.time.LocalDate to class java.util.Date as writing converter.
12720 [main] DEBUG o.s.data.convert.CustomConversions - Adding converter from class java.util.Date to class java.time.LocalTime as reading converter.
12720 [main] DEBUG o.s.data.convert.CustomConversions - Adding converter from class java.time.LocalTime to class java.util.Date as writing converter.
12720 [main] DEBUG o.s.data.convert.CustomConversions - Adding converter from class java.util.Date to class java.time.Instant as reading converter.
12720 [main] DEBUG o.s.data.convert.CustomConversions - Adding converter from class java.time.Instant to class java.util.Date as writing converter.
12720 [main] DEBUG o.s.data.convert.CustomConversions - Adding converter from class java.time.LocalDateTime to class java.time.Instant as reading converter.
12720 [main] DEBUG o.s.data.convert.CustomConversions - Adding converter from class java.time.Instant to class java.time.LocalDateTime as reading converter.
12720 [main] DEBUG o.s.data.convert.CustomConversions - Adding converter from class java.time.ZoneId to class java.lang.String as writing converter.
12721 [main] DEBUG o.s.data.convert.CustomConversions - Adding converter from class java.lang.String to class java.time.ZoneId as reading converter.
12721 [main] DEBUG o.s.data.convert.CustomConversions - Adding converter from class java.time.Duration to class java.lang.String as writing converter.
12721 [main] DEBUG o.s.data.convert.CustomConversions - Adding converter from class java.lang.String to class java.time.Duration as reading converter.
12721 [main] DEBUG o.s.data.convert.CustomConversions - Adding converter from class java.time.Period to class java.lang.String as writing converter.
12721 [main] DEBUG o.s.data.convert.CustomConversions - Adding converter from class java.lang.String to class java.time.Period as reading converter.
12721 [main] DEBUG o.s.data.convert.CustomConversions - Adding converter from class java.lang.String to class java.time.LocalDate as reading converter.
12721 [main] DEBUG o.s.data.convert.CustomConversions - Adding converter from class java.lang.String to class java.time.LocalDateTime as reading converter.
12721 [main] DEBUG o.s.data.convert.CustomConversions - Adding converter from class java.lang.String to class java.time.Instant as reading converter.
12734 [main] DEBUG o.s.data.convert.CustomConversions - Adding converter from class java.lang.String to class [B as writing converter.
12734 [main] DEBUG o.s.data.convert.CustomConversions - Adding converter from class [B to class java.lang.String as reading converter.
12734 [main] DEBUG o.s.data.convert.CustomConversions - Adding converter from class java.lang.Number to class [B as writing converter.
12734 [main] DEBUG o.s.data.convert.CustomConversions - Adding converter from class [B to class java.lang.Number as reading converter.
12734 [main] DEBUG o.s.data.convert.CustomConversions - Adding converter from class java.lang.Enum to class [B as writing converter.
12734 [main] DEBUG o.s.data.convert.CustomConversions - Adding converter from class [B to class java.lang.Enum as reading converter.
12735 [main] DEBUG o.s.data.convert.CustomConversions - Adding converter from class java.lang.Boolean to class [B as writing converter.
12735 [main] DEBUG o.s.data.convert.CustomConversions - Adding converter from class [B to class java.lang.Boolean as reading converter.
12735 [main] DEBUG o.s.data.convert.CustomConversions - Adding converter from class java.util.Date to class [B as writing converter.
12735 [main] DEBUG o.s.data.convert.CustomConversions - Adding converter from class [B to class java.util.Date as reading converter.
12735 [main] DEBUG o.s.data.convert.CustomConversions - Adding converter from class java.util.UUID to class [B as writing converter.
12735 [main] DEBUG o.s.data.convert.CustomConversions - Adding converter from class [B to class java.util.UUID as reading converter.
12735 [main] DEBUG o.s.data.convert.CustomConversions - Adding converter from class java.time.LocalDateTime to class [B as writing converter.
12735 [main] DEBUG o.s.data.convert.CustomConversions - Adding converter from class [B to class java.time.LocalDateTime as reading converter.
12735 [main] DEBUG o.s.data.convert.CustomConversions - Adding converter from class java.time.LocalDate to class [B as writing converter.
12735 [main] DEBUG o.s.data.convert.CustomConversions - Adding converter from class [B to class java.time.LocalDate as reading converter.
12735 [main] DEBUG o.s.data.convert.CustomConversions - Adding converter from class java.time.LocalTime to class [B as writing converter.
12735 [main] DEBUG o.s.data.convert.CustomConversions - Adding converter from class [B to class java.time.LocalTime as reading converter.
12735 [main] DEBUG o.s.data.convert.CustomConversions - Adding converter from class java.time.ZonedDateTime to class [B as writing converter.
12735 [main] DEBUG o.s.data.convert.CustomConversions - Adding converter from class [B to class java.time.ZonedDateTime as reading converter.
12735 [main] DEBUG o.s.data.convert.CustomConversions - Adding converter from class java.time.Instant to class [B as writing converter.
12736 [main] DEBUG o.s.data.convert.CustomConversions - Adding converter from class [B to class java.time.Instant as reading converter.
12736 [main] DEBUG o.s.data.convert.CustomConversions - Adding converter from class java.time.ZoneId to class [B as writing converter.
12736 [main] DEBUG o.s.data.convert.CustomConversions - Adding converter from class [B to class java.time.ZoneId as reading converter.
12736 [main] DEBUG o.s.data.convert.CustomConversions - Adding converter from class java.time.Period to class [B as writing converter.
12736 [main] DEBUG o.s.data.convert.CustomConversions - Adding converter from class [B to class java.time.Period as reading converter.
12736 [main] DEBUG o.s.data.convert.CustomConversions - Adding converter from class java.time.Duration to class [B as writing converter.
12736 [main] DEBUG o.s.data.convert.CustomConversions - Adding converter from class [B to class java.time.Duration as reading converter.
12736 [main] DEBUG o.s.data.convert.CustomConversions - Adding converter from class java.util.Date to class java.time.LocalDateTime as reading converter.
12736 [main] DEBUG o.s.data.convert.CustomConversions - Adding converter from class java.time.LocalDateTime to class java.util.Date as writing converter.
12736 [main] DEBUG o.s.data.convert.CustomConversions - Adding converter from class java.util.Date to class java.time.LocalDate as reading converter.
12736 [main] DEBUG o.s.data.convert.CustomConversions - Adding converter from class java.time.LocalDate to class java.util.Date as writing converter.
12736 [main] DEBUG o.s.data.convert.CustomConversions - Adding converter from class java.util.Date to class java.time.LocalTime as reading converter.
12736 [main] DEBUG o.s.data.convert.CustomConversions - Adding converter from class java.time.LocalTime to class java.util.Date as writing converter.
12736 [main] DEBUG o.s.data.convert.CustomConversions - Adding converter from class java.util.Date to class java.time.Instant as reading converter.
12736 [main] DEBUG o.s.data.convert.CustomConversions - Adding converter from class java.time.Instant to class java.util.Date as writing converter.
12736 [main] DEBUG o.s.data.convert.CustomConversions - Adding converter from class java.time.LocalDateTime to class java.time.Instant as reading converter.
12737 [main] DEBUG o.s.data.convert.CustomConversions - Adding converter from class java.time.Instant to class java.time.LocalDateTime as reading converter.
12737 [main] DEBUG o.s.data.convert.CustomConversions - Adding converter from class java.time.ZoneId to class java.lang.String as writing converter.
12737 [main] DEBUG o.s.data.convert.CustomConversions - Adding converter from class java.lang.String to class java.time.ZoneId as reading converter.
12737 [main] DEBUG o.s.data.convert.CustomConversions - Adding converter from class java.time.Duration to class java.lang.String as writing converter.
12737 [main] DEBUG o.s.data.convert.CustomConversions - Adding converter from class java.lang.String to class java.time.Duration as reading converter.
12737 [main] DEBUG o.s.data.convert.CustomConversions - Adding converter from class java.time.Period to class java.lang.String as writing converter.
12737 [main] DEBUG o.s.data.convert.CustomConversions - Adding converter from class java.lang.String to class java.time.Period as reading converter.
12737 [main] DEBUG o.s.data.convert.CustomConversions - Adding converter from class java.lang.String to class java.time.LocalDate as reading converter.
12737 [main] DEBUG o.s.data.convert.CustomConversions - Adding converter from class java.lang.String to class java.time.LocalDateTime as reading converter.
12737 [main] DEBUG o.s.data.convert.CustomConversions - Adding converter from class java.lang.String to class java.time.Instant as reading converter.
12774 [main] DEBUG o.s.b.f.s.DefaultListableBeanFactory - Creating shared instance of singleton bean 'stringRedisTemplate'
12775 [main] DEBUG o.s.b.f.s.DefaultListableBeanFactory - Autowiring by type from bean name 'stringRedisTemplate' via factory method to bean named 'redisConnectionFactory'
12781 [main] DEBUG o.s.b.f.s.DefaultListableBeanFactory - Creating shared instance of singleton bean 'org.springframework.boot.autoconfigure.context.ConfigurationPropertiesAutoConfiguration'
12782 [main] DEBUG o.s.b.f.s.DefaultListableBeanFactory - Creating shared instance of singleton bean 'org.springframework.boot.autoconfigure.context.LifecycleAutoConfiguration'
12782 [main] DEBUG o.s.b.f.s.DefaultListableBeanFactory - Creating shared instance of singleton bean 'lifecycleProcessor'
12783 [main] DEBUG o.s.b.f.s.DefaultListableBeanFactory - Creating shared instance of singleton bean 'spring.lifecycle-org.springframework.boot.autoconfigure.context.LifecycleProperties'
12785 [main] DEBUG o.s.b.f.s.DefaultListableBeanFactory - Autowiring by type from bean name 'lifecycleProcessor' via factory method to bean named 'spring.lifecycle-org.springframework.boot.autoconfigure.context.LifecycleProperties'
12788 [main] DEBUG o.s.b.f.s.DefaultListableBeanFactory - Creating shared instance of singleton bean 'org.springframework.boot.autoconfigure.dao.PersistenceExceptionTranslationAutoConfiguration'
12789 [main] DEBUG o.s.b.f.s.DefaultListableBeanFactory - Creating shared instance of singleton bean 'org.springframework.boot.autoconfigure.data.redis.RedisReactiveAutoConfiguration'
12790 [main] DEBUG o.s.b.f.s.DefaultListableBeanFactory - Creating shared instance of singleton bean 'reactiveRedisTemplate'
12791 [main] DEBUG o.s.b.f.s.DefaultListableBeanFactory - Autowiring by type from bean name 'reactiveRedisTemplate' via factory method to bean named 'redisConnectionFactory'
12791 [main] DEBUG o.s.b.f.s.DefaultListableBeanFactory - Autowiring by type from bean name 'reactiveRedisTemplate' via factory method to bean named 'org.springframework.boot.web.servlet.context.AnnotationConfigServletWebServerApplicationContext@67389cb8'
12871 [main] DEBUG o.s.b.f.s.DefaultListableBeanFactory - Creating shared instance of singleton bean 'reactiveStringRedisTemplate'
12872 [main] DEBUG o.s.b.f.s.DefaultListableBeanFactory - Autowiring by type from bean name 'reactiveStringRedisTemplate' via factory method to bean named 'redisConnectionFactory'
12876 [main] DEBUG o.s.b.f.s.DefaultListableBeanFactory - Creating shared instance of singleton bean 'org.springframework.boot.autoconfigure.data.redis.RedisRepositoriesAutoConfiguration'
12877 [main] DEBUG o.s.b.f.s.DefaultListableBeanFactory - Creating shared instance of singleton bean 'keyValueMappingContext'
12904 [main] DEBUG o.s.b.f.s.DefaultListableBeanFactory - Creating shared instance of singleton bean 'redisCustomConversions'
12906 [main] DEBUG o.s.data.convert.CustomConversions - Adding converter from class java.lang.String to class [B as writing converter.
12907 [main] DEBUG o.s.data.convert.CustomConversions - Adding converter from class [B to class java.lang.String as reading converter.
12907 [main] DEBUG o.s.data.convert.CustomConversions - Adding converter from class java.lang.Number to class [B as writing converter.
12907 [main] DEBUG o.s.data.convert.CustomConversions - Adding converter from class [B to class java.lang.Number as reading converter.
12907 [main] DEBUG o.s.data.convert.CustomConversions - Adding converter from class java.lang.Enum to class [B as writing converter.
12907 [main] DEBUG o.s.data.convert.CustomConversions - Adding converter from class [B to class java.lang.Enum as reading converter.
12907 [main] DEBUG o.s.data.convert.CustomConversions - Adding converter from class java.lang.Boolean to class [B as writing converter.
12907 [main] DEBUG o.s.data.convert.CustomConversions - Adding converter from class [B to class java.lang.Boolean as reading converter.
12907 [main] DEBUG o.s.data.convert.CustomConversions - Adding converter from class java.util.Date to class [B as writing converter.
12907 [main] DEBUG o.s.data.convert.CustomConversions - Adding converter from class [B to class java.util.Date as reading converter.
12907 [main] DEBUG o.s.data.convert.CustomConversions - Adding converter from class java.util.UUID to class [B as writing converter.
12907 [main] DEBUG o.s.data.convert.CustomConversions - Adding converter from class [B to class java.util.UUID as reading converter.
12907 [main] DEBUG o.s.data.convert.CustomConversions - Adding converter from class java.time.LocalDateTime to class [B as writing converter.
12907 [main] DEBUG o.s.data.convert.CustomConversions - Adding converter from class [B to class java.time.LocalDateTime as reading converter.
12907 [main] DEBUG o.s.data.convert.CustomConversions - Adding converter from class java.time.LocalDate to class [B as writing converter.
12907 [main] DEBUG o.s.data.convert.CustomConversions - Adding converter from class [B to class java.time.LocalDate as reading converter.
12907 [main] DEBUG o.s.data.convert.CustomConversions - Adding converter from class java.time.LocalTime to class [B as writing converter.
12907 [main] DEBUG o.s.data.convert.CustomConversions - Adding converter from class [B to class java.time.LocalTime as reading converter.
12908 [main] DEBUG o.s.data.convert.CustomConversions - Adding converter from class java.time.ZonedDateTime to class [B as writing converter.
12908 [main] DEBUG o.s.data.convert.CustomConversions - Adding converter from class [B to class java.time.ZonedDateTime as reading converter.
12908 [main] DEBUG o.s.data.convert.CustomConversions - Adding converter from class java.time.Instant to class [B as writing converter.
12908 [main] DEBUG o.s.data.convert.CustomConversions - Adding converter from class [B to class java.time.Instant as reading converter.
12908 [main] DEBUG o.s.data.convert.CustomConversions - Adding converter from class java.time.ZoneId to class [B as writing converter.
12908 [main] DEBUG o.s.data.convert.CustomConversions - Adding converter from class [B to class java.time.ZoneId as reading converter.
12908 [main] DEBUG o.s.data.convert.CustomConversions - Adding converter from class java.time.Period to class [B as writing converter.
12908 [main] DEBUG o.s.data.convert.CustomConversions - Adding converter from class [B to class java.time.Period as reading converter.
12909 [main] DEBUG o.s.data.convert.CustomConversions - Adding converter from class java.time.Duration to class [B as writing converter.
12909 [main] DEBUG o.s.data.convert.CustomConversions - Adding converter from class [B to class java.time.Duration as reading converter.
12909 [main] DEBUG o.s.data.convert.CustomConversions - Adding converter from class java.util.Date to class java.time.LocalDateTime as reading converter.
12909 [main] DEBUG o.s.data.convert.CustomConversions - Adding converter from class java.time.LocalDateTime to class java.util.Date as writing converter.
12910 [main] DEBUG o.s.data.convert.CustomConversions - Adding converter from class java.util.Date to class java.time.LocalDate as reading converter.
12910 [main] DEBUG o.s.data.convert.CustomConversions - Adding converter from class java.time.LocalDate to class java.util.Date as writing converter.
12910 [main] DEBUG o.s.data.convert.CustomConversions - Adding converter from class java.util.Date to class java.time.LocalTime as reading converter.
12910 [main] DEBUG o.s.data.convert.CustomConversions - Adding converter from class java.time.LocalTime to class java.util.Date as writing converter.
12910 [main] DEBUG o.s.data.convert.CustomConversions - Adding converter from class java.util.Date to class java.time.Instant as reading converter.
12911 [main] DEBUG o.s.data.convert.CustomConversions - Adding converter from class java.time.Instant to class java.util.Date as writing converter.
12911 [main] DEBUG o.s.data.convert.CustomConversions - Adding converter from class java.time.LocalDateTime to class java.time.Instant as reading converter.
12911 [main] DEBUG o.s.data.convert.CustomConversions - Adding converter from class java.time.Instant to class java.time.LocalDateTime as reading converter.
12911 [main] DEBUG o.s.data.convert.CustomConversions - Adding converter from class java.time.ZoneId to class java.lang.String as writing converter.
12911 [main] DEBUG o.s.data.convert.CustomConversions - Adding converter from class java.lang.String to class java.time.ZoneId as reading converter.
12912 [main] DEBUG o.s.data.convert.CustomConversions - Adding converter from class java.time.Duration to class java.lang.String as writing converter.
12912 [main] DEBUG o.s.data.convert.CustomConversions - Adding converter from class java.lang.String to class java.time.Duration as reading converter.
12912 [main] DEBUG o.s.data.convert.CustomConversions - Adding converter from class java.time.Period to class java.lang.String as writing converter.
12912 [main] DEBUG o.s.data.convert.CustomConversions - Adding converter from class java.lang.String to class java.time.Period as reading converter.
12912 [main] DEBUG o.s.data.convert.CustomConversions - Adding converter from class java.lang.String to class java.time.LocalDate as reading converter.
12912 [main] DEBUG o.s.data.convert.CustomConversions - Adding converter from class java.lang.String to class java.time.LocalDateTime as reading converter.
12913 [main] DEBUG o.s.data.convert.CustomConversions - Adding converter from class java.lang.String to class java.time.Instant as reading converter.
12914 [main] DEBUG o.s.b.f.s.DefaultListableBeanFactory - Creating shared instance of singleton bean 'redisReferenceResolver'
12919 [main] DEBUG o.s.b.f.s.DefaultListableBeanFactory - Creating shared instance of singleton bean 'redisConverter'
12933 [main] DEBUG o.s.data.convert.CustomConversions - Adding converter from class java.lang.String to class [B as writing converter.
12934 [main] DEBUG o.s.data.convert.CustomConversions - Adding converter from class [B to class java.lang.String as reading converter.
12934 [main] DEBUG o.s.data.convert.CustomConversions - Adding converter from class java.lang.Number to class [B as writing converter.
12934 [main] DEBUG o.s.data.convert.CustomConversions - Adding converter from class [B to class java.lang.Number as reading converter.
12934 [main] DEBUG o.s.data.convert.CustomConversions - Adding converter from class java.lang.Enum to class [B as writing converter.
12934 [main] DEBUG o.s.data.convert.CustomConversions - Adding converter from class [B to class java.lang.Enum as reading converter.
12934 [main] DEBUG o.s.data.convert.CustomConversions - Adding converter from class java.lang.Boolean to class [B as writing converter.
12934 [main] DEBUG o.s.data.convert.CustomConversions - Adding converter from class [B to class java.lang.Boolean as reading converter.
12934 [main] DEBUG o.s.data.convert.CustomConversions - Adding converter from class java.util.Date to class [B as writing converter.
12934 [main] DEBUG o.s.data.convert.CustomConversions - Adding converter from class [B to class java.util.Date as reading converter.
12934 [main] DEBUG o.s.data.convert.CustomConversions - Adding converter from class java.util.UUID to class [B as writing converter.
12934 [main] DEBUG o.s.data.convert.CustomConversions - Adding converter from class [B to class java.util.UUID as reading converter.
12935 [main] DEBUG o.s.data.convert.CustomConversions - Adding converter from class java.time.LocalDateTime to class [B as writing converter.
12935 [main] DEBUG o.s.data.convert.CustomConversions - Adding converter from class [B to class java.time.LocalDateTime as reading converter.
12935 [main] DEBUG o.s.data.convert.CustomConversions - Adding converter from class java.time.LocalDate to class [B as writing converter.
12935 [main] DEBUG o.s.data.convert.CustomConversions - Adding converter from class [B to class java.time.LocalDate as reading converter.
12935 [main] DEBUG o.s.data.convert.CustomConversions - Adding converter from class java.time.LocalTime to class [B as writing converter.
12935 [main] DEBUG o.s.data.convert.CustomConversions - Adding converter from class [B to class java.time.LocalTime as reading converter.
12935 [main] DEBUG o.s.data.convert.CustomConversions - Adding converter from class java.time.ZonedDateTime to class [B as writing converter.
12935 [main] DEBUG o.s.data.convert.CustomConversions - Adding converter from class [B to class java.time.ZonedDateTime as reading converter.
12935 [main] DEBUG o.s.data.convert.CustomConversions - Adding converter from class java.time.Instant to class [B as writing converter.
12935 [main] DEBUG o.s.data.convert.CustomConversions - Adding converter from class [B to class java.time.Instant as reading converter.
12935 [main] DEBUG o.s.data.convert.CustomConversions - Adding converter from class java.time.ZoneId to class [B as writing converter.
12935 [main] DEBUG o.s.data.convert.CustomConversions - Adding converter from class [B to class java.time.ZoneId as reading converter.
12935 [main] DEBUG o.s.data.convert.CustomConversions - Adding converter from class java.time.Period to class [B as writing converter.
12936 [main] DEBUG o.s.data.convert.CustomConversions - Adding converter from class [B to class java.time.Period as reading converter.
12936 [main] DEBUG o.s.data.convert.CustomConversions - Adding converter from class java.time.Duration to class [B as writing converter.
12936 [main] DEBUG o.s.data.convert.CustomConversions - Adding converter from class [B to class java.time.Duration as reading converter.
12936 [main] DEBUG o.s.data.convert.CustomConversions - Adding converter from class java.util.Date to class java.time.LocalDateTime as reading converter.
12936 [main] DEBUG o.s.data.convert.CustomConversions - Adding converter from class java.time.LocalDateTime to class java.util.Date as writing converter.
12936 [main] DEBUG o.s.data.convert.CustomConversions - Adding converter from class java.util.Date to class java.time.LocalDate as reading converter.
12936 [main] DEBUG o.s.data.convert.CustomConversions - Adding converter from class java.time.LocalDate to class java.util.Date as writing converter.
12936 [main] DEBUG o.s.data.convert.CustomConversions - Adding converter from class java.util.Date to class java.time.LocalTime as reading converter.
12936 [main] DEBUG o.s.data.convert.CustomConversions - Adding converter from class java.time.LocalTime to class java.util.Date as writing converter.
12936 [main] DEBUG o.s.data.convert.CustomConversions - Adding converter from class java.util.Date to class java.time.Instant as reading converter.
12936 [main] DEBUG o.s.data.convert.CustomConversions - Adding converter from class java.time.Instant to class java.util.Date as writing converter.
12936 [main] DEBUG o.s.data.convert.CustomConversions - Adding converter from class java.time.LocalDateTime to class java.time.Instant as reading converter.
12936 [main] DEBUG o.s.data.convert.CustomConversions - Adding converter from class java.time.Instant to class java.time.LocalDateTime as reading converter.
12937 [main] DEBUG o.s.data.convert.CustomConversions - Adding converter from class java.time.ZoneId to class java.lang.String as writing converter.
12937 [main] DEBUG o.s.data.convert.CustomConversions - Adding converter from class java.lang.String to class java.time.ZoneId as reading converter.
12937 [main] DEBUG o.s.data.convert.CustomConversions - Adding converter from class java.time.Duration to class java.lang.String as writing converter.
12937 [main] DEBUG o.s.data.convert.CustomConversions - Adding converter from class java.lang.String to class java.time.Duration as reading converter.
12937 [main] DEBUG o.s.data.convert.CustomConversions - Adding converter from class java.time.Period to class java.lang.String as writing converter.
12937 [main] DEBUG o.s.data.convert.CustomConversions - Adding converter from class java.lang.String to class java.time.Period as reading converter.
12937 [main] DEBUG o.s.data.convert.CustomConversions - Adding converter from class java.lang.String to class java.time.LocalDate as reading converter.
12937 [main] DEBUG o.s.data.convert.CustomConversions - Adding converter from class java.lang.String to class java.time.LocalDateTime as reading converter.
12937 [main] DEBUG o.s.data.convert.CustomConversions - Adding converter from class java.lang.String to class java.time.Instant as reading converter.
12938 [main] DEBUG o.s.data.convert.CustomConversions - Adding converter from class java.lang.String to class [B as writing converter.
12938 [main] DEBUG o.s.data.convert.CustomConversions - Adding converter from class [B to class java.lang.String as reading converter.
12938 [main] DEBUG o.s.data.convert.CustomConversions - Adding converter from class java.lang.Number to class [B as writing converter.
12938 [main] DEBUG o.s.data.convert.CustomConversions - Adding converter from class [B to class java.lang.Number as reading converter.
12938 [main] DEBUG o.s.data.convert.CustomConversions - Adding converter from class java.lang.Enum to class [B as writing converter.
12938 [main] DEBUG o.s.data.convert.CustomConversions - Adding converter from class [B to class java.lang.Enum as reading converter.
12939 [main] DEBUG o.s.data.convert.CustomConversions - Adding converter from class java.lang.Boolean to class [B as writing converter.
12939 [main] DEBUG o.s.data.convert.CustomConversions - Adding converter from class [B to class java.lang.Boolean as reading converter.
12939 [main] DEBUG o.s.data.convert.CustomConversions - Adding converter from class java.util.Date to class [B as writing converter.
12939 [main] DEBUG o.s.data.convert.CustomConversions - Adding converter from class [B to class java.util.Date as reading converter.
12939 [main] DEBUG o.s.data.convert.CustomConversions - Adding converter from class java.util.UUID to class [B as writing converter.
12939 [main] DEBUG o.s.data.convert.CustomConversions - Adding converter from class [B to class java.util.UUID as reading converter.
12939 [main] DEBUG o.s.data.convert.CustomConversions - Adding converter from class java.time.LocalDateTime to class [B as writing converter.
12939 [main] DEBUG o.s.data.convert.CustomConversions - Adding converter from class [B to class java.time.LocalDateTime as reading converter.
12939 [main] DEBUG o.s.data.convert.CustomConversions - Adding converter from class java.time.LocalDate to class [B as writing converter.
12939 [main] DEBUG o.s.data.convert.CustomConversions - Adding converter from class [B to class java.time.LocalDate as reading converter.
12939 [main] DEBUG o.s.data.convert.CustomConversions - Adding converter from class java.time.LocalTime to class [B as writing converter.
12939 [main] DEBUG o.s.data.convert.CustomConversions - Adding converter from class [B to class java.time.LocalTime as reading converter.
12939 [main] DEBUG o.s.data.convert.CustomConversions - Adding converter from class java.time.ZonedDateTime to class [B as writing converter.
12939 [main] DEBUG o.s.data.convert.CustomConversions - Adding converter from class [B to class java.time.ZonedDateTime as reading converter.
12939 [main] DEBUG o.s.data.convert.CustomConversions - Adding converter from class java.time.Instant to class [B as writing converter.
12939 [main] DEBUG o.s.data.convert.CustomConversions - Adding converter from class [B to class java.time.Instant as reading converter.
12939 [main] DEBUG o.s.data.convert.CustomConversions - Adding converter from class java.time.ZoneId to class [B as writing converter.
12939 [main] DEBUG o.s.data.convert.CustomConversions - Adding converter from class [B to class java.time.ZoneId as reading converter.
12939 [main] DEBUG o.s.data.convert.CustomConversions - Adding converter from class java.time.Period to class [B as writing converter.
12939 [main] DEBUG o.s.data.convert.CustomConversions - Adding converter from class [B to class java.time.Period as reading converter.
12940 [main] DEBUG o.s.data.convert.CustomConversions - Adding converter from class java.time.Duration to class [B as writing converter.
12940 [main] DEBUG o.s.data.convert.CustomConversions - Adding converter from class [B to class java.time.Duration as reading converter.
12940 [main] DEBUG o.s.data.convert.CustomConversions - Adding converter from class java.util.Date to class java.time.LocalDateTime as reading converter.
12940 [main] DEBUG o.s.data.convert.CustomConversions - Adding converter from class java.time.LocalDateTime to class java.util.Date as writing converter.
12940 [main] DEBUG o.s.data.convert.CustomConversions - Adding converter from class java.util.Date to class java.time.LocalDate as reading converter.
12940 [main] DEBUG o.s.data.convert.CustomConversions - Adding converter from class java.time.LocalDate to class java.util.Date as writing converter.
12940 [main] DEBUG o.s.data.convert.CustomConversions - Adding converter from class java.util.Date to class java.time.LocalTime as reading converter.
12940 [main] DEBUG o.s.data.convert.CustomConversions - Adding converter from class java.time.LocalTime to class java.util.Date as writing converter.
12940 [main] DEBUG o.s.data.convert.CustomConversions - Adding converter from class java.util.Date to class java.time.Instant as reading converter.
12940 [main] DEBUG o.s.data.convert.CustomConversions - Adding converter from class java.time.Instant to class java.util.Date as writing converter.
12940 [main] DEBUG o.s.data.convert.CustomConversions - Adding converter from class java.time.LocalDateTime to class java.time.Instant as reading converter.
12940 [main] DEBUG o.s.data.convert.CustomConversions - Adding converter from class java.time.Instant to class java.time.LocalDateTime as reading converter.
12940 [main] DEBUG o.s.data.convert.CustomConversions - Adding converter from class java.time.ZoneId to class java.lang.String as writing converter.
12940 [main] DEBUG o.s.data.convert.CustomConversions - Adding converter from class java.lang.String to class java.time.ZoneId as reading converter.
12940 [main] DEBUG o.s.data.convert.CustomConversions - Adding converter from class java.time.Duration to class java.lang.String as writing converter.
12940 [main] DEBUG o.s.data.convert.CustomConversions - Adding converter from class java.lang.String to class java.time.Duration as reading converter.
12940 [main] DEBUG o.s.data.convert.CustomConversions - Adding converter from class java.time.Period to class java.lang.String as writing converter.
12940 [main] DEBUG o.s.data.convert.CustomConversions - Adding converter from class java.lang.String to class java.time.Period as reading converter.
12940 [main] DEBUG o.s.data.convert.CustomConversions - Adding converter from class java.lang.String to class java.time.LocalDate as reading converter.
12941 [main] DEBUG o.s.data.convert.CustomConversions - Adding converter from class java.lang.String to class java.time.LocalDateTime as reading converter.
12941 [main] DEBUG o.s.data.convert.CustomConversions - Adding converter from class java.lang.String to class java.time.Instant as reading converter.
12963 [main] DEBUG o.s.b.f.s.DefaultListableBeanFactory - Creating shared instance of singleton bean 'redisKeyValueAdapter'
12985 [main] DEBUG o.s.d.r.l.RedisMessageListenerContainer - Postpone listening for Redis messages until actual listeners are added
12985 [main] DEBUG o.s.d.r.l.RedisMessageListenerContainer - Started RedisMessageListenerContainer
13006 [main] DEBUG o.s.b.f.s.DefaultListableBeanFactory - Creating shared instance of singleton bean 'redisKeyValueTemplate'
13013 [main] DEBUG o.s.b.f.s.DefaultListableBeanFactory - Creating shared instance of singleton bean 'org.springframework.boot.autoconfigure.gson.GsonAutoConfiguration'
13014 [main] DEBUG o.s.b.f.s.DefaultListableBeanFactory - Creating shared instance of singleton bean 'gsonBuilder'
13015 [main] DEBUG o.s.b.f.s.DefaultListableBeanFactory - Creating shared instance of singleton bean 'standardGsonBuilderCustomizer'
13015 [main] DEBUG o.s.b.f.s.DefaultListableBeanFactory - Creating shared instance of singleton bean 'spring.gson-org.springframework.boot.autoconfigure.gson.GsonProperties'
13020 [main] DEBUG o.s.b.f.s.DefaultListableBeanFactory - Autowiring by type from bean name 'standardGsonBuilderCustomizer' via factory method to bean named 'spring.gson-org.springframework.boot.autoconfigure.gson.GsonProperties'
13021 [main] DEBUG o.s.b.f.s.DefaultListableBeanFactory - Autowiring by type from bean name 'gsonBuilder' via factory method to bean named 'standardGsonBuilderCustomizer'
13040 [main] DEBUG o.s.b.f.s.DefaultListableBeanFactory - Creating shared instance of singleton bean 'gson'
13041 [main] DEBUG o.s.b.f.s.DefaultListableBeanFactory - Autowiring by type from bean name 'gson' via factory method to bean named 'gsonBuilder'
13106 [main] DEBUG o.s.b.f.s.DefaultListableBeanFactory - Creating shared instance of singleton bean 'org.springframework.boot.autoconfigure.http.JacksonHttpMessageConvertersConfiguration'
13107 [main] DEBUG o.s.b.f.s.DefaultListableBeanFactory - Creating shared instance of singleton bean 'org.springframework.boot.autoconfigure.http.GsonHttpMessageConvertersConfiguration'
13107 [main] DEBUG o.s.b.f.s.DefaultListableBeanFactory - Creating shared instance of singleton bean 'org.springframework.data.web.config.ProjectingArgumentResolverRegistrar'
13108 [main] DEBUG o.s.b.f.s.DefaultListableBeanFactory - Creating shared instance of singleton bean 'freeMarkerConfigurer'
13366 [main] DEBUG o.s.w.s.v.f.FreeMarkerConfigurer - File system access not preferred: using SpringTemplateLoader
13367 [main] DEBUG o.s.u.f.SpringTemplateLoader - SpringTemplateLoader for FreeMarker: using resource loader [org.springframework.boot.web.servlet.context.AnnotationConfigServletWebServerApplicationContext@67389cb8, started on Sun Apr 25 18:57:12 CST 2021] and template loader path [classpath:/templates/]
13371 [main] DEBUG o.s.b.f.s.DefaultListableBeanFactory - Creating shared instance of singleton bean 'freeMarkerConfiguration'
13372 [main] DEBUG o.s.b.f.s.DefaultListableBeanFactory - Autowiring by type from bean name 'freeMarkerConfiguration' via factory method to bean named 'freeMarkerConfigurer'
13394 [main] DEBUG o.s.b.f.s.DefaultListableBeanFactory - Creating shared instance of singleton bean 'org.springframework.boot.autoconfigure.freemarker.FreeMarkerAutoConfiguration'
13396 [main] DEBUG o.s.b.f.s.DefaultListableBeanFactory - Autowiring by type from bean name 'org.springframework.boot.autoconfigure.freemarker.FreeMarkerAutoConfiguration' via constructor to bean named 'org.springframework.boot.web.servlet.context.AnnotationConfigServletWebServerApplicationContext@67389cb8'
13396 [main] DEBUG o.s.b.f.s.DefaultListableBeanFactory - Autowiring by type from bean name 'org.springframework.boot.autoconfigure.freemarker.FreeMarkerAutoConfiguration' via constructor to bean named 'spring.freemarker-org.springframework.boot.autoconfigure.freemarker.FreeMarkerProperties'
13397 [main] WARN  o.s.b.a.f.FreeMarkerAutoConfiguration - Cannot find template location(s): [classpath:/templates/] (please add some templates, check your FreeMarker configuration, or set spring.freemarker.checkTemplateLocation=false)
13398 [main] DEBUG o.s.b.f.s.DefaultListableBeanFactory - Creating shared instance of singleton bean 'org.springframework.boot.autoconfigure.info.ProjectInfoAutoConfiguration'
13402 [main] DEBUG o.s.b.f.s.DefaultListableBeanFactory - Creating shared instance of singleton bean 'spring.info-org.springframework.boot.autoconfigure.info.ProjectInfoProperties'
13405 [main] DEBUG o.s.b.f.s.DefaultListableBeanFactory - Autowiring by type from bean name 'org.springframework.boot.autoconfigure.info.ProjectInfoAutoConfiguration' via constructor to bean named 'spring.info-org.springframework.boot.autoconfigure.info.ProjectInfoProperties'
13405 [main] DEBUG o.s.b.f.s.DefaultListableBeanFactory - Creating shared instance of singleton bean 'org.springframework.boot.autoconfigure.jdbc.JdbcTemplateConfiguration'
13406 [main] DEBUG o.s.b.f.s.DefaultListableBeanFactory - Creating shared instance of singleton bean 'jdbcTemplate'
13407 [main] DEBUG o.s.b.f.s.DefaultListableBeanFactory - Creating shared instance of singleton bean 'spring.jdbc-org.springframework.boot.autoconfigure.jdbc.JdbcProperties'
13408 [main] DEBUG o.s.b.f.s.DefaultListableBeanFactory - Autowiring by type from bean name 'jdbcTemplate' via factory method to bean named 'dataSource'
13408 [main] DEBUG o.s.b.f.s.DefaultListableBeanFactory - Autowiring by type from bean name 'jdbcTemplate' via factory method to bean named 'spring.jdbc-org.springframework.boot.autoconfigure.jdbc.JdbcProperties'
13429 [main] DEBUG o.s.b.f.s.DefaultListableBeanFactory - Creating shared instance of singleton bean 'org.springframework.boot.autoconfigure.jdbc.NamedParameterJdbcTemplateConfiguration'
13430 [main] DEBUG o.s.b.f.s.DefaultListableBeanFactory - Creating shared instance of singleton bean 'namedParameterJdbcTemplate'
13431 [main] DEBUG o.s.b.f.s.DefaultListableBeanFactory - Autowiring by type from bean name 'namedParameterJdbcTemplate' via factory method to bean named 'jdbcTemplate'
13438 [main] DEBUG o.s.b.f.s.DefaultListableBeanFactory - Creating shared instance of singleton bean 'org.springframework.boot.autoconfigure.jdbc.JdbcTemplateAutoConfiguration'
13439 [main] DEBUG o.s.b.f.s.DefaultListableBeanFactory - Creating shared instance of singleton bean 'org.springframework.boot.autoconfigure.task.TaskSchedulingAutoConfiguration'
13440 [main] DEBUG o.s.b.f.s.DefaultListableBeanFactory - Creating shared instance of singleton bean 'taskSchedulerBuilder'
13441 [main] DEBUG o.s.b.f.s.DefaultListableBeanFactory - Creating shared instance of singleton bean 'spring.task.scheduling-org.springframework.boot.autoconfigure.task.TaskSchedulingProperties'
13443 [main] DEBUG o.s.b.f.s.DefaultListableBeanFactory - Autowiring by type from bean name 'taskSchedulerBuilder' via factory method to bean named 'spring.task.scheduling-org.springframework.boot.autoconfigure.task.TaskSchedulingProperties'
13446 [main] DEBUG o.s.b.f.s.DefaultListableBeanFactory - Creating shared instance of singleton bean 'org.springframework.boot.autoconfigure.jdbc.DataSourceTransactionManagerAutoConfiguration$JdbcTransactionManagerConfiguration'
13446 [main] DEBUG o.s.b.f.s.DefaultListableBeanFactory - Creating shared instance of singleton bean 'transactionManager'
13447 [main] DEBUG o.s.b.f.s.DefaultListableBeanFactory - Autowiring by type from bean name 'transactionManager' via factory method to bean named 'environment'
13447 [main] DEBUG o.s.b.f.s.DefaultListableBeanFactory - Autowiring by type from bean name 'transactionManager' via factory method to bean named 'dataSource'
13451 [main] DEBUG o.s.b.f.s.DefaultListableBeanFactory - Creating shared instance of singleton bean 'platformTransactionManagerCustomizers'
13452 [main] DEBUG o.s.b.f.s.DefaultListableBeanFactory - Creating shared instance of singleton bean 'org.springframework.boot.autoconfigure.transaction.TransactionAutoConfiguration'
13454 [main] DEBUG o.s.b.f.s.DefaultListableBeanFactory - Creating shared instance of singleton bean 'spring.transaction-org.springframework.boot.autoconfigure.transaction.TransactionProperties'
13463 [main] DEBUG o.s.b.f.s.DefaultListableBeanFactory - Creating shared instance of singleton bean 'org.springframework.boot.autoconfigure.jdbc.DataSourceTransactionManagerAutoConfiguration'
13463 [main] DEBUG o.s.b.f.s.DefaultListableBeanFactory - Creating shared instance of singleton bean 'org.springframework.boot.autoconfigure.transaction.TransactionAutoConfiguration$EnableTransactionManagementConfiguration$CglibAutoProxyConfiguration'
13464 [main] DEBUG o.s.b.f.s.DefaultListableBeanFactory - Creating shared instance of singleton bean 'org.springframework.boot.autoconfigure.transaction.TransactionAutoConfiguration$EnableTransactionManagementConfiguration'
13465 [main] DEBUG o.s.b.f.s.DefaultListableBeanFactory - Creating shared instance of singleton bean 'org.springframework.boot.autoconfigure.transaction.TransactionAutoConfiguration$TransactionTemplateConfiguration'
13465 [main] DEBUG o.s.b.f.s.DefaultListableBeanFactory - Creating shared instance of singleton bean 'transactionTemplate'
13466 [main] DEBUG o.s.b.f.s.DefaultListableBeanFactory - Autowiring by type from bean name 'transactionTemplate' via factory method to bean named 'transactionManager'
13470 [main] DEBUG o.s.b.f.s.DefaultListableBeanFactory - Creating shared instance of singleton bean 'org.springframework.boot.autoconfigure.web.client.RestTemplateAutoConfiguration'
13470 [main] DEBUG o.s.b.f.s.DefaultListableBeanFactory - Creating shared instance of singleton bean 'org.springframework.boot.autoconfigure.web.embedded.EmbeddedWebServerFactoryCustomizerAutoConfiguration'
13471 [main] DEBUG o.s.b.f.s.DefaultListableBeanFactory - Creating shared instance of singleton bean 'multipartResolver'
13503 [main] DEBUG o.s.j.e.a.AnnotationMBeanExporter - Registering beans for JMX exposure on startup
13503 [main] DEBUG o.s.j.e.a.AnnotationMBeanExporter - Autodetecting user-defined JMX MBeans
13505 [main] DEBUG o.s.j.e.a.AnnotationMBeanExporter - Bean with name 'dataSource' has been autodetected for JMX exposure
13516 [main] DEBUG o.s.j.e.a.AnnotationMBeanExporter - Located MBean 'dataSource': registering with JMX server as MBean [com.alibaba.druid.spring.boot.autoconfigure:name=dataSource,type=DruidDataSourceWrapper]
13526 [main] DEBUG o.s.c.s.DefaultLifecycleProcessor - Starting beans in phase 2147483646
13526 [main] INFO  o.a.coyote.http11.Http11NioProtocol - Starting ProtocolHandler ["http-nio-8080"]
13585 [main] INFO  o.s.b.w.e.tomcat.TomcatWebServer - Tomcat started on port(s): 8080 (http) with context path '/lovage'
13589 [main] DEBUG o.s.c.s.DefaultLifecycleProcessor - Successfully started bean 'webServerStartStop'
13589 [main] DEBUG o.s.c.s.DefaultLifecycleProcessor - Starting beans in phase 2147483647
13589 [main] DEBUG o.s.c.s.DefaultLifecycleProcessor - Successfully started bean 'webServerGracefulShutdown'
13618 [main] DEBUG o.s.b.a.l.ConditionEvaluationReportLoggingListener - 


============================
CONDITIONS EVALUATION REPORT
============================


Positive matches:
-----------------

   AopAutoConfiguration matched:
      - @ConditionalOnProperty (spring.aop.auto=true) matched (OnPropertyCondition)

   AopAutoConfiguration.ClassProxyingConfiguration matched:
      - @ConditionalOnMissingClass did not find unwanted class 'org.aspectj.weaver.Advice' (OnClassCondition)
      - @ConditionalOnProperty (spring.aop.proxy-target-class=true) matched (OnPropertyCondition)

   DataSourceAutoConfiguration matched:
      - @ConditionalOnClass found required classes 'javax.sql.DataSource', 'org.springframework.jdbc.datasource.embedded.EmbeddedDatabaseType' (OnClassCondition)
      - @ConditionalOnMissingBean (types: io.r2dbc.spi.ConnectionFactory; SearchStrategy: all) did not find any beans (OnBeanCondition)

   DataSourceConfiguration.Generic matched:
      - @ConditionalOnProperty (spring.datasource.type) matched (OnPropertyCondition)

   DataSourceJmxConfiguration matched:
      - @ConditionalOnProperty (spring.jmx.enabled=true) matched (OnPropertyCondition)

   DataSourceJmxConfiguration.Hikari matched:
      - @ConditionalOnClass found required class 'com.zaxxer.hikari.HikariDataSource' (OnClassCondition)

   DataSourcePoolMetadataProvidersConfiguration.HikariPoolDataSourceMetadataProviderConfiguration matched:
      - @ConditionalOnClass found required class 'com.zaxxer.hikari.HikariDataSource' (OnClassCondition)

   DataSourceTransactionManagerAutoConfiguration matched:
      - @ConditionalOnClass found required classes 'org.springframework.jdbc.core.JdbcTemplate', 'org.springframework.transaction.TransactionManager' (OnClassCondition)

   DataSourceTransactionManagerAutoConfiguration.JdbcTransactionManagerConfiguration matched:
      - @ConditionalOnSingleCandidate (types: javax.sql.DataSource; SearchStrategy: all) found a primary bean from beans 'dataSource' (OnBeanCondition)

   DataSourceTransactionManagerAutoConfiguration.JdbcTransactionManagerConfiguration#transactionManager matched:
      - @ConditionalOnMissingBean (types: org.springframework.transaction.TransactionManager; SearchStrategy: all) did not find any beans (OnBeanCondition)

   DispatcherServletAutoConfiguration matched:
      - @ConditionalOnClass found required class 'org.springframework.web.servlet.DispatcherServlet' (OnClassCondition)
      - found 'session' scope (OnWebApplicationCondition)

   DispatcherServletAutoConfiguration.DispatcherServletConfiguration matched:
      - @ConditionalOnClass found required class 'javax.servlet.ServletRegistration' (OnClassCondition)
      - Default DispatcherServlet did not find dispatcher servlet beans (DispatcherServletAutoConfiguration.DefaultDispatcherServletCondition)

   DispatcherServletAutoConfiguration.DispatcherServletRegistrationConfiguration matched:
      - @ConditionalOnClass found required class 'javax.servlet.ServletRegistration' (OnClassCondition)
      - DispatcherServlet Registration did not find servlet registration bean (DispatcherServletAutoConfiguration.DispatcherServletRegistrationCondition)

   DispatcherServletAutoConfiguration.DispatcherServletRegistrationConfiguration#dispatcherServletRegistration matched:
      - @ConditionalOnBean (names: dispatcherServlet types: org.springframework.web.servlet.DispatcherServlet; SearchStrategy: all) found bean 'dispatcherServlet' (OnBeanCondition)

   DruidDataSourceAutoConfigure matched:
      - @ConditionalOnClass found required class 'com.alibaba.druid.pool.DruidDataSource' (OnClassCondition)

   DruidDataSourceAutoConfigure#dataSource matched:
      - @ConditionalOnMissingBean (types: javax.sql.DataSource; SearchStrategy: all) did not find any beans (OnBeanCondition)

   DruidStatViewServletConfiguration matched:
      - @ConditionalOnWebApplication (required) found 'session' scope (OnWebApplicationCondition)
      - @ConditionalOnProperty (spring.datasource.druid.stat-view-servlet.enabled=true) matched (OnPropertyCondition)

   EmbeddedWebServerFactoryCustomizerAutoConfiguration matched:
      - @ConditionalOnWebApplication (required) found 'session' scope (OnWebApplicationCondition)

   EmbeddedWebServerFactoryCustomizerAutoConfiguration.TomcatWebServerFactoryCustomizerConfiguration matched:
      - @ConditionalOnClass found required classes 'org.apache.catalina.startup.Tomcat', 'org.apache.coyote.UpgradeProtocol' (OnClassCondition)

   ErrorMvcAutoConfiguration matched:
      - @ConditionalOnClass found required classes 'javax.servlet.Servlet', 'org.springframework.web.servlet.DispatcherServlet' (OnClassCondition)
      - found 'session' scope (OnWebApplicationCondition)

   ErrorMvcAutoConfiguration#basicErrorController matched:
      - @ConditionalOnMissingBean (types: org.springframework.boot.web.servlet.error.ErrorController; SearchStrategy: current) did not find any beans (OnBeanCondition)

   ErrorMvcAutoConfiguration#errorAttributes matched:
      - @ConditionalOnMissingBean (types: org.springframework.boot.web.servlet.error.ErrorAttributes; SearchStrategy: current) did not find any beans (OnBeanCondition)

   ErrorMvcAutoConfiguration.DefaultErrorViewResolverConfiguration#conventionErrorViewResolver matched:
      - @ConditionalOnBean (types: org.springframework.web.servlet.DispatcherServlet; SearchStrategy: all) found bean 'dispatcherServlet'; @ConditionalOnMissingBean (types: org.springframework.boot.autoconfigure.web.servlet.error.ErrorViewResolver; SearchStrategy: all) did not find any beans (OnBeanCondition)

   ErrorMvcAutoConfiguration.WhitelabelErrorViewConfiguration matched:
      - @ConditionalOnProperty (server.error.whitelabel.enabled) matched (OnPropertyCondition)
      - ErrorTemplate Missing did not find error template view (ErrorMvcAutoConfiguration.ErrorTemplateMissingCondition)

   ErrorMvcAutoConfiguration.WhitelabelErrorViewConfiguration#beanNameViewResolver matched:
      - @ConditionalOnMissingBean (types: org.springframework.web.servlet.view.BeanNameViewResolver; SearchStrategy: all) did not find any beans (OnBeanCondition)

   ErrorMvcAutoConfiguration.WhitelabelErrorViewConfiguration#defaultErrorView matched:
      - @ConditionalOnMissingBean (names: error; SearchStrategy: all) did not find any beans (OnBeanCondition)

   FreeMarkerAutoConfiguration matched:
      - @ConditionalOnClass found required classes 'freemarker.template.Configuration', 'org.springframework.ui.freemarker.FreeMarkerConfigurationFactory' (OnClassCondition)

   FreeMarkerServletWebConfiguration matched:
      - @ConditionalOnClass found required classes 'javax.servlet.Servlet', 'org.springframework.web.servlet.view.freemarker.FreeMarkerConfigurer' (OnClassCondition)
      - found 'session' scope (OnWebApplicationCondition)

   FreeMarkerServletWebConfiguration#freeMarkerConfigurer matched:
      - @ConditionalOnMissingBean (types: org.springframework.web.servlet.view.freemarker.FreeMarkerConfig; SearchStrategy: all) did not find any beans (OnBeanCondition)

   FreeMarkerServletWebConfiguration#freeMarkerViewResolver matched:
      - @ConditionalOnProperty (spring.freemarker.enabled) matched (OnPropertyCondition)
      - @ConditionalOnMissingBean (names: freeMarkerViewResolver; SearchStrategy: all) did not find any beans (OnBeanCondition)

   GenericCacheConfiguration matched:
      - Cache org.springframework.boot.autoconfigure.cache.GenericCacheConfiguration automatic cache type (CacheCondition)

   GsonAutoConfiguration matched:
      - @ConditionalOnClass found required class 'com.google.gson.Gson' (OnClassCondition)

   GsonAutoConfiguration#gson matched:
      - @ConditionalOnMissingBean (types: com.google.gson.Gson; SearchStrategy: all) did not find any beans (OnBeanCondition)

   GsonAutoConfiguration#gsonBuilder matched:
      - @ConditionalOnMissingBean (types: com.google.gson.GsonBuilder; SearchStrategy: all) did not find any beans (OnBeanCondition)

   GsonHttpMessageConvertersConfiguration matched:
      - @ConditionalOnClass found required class 'com.google.gson.Gson' (OnClassCondition)

   HttpEncodingAutoConfiguration matched:
      - @ConditionalOnClass found required class 'org.springframework.web.filter.CharacterEncodingFilter' (OnClassCondition)
      - found 'session' scope (OnWebApplicationCondition)
      - @ConditionalOnProperty (server.servlet.encoding.enabled) matched (OnPropertyCondition)

   HttpEncodingAutoConfiguration#characterEncodingFilter matched:
      - @ConditionalOnMissingBean (types: org.springframework.web.filter.CharacterEncodingFilter; SearchStrategy: all) did not find any beans (OnBeanCondition)

   HttpMessageConvertersAutoConfiguration matched:
      - @ConditionalOnClass found required class 'org.springframework.http.converter.HttpMessageConverter' (OnClassCondition)
      - NoneNestedConditions 0 matched 1 did not; NestedCondition on HttpMessageConvertersAutoConfiguration.NotReactiveWebApplicationCondition.ReactiveWebApplication did not find reactive web application classes (HttpMessageConvertersAutoConfiguration.NotReactiveWebApplicationCondition)

   HttpMessageConvertersAutoConfiguration#messageConverters matched:
      - @ConditionalOnMissingBean (types: org.springframework.boot.autoconfigure.http.HttpMessageConverters; SearchStrategy: all) did not find any beans (OnBeanCondition)

   HttpMessageConvertersAutoConfiguration.StringHttpMessageConverterConfiguration matched:
      - @ConditionalOnClass found required class 'org.springframework.http.converter.StringHttpMessageConverter' (OnClassCondition)

   HttpMessageConvertersAutoConfiguration.StringHttpMessageConverterConfiguration#stringHttpMessageConverter matched:
      - @ConditionalOnMissingBean (types: org.springframework.http.converter.StringHttpMessageConverter; SearchStrategy: all) did not find any beans (OnBeanCondition)

   JacksonAutoConfiguration matched:
      - @ConditionalOnClass found required class 'com.fasterxml.jackson.databind.ObjectMapper' (OnClassCondition)

   JacksonAutoConfiguration.Jackson2ObjectMapperBuilderCustomizerConfiguration matched:
      - @ConditionalOnClass found required class 'org.springframework.http.converter.json.Jackson2ObjectMapperBuilder' (OnClassCondition)

   JacksonAutoConfiguration.JacksonObjectMapperBuilderConfiguration matched:
      - @ConditionalOnClass found required class 'org.springframework.http.converter.json.Jackson2ObjectMapperBuilder' (OnClassCondition)

   JacksonAutoConfiguration.JacksonObjectMapperBuilderConfiguration#jacksonObjectMapperBuilder matched:
      - @ConditionalOnMissingBean (types: org.springframework.http.converter.json.Jackson2ObjectMapperBuilder; SearchStrategy: all) did not find any beans (OnBeanCondition)

   JacksonAutoConfiguration.JacksonObjectMapperConfiguration matched:
      - @ConditionalOnClass found required class 'org.springframework.http.converter.json.Jackson2ObjectMapperBuilder' (OnClassCondition)

   JacksonAutoConfiguration.JacksonObjectMapperConfiguration#jacksonObjectMapper matched:
      - @ConditionalOnMissingBean (types: com.fasterxml.jackson.databind.ObjectMapper; SearchStrategy: all) did not find any beans (OnBeanCondition)

   JacksonAutoConfiguration.ParameterNamesModuleConfiguration matched:
      - @ConditionalOnClass found required class 'com.fasterxml.jackson.module.paramnames.ParameterNamesModule' (OnClassCondition)

   JacksonAutoConfiguration.ParameterNamesModuleConfiguration#parameterNamesModule matched:
      - @ConditionalOnMissingBean (types: com.fasterxml.jackson.module.paramnames.ParameterNamesModule; SearchStrategy: all) did not find any beans (OnBeanCondition)

   JacksonHttpMessageConvertersConfiguration.MappingJackson2HttpMessageConverterConfiguration matched:
      - @ConditionalOnClass found required class 'com.fasterxml.jackson.databind.ObjectMapper' (OnClassCondition)
      - @ConditionalOnProperty (spring.mvc.converters.preferred-json-mapper=jackson) matched (OnPropertyCondition)
      - @ConditionalOnBean (types: com.fasterxml.jackson.databind.ObjectMapper; SearchStrategy: all) found bean 'jacksonObjectMapper' (OnBeanCondition)

   JacksonHttpMessageConvertersConfiguration.MappingJackson2HttpMessageConverterConfiguration#mappingJackson2HttpMessageConverter matched:
      - @ConditionalOnMissingBean (types: org.springframework.http.converter.json.MappingJackson2HttpMessageConverter ignored: org.springframework.hateoas.server.mvc.TypeConstrainedMappingJackson2HttpMessageConverter,org.springframework.data.rest.webmvc.alps.AlpsJsonHttpMessageConverter; SearchStrategy: all) did not find any beans (OnBeanCondition)

   JdbcTemplateAutoConfiguration matched:
      - @ConditionalOnClass found required classes 'javax.sql.DataSource', 'org.springframework.jdbc.core.JdbcTemplate' (OnClassCondition)
      - @ConditionalOnSingleCandidate (types: javax.sql.DataSource; SearchStrategy: all) found a primary bean from beans 'dataSource' (OnBeanCondition)

   JdbcTemplateConfiguration matched:
      - @ConditionalOnMissingBean (types: org.springframework.jdbc.core.JdbcOperations; SearchStrategy: all) did not find any beans (OnBeanCondition)

   JmxAutoConfiguration matched:
      - @ConditionalOnClass found required class 'org.springframework.jmx.export.MBeanExporter' (OnClassCondition)
      - @ConditionalOnProperty (spring.jmx.enabled=true) matched (OnPropertyCondition)

   JmxAutoConfiguration#mbeanExporter matched:
      - @ConditionalOnMissingBean (types: org.springframework.jmx.export.MBeanExporter; SearchStrategy: current) did not find any beans (OnBeanCondition)

   JmxAutoConfiguration#mbeanServer matched:
      - @ConditionalOnMissingBean (types: javax.management.MBeanServer; SearchStrategy: all) did not find any beans (OnBeanCondition)

   JmxAutoConfiguration#objectNamingStrategy matched:
      - @ConditionalOnMissingBean (types: org.springframework.jmx.export.naming.ObjectNamingStrategy; SearchStrategy: current) did not find any beans (OnBeanCondition)

   LettuceConnectionConfiguration matched:
      - @ConditionalOnClass found required class 'io.lettuce.core.RedisClient' (OnClassCondition)
      - @ConditionalOnProperty (spring.redis.client-type=lettuce) matched (OnPropertyCondition)

   LettuceConnectionConfiguration#lettuceClientResources matched:
      - @ConditionalOnMissingBean (types: io.lettuce.core.resource.ClientResources; SearchStrategy: all) did not find any beans (OnBeanCondition)

   LettuceConnectionConfiguration#redisConnectionFactory matched:
      - @ConditionalOnMissingBean (types: org.springframework.data.redis.connection.RedisConnectionFactory; SearchStrategy: all) did not find any beans (OnBeanCondition)

   LifecycleAutoConfiguration#defaultLifecycleProcessor matched:
      - @ConditionalOnMissingBean (names: lifecycleProcessor; SearchStrategy: current) did not find any beans (OnBeanCondition)

   MultipartAutoConfiguration matched:
      - @ConditionalOnClass found required classes 'javax.servlet.Servlet', 'org.springframework.web.multipart.support.StandardServletMultipartResolver', 'javax.servlet.MultipartConfigElement' (OnClassCondition)
      - found 'session' scope (OnWebApplicationCondition)
      - @ConditionalOnProperty (spring.servlet.multipart.enabled) matched (OnPropertyCondition)

   MultipartAutoConfiguration#multipartConfigElement matched:
      - @ConditionalOnMissingBean (types: javax.servlet.MultipartConfigElement,org.springframework.web.multipart.commons.CommonsMultipartResolver; SearchStrategy: all) did not find any beans (OnBeanCondition)

   MultipartAutoConfiguration#multipartResolver matched:
      - @ConditionalOnMissingBean (types: org.springframework.web.multipart.MultipartResolver; SearchStrategy: all) did not find any beans (OnBeanCondition)

   MybatisPlusAutoConfiguration matched:
      - @ConditionalOnClass found required classes 'org.apache.ibatis.session.SqlSessionFactory', 'org.mybatis.spring.SqlSessionFactoryBean' (OnClassCondition)
      - @ConditionalOnSingleCandidate (types: javax.sql.DataSource; SearchStrategy: all) found a primary bean from beans 'dataSource' (OnBeanCondition)

   MybatisPlusAutoConfiguration#sqlSessionFactory matched:
      - @ConditionalOnMissingBean (types: org.apache.ibatis.session.SqlSessionFactory; SearchStrategy: all) did not find any beans (OnBeanCondition)

   MybatisPlusAutoConfiguration#sqlSessionTemplate matched:
      - @ConditionalOnMissingBean (types: org.mybatis.spring.SqlSessionTemplate; SearchStrategy: all) did not find any beans (OnBeanCondition)

   MybatisPlusAutoConfiguration.MapperScannerRegistrarNotFoundConfiguration matched:
      - @ConditionalOnMissingBean (types: org.mybatis.spring.mapper.MapperFactoryBean; SearchStrategy: all) did not find any beans (OnBeanCondition)

   NamedParameterJdbcTemplateConfiguration matched:
      - @ConditionalOnSingleCandidate (types: org.springframework.jdbc.core.JdbcTemplate; SearchStrategy: all) found a primary bean from beans 'jdbcTemplate'; @ConditionalOnMissingBean (types: org.springframework.jdbc.core.namedparam.NamedParameterJdbcOperations; SearchStrategy: all) did not find any beans (OnBeanCondition)

   NoOpCacheConfiguration matched:
      - Cache org.springframework.boot.autoconfigure.cache.NoOpCacheConfiguration automatic cache type (CacheCondition)

   PersistenceExceptionTranslationAutoConfiguration matched:
      - @ConditionalOnClass found required class 'org.springframework.dao.annotation.PersistenceExceptionTranslationPostProcessor' (OnClassCondition)

   PersistenceExceptionTranslationAutoConfiguration#persistenceExceptionTranslationPostProcessor matched:
      - @ConditionalOnProperty (spring.dao.exceptiontranslation.enabled) matched (OnPropertyCondition)
      - @ConditionalOnMissingBean (types: org.springframework.dao.annotation.PersistenceExceptionTranslationPostProcessor; SearchStrategy: all) did not find any beans (OnBeanCondition)

   PropertyPlaceholderAutoConfiguration#propertySourcesPlaceholderConfigurer matched:
      - @ConditionalOnMissingBean (types: org.springframework.context.support.PropertySourcesPlaceholderConfigurer; SearchStrategy: current) did not find any beans (OnBeanCondition)

   RedisAutoConfiguration matched:
      - @ConditionalOnClass found required class 'org.springframework.data.redis.core.RedisOperations' (OnClassCondition)

   RedisAutoConfiguration#redisTemplate matched:
      - @ConditionalOnSingleCandidate (types: org.springframework.data.redis.connection.RedisConnectionFactory; SearchStrategy: all) found a primary bean from beans 'redisConnectionFactory'; @ConditionalOnMissingBean (names: redisTemplate; SearchStrategy: all) did not find any beans (OnBeanCondition)

   RedisAutoConfiguration#stringRedisTemplate matched:
      - @ConditionalOnSingleCandidate (types: org.springframework.data.redis.connection.RedisConnectionFactory; SearchStrategy: all) found a primary bean from beans 'redisConnectionFactory'; @ConditionalOnMissingBean (types: org.springframework.data.redis.core.StringRedisTemplate; SearchStrategy: all) did not find any beans (OnBeanCondition)

   RedisCacheConfiguration matched:
      - @ConditionalOnClass found required class 'org.springframework.data.redis.connection.RedisConnectionFactory' (OnClassCondition)
      - Cache org.springframework.boot.autoconfigure.cache.RedisCacheConfiguration automatic cache type (CacheCondition)

   RedisReactiveAutoConfiguration matched:
      - @ConditionalOnClass found required classes 'org.springframework.data.redis.connection.ReactiveRedisConnectionFactory', 'org.springframework.data.redis.core.ReactiveRedisTemplate', 'reactor.core.publisher.Flux' (OnClassCondition)

   RedisReactiveAutoConfiguration#reactiveRedisTemplate matched:
      - @ConditionalOnBean (types: org.springframework.data.redis.connection.ReactiveRedisConnectionFactory; SearchStrategy: all) found bean 'redisConnectionFactory'; @ConditionalOnMissingBean (names: reactiveRedisTemplate; SearchStrategy: all) did not find any beans (OnBeanCondition)

   RedisReactiveAutoConfiguration#reactiveStringRedisTemplate matched:
      - @ConditionalOnBean (types: org.springframework.data.redis.connection.ReactiveRedisConnectionFactory; SearchStrategy: all) found bean 'redisConnectionFactory'; @ConditionalOnMissingBean (names: reactiveStringRedisTemplate; SearchStrategy: all) did not find any beans (OnBeanCondition)

   RedisRepositoriesAutoConfiguration matched:
      - @ConditionalOnClass found required class 'org.springframework.data.redis.repository.configuration.EnableRedisRepositories' (OnClassCondition)
      - @ConditionalOnProperty (spring.data.redis.repositories.enabled=true) matched (OnPropertyCondition)
      - @ConditionalOnBean (types: org.springframework.data.redis.connection.RedisConnectionFactory; SearchStrategy: all) found bean 'redisConnectionFactory'; @ConditionalOnMissingBean (types: org.springframework.data.redis.repository.support.RedisRepositoryFactoryBean; SearchStrategy: all) did not find any beans (OnBeanCondition)

   RestTemplateAutoConfiguration matched:
      - @ConditionalOnClass found required class 'org.springframework.web.client.RestTemplate' (OnClassCondition)
      - NoneNestedConditions 0 matched 1 did not; NestedCondition on RestTemplateAutoConfiguration.NotReactiveWebApplicationCondition.ReactiveWebApplication did not find reactive web application classes (RestTemplateAutoConfiguration.NotReactiveWebApplicationCondition)

   RestTemplateAutoConfiguration#restTemplateBuilder matched:
      - @ConditionalOnMissingBean (types: org.springframework.boot.web.client.RestTemplateBuilder; SearchStrategy: all) did not find any beans (OnBeanCondition)

   RestTemplateAutoConfiguration#restTemplateBuilderConfigurer matched:
      - @ConditionalOnMissingBean (types: org.springframework.boot.autoconfigure.web.client.RestTemplateBuilderConfigurer; SearchStrategy: all) did not find any beans (OnBeanCondition)

   ServletWebServerFactoryAutoConfiguration matched:
      - @ConditionalOnClass found required class 'javax.servlet.ServletRequest' (OnClassCondition)
      - found 'session' scope (OnWebApplicationCondition)

   ServletWebServerFactoryAutoConfiguration#tomcatServletWebServerFactoryCustomizer matched:
      - @ConditionalOnClass found required class 'org.apache.catalina.startup.Tomcat' (OnClassCondition)

   ServletWebServerFactoryConfiguration.EmbeddedTomcat matched:
      - @ConditionalOnClass found required classes 'javax.servlet.Servlet', 'org.apache.catalina.startup.Tomcat', 'org.apache.coyote.UpgradeProtocol' (OnClassCondition)
      - @ConditionalOnMissingBean (types: org.springframework.boot.web.servlet.server.ServletWebServerFactory; SearchStrategy: current) did not find any beans (OnBeanCondition)

   SimpleCacheConfiguration matched:
      - Cache org.springframework.boot.autoconfigure.cache.SimpleCacheConfiguration automatic cache type (CacheCondition)

   SpringApplicationAdminJmxAutoConfiguration matched:
      - @ConditionalOnProperty (spring.application.admin.enabled=true) matched (OnPropertyCondition)

   SpringApplicationAdminJmxAutoConfiguration#springApplicationAdminRegistrar matched:
      - @ConditionalOnMissingBean (types: org.springframework.boot.admin.SpringApplicationAdminMXBeanRegistrar; SearchStrategy: all) did not find any beans (OnBeanCondition)

   SpringDataWebAutoConfiguration matched:
      - @ConditionalOnClass found required classes 'org.springframework.data.web.PageableHandlerMethodArgumentResolver', 'org.springframework.web.servlet.config.annotation.WebMvcConfigurer' (OnClassCondition)
      - found 'session' scope (OnWebApplicationCondition)
      - @ConditionalOnMissingBean (types: org.springframework.data.web.PageableHandlerMethodArgumentResolver; SearchStrategy: all) did not find any beans (OnBeanCondition)

   SpringDataWebAutoConfiguration#pageableCustomizer matched:
      - @ConditionalOnMissingBean (types: org.springframework.data.web.config.PageableHandlerMethodArgumentResolverCustomizer; SearchStrategy: all) did not find any beans (OnBeanCondition)

   SpringDataWebAutoConfiguration#sortCustomizer matched:
      - @ConditionalOnMissingBean (types: org.springframework.data.web.config.SortHandlerMethodArgumentResolverCustomizer; SearchStrategy: all) did not find any beans (OnBeanCondition)

   TaskExecutionAutoConfiguration matched:
      - @ConditionalOnClass found required class 'org.springframework.scheduling.concurrent.ThreadPoolTaskExecutor' (OnClassCondition)

   TaskExecutionAutoConfiguration#applicationTaskExecutor matched:
      - @ConditionalOnMissingBean (types: java.util.concurrent.Executor; SearchStrategy: all) did not find any beans (OnBeanCondition)

   TaskExecutionAutoConfiguration#taskExecutorBuilder matched:
      - @ConditionalOnMissingBean (types: org.springframework.boot.task.TaskExecutorBuilder; SearchStrategy: all) did not find any beans (OnBeanCondition)

   TaskSchedulingAutoConfiguration matched:
      - @ConditionalOnClass found required class 'org.springframework.scheduling.concurrent.ThreadPoolTaskScheduler' (OnClassCondition)

   TaskSchedulingAutoConfiguration#taskSchedulerBuilder matched:
      - @ConditionalOnMissingBean (types: org.springframework.boot.task.TaskSchedulerBuilder; SearchStrategy: all) did not find any beans (OnBeanCondition)

   TransactionAutoConfiguration matched:
      - @ConditionalOnClass found required class 'org.springframework.transaction.PlatformTransactionManager' (OnClassCondition)

   TransactionAutoConfiguration#platformTransactionManagerCustomizers matched:
      - @ConditionalOnMissingBean (types: org.springframework.boot.autoconfigure.transaction.TransactionManagerCustomizers; SearchStrategy: all) did not find any beans (OnBeanCondition)

   TransactionAutoConfiguration.EnableTransactionManagementConfiguration matched:
      - @ConditionalOnBean (types: org.springframework.transaction.TransactionManager; SearchStrategy: all) found bean 'transactionManager'; @ConditionalOnMissingBean (types: org.springframework.transaction.annotation.AbstractTransactionManagementConfiguration; SearchStrategy: all) did not find any beans (OnBeanCondition)

   TransactionAutoConfiguration.EnableTransactionManagementConfiguration.CglibAutoProxyConfiguration matched:
      - @ConditionalOnProperty (spring.aop.proxy-target-class=true) matched (OnPropertyCondition)

   TransactionAutoConfiguration.TransactionTemplateConfiguration matched:
      - @ConditionalOnSingleCandidate (types: org.springframework.transaction.PlatformTransactionManager; SearchStrategy: all) found a primary bean from beans 'transactionManager' (OnBeanCondition)

   TransactionAutoConfiguration.TransactionTemplateConfiguration#transactionTemplate matched:
      - @ConditionalOnMissingBean (types: org.springframework.transaction.support.TransactionOperations; SearchStrategy: all) did not find any beans (OnBeanCondition)

   WebMvcAutoConfiguration matched:
      - @ConditionalOnClass found required classes 'javax.servlet.Servlet', 'org.springframework.web.servlet.DispatcherServlet', 'org.springframework.web.servlet.config.annotation.WebMvcConfigurer' (OnClassCondition)
      - found 'session' scope (OnWebApplicationCondition)
      - @ConditionalOnMissingBean (types: org.springframework.web.servlet.config.annotation.WebMvcConfigurationSupport; SearchStrategy: all) did not find any beans (OnBeanCondition)

   WebMvcAutoConfiguration#formContentFilter matched:
      - @ConditionalOnProperty (spring.mvc.formcontent.filter.enabled) matched (OnPropertyCondition)
      - @ConditionalOnMissingBean (types: org.springframework.web.filter.FormContentFilter; SearchStrategy: all) did not find any beans (OnBeanCondition)

   WebMvcAutoConfiguration.EnableWebMvcConfiguration#flashMapManager matched:
      - @ConditionalOnMissingBean (names: flashMapManager; SearchStrategy: all) did not find any beans (OnBeanCondition)

   WebMvcAutoConfiguration.EnableWebMvcConfiguration#localeResolver matched:
      - @ConditionalOnMissingBean (names: localeResolver; SearchStrategy: all) did not find any beans (OnBeanCondition)

   WebMvcAutoConfiguration.EnableWebMvcConfiguration#themeResolver matched:
      - @ConditionalOnMissingBean (names: themeResolver; SearchStrategy: all) did not find any beans (OnBeanCondition)

   WebMvcAutoConfiguration.WebMvcAutoConfigurationAdapter#defaultViewResolver matched:
      - @ConditionalOnMissingBean (types: org.springframework.web.servlet.view.InternalResourceViewResolver; SearchStrategy: all) did not find any beans (OnBeanCondition)

   WebMvcAutoConfiguration.WebMvcAutoConfigurationAdapter#requestContextFilter matched:
      - @ConditionalOnMissingBean (types: org.springframework.web.context.request.RequestContextListener,org.springframework.web.filter.RequestContextFilter; SearchStrategy: all) did not find any beans (OnBeanCondition)

   WebMvcAutoConfiguration.WebMvcAutoConfigurationAdapter#viewResolver matched:
      - @ConditionalOnBean (types: org.springframework.web.servlet.ViewResolver; SearchStrategy: all) found beans 'defaultViewResolver', 'beanNameViewResolver', 'mvcViewResolver'; @ConditionalOnMissingBean (names: viewResolver types: org.springframework.web.servlet.view.ContentNegotiatingViewResolver; SearchStrategy: all) did not find any beans (OnBeanCondition)

   WebSocketServletAutoConfiguration matched:
      - @ConditionalOnClass found required classes 'javax.servlet.Servlet', 'javax.websocket.server.ServerContainer' (OnClassCondition)
      - found 'session' scope (OnWebApplicationCondition)

   WebSocketServletAutoConfiguration.TomcatWebSocketConfiguration matched:
      - @ConditionalOnClass found required classes 'org.apache.catalina.startup.Tomcat', 'org.apache.tomcat.websocket.server.WsSci' (OnClassCondition)

   WebSocketServletAutoConfiguration.TomcatWebSocketConfiguration#websocketServletWebServerCustomizer matched:
      - @ConditionalOnMissingBean (names: websocketServletWebServerCustomizer; SearchStrategy: all) did not find any beans (OnBeanCondition)


Negative matches:
-----------------

   ActiveMQAutoConfiguration:
      Did not match:
         - @ConditionalOnClass did not find required class 'javax.jms.ConnectionFactory' (OnClassCondition)

   AopAutoConfiguration.AspectJAutoProxyingConfiguration:
      Did not match:
         - @ConditionalOnClass did not find required class 'org.aspectj.weaver.Advice' (OnClassCondition)

   ArtemisAutoConfiguration:
      Did not match:
         - @ConditionalOnClass did not find required class 'javax.jms.ConnectionFactory' (OnClassCondition)

   BatchAutoConfiguration:
      Did not match:
         - @ConditionalOnClass did not find required class 'org.springframework.batch.core.launch.JobLauncher' (OnClassCondition)

   CacheAutoConfiguration:
      Did not match:
         - @ConditionalOnBean (types: org.springframework.cache.interceptor.CacheAspectSupport; SearchStrategy: all) did not find any beans of type org.springframework.cache.interceptor.CacheAspectSupport (OnBeanCondition)
      Matched:
         - @ConditionalOnClass found required class 'org.springframework.cache.CacheManager' (OnClassCondition)

   CacheAutoConfiguration.CacheManagerEntityManagerFactoryDependsOnPostProcessor:
      Did not match:
         - @ConditionalOnClass did not find required class 'org.springframework.orm.jpa.LocalContainerEntityManagerFactoryBean' (OnClassCondition)
         - Ancestor org.springframework.boot.autoconfigure.cache.CacheAutoConfiguration did not match (ConditionEvaluationReport.AncestorsMatchedCondition)

   CaffeineCacheConfiguration:
      Did not match:
         - @ConditionalOnClass did not find required class 'com.github.benmanes.caffeine.cache.Caffeine' (OnClassCondition)

   CassandraAutoConfiguration:
      Did not match:
         - @ConditionalOnClass did not find required class 'com.datastax.oss.driver.api.core.CqlSession' (OnClassCondition)

   CassandraDataAutoConfiguration:
      Did not match:
         - @ConditionalOnClass did not find required class 'com.datastax.oss.driver.api.core.CqlSession' (OnClassCondition)

   CassandraReactiveDataAutoConfiguration:
      Did not match:
         - @ConditionalOnClass did not find required class 'com.datastax.oss.driver.api.core.CqlSession' (OnClassCondition)

   CassandraReactiveRepositoriesAutoConfiguration:
      Did not match:
         - @ConditionalOnClass did not find required class 'org.springframework.data.cassandra.ReactiveSession' (OnClassCondition)

   CassandraRepositoriesAutoConfiguration:
      Did not match:
         - @ConditionalOnClass did not find required class 'com.datastax.oss.driver.api.core.CqlSession' (OnClassCondition)

   ClientHttpConnectorAutoConfiguration:
      Did not match:
         - @ConditionalOnClass did not find required class 'org.springframework.web.reactive.function.client.WebClient' (OnClassCondition)

   CodecsAutoConfiguration:
      Did not match:
         - @ConditionalOnClass did not find required class 'org.springframework.web.reactive.function.client.WebClient' (OnClassCondition)

   CouchbaseAutoConfiguration:
      Did not match:
         - @ConditionalOnClass did not find required class 'com.couchbase.client.java.Cluster' (OnClassCondition)

   CouchbaseCacheConfiguration:
      Did not match:
         - @ConditionalOnClass did not find required class 'com.couchbase.client.java.Cluster' (OnClassCondition)

   CouchbaseDataAutoConfiguration:
      Did not match:
         - @ConditionalOnClass did not find required class 'com.couchbase.client.java.Bucket' (OnClassCondition)

   CouchbaseReactiveDataAutoConfiguration:
      Did not match:
         - @ConditionalOnClass did not find required class 'com.couchbase.client.java.Cluster' (OnClassCondition)

   CouchbaseReactiveRepositoriesAutoConfiguration:
      Did not match:
         - @ConditionalOnClass did not find required class 'com.couchbase.client.java.Cluster' (OnClassCondition)

   CouchbaseRepositoriesAutoConfiguration:
      Did not match:
         - @ConditionalOnClass did not find required class 'com.couchbase.client.java.Bucket' (OnClassCondition)

   DataSourceAutoConfiguration.EmbeddedDatabaseConfiguration:
      Did not match:
         - EmbeddedDataSource found supported pooled data source (DataSourceAutoConfiguration.EmbeddedDatabaseCondition)

   DataSourceAutoConfiguration.PooledDataSourceConfiguration:
      Did not match:
         - @ConditionalOnMissingBean (types: javax.sql.DataSource,javax.sql.XADataSource; SearchStrategy: all) found beans of type 'javax.sql.DataSource' dataSource (OnBeanCondition)
      Matched:
         - AnyNestedCondition 2 matched 0 did not; NestedCondition on DataSourceAutoConfiguration.PooledDataSourceCondition.PooledDataSourceAvailable PooledDataSource found supported DataSource; NestedCondition on DataSourceAutoConfiguration.PooledDataSourceCondition.ExplicitType @ConditionalOnProperty (spring.datasource.type) matched (DataSourceAutoConfiguration.PooledDataSourceCondition)

   DataSourceConfiguration.Dbcp2:
      Did not match:
         - @ConditionalOnClass did not find required class 'org.apache.commons.dbcp2.BasicDataSource' (OnClassCondition)

   DataSourceConfiguration.Hikari:
      Did not match:
         - @ConditionalOnProperty (spring.datasource.type=com.zaxxer.hikari.HikariDataSource) found different value in property 'spring.datasource.type' (OnPropertyCondition)
      Matched:
         - @ConditionalOnClass found required class 'com.zaxxer.hikari.HikariDataSource' (OnClassCondition)

   DataSourceConfiguration.OracleUcp:
      Did not match:
         - @ConditionalOnClass did not find required classes 'oracle.ucp.jdbc.PoolDataSourceImpl', 'oracle.jdbc.OracleConnection' (OnClassCondition)

   DataSourceConfiguration.Tomcat:
      Did not match:
         - @ConditionalOnClass did not find required class 'org.apache.tomcat.jdbc.pool.DataSource' (OnClassCondition)

   DataSourceJmxConfiguration.TomcatDataSourceJmxConfiguration:
      Did not match:
         - @ConditionalOnClass did not find required class 'org.apache.tomcat.jdbc.pool.DataSourceProxy' (OnClassCondition)

   DataSourcePoolMetadataProvidersConfiguration.CommonsDbcp2PoolDataSourceMetadataProviderConfiguration:
      Did not match:
         - @ConditionalOnClass did not find required class 'org.apache.commons.dbcp2.BasicDataSource' (OnClassCondition)

   DataSourcePoolMetadataProvidersConfiguration.OracleUcpPoolDataSourceMetadataProviderConfiguration:
      Did not match:
         - @ConditionalOnClass did not find required classes 'oracle.ucp.jdbc.PoolDataSource', 'oracle.jdbc.OracleConnection' (OnClassCondition)

   DataSourcePoolMetadataProvidersConfiguration.TomcatDataSourcePoolMetadataProviderConfiguration:
      Did not match:
         - @ConditionalOnClass did not find required class 'org.apache.tomcat.jdbc.pool.DataSource' (OnClassCondition)

   DispatcherServletAutoConfiguration.DispatcherServletConfiguration#multipartResolver:
      Did not match:
         - @ConditionalOnBean (types: org.springframework.web.multipart.MultipartResolver; SearchStrategy: all) did not find any beans of type org.springframework.web.multipart.MultipartResolver (OnBeanCondition)

   DruidFilterConfiguration#commonsLogFilter:
      Did not match:
         - @ConditionalOnProperty (spring.datasource.druid.filter.commons-log.enabled) did not find property 'enabled' (OnPropertyCondition)

   DruidFilterConfiguration#configFilter:
      Did not match:
         - @ConditionalOnProperty (spring.datasource.druid.filter.config.enabled) did not find property 'enabled' (OnPropertyCondition)

   DruidFilterConfiguration#encodingConvertFilter:
      Did not match:
         - @ConditionalOnProperty (spring.datasource.druid.filter.encoding.enabled) did not find property 'enabled' (OnPropertyCondition)

   DruidFilterConfiguration#log4j2Filter:
      Did not match:
         - @ConditionalOnProperty (spring.datasource.druid.filter.log4j2.enabled) did not find property 'enabled' (OnPropertyCondition)

   DruidFilterConfiguration#log4jFilter:
      Did not match:
         - @ConditionalOnProperty (spring.datasource.druid.filter.log4j.enabled) did not find property 'enabled' (OnPropertyCondition)

   DruidFilterConfiguration#slf4jLogFilter:
      Did not match:
         - @ConditionalOnProperty (spring.datasource.druid.filter.slf4j.enabled) did not find property 'enabled' (OnPropertyCondition)

   DruidFilterConfiguration#statFilter:
      Did not match:
         - @ConditionalOnProperty (spring.datasource.druid.filter.stat.enabled) did not find property 'enabled' (OnPropertyCondition)

   DruidFilterConfiguration#wallConfig:
      Did not match:
         - @ConditionalOnProperty (spring.datasource.druid.filter.wall.enabled) did not find property 'enabled' (OnPropertyCondition)

   DruidFilterConfiguration#wallFilter:
      Did not match:
         - @ConditionalOnProperty (spring.datasource.druid.filter.wall.enabled) did not find property 'enabled' (OnPropertyCondition)

   DruidSpringAopConfiguration:
      Did not match:
         - @ConditionalOnProperty (spring.datasource.druid.aop-patterns) did not find property 'spring.datasource.druid.aop-patterns' (OnPropertyCondition)

   DruidWebStatFilterConfiguration:
      Did not match:
         - @ConditionalOnProperty (spring.datasource.druid.web-stat-filter.enabled=true) did not find property 'spring.datasource.druid.web-stat-filter.enabled' (OnPropertyCondition)
      Matched:
         - @ConditionalOnWebApplication (required) found 'session' scope (OnWebApplicationCondition)

   EhCacheCacheConfiguration:
      Did not match:
         - @ConditionalOnClass did not find required class 'net.sf.ehcache.Cache' (OnClassCondition)

   ElasticsearchDataAutoConfiguration:
      Did not match:
         - @ConditionalOnClass did not find required class 'org.springframework.data.elasticsearch.core.ElasticsearchRestTemplate' (OnClassCondition)

   ElasticsearchRepositoriesAutoConfiguration:
      Did not match:
         - @ConditionalOnClass did not find required class 'org.elasticsearch.client.Client' (OnClassCondition)

   ElasticsearchRestClientAutoConfiguration:
      Did not match:
         - @ConditionalOnClass did not find required class 'org.elasticsearch.client.RestHighLevelClient' (OnClassCondition)

   EmbeddedLdapAutoConfiguration:
      Did not match:
         - @ConditionalOnClass did not find required class 'com.unboundid.ldap.listener.InMemoryDirectoryServer' (OnClassCondition)

   EmbeddedMongoAutoConfiguration:
      Did not match:
         - @ConditionalOnClass did not find required class 'com.mongodb.MongoClientSettings' (OnClassCondition)

   EmbeddedWebServerFactoryCustomizerAutoConfiguration.JettyWebServerFactoryCustomizerConfiguration:
      Did not match:
         - @ConditionalOnClass did not find required classes 'org.eclipse.jetty.server.Server', 'org.eclipse.jetty.util.Loader', 'org.eclipse.jetty.webapp.WebAppContext' (OnClassCondition)

   EmbeddedWebServerFactoryCustomizerAutoConfiguration.NettyWebServerFactoryCustomizerConfiguration:
      Did not match:
         - @ConditionalOnClass did not find required class 'reactor.netty.http.server.HttpServer' (OnClassCondition)

   EmbeddedWebServerFactoryCustomizerAutoConfiguration.UndertowWebServerFactoryCustomizerConfiguration:
      Did not match:
         - @ConditionalOnClass did not find required classes 'io.undertow.Undertow', 'org.xnio.SslClientAuthMode' (OnClassCondition)

   ErrorWebFluxAutoConfiguration:
      Did not match:
         - @ConditionalOnClass did not find required class 'org.springframework.web.reactive.config.WebFluxConfigurer' (OnClassCondition)

   FlywayAutoConfiguration:
      Did not match:
         - @ConditionalOnClass did not find required class 'org.flywaydb.core.Flyway' (OnClassCondition)

   FreeMarkerNonWebConfiguration:
      Did not match:
         - @ConditionalOnWebApplication found 'session' scope and did not find reactive web application classes (OnWebApplicationCondition)

   FreeMarkerReactiveWebConfiguration:
      Did not match:
         - did not find reactive web application classes (OnWebApplicationCondition)

   FreeMarkerServletWebConfiguration#resourceUrlEncodingFilter:
      Did not match:
         - @ConditionalOnEnabledResourceChain did not find class org.webjars.WebJarAssetLocator (OnEnabledResourceChainCondition)

   GroovyTemplateAutoConfiguration:
      Did not match:
         - @ConditionalOnClass did not find required class 'groovy.text.markup.MarkupTemplateEngine' (OnClassCondition)

   GsonHttpMessageConvertersConfiguration.GsonHttpMessageConverterConfiguration:
      Did not match:
         - AnyNestedCondition 0 matched 2 did not; NestedCondition on GsonHttpMessageConvertersConfiguration.PreferGsonOrJacksonAndJsonbUnavailableCondition.JacksonJsonbUnavailable NoneNestedConditions 1 matched 1 did not; NestedCondition on GsonHttpMessageConvertersConfiguration.JacksonAndJsonbUnavailableCondition.JsonbPreferred @ConditionalOnProperty (spring.mvc.converters.preferred-json-mapper=jsonb) did not find property 'spring.mvc.converters.preferred-json-mapper'; NestedCondition on GsonHttpMessageConvertersConfiguration.JacksonAndJsonbUnavailableCondition.JacksonAvailable @ConditionalOnBean (types: org.springframework.http.converter.json.MappingJackson2HttpMessageConverter; SearchStrategy: all) found bean 'mappingJackson2HttpMessageConverter'; NestedCondition on GsonHttpMessageConvertersConfiguration.PreferGsonOrJacksonAndJsonbUnavailableCondition.GsonPreferred @ConditionalOnProperty (spring.mvc.converters.preferred-json-mapper=gson) did not find property 'spring.mvc.converters.preferred-json-mapper' (GsonHttpMessageConvertersConfiguration.PreferGsonOrJacksonAndJsonbUnavailableCondition)

   H2ConsoleAutoConfiguration:
      Did not match:
         - @ConditionalOnClass did not find required class 'org.h2.server.web.WebServlet' (OnClassCondition)

   HazelcastAutoConfiguration:
      Did not match:
         - @ConditionalOnClass did not find required class 'com.hazelcast.core.HazelcastInstance' (OnClassCondition)

   HazelcastCacheConfiguration:
      Did not match:
         - @ConditionalOnClass did not find required class 'com.hazelcast.core.HazelcastInstance' (OnClassCondition)

   HazelcastJpaDependencyAutoConfiguration:
      Did not match:
         - @ConditionalOnClass did not find required class 'com.hazelcast.core.HazelcastInstance' (OnClassCondition)

   HibernateJpaAutoConfiguration:
      Did not match:
         - @ConditionalOnClass did not find required class 'javax.persistence.EntityManager' (OnClassCondition)

   HttpHandlerAutoConfiguration:
      Did not match:
         - @ConditionalOnClass did not find required class 'org.springframework.web.reactive.DispatcherHandler' (OnClassCondition)

   HypermediaAutoConfiguration:
      Did not match:
         - @ConditionalOnClass did not find required class 'org.springframework.hateoas.EntityModel' (OnClassCondition)

   InfinispanCacheConfiguration:
      Did not match:
         - @ConditionalOnClass did not find required class 'org.infinispan.spring.embedded.provider.SpringEmbeddedCacheManager' (OnClassCondition)

   InfluxDbAutoConfiguration:
      Did not match:
         - @ConditionalOnClass did not find required class 'org.influxdb.InfluxDB' (OnClassCondition)

   IntegrationAutoConfiguration:
      Did not match:
         - @ConditionalOnClass did not find required class 'org.springframework.integration.config.EnableIntegration' (OnClassCondition)

   JCacheCacheConfiguration:
      Did not match:
         - @ConditionalOnClass did not find required class 'javax.cache.Caching' (OnClassCondition)

   JacksonHttpMessageConvertersConfiguration.MappingJackson2XmlHttpMessageConverterConfiguration:
      Did not match:
         - @ConditionalOnClass did not find required class 'com.fasterxml.jackson.dataformat.xml.XmlMapper' (OnClassCondition)

   JdbcRepositoriesAutoConfiguration:
      Did not match:
         - @ConditionalOnClass did not find required class 'org.springframework.data.jdbc.repository.config.AbstractJdbcConfiguration' (OnClassCondition)

   JedisConnectionConfiguration:
      Did not match:
         - @ConditionalOnMissingBean (types: org.springframework.data.redis.connection.RedisConnectionFactory; SearchStrategy: all) found beans of type 'org.springframework.data.redis.connection.RedisConnectionFactory' redisConnectionFactory (OnBeanCondition)
      Matched:
         - @ConditionalOnClass found required classes 'org.apache.commons.pool2.impl.GenericObjectPool', 'org.springframework.data.redis.connection.jedis.JedisConnection', 'redis.clients.jedis.Jedis' (OnClassCondition)
         - @ConditionalOnProperty (spring.redis.client-type=jedis) matched (OnPropertyCondition)

   JerseyAutoConfiguration:
      Did not match:
         - @ConditionalOnClass did not find required class 'org.glassfish.jersey.server.spring.SpringComponentProvider' (OnClassCondition)

   JmsAutoConfiguration:
      Did not match:
         - @ConditionalOnClass did not find required class 'javax.jms.Message' (OnClassCondition)

   JndiConnectionFactoryAutoConfiguration:
      Did not match:
         - @ConditionalOnClass did not find required class 'org.springframework.jms.core.JmsTemplate' (OnClassCondition)

   JndiDataSourceAutoConfiguration:
      Did not match:
         - @ConditionalOnProperty (spring.datasource.jndi-name) did not find property 'jndi-name' (OnPropertyCondition)
      Matched:
         - @ConditionalOnClass found required classes 'javax.sql.DataSource', 'org.springframework.jdbc.datasource.embedded.EmbeddedDatabaseType' (OnClassCondition)

   JooqAutoConfiguration:
      Did not match:
         - @ConditionalOnClass did not find required class 'org.jooq.DSLContext' (OnClassCondition)

   JpaRepositoriesAutoConfiguration:
      Did not match:
         - @ConditionalOnClass did not find required class 'org.springframework.data.jpa.repository.JpaRepository' (OnClassCondition)

   JsonbAutoConfiguration:
      Did not match:
         - @ConditionalOnClass did not find required class 'javax.json.bind.Jsonb' (OnClassCondition)

   JsonbHttpMessageConvertersConfiguration:
      Did not match:
         - @ConditionalOnClass did not find required class 'javax.json.bind.Jsonb' (OnClassCondition)

   JtaAutoConfiguration:
      Did not match:
         - @ConditionalOnClass did not find required class 'javax.transaction.Transaction' (OnClassCondition)

   KafkaAutoConfiguration:
      Did not match:
         - @ConditionalOnClass did not find required class 'org.springframework.kafka.core.KafkaTemplate' (OnClassCondition)

   LdapAutoConfiguration:
      Did not match:
         - @ConditionalOnClass did not find required class 'org.springframework.ldap.core.ContextSource' (OnClassCondition)

   LdapRepositoriesAutoConfiguration:
      Did not match:
         - @ConditionalOnClass did not find required class 'org.springframework.data.ldap.repository.LdapRepository' (OnClassCondition)

   LiquibaseAutoConfiguration:
      Did not match:
         - @ConditionalOnClass did not find required class 'liquibase.change.DatabaseChange' (OnClassCondition)

   MailSenderAutoConfiguration:
      Did not match:
         - AnyNestedCondition 0 matched 2 did not; NestedCondition on MailSenderAutoConfiguration.MailSenderCondition.JndiNameProperty @ConditionalOnProperty (spring.mail.jndi-name) did not find property 'jndi-name'; NestedCondition on MailSenderAutoConfiguration.MailSenderCondition.HostProperty @ConditionalOnProperty (spring.mail.host) did not find property 'host' (MailSenderAutoConfiguration.MailSenderCondition)
      Matched:
         - @ConditionalOnClass found required classes 'javax.mail.internet.MimeMessage', 'javax.activation.MimeType', 'org.springframework.mail.MailSender' (OnClassCondition)

   MailSenderValidatorAutoConfiguration:
      Did not match:
         - @ConditionalOnProperty (spring.mail.test-connection) did not find property 'test-connection' (OnPropertyCondition)

   MessageSourceAutoConfiguration:
      Did not match:
         - ResourceBundle did not find bundle with basename messages (MessageSourceAutoConfiguration.ResourceBundleCondition)

   MongoAutoConfiguration:
      Did not match:
         - @ConditionalOnClass did not find required class 'com.mongodb.client.MongoClient' (OnClassCondition)

   MongoDataAutoConfiguration:
      Did not match:
         - @ConditionalOnClass did not find required class 'com.mongodb.client.MongoClient' (OnClassCondition)

   MongoReactiveAutoConfiguration:
      Did not match:
         - @ConditionalOnClass did not find required class 'com.mongodb.reactivestreams.client.MongoClient' (OnClassCondition)

   MongoReactiveDataAutoConfiguration:
      Did not match:
         - @ConditionalOnClass did not find required class 'com.mongodb.reactivestreams.client.MongoClient' (OnClassCondition)

   MongoReactiveRepositoriesAutoConfiguration:
      Did not match:
         - @ConditionalOnClass did not find required class 'com.mongodb.reactivestreams.client.MongoClient' (OnClassCondition)

   MongoRepositoriesAutoConfiguration:
      Did not match:
         - @ConditionalOnClass did not find required class 'com.mongodb.client.MongoClient' (OnClassCondition)

   MustacheAutoConfiguration:
      Did not match:
         - @ConditionalOnClass did not find required class 'com.samskivert.mustache.Mustache' (OnClassCondition)

   Neo4jAutoConfiguration:
      Did not match:
         - @ConditionalOnClass did not find required class 'org.neo4j.driver.Driver' (OnClassCondition)

   Neo4jDataAutoConfiguration:
      Did not match:
         - @ConditionalOnClass did not find required class 'org.neo4j.driver.Driver' (OnClassCondition)

   Neo4jReactiveDataAutoConfiguration:
      Did not match:
         - @ConditionalOnClass did not find required class 'org.neo4j.driver.Driver' (OnClassCondition)

   Neo4jReactiveRepositoriesAutoConfiguration:
      Did not match:
         - @ConditionalOnClass did not find required class 'org.neo4j.driver.Driver' (OnClassCondition)

   Neo4jRepositoriesAutoConfiguration:
      Did not match:
         - @ConditionalOnClass did not find required class 'org.neo4j.driver.Driver' (OnClassCondition)

   OAuth2ClientAutoConfiguration:
      Did not match:
         - @ConditionalOnClass did not find required class 'org.springframework.security.config.annotation.web.configuration.EnableWebSecurity' (OnClassCondition)

   OAuth2ResourceServerAutoConfiguration:
      Did not match:
         - @ConditionalOnClass did not find required class 'org.springframework.security.oauth2.server.resource.BearerTokenAuthenticationToken' (OnClassCondition)

   ProjectInfoAutoConfiguration#buildProperties:
      Did not match:
         - @ConditionalOnResource did not find resource '${spring.info.build.location:classpath:META-INF/build-info.properties}' (OnResourceCondition)

   ProjectInfoAutoConfiguration#gitProperties:
      Did not match:
         - GitResource did not find git info at classpath:git.properties (ProjectInfoAutoConfiguration.GitResourceAvailableCondition)

   QuartzAutoConfiguration:
      Did not match:
         - @ConditionalOnClass did not find required class 'org.quartz.Scheduler' (OnClassCondition)

   R2dbcAutoConfiguration:
      Did not match:
         - @ConditionalOnClass did not find required class 'io.r2dbc.spi.ConnectionFactory' (OnClassCondition)

   R2dbcDataAutoConfiguration:
      Did not match:
         - @ConditionalOnClass did not find required class 'org.springframework.data.r2dbc.core.R2dbcEntityTemplate' (OnClassCondition)

   R2dbcRepositoriesAutoConfiguration:
      Did not match:
         - @ConditionalOnClass did not find required class 'io.r2dbc.spi.ConnectionFactory' (OnClassCondition)

   R2dbcTransactionManagerAutoConfiguration:
      Did not match:
         - @ConditionalOnClass did not find required class 'org.springframework.r2dbc.connection.R2dbcTransactionManager' (OnClassCondition)

   RSocketMessagingAutoConfiguration:
      Did not match:
         - @ConditionalOnClass did not find required class 'io.rsocket.RSocket' (OnClassCondition)

   RSocketRequesterAutoConfiguration:
      Did not match:
         - @ConditionalOnClass did not find required class 'io.rsocket.RSocket' (OnClassCondition)

   RSocketSecurityAutoConfiguration:
      Did not match:
         - @ConditionalOnClass did not find required class 'org.springframework.security.rsocket.core.SecuritySocketAcceptorInterceptor' (OnClassCondition)

   RSocketServerAutoConfiguration:
      Did not match:
         - @ConditionalOnClass did not find required class 'io.rsocket.core.RSocketServer' (OnClassCondition)

   RSocketStrategiesAutoConfiguration:
      Did not match:
         - @ConditionalOnClass did not find required class 'io.rsocket.RSocket' (OnClassCondition)

   RabbitAutoConfiguration:
      Did not match:
         - @ConditionalOnClass did not find required class 'com.rabbitmq.client.Channel' (OnClassCondition)

   ReactiveElasticsearchRepositoriesAutoConfiguration:
      Did not match:
         - @ConditionalOnClass did not find required class 'org.springframework.data.elasticsearch.client.reactive.ReactiveElasticsearchClient' (OnClassCondition)

   ReactiveElasticsearchRestClientAutoConfiguration:
      Did not match:
         - @ConditionalOnClass did not find required class 'reactor.netty.http.client.HttpClient' (OnClassCondition)

   ReactiveOAuth2ClientAutoConfiguration:
      Did not match:
         - @ConditionalOnClass did not find required class 'org.springframework.security.config.annotation.web.reactive.EnableWebFluxSecurity' (OnClassCondition)

   ReactiveOAuth2ResourceServerAutoConfiguration:
      Did not match:
         - @ConditionalOnClass did not find required class 'org.springframework.security.config.annotation.web.reactive.EnableWebFluxSecurity' (OnClassCondition)

   ReactiveSecurityAutoConfiguration:
      Did not match:
         - @ConditionalOnClass did not find required class 'org.springframework.security.config.annotation.web.reactive.EnableWebFluxSecurity' (OnClassCondition)

   ReactiveUserDetailsServiceAutoConfiguration:
      Did not match:
         - @ConditionalOnClass did not find required class 'org.springframework.security.authentication.ReactiveAuthenticationManager' (OnClassCondition)

   ReactiveWebServerFactoryAutoConfiguration:
      Did not match:
         - @ConditionalOnWebApplication did not find reactive web application classes (OnWebApplicationCondition)

   RepositoryRestMvcAutoConfiguration:
      Did not match:
         - @ConditionalOnClass did not find required class 'org.springframework.data.rest.webmvc.config.RepositoryRestMvcConfiguration' (OnClassCondition)

   Saml2RelyingPartyAutoConfiguration:
      Did not match:
         - @ConditionalOnClass did not find required class 'org.springframework.security.saml2.provider.service.registration.RelyingPartyRegistrationRepository' (OnClassCondition)

   SecurityAutoConfiguration:
      Did not match:
         - @ConditionalOnClass did not find required class 'org.springframework.security.authentication.DefaultAuthenticationEventPublisher' (OnClassCondition)

   SecurityFilterAutoConfiguration:
      Did not match:
         - @ConditionalOnClass did not find required class 'org.springframework.security.config.http.SessionCreationPolicy' (OnClassCondition)

   SendGridAutoConfiguration:
      Did not match:
         - @ConditionalOnClass did not find required class 'com.sendgrid.SendGrid' (OnClassCondition)

   ServletWebServerFactoryAutoConfiguration#forwardedHeaderFilter:
      Did not match:
         - @ConditionalOnProperty (server.forward-headers-strategy=framework) did not find property 'server.forward-headers-strategy' (OnPropertyCondition)

   ServletWebServerFactoryConfiguration.EmbeddedJetty:
      Did not match:
         - @ConditionalOnClass did not find required classes 'org.eclipse.jetty.server.Server', 'org.eclipse.jetty.util.Loader', 'org.eclipse.jetty.webapp.WebAppContext' (OnClassCondition)

   ServletWebServerFactoryConfiguration.EmbeddedUndertow:
      Did not match:
         - @ConditionalOnClass did not find required classes 'io.undertow.Undertow', 'org.xnio.SslClientAuthMode' (OnClassCondition)

   SessionAutoConfiguration:
      Did not match:
         - @ConditionalOnClass did not find required class 'org.springframework.session.Session' (OnClassCondition)

   SolrAutoConfiguration:
      Did not match:
         - @ConditionalOnClass did not find required class 'org.apache.solr.client.solrj.impl.CloudSolrClient' (OnClassCondition)

   SolrRepositoriesAutoConfiguration:
      Did not match:
         - @ConditionalOnClass did not find required class 'org.apache.solr.client.solrj.SolrClient' (OnClassCondition)

   TaskSchedulingAutoConfiguration#taskScheduler:
      Did not match:
         - @ConditionalOnBean (names: org.springframework.context.annotation.internalScheduledAnnotationProcessor; SearchStrategy: all) did not find any beans named org.springframework.context.annotation.internalScheduledAnnotationProcessor (OnBeanCondition)

   ThymeleafAutoConfiguration:
      Did not match:
         - @ConditionalOnClass did not find required class 'org.thymeleaf.spring5.SpringTemplateEngine' (OnClassCondition)

   TransactionAutoConfiguration#transactionalOperator:
      Did not match:
         - @ConditionalOnSingleCandidate (types: org.springframework.transaction.ReactiveTransactionManager; SearchStrategy: all) did not find any beans (OnBeanCondition)

   TransactionAutoConfiguration.EnableTransactionManagementConfiguration.JdkDynamicAutoProxyConfiguration:
      Did not match:
         - @ConditionalOnProperty (spring.aop.proxy-target-class=false) did not find property 'proxy-target-class' (OnPropertyCondition)

   UserDetailsServiceAutoConfiguration:
      Did not match:
         - @ConditionalOnClass did not find required class 'org.springframework.security.authentication.AuthenticationManager' (OnClassCondition)

   ValidationAutoConfiguration:
      Did not match:
         - @ConditionalOnClass did not find required class 'javax.validation.executable.ExecutableValidator' (OnClassCondition)

   WebClientAutoConfiguration:
      Did not match:
         - @ConditionalOnClass did not find required class 'org.springframework.web.reactive.function.client.WebClient' (OnClassCondition)

   WebFluxAutoConfiguration:
      Did not match:
         - @ConditionalOnClass did not find required class 'org.springframework.web.reactive.config.WebFluxConfigurer' (OnClassCondition)

   WebMvcAutoConfiguration#hiddenHttpMethodFilter:
      Did not match:
         - @ConditionalOnProperty (spring.mvc.hiddenmethod.filter.enabled) did not find property 'enabled' (OnPropertyCondition)

   WebMvcAutoConfiguration.ResourceChainCustomizerConfiguration:
      Did not match:
         - @ConditionalOnEnabledResourceChain did not find class org.webjars.WebJarAssetLocator (OnEnabledResourceChainCondition)

   WebMvcAutoConfiguration.WebMvcAutoConfigurationAdapter#beanNameViewResolver:
      Did not match:
         - @ConditionalOnMissingBean (types: org.springframework.web.servlet.view.BeanNameViewResolver; SearchStrategy: all) found beans of type 'org.springframework.web.servlet.view.BeanNameViewResolver' beanNameViewResolver (OnBeanCondition)

   WebServiceTemplateAutoConfiguration:
      Did not match:
         - @ConditionalOnClass did not find required class 'org.springframework.ws.client.core.WebServiceTemplate' (OnClassCondition)

   WebServicesAutoConfiguration:
      Did not match:
         - @ConditionalOnClass did not find required class 'org.springframework.ws.transport.http.MessageDispatcherServlet' (OnClassCondition)

   WebSocketMessagingAutoConfiguration:
      Did not match:
         - @ConditionalOnClass did not find required class 'org.springframework.web.socket.config.annotation.WebSocketMessageBrokerConfigurer' (OnClassCondition)

   WebSocketReactiveAutoConfiguration:
      Did not match:
         - @ConditionalOnWebApplication did not find reactive web application classes (OnWebApplicationCondition)

   WebSocketServletAutoConfiguration.JettyWebSocketConfiguration:
      Did not match:
         - @ConditionalOnClass did not find required class 'org.eclipse.jetty.websocket.jsr356.server.deploy.WebSocketServerContainerInitializer' (OnClassCondition)

   WebSocketServletAutoConfiguration.UndertowWebSocketConfiguration:
      Did not match:
         - @ConditionalOnClass did not find required class 'io.undertow.websockets.jsr.Bootstrap' (OnClassCondition)

   XADataSourceAutoConfiguration:
      Did not match:
         - @ConditionalOnClass did not find required class 'javax.transaction.TransactionManager' (OnClassCondition)


Exclusions:
-----------

    None


Unconditional classes:
----------------------

    org.springframework.boot.autoconfigure.context.ConfigurationPropertiesAutoConfiguration

    org.springframework.boot.autoconfigure.context.LifecycleAutoConfiguration

    org.springframework.boot.autoconfigure.context.PropertyPlaceholderAutoConfiguration

    org.springframework.boot.autoconfigure.availability.ApplicationAvailabilityAutoConfiguration

    org.springframework.boot.autoconfigure.info.ProjectInfoAutoConfiguration



13622 [main] DEBUG o.s.c.e.PropertySourcesPropertyResolver - Found key 'spring.liveBeansView.mbeanDomain' in PropertySource 'systemProperties' with value of type String
13628 [main] INFO  t.b.l.LovageShoppingApplication - Started LovageShoppingApplication in 13.102 seconds (JVM running for 17.354)
13690 [RMI TCP Connection(4)-192.168.91.1] DEBUG o.s.c.e.PropertySourcesPropertyResolver - Found key 'local.server.port' in PropertySource 'server.ports' with value of type Integer
13707 [RMI TCP Connection(4)-192.168.91.1] DEBUG o.s.c.e.PropertySourcesPropertyResolver - Found key 'server.servlet.context-path' in PropertySource 'configurationProperties' with value of type String
13853 [http-nio-8080-exec-1] INFO  o.a.c.c.C.[.[localhost].[/lovage] - Initializing Spring DispatcherServlet 'dispatcherServlet'
13853 [http-nio-8080-exec-1] INFO  o.s.web.servlet.DispatcherServlet - Initializing Servlet 'dispatcherServlet'
13854 [http-nio-8080-exec-1] DEBUG o.s.web.servlet.DispatcherServlet - Detected StandardServletMultipartResolver
13854 [http-nio-8080-exec-1] DEBUG o.s.web.servlet.DispatcherServlet - Detected AcceptHeaderLocaleResolver
13854 [http-nio-8080-exec-1] DEBUG o.s.web.servlet.DispatcherServlet - Detected FixedThemeResolver
13855 [http-nio-8080-exec-1] DEBUG o.s.web.servlet.DispatcherServlet - Detected org.springframework.web.servlet.view.DefaultRequestToViewNameTranslator@e324c0a
13855 [http-nio-8080-exec-1] DEBUG o.s.web.servlet.DispatcherServlet - Detected org.springframework.web.servlet.support.SessionFlashMapManager@6f3abd7f
13856 [http-nio-8080-exec-1] DEBUG o.s.web.servlet.DispatcherServlet - enableLoggingRequestDetails='false': request parameters and headers will be masked to prevent unsafe logging of potentially sensitive data
13856 [http-nio-8080-exec-1] INFO  o.s.web.servlet.DispatcherServlet - Completed initialization in 3 ms
13880 [http-nio-8080-exec-1] DEBUG o.s.web.servlet.DispatcherServlet - GET "/lovage/phone", parameters={}
13896 [http-nio-8080-exec-1] DEBUG o.s.w.s.h.SimpleUrlHandlerMapping - Mapped to ResourceHttpRequestHandler [Classpath [META-INF/resources/], Classpath [resources/], Classpath [static/], Classpath [public/], ServletContext [/]]
13903 [http-nio-8080-exec-1] DEBUG o.s.w.s.r.ResourceHttpRequestHandler - Resource not found
13903 [http-nio-8080-exec-1] DEBUG o.s.web.servlet.DispatcherServlet - Completed 404 NOT_FOUND
13920 [http-nio-8080-exec-1] DEBUG o.s.web.servlet.DispatcherServlet - "ERROR" dispatch for GET "/lovage/error", parameters={}
13924 [http-nio-8080-exec-1] DEBUG o.s.w.s.m.m.a.RequestMappingHandlerMapping - Mapped to org.springframework.boot.autoconfigure.web.servlet.error.BasicErrorController#errorHtml(HttpServletRequest, HttpServletResponse)
14010 [http-nio-8080-exec-1] DEBUG o.s.u.f.SpringTemplateLoader - Looking for FreeMarker template with name [error_zh_CN.html]
14012 [http-nio-8080-exec-1] DEBUG o.s.u.f.SpringTemplateLoader - Looking for FreeMarker template with name [error_zh.html]
14013 [http-nio-8080-exec-1] DEBUG o.s.u.f.SpringTemplateLoader - Looking for FreeMarker template with name [error.html]
14018 [http-nio-8080-exec-1] DEBUG o.s.w.s.v.ContentNegotiatingViewResolver - Selected 'text/html' given [text/html, text/html;q=0.8]
14032 [http-nio-8080-exec-1] DEBUG o.s.web.servlet.DispatcherServlet - Exiting from "ERROR" dispatch, status 404
196748 [SpringContextShutdownHook] DEBUG o.s.b.w.s.c.AnnotationConfigServletWebServerApplicationContext - Closing org.springframework.boot.web.servlet.context.AnnotationConfigServletWebServerApplicationContext@67389cb8, started on Sun Apr 25 18:57:12 CST 2021
196748 [SpringContextShutdownHook] DEBUG o.s.c.e.PropertySourcesPropertyResolver - Found key 'spring.liveBeansView.mbeanDomain' in PropertySource 'systemProperties' with value of type String
196753 [SpringContextShutdownHook] DEBUG o.s.c.s.DefaultLifecycleProcessor - Stopping beans in phase 2147483647
196757 [SpringContextShutdownHook] DEBUG o.s.c.s.DefaultLifecycleProcessor - Bean 'webServerGracefulShutdown' completed its stop procedure
196757 [SpringContextShutdownHook] DEBUG o.s.c.s.DefaultLifecycleProcessor - Stopping beans in phase 2147483646
